[2022-09-22T17:11:53.717+0000][14372][gc] Using G1
[2022-09-22T17:11:58.802+0000][14372][gc,init] Version: 16.0.2+7 (release)
[2022-09-22T17:11:58.802+0000][14372][gc,init] CPUs: 12 total, 12 available
[2022-09-22T17:11:58.802+0000][14372][gc,init] Memory: 16384M
[2022-09-22T17:11:58.802+0000][14372][gc,init] Large Page Support: Disabled
[2022-09-22T17:11:58.802+0000][14372][gc,init] NUMA Support: Disabled
[2022-09-22T17:11:58.802+0000][14372][gc,init] Compressed Oops: Enabled (Zero based)
[2022-09-22T17:11:58.802+0000][14372][gc,init] Heap Region Size: 4M
[2022-09-22T17:11:58.802+0000][14372][gc,init] Heap Min Capacity: 8G
[2022-09-22T17:11:58.802+0000][14372][gc,init] Heap Initial Capacity: 8G
[2022-09-22T17:11:58.802+0000][14372][gc,init] Heap Max Capacity: 8G
[2022-09-22T17:11:58.802+0000][14372][gc,init] Pre-touch: Enabled
[2022-09-22T17:11:58.802+0000][14372][gc,init] Parallel Workers: 10
[2022-09-22T17:11:58.802+0000][14372][gc,init] Concurrent Workers: 3
[2022-09-22T17:11:58.802+0000][14372][gc,init] Concurrent Refinement Workers: 10
[2022-09-22T17:11:58.802+0000][14372][gc,init] Periodic GC: Disabled
[2022-09-22T17:11:58.806+0000][14372][gc,metaspace] CDS archive(s) mapped at: [0x0000000800000000-0x0000000800bef000-0x0000000800bef000), size 12513280, SharedBaseAddress: 0x0000000800000000, ArchiveRelocationMode: 0.
[2022-09-22T17:11:58.806+0000][14372][gc,metaspace] Compressed class space mapped at: 0x0000000800c00000-0x0000000840c00000, reserved size: 1073741824
[2022-09-22T17:11:58.806+0000][14372][gc,metaspace] Narrow klass base: 0x0000000800000000, Narrow klass shift: 3, Narrow klass range: 0x100000000
[2022-09-22T17:11:59.222+0000][14372][safepoint   ] Safepoint "ICBufferFull", Time since last: 397621247 ns, Reaching safepoint: 107448 ns, At safepoint: 9556 ns, Total: 117004 ns
[2022-09-22T17:11:59.880+0000][14372][safepoint   ] Safepoint "ICBufferFull", Time since last: 658645964 ns, Reaching safepoint: 96777 ns, At safepoint: 24364 ns, Total: 121141 ns
[2022-09-22T17:12:00.228+0000][14372][safepoint   ] Safepoint "ICBufferFull", Time since last: 347460892 ns, Reaching safepoint: 101876 ns, At safepoint: 35504 ns, Total: 137380 ns
[2022-09-22T17:12:00.808+0000][14372][safepoint   ] Safepoint "ICBufferFull", Time since last: 579918495 ns, Reaching safepoint: 89510 ns, At safepoint: 29868 ns, Total: 119378 ns
[2022-09-22T17:12:00.812+0000][14372][safepoint   ] Safepoint "ICBufferFull", Time since last: 3824482 ns, Reaching safepoint: 16472 ns, At safepoint: 1766 ns, Total: 18238 ns
[2022-09-22T17:12:00.819+0000][14372][safepoint   ] Safepoint "ICBufferFull", Time since last: 7116894 ns, Reaching safepoint: 17722 ns, At safepoint: 2184 ns, Total: 19906 ns
[2022-09-22T17:12:00.822+0000][14372][safepoint   ] Safepoint "ICBufferFull", Time since last: 2495626 ns, Reaching safepoint: 18840 ns, At safepoint: 2191 ns, Total: 21031 ns
[2022-09-22T17:12:00.824+0000][14372][safepoint   ] Safepoint "ICBufferFull", Time since last: 2248700 ns, Reaching safepoint: 14625 ns, At safepoint: 1637 ns, Total: 16262 ns
[2022-09-22T17:12:00.827+0000][14372][safepoint   ] Safepoint "ICBufferFull", Time since last: 3324138 ns, Reaching safepoint: 19366 ns, At safepoint: 2548 ns, Total: 21914 ns
[2022-09-22T17:12:00.830+0000][14372][safepoint   ] Safepoint "ICBufferFull", Time since last: 3294814 ns, Reaching safepoint: 17181 ns, At safepoint: 1951 ns, Total: 19132 ns
[2022-09-22T17:12:00.833+0000][14372][safepoint   ] Safepoint "ICBufferFull", Time since last: 2028672 ns, Reaching safepoint: 15840 ns, At safepoint: 1733 ns, Total: 17573 ns
[2022-09-22T17:12:00.835+0000][14372][safepoint   ] Safepoint "ICBufferFull", Time since last: 2061575 ns, Reaching safepoint: 14422 ns, At safepoint: 1540 ns, Total: 15962 ns
[2022-09-22T17:12:00.838+0000][14372][safepoint   ] Safepoint "ICBufferFull", Time since last: 3704818 ns, Reaching safepoint: 20429 ns, At safepoint: 3040 ns, Total: 23469 ns
[2022-09-22T17:12:00.841+0000][14372][safepoint   ] Safepoint "ICBufferFull", Time since last: 3125254 ns, Reaching safepoint: 19489 ns, At safepoint: 1657 ns, Total: 21146 ns
[2022-09-22T17:12:00.844+0000][14372][safepoint   ] Safepoint "ICBufferFull", Time since last: 2180175 ns, Reaching safepoint: 15834 ns, At safepoint: 1570 ns, Total: 17404 ns
[2022-09-22T17:12:00.846+0000][14372][safepoint   ] Safepoint "ICBufferFull", Time since last: 2158065 ns, Reaching safepoint: 14037 ns, At safepoint: 1774 ns, Total: 15811 ns
[2022-09-22T17:12:00.848+0000][14372][safepoint   ] Safepoint "ICBufferFull", Time since last: 2363985 ns, Reaching safepoint: 17540 ns, At safepoint: 1599 ns, Total: 19139 ns
[2022-09-22T17:12:00.852+0000][14372][safepoint   ] Safepoint "ICBufferFull", Time since last: 3792829 ns, Reaching safepoint: 17424 ns, At safepoint: 1606 ns, Total: 19030 ns
[2022-09-22T17:12:00.854+0000][14372][safepoint   ] Safepoint "ICBufferFull", Time since last: 2392169 ns, Reaching safepoint: 36596 ns, At safepoint: 40350 ns, Total: 76946 ns
[2022-09-22T17:12:00.857+0000][14372][safepoint   ] Safepoint "ICBufferFull", Time since last: 2409929 ns, Reaching safepoint: 18816 ns, At safepoint: 2981 ns, Total: 21797 ns
[2022-09-22T17:12:00.859+0000][14372][safepoint   ] Safepoint "ICBufferFull", Time since last: 2213232 ns, Reaching safepoint: 14696 ns, At safepoint: 1627 ns, Total: 16323 ns
[2022-09-22T17:12:00.863+0000][14372][safepoint   ] Safepoint "ICBufferFull", Time since last: 3722439 ns, Reaching safepoint: 18666 ns, At safepoint: 1726 ns, Total: 20392 ns
[2022-09-22T17:12:00.869+0000][14372][safepoint   ] Safepoint "ICBufferFull", Time since last: 5806546 ns, Reaching safepoint: 15915 ns, At safepoint: 1658 ns, Total: 17573 ns
[2022-09-22T17:12:00.870+0000][14372][safepoint   ] Safepoint "ICBufferFull", Time since last: 924261 ns, Reaching safepoint: 15121 ns, At safepoint: 5846 ns, Total: 20967 ns
[2022-09-22T17:12:00.870+0000][14372][safepoint   ] Safepoint "ICBufferFull", Time since last: 637314 ns, Reaching safepoint: 32159 ns, At safepoint: 25063 ns, Total: 57222 ns
[2022-09-22T17:12:00.871+0000][14372][safepoint   ] Safepoint "ICBufferFull", Time since last: 483582 ns, Reaching safepoint: 20711 ns, At safepoint: 2462 ns, Total: 23173 ns
[2022-09-22T17:12:00.871+0000][14372][safepoint   ] Safepoint "ICBufferFull", Time since last: 517529 ns, Reaching safepoint: 16410 ns, At safepoint: 1564 ns, Total: 17974 ns
[2022-09-22T17:12:00.872+0000][14372][safepoint   ] Safepoint "ICBufferFull", Time since last: 473699 ns, Reaching safepoint: 12180 ns, At safepoint: 1395 ns, Total: 13575 ns
[2022-09-22T17:12:00.872+0000][14372][safepoint   ] Safepoint "ICBufferFull", Time since last: 566976 ns, Reaching safepoint: 15612 ns, At safepoint: 1607 ns, Total: 17219 ns
[2022-09-22T17:12:00.873+0000][14372][safepoint   ] Safepoint "ICBufferFull", Time since last: 557432 ns, Reaching safepoint: 18308 ns, At safepoint: 2875 ns, Total: 21183 ns
[2022-09-22T17:12:00.874+0000][14372][safepoint   ] Safepoint "ICBufferFull", Time since last: 600984 ns, Reaching safepoint: 35517 ns, At safepoint: 12067 ns, Total: 47584 ns
[2022-09-22T17:12:00.874+0000][14372][safepoint   ] Safepoint "ICBufferFull", Time since last: 516440 ns, Reaching safepoint: 17952 ns, At safepoint: 11309 ns, Total: 29261 ns
[2022-09-22T17:12:00.875+0000][14372][safepoint   ] Safepoint "ICBufferFull", Time since last: 483806 ns, Reaching safepoint: 12943 ns, At safepoint: 1273 ns, Total: 14216 ns
[2022-09-22T17:12:00.875+0000][14372][safepoint   ] Safepoint "ICBufferFull", Time since last: 483183 ns, Reaching safepoint: 10047 ns, At safepoint: 6661 ns, Total: 16708 ns
[2022-09-22T17:12:00.876+0000][14372][safepoint   ] Safepoint "ICBufferFull", Time since last: 440536 ns, Reaching safepoint: 66565 ns, At safepoint: 48259 ns, Total: 114824 ns
[2022-09-22T17:12:00.876+0000][14372][safepoint   ] Safepoint "ICBufferFull", Time since last: 459428 ns, Reaching safepoint: 9230 ns, At safepoint: 992 ns, Total: 10222 ns
[2022-09-22T17:12:00.877+0000][14372][safepoint   ] Safepoint "ICBufferFull", Time since last: 453259 ns, Reaching safepoint: 9542 ns, At safepoint: 10112 ns, Total: 19654 ns
[2022-09-22T17:12:00.877+0000][14372][safepoint   ] Safepoint "ICBufferFull", Time since last: 445286 ns, Reaching safepoint: 15260 ns, At safepoint: 49464 ns, Total: 64724 ns
[2022-09-22T17:12:00.878+0000][14372][safepoint   ] Safepoint "ICBufferFull", Time since last: 451642 ns, Reaching safepoint: 12288 ns, At safepoint: 63303 ns, Total: 75591 ns
[2022-09-22T17:12:00.878+0000][14372][safepoint   ] Safepoint "ICBufferFull", Time since last: 434170 ns, Reaching safepoint: 12612 ns, At safepoint: 6484 ns, Total: 19096 ns
[2022-09-22T17:12:00.879+0000][14372][safepoint   ] Safepoint "ICBufferFull", Time since last: 751979 ns, Reaching safepoint: 43753 ns, At safepoint: 2269 ns, Total: 46022 ns
[2022-09-22T17:12:00.883+0000][14372][safepoint   ] Safepoint "ICBufferFull", Time since last: 3990606 ns, Reaching safepoint: 17538 ns, At safepoint: 1623 ns, Total: 19161 ns
[2022-09-22T17:12:00.887+0000][14372][safepoint   ] Safepoint "ICBufferFull", Time since last: 3539686 ns, Reaching safepoint: 12412 ns, At safepoint: 1332 ns, Total: 13744 ns
[2022-09-22T17:12:00.887+0000][14372][safepoint   ] Safepoint "ICBufferFull", Time since last: 476396 ns, Reaching safepoint: 22523 ns, At safepoint: 4984 ns, Total: 27507 ns
[2022-09-22T17:12:00.911+0000][14372][safepoint   ] Safepoint "ICBufferFull", Time since last: 23715363 ns, Reaching safepoint: 23115 ns, At safepoint: 35873 ns, Total: 58988 ns
[2022-09-22T17:12:00.911+0000][14372][safepoint   ] Safepoint "ICBufferFull", Time since last: 504940 ns, Reaching safepoint: 11728 ns, At safepoint: 1388 ns, Total: 13116 ns
[2022-09-22T17:12:00.912+0000][14372][safepoint   ] Safepoint "ICBufferFull", Time since last: 601239 ns, Reaching safepoint: 33984 ns, At safepoint: 9773 ns, Total: 43757 ns
[2022-09-22T17:12:00.913+0000][14372][safepoint   ] Safepoint "ICBufferFull", Time since last: 472171 ns, Reaching safepoint: 10763 ns, At safepoint: 1321 ns, Total: 12084 ns
[2022-09-22T17:12:00.913+0000][14372][safepoint   ] Safepoint "ICBufferFull", Time since last: 508996 ns, Reaching safepoint: 12699 ns, At safepoint: 1514 ns, Total: 14213 ns
[2022-09-22T17:12:00.914+0000][14372][safepoint   ] Safepoint "ICBufferFull", Time since last: 570922 ns, Reaching safepoint: 13138 ns, At safepoint: 1504 ns, Total: 14642 ns
[2022-09-22T17:12:00.914+0000][14372][safepoint   ] Safepoint "ICBufferFull", Time since last: 458716 ns, Reaching safepoint: 23435 ns, At safepoint: 1486 ns, Total: 24921 ns
[2022-09-22T17:12:00.915+0000][14372][safepoint   ] Safepoint "ICBufferFull", Time since last: 452161 ns, Reaching safepoint: 11584 ns, At safepoint: 1272 ns, Total: 12856 ns
[2022-09-22T17:12:00.915+0000][14372][safepoint   ] Safepoint "ICBufferFull", Time since last: 475017 ns, Reaching safepoint: 13520 ns, At safepoint: 1491 ns, Total: 15011 ns
[2022-09-22T17:12:00.916+0000][14372][safepoint   ] Safepoint "ICBufferFull", Time since last: 485901 ns, Reaching safepoint: 10699 ns, At safepoint: 1333 ns, Total: 12032 ns
[2022-09-22T17:12:00.916+0000][14372][safepoint   ] Safepoint "ICBufferFull", Time since last: 483486 ns, Reaching safepoint: 12523 ns, At safepoint: 1514 ns, Total: 14037 ns
[2022-09-22T17:12:00.917+0000][14372][safepoint   ] Safepoint "ICBufferFull", Time since last: 470101 ns, Reaching safepoint: 10559 ns, At safepoint: 1332 ns, Total: 11891 ns
[2022-09-22T17:12:00.917+0000][14372][safepoint   ] Safepoint "ICBufferFull", Time since last: 459330 ns, Reaching safepoint: 10121 ns, At safepoint: 1324 ns, Total: 11445 ns
[2022-09-22T17:12:00.918+0000][14372][safepoint   ] Safepoint "ICBufferFull", Time since last: 466300 ns, Reaching safepoint: 9993 ns, At safepoint: 1309 ns, Total: 11302 ns
[2022-09-22T17:12:00.918+0000][14372][safepoint   ] Safepoint "ICBufferFull", Time since last: 493229 ns, Reaching safepoint: 12148 ns, At safepoint: 1498 ns, Total: 13646 ns
[2022-09-22T17:12:00.918+0000][14372][safepoint   ] Safepoint "ICBufferFull", Time since last: 460238 ns, Reaching safepoint: 10823 ns, At safepoint: 1256 ns, Total: 12079 ns
[2022-09-22T17:12:00.919+0000][14372][safepoint   ] Safepoint "ICBufferFull", Time since last: 458385 ns, Reaching safepoint: 9968 ns, At safepoint: 1287 ns, Total: 11255 ns
[2022-09-22T17:12:00.920+0000][14372][safepoint   ] Safepoint "ICBufferFull", Time since last: 698169 ns, Reaching safepoint: 11847 ns, At safepoint: 1462 ns, Total: 13309 ns
[2022-09-22T17:12:00.920+0000][14372][safepoint   ] Safepoint "ICBufferFull", Time since last: 761213 ns, Reaching safepoint: 18450 ns, At safepoint: 1564 ns, Total: 20014 ns
[2022-09-22T17:12:00.921+0000][14372][safepoint   ] Safepoint "ICBufferFull", Time since last: 771363 ns, Reaching safepoint: 11918 ns, At safepoint: 1425 ns, Total: 13343 ns
[2022-09-22T17:12:00.987+0000][14372][safepoint   ] Safepoint "ICBufferFull", Time since last: 65732687 ns, Reaching safepoint: 28960 ns, At safepoint: 1846 ns, Total: 30806 ns
[2022-09-22T17:12:00.988+0000][14372][safepoint   ] Safepoint "ICBufferFull", Time since last: 876458 ns, Reaching safepoint: 54481 ns, At safepoint: 3220 ns, Total: 57701 ns
[2022-09-22T17:12:00.988+0000][14372][safepoint   ] Safepoint "ICBufferFull", Time since last: 496357 ns, Reaching safepoint: 12211 ns, At safepoint: 1506 ns, Total: 13717 ns
[2022-09-22T17:12:00.989+0000][14372][safepoint   ] Safepoint "ICBufferFull", Time since last: 474451 ns, Reaching safepoint: 11573 ns, At safepoint: 1512 ns, Total: 13085 ns
[2022-09-22T17:12:00.989+0000][14372][safepoint   ] Safepoint "ICBufferFull", Time since last: 526012 ns, Reaching safepoint: 11426 ns, At safepoint: 19506 ns, Total: 30932 ns
[2022-09-22T17:12:00.990+0000][14372][safepoint   ] Safepoint "ICBufferFull", Time since last: 454486 ns, Reaching safepoint: 15159 ns, At safepoint: 1791 ns, Total: 16950 ns
[2022-09-22T17:12:00.990+0000][14372][safepoint   ] Safepoint "ICBufferFull", Time since last: 486840 ns, Reaching safepoint: 10715 ns, At safepoint: 1384 ns, Total: 12099 ns
[2022-09-22T17:12:00.991+0000][14372][safepoint   ] Safepoint "ICBufferFull", Time since last: 444633 ns, Reaching safepoint: 10961 ns, At safepoint: 1310 ns, Total: 12271 ns
[2022-09-22T17:12:00.991+0000][14372][safepoint   ] Safepoint "ICBufferFull", Time since last: 441630 ns, Reaching safepoint: 10206 ns, At safepoint: 1237 ns, Total: 11443 ns
[2022-09-22T17:12:01.030+0000][14372][safepoint   ] Safepoint "ICBufferFull", Time since last: 38903078 ns, Reaching safepoint: 32560 ns, At safepoint: 2018 ns, Total: 34578 ns
[2022-09-22T17:12:01.416+0000][14372][gc,start    ] GC(0) Pause Young (Normal) (G1 Evacuation Pause)
[2022-09-22T17:12:01.417+0000][14372][gc,task     ] GC(0) Using 10 workers of 10 for evacuation
[2022-09-22T17:12:01.417+0000][14372][gc,age      ] GC(0) Desired survivor size 27262976 bytes, new threshold 15 (max threshold 15)
[2022-09-22T17:12:01.435+0000][14372][gc,age      ] GC(0) Age table with threshold 15 (max threshold 15)
[2022-09-22T17:12:01.435+0000][14372][gc,age      ] GC(0) - age   1:   13682272 bytes,   13682272 total
[2022-09-22T17:12:01.435+0000][14372][gc,phases   ] GC(0)   Pre Evacuate Collection Set: 0.2ms
[2022-09-22T17:12:01.435+0000][14372][gc,phases   ] GC(0)   Merge Heap Roots: 0.6ms
[2022-09-22T17:12:01.435+0000][14372][gc,phases   ] GC(0)   Evacuate Collection Set: 15.3ms
[2022-09-22T17:12:01.435+0000][14372][gc,phases   ] GC(0)   Post Evacuate Collection Set: 0.9ms
[2022-09-22T17:12:01.435+0000][14372][gc,phases   ] GC(0)   Other: 1.3ms
[2022-09-22T17:12:01.435+0000][14372][gc,heap     ] GC(0) Eden regions: 102->0(98)
[2022-09-22T17:12:01.435+0000][14372][gc,heap     ] GC(0) Survivor regions: 0->4(13)
[2022-09-22T17:12:01.435+0000][14372][gc,heap     ] GC(0) Old regions: 0->0
[2022-09-22T17:12:01.435+0000][14372][gc,heap     ] GC(0) Archive regions: 2->2
[2022-09-22T17:12:01.435+0000][14372][gc,heap     ] GC(0) Humongous regions: 0->0
[2022-09-22T17:12:01.435+0000][14372][gc,metaspace] GC(0) Metaspace: 18712K(19008K)->18712K(19008K) NonClass: 16464K(16640K)->16464K(16640K) Class: 2247K(2368K)->2247K(2368K)
[2022-09-22T17:12:01.435+0000][14372][gc          ] GC(0) Pause Young (Normal) (G1 Evacuation Pause) 411M->17M(8192M) 18.864ms
[2022-09-22T17:12:01.435+0000][14372][gc,cpu      ] GC(0) User=0.05s Sys=0.02s Real=0.02s
[2022-09-22T17:12:01.435+0000][14372][safepoint   ] Safepoint "G1CollectForAllocation", Time since last: 376522689 ns, Reaching safepoint: 8539871 ns, At safepoint: 19980103 ns, Total: 28519974 ns
[2022-09-22T17:12:02.006+0000][14372][gc,start    ] GC(1) Pause Young (Normal) (G1 Evacuation Pause)
[2022-09-22T17:12:02.006+0000][14372][gc,task     ] GC(1) Using 10 workers of 10 for evacuation
[2022-09-22T17:12:02.006+0000][14372][gc,age      ] GC(1) Desired survivor size 27262976 bytes, new threshold 15 (max threshold 15)
[2022-09-22T17:12:02.011+0000][14372][gc,age      ] GC(1) Age table with threshold 15 (max threshold 15)
[2022-09-22T17:12:02.011+0000][14372][gc,age      ] GC(1) - age   1:    3752408 bytes,    3752408 total
[2022-09-22T17:12:02.011+0000][14372][gc,age      ] GC(1) - age   2:   12797192 bytes,   16549600 total
[2022-09-22T17:12:02.011+0000][14372][gc,phases   ] GC(1)   Pre Evacuate Collection Set: 0.2ms
[2022-09-22T17:12:02.011+0000][14372][gc,phases   ] GC(1)   Merge Heap Roots: 0.1ms
[2022-09-22T17:12:02.011+0000][14372][gc,phases   ] GC(1)   Evacuate Collection Set: 3.9ms
[2022-09-22T17:12:02.011+0000][14372][gc,phases   ] GC(1)   Post Evacuate Collection Set: 0.5ms
[2022-09-22T17:12:02.011+0000][14372][gc,phases   ] GC(1)   Other: 0.2ms
[2022-09-22T17:12:02.011+0000][14372][gc,heap     ] GC(1) Eden regions: 98->0(97)
[2022-09-22T17:12:02.011+0000][14372][gc,heap     ] GC(1) Survivor regions: 4->5(13)
[2022-09-22T17:12:02.011+0000][14372][gc,heap     ] GC(1) Old regions: 0->0
[2022-09-22T17:12:02.011+0000][14372][gc,heap     ] GC(1) Archive regions: 2->2
[2022-09-22T17:12:02.011+0000][14372][gc,heap     ] GC(1) Humongous regions: 0->0
[2022-09-22T17:12:02.011+0000][14372][gc,metaspace] GC(1) Metaspace: 19797K(20160K)->19797K(20160K) NonClass: 17395K(17600K)->17395K(17600K) Class: 2402K(2560K)->2402K(2560K)
[2022-09-22T17:12:02.011+0000][14372][gc          ] GC(1) Pause Young (Normal) (G1 Evacuation Pause) 409M->20M(8192M) 4.935ms
[2022-09-22T17:12:02.011+0000][14372][gc,cpu      ] GC(1) User=0.04s Sys=0.00s Real=0.01s
[2022-09-22T17:12:02.011+0000][14372][safepoint   ] Safepoint "G1CollectForAllocation", Time since last: 570826675 ns, Reaching safepoint: 45699 ns, At safepoint: 4994963 ns, Total: 5040662 ns
[2022-09-22T17:12:02.413+0000][14372][gc,start    ] GC(2) Pause Young (Normal) (G1 Evacuation Pause)
[2022-09-22T17:12:02.413+0000][14372][gc,task     ] GC(2) Using 10 workers of 10 for evacuation
[2022-09-22T17:12:02.413+0000][14372][gc,age      ] GC(2) Desired survivor size 27262976 bytes, new threshold 15 (max threshold 15)
[2022-09-22T17:12:02.418+0000][14372][gc,age      ] GC(2) Age table with threshold 15 (max threshold 15)
[2022-09-22T17:12:02.418+0000][14372][gc,age      ] GC(2) - age   1:    1870072 bytes,    1870072 total
[2022-09-22T17:12:02.418+0000][14372][gc,age      ] GC(2) - age   2:    3350952 bytes,    5221024 total
[2022-09-22T17:12:02.418+0000][14372][gc,age      ] GC(2) - age   3:   12796696 bytes,   18017720 total
[2022-09-22T17:12:02.418+0000][14372][gc,phases   ] GC(2)   Pre Evacuate Collection Set: 0.1ms
[2022-09-22T17:12:02.418+0000][14372][gc,phases   ] GC(2)   Merge Heap Roots: 0.0ms
[2022-09-22T17:12:02.418+0000][14372][gc,phases   ] GC(2)   Evacuate Collection Set: 3.9ms
[2022-09-22T17:12:02.418+0000][14372][gc,phases   ] GC(2)   Post Evacuate Collection Set: 0.5ms
[2022-09-22T17:12:02.418+0000][14372][gc,phases   ] GC(2)   Other: 0.2ms
[2022-09-22T17:12:02.418+0000][14372][gc,heap     ] GC(2) Eden regions: 97->0(108)
[2022-09-22T17:12:02.418+0000][14372][gc,heap     ] GC(2) Survivor regions: 5->5(13)
[2022-09-22T17:12:02.418+0000][14372][gc,heap     ] GC(2) Old regions: 0->0
[2022-09-22T17:12:02.418+0000][14372][gc,heap     ] GC(2) Archive regions: 2->2
[2022-09-22T17:12:02.418+0000][14372][gc,heap     ] GC(2) Humongous regions: 0->0
[2022-09-22T17:12:02.418+0000][14372][gc,metaspace] GC(2) Metaspace: 20246K(20672K)->20246K(20672K) NonClass: 17762K(17984K)->17762K(17984K) Class: 2483K(2688K)->2483K(2688K)
[2022-09-22T17:12:02.418+0000][14372][gc          ] GC(2) Pause Young (Normal) (G1 Evacuation Pause) 408M->21M(8192M) 4.854ms
[2022-09-22T17:12:02.418+0000][14372][gc,cpu      ] GC(2) User=0.04s Sys=0.00s Real=0.00s
[2022-09-22T17:12:02.418+0000][14372][safepoint   ] Safepoint "G1CollectForAllocation", Time since last: 401813562 ns, Reaching safepoint: 65575 ns, At safepoint: 4966015 ns, Total: 5031590 ns
[2022-09-22T17:12:02.507+0000][14372][gc,start    ] GC(3) Pause Young (Concurrent Start) (Metadata GC Threshold)
[2022-09-22T17:12:02.507+0000][14372][gc,task     ] GC(3) Using 10 workers of 10 for evacuation
[2022-09-22T17:12:02.507+0000][14372][gc,age      ] GC(3) Desired survivor size 31457280 bytes, new threshold 15 (max threshold 15)
[2022-09-22T17:12:02.512+0000][14372][gc,age      ] GC(3) Age table with threshold 15 (max threshold 15)
[2022-09-22T17:12:02.512+0000][14372][gc,age      ] GC(3) - age   1:    1243176 bytes,    1243176 total
[2022-09-22T17:12:02.512+0000][14372][gc,age      ] GC(3) - age   2:     901696 bytes,    2144872 total
[2022-09-22T17:12:02.512+0000][14372][gc,age      ] GC(3) - age   3:    3349912 bytes,    5494784 total
[2022-09-22T17:12:02.512+0000][14372][gc,age      ] GC(3) - age   4:   12796568 bytes,   18291352 total
[2022-09-22T17:12:02.512+0000][14372][gc,phases   ] GC(3)   Pre Evacuate Collection Set: 0.1ms
[2022-09-22T17:12:02.512+0000][14372][gc,phases   ] GC(3)   Merge Heap Roots: 0.1ms
[2022-09-22T17:12:02.512+0000][14372][gc,phases   ] GC(3)   Evacuate Collection Set: 3.9ms
[2022-09-22T17:12:02.512+0000][14372][gc,phases   ] GC(3)   Post Evacuate Collection Set: 0.5ms
[2022-09-22T17:12:02.512+0000][14372][gc,phases   ] GC(3)   Other: 1.1ms
[2022-09-22T17:12:02.513+0000][14372][gc,heap     ] GC(3) Eden regions: 10->0(124)
[2022-09-22T17:12:02.513+0000][14372][gc,heap     ] GC(3) Survivor regions: 5->5(15)
[2022-09-22T17:12:02.513+0000][14372][gc,heap     ] GC(3) Old regions: 0->0
[2022-09-22T17:12:02.513+0000][14372][gc,heap     ] GC(3) Archive regions: 2->2
[2022-09-22T17:12:02.513+0000][14372][gc,heap     ] GC(3) Humongous regions: 0->0
[2022-09-22T17:12:02.513+0000][14372][gc,metaspace] GC(3) Metaspace: 20809K(21248K)->20809K(21248K) NonClass: 18254K(18496K)->18254K(18496K) Class: 2554K(2752K)->2554K(2752K)
[2022-09-22T17:12:02.513+0000][14372][gc          ] GC(3) Pause Young (Concurrent Start) (Metadata GC Threshold) 59M->22M(8192M) 5.670ms
[2022-09-22T17:12:02.513+0000][14372][gc,cpu      ] GC(3) User=0.04s Sys=0.00s Real=0.01s
[2022-09-22T17:12:02.513+0000][14372][gc          ] GC(4) Concurrent Mark Cycle
[2022-09-22T17:12:02.513+0000][14372][safepoint   ] Safepoint "CollectForMetadataAllocation", Time since last: 88729073 ns, Reaching safepoint: 43950 ns, At safepoint: 5778253 ns, Total: 5822203 ns
[2022-09-22T17:12:02.513+0000][14372][gc,marking  ] GC(4) Concurrent Clear Claimed Marks
[2022-09-22T17:12:02.513+0000][14372][gc,marking  ] GC(4) Concurrent Clear Claimed Marks 0.029ms
[2022-09-22T17:12:02.513+0000][14372][gc,marking  ] GC(4) Concurrent Scan Root Regions
[2022-09-22T17:12:02.515+0000][14372][gc,marking  ] GC(4) Concurrent Scan Root Regions 2.626ms
[2022-09-22T17:12:02.515+0000][14372][gc,marking  ] GC(4) Concurrent Mark
[2022-09-22T17:12:02.515+0000][14372][gc,marking  ] GC(4) Concurrent Mark From Roots
[2022-09-22T17:12:02.515+0000][14372][gc,task     ] GC(4) Using 3 workers of 3 for marking
[2022-09-22T17:12:02.517+0000][14372][gc,marking  ] GC(4) Concurrent Mark From Roots 1.620ms
[2022-09-22T17:12:02.517+0000][14372][gc,marking  ] GC(4) Concurrent Preclean
[2022-09-22T17:12:02.517+0000][14372][gc,marking  ] GC(4) Concurrent Preclean 0.035ms
[2022-09-22T17:12:02.517+0000][14372][gc,start    ] GC(4) Pause Remark
[2022-09-22T17:12:02.519+0000][14372][gc          ] GC(4) Pause Remark 24M->24M(8192M) 1.372ms
[2022-09-22T17:12:02.519+0000][14372][gc,cpu      ] GC(4) User=0.01s Sys=0.00s Real=0.00s
[2022-09-22T17:12:02.519+0000][14372][safepoint   ] Safepoint "G1Concurrent", Time since last: 4457852 ns, Reaching safepoint: 63632 ns, At safepoint: 1441653 ns, Total: 1505285 ns
[2022-09-22T17:12:02.519+0000][14372][gc,marking  ] GC(4) Concurrent Mark 3.277ms
[2022-09-22T17:12:02.519+0000][14372][gc,marking  ] GC(4) Concurrent Rebuild Remembered Sets
[2022-09-22T17:12:02.519+0000][14372][gc,marking  ] GC(4) Concurrent Rebuild Remembered Sets 0.698ms
[2022-09-22T17:12:02.520+0000][14372][gc,start    ] GC(4) Pause Cleanup
[2022-09-22T17:12:02.520+0000][14372][gc          ] GC(4) Pause Cleanup 24M->24M(8192M) 0.151ms
[2022-09-22T17:12:02.520+0000][14372][gc,cpu      ] GC(4) User=0.00s Sys=0.00s Real=0.00s
[2022-09-22T17:12:02.520+0000][14372][safepoint   ] Safepoint "G1Concurrent", Time since last: 828860 ns, Reaching safepoint: 59632 ns, At safepoint: 214168 ns, Total: 273800 ns
[2022-09-22T17:12:02.520+0000][14372][gc,marking  ] GC(4) Concurrent Cleanup for Next Mark
[2022-09-22T17:12:02.533+0000][14372][gc,marking  ] GC(4) Concurrent Cleanup for Next Mark 12.939ms
[2022-09-22T17:12:02.533+0000][14372][gc          ] GC(4) Concurrent Mark Cycle 20.497ms
[2022-09-22T17:12:03.173+0000][14372][gc,start    ] GC(5) Pause Young (Normal) (G1 Evacuation Pause)
[2022-09-22T17:12:03.173+0000][14372][gc,task     ] GC(5) Using 10 workers of 10 for evacuation
[2022-09-22T17:12:03.173+0000][14372][gc,age      ] GC(5) Desired survivor size 35651584 bytes, new threshold 15 (max threshold 15)
[2022-09-22T17:12:03.193+0000][14372][gc,age      ] GC(5) Age table with threshold 15 (max threshold 15)
[2022-09-22T17:12:03.193+0000][14372][gc,age      ] GC(5) - age   1:    2230752 bytes,    2230752 total
[2022-09-22T17:12:03.193+0000][14372][gc,age      ] GC(5) - age   2:    1223144 bytes,    3453896 total
[2022-09-22T17:12:03.193+0000][14372][gc,age      ] GC(5) - age   3:     899400 bytes,    4353296 total
[2022-09-22T17:12:03.193+0000][14372][gc,age      ] GC(5) - age   4:    3349848 bytes,    7703144 total
[2022-09-22T17:12:03.193+0000][14372][gc,age      ] GC(5) - age   5:   12794440 bytes,   20497584 total
[2022-09-22T17:12:03.193+0000][14372][gc,phases   ] GC(5)   Pre Evacuate Collection Set: 0.2ms
[2022-09-22T17:12:03.193+0000][14372][gc,phases   ] GC(5)   Merge Heap Roots: 0.1ms
[2022-09-22T17:12:03.193+0000][14372][gc,phases   ] GC(5)   Evacuate Collection Set: 18.8ms
[2022-09-22T17:12:03.193+0000][14372][gc,phases   ] GC(5)   Post Evacuate Collection Set: 0.6ms
[2022-09-22T17:12:03.193+0000][14372][gc,phases   ] GC(5)   Other: 0.2ms
[2022-09-22T17:12:03.193+0000][14372][gc,heap     ] GC(5) Eden regions: 131->0(208)
[2022-09-22T17:12:03.193+0000][14372][gc,heap     ] GC(5) Survivor regions: 5->6(17)
[2022-09-22T17:12:03.193+0000][14372][gc,heap     ] GC(5) Old regions: 0->0
[2022-09-22T17:12:03.193+0000][14372][gc,heap     ] GC(5) Archive regions: 2->2
[2022-09-22T17:12:03.193+0000][14372][gc,heap     ] GC(5) Humongous regions: 0->0
[2022-09-22T17:12:03.193+0000][14372][gc,metaspace] GC(5) Metaspace: 21482K(22080K)->21482K(22080K) NonClass: 18830K(19200K)->18830K(19200K) Class: 2652K(2880K)->2652K(2880K)
[2022-09-22T17:12:03.193+0000][14372][gc          ] GC(5) Pause Young (Normal) (G1 Evacuation Pause) 546M->24M(8192M) 20.033ms
[2022-09-22T17:12:03.193+0000][14372][gc,cpu      ] GC(5) User=0.05s Sys=0.07s Real=0.02s
[2022-09-22T17:12:03.193+0000][14372][safepoint   ] Safepoint "G1CollectForAllocation", Time since last: 653258831 ns, Reaching safepoint: 122516 ns, At safepoint: 20140728 ns, Total: 20263244 ns
[2022-09-22T17:12:03.574+0000][14372][safepoint   ] Safepoint "ICBufferFull", Time since last: 380411176 ns, Reaching safepoint: 82411 ns, At safepoint: 25968 ns, Total: 108379 ns
[2022-09-22T17:12:04.213+0000][14372][safepoint   ] Safepoint "ICBufferFull", Time since last: 639299249 ns, Reaching safepoint: 113749 ns, At safepoint: 20573 ns, Total: 134322 ns
[2022-09-22T17:12:05.841+0000][14372][safepoint   ] Safepoint "Cleanup", Time since last: 1627817324 ns, Reaching safepoint: 191626 ns, At safepoint: 33550 ns, Total: 225176 ns
[2022-09-22T17:12:06.264+0000][14372][gc,start    ] GC(6) Pause Young (Concurrent Start) (Metadata GC Threshold)
[2022-09-22T17:12:06.264+0000][14372][gc,task     ] GC(6) Using 10 workers of 10 for evacuation
[2022-09-22T17:12:06.264+0000][14372][gc,age      ] GC(6) Desired survivor size 56623104 bytes, new threshold 15 (max threshold 15)
[2022-09-22T17:12:06.299+0000][14372][gc,age      ] GC(6) Age table with threshold 15 (max threshold 15)
[2022-09-22T17:12:06.299+0000][14372][gc,age      ] GC(6) - age   1:   40299344 bytes,   40299344 total
[2022-09-22T17:12:06.299+0000][14372][gc,age      ] GC(6) - age   2:    1738976 bytes,   42038320 total
[2022-09-22T17:12:06.299+0000][14372][gc,age      ] GC(6) - age   3:    1216328 bytes,   43254648 total
[2022-09-22T17:12:06.299+0000][14372][gc,age      ] GC(6) - age   4:     881936 bytes,   44136584 total
[2022-09-22T17:12:06.299+0000][14372][gc,age      ] GC(6) - age   5:    3313256 bytes,   47449840 total
[2022-09-22T17:12:06.299+0000][14372][gc,age      ] GC(6) - age   6:   12642888 bytes,   60092728 total
[2022-09-22T17:12:06.299+0000][14372][gc,phases   ] GC(6)   Pre Evacuate Collection Set: 1.2ms
[2022-09-22T17:12:06.299+0000][14372][gc,phases   ] GC(6)   Merge Heap Roots: 0.4ms
[2022-09-22T17:12:06.299+0000][14372][gc,phases   ] GC(6)   Evacuate Collection Set: 30.3ms
[2022-09-22T17:12:06.299+0000][14372][gc,phases   ] GC(6)   Post Evacuate Collection Set: 2.7ms
[2022-09-22T17:12:06.299+0000][14372][gc,phases   ] GC(6)   Other: 0.5ms
[2022-09-22T17:12:06.299+0000][14372][gc,heap     ] GC(6) Eden regions: 89->0(186)
[2022-09-22T17:12:06.299+0000][14372][gc,heap     ] GC(6) Survivor regions: 6->15(27)
[2022-09-22T17:12:06.299+0000][14372][gc,heap     ] GC(6) Old regions: 0->0
[2022-09-22T17:12:06.299+0000][14372][gc,heap     ] GC(6) Archive regions: 2->2
[2022-09-22T17:12:06.299+0000][14372][gc,heap     ] GC(6) Humongous regions: 0->0
[2022-09-22T17:12:06.299+0000][14372][gc,metaspace] GC(6) Metaspace: 34760K(35648K)->34760K(35648K) NonClass: 30252K(30784K)->30252K(30784K) Class: 4508K(4864K)->4508K(4864K)
[2022-09-22T17:12:06.299+0000][14372][gc          ] GC(6) Pause Young (Concurrent Start) (Metadata GC Threshold) 378M->63M(8192M) 35.270ms
[2022-09-22T17:12:06.299+0000][14372][gc,cpu      ] GC(6) User=0.20s Sys=0.00s Real=0.03s
[2022-09-22T17:12:06.299+0000][14372][gc          ] GC(7) Concurrent Mark Cycle
[2022-09-22T17:12:06.299+0000][14372][gc,marking  ] GC(7) Concurrent Clear Claimed Marks
[2022-09-22T17:12:06.299+0000][14372][safepoint   ] Safepoint "CollectForMetadataAllocation", Time since last: 422262335 ns, Reaching safepoint: 416424 ns, At safepoint: 35459477 ns, Total: 35875901 ns
[2022-09-22T17:12:06.299+0000][14372][gc,marking  ] GC(7) Concurrent Clear Claimed Marks 0.042ms
[2022-09-22T17:12:06.300+0000][14372][gc,marking  ] GC(7) Concurrent Scan Root Regions
[2022-09-22T17:12:06.327+0000][14372][gc,marking  ] GC(7) Concurrent Scan Root Regions 27.533ms
[2022-09-22T17:12:06.327+0000][14372][gc,marking  ] GC(7) Concurrent Mark
[2022-09-22T17:12:06.327+0000][14372][gc,marking  ] GC(7) Concurrent Mark From Roots
[2022-09-22T17:12:06.327+0000][14372][gc,task     ] GC(7) Using 3 workers of 3 for marking
[2022-09-22T17:12:06.329+0000][14372][gc,marking  ] GC(7) Concurrent Mark From Roots 2.058ms
[2022-09-22T17:12:06.329+0000][14372][gc,marking  ] GC(7) Concurrent Preclean
[2022-09-22T17:12:06.330+0000][14372][gc,marking  ] GC(7) Concurrent Preclean 0.165ms
[2022-09-22T17:12:06.330+0000][14372][gc,start    ] GC(7) Pause Remark
[2022-09-22T17:12:06.335+0000][14372][gc          ] GC(7) Pause Remark 65M->65M(8192M) 5.270ms
[2022-09-22T17:12:06.335+0000][14372][gc,cpu      ] GC(7) User=0.02s Sys=0.00s Real=0.00s
[2022-09-22T17:12:06.336+0000][14372][safepoint   ] Safepoint "G1Concurrent", Time since last: 30240476 ns, Reaching safepoint: 245447 ns, At safepoint: 5889656 ns, Total: 6135103 ns
[2022-09-22T17:12:06.336+0000][14372][gc,marking  ] GC(7) Concurrent Mark 8.811ms
[2022-09-22T17:12:06.336+0000][14372][gc,marking  ] GC(7) Concurrent Rebuild Remembered Sets
[2022-09-22T17:12:06.337+0000][14372][gc,marking  ] GC(7) Concurrent Rebuild Remembered Sets 1.094ms
[2022-09-22T17:12:06.340+0000][14372][gc,start    ] GC(7) Pause Cleanup
[2022-09-22T17:12:06.340+0000][14372][gc          ] GC(7) Pause Cleanup 65M->65M(8192M) 0.630ms
[2022-09-22T17:12:06.340+0000][14372][gc,cpu      ] GC(7) User=0.00s Sys=0.00s Real=0.00s
[2022-09-22T17:12:06.340+0000][14372][safepoint   ] Safepoint "G1Concurrent", Time since last: 1251761 ns, Reaching safepoint: 2386596 ns, At safepoint: 904729 ns, Total: 3291325 ns
[2022-09-22T17:12:06.340+0000][14372][gc,marking  ] GC(7) Concurrent Cleanup for Next Mark
[2022-09-22T17:12:06.361+0000][14372][gc,marking  ] GC(7) Concurrent Cleanup for Next Mark 20.757ms
[2022-09-22T17:12:06.361+0000][14372][gc          ] GC(7) Concurrent Mark Cycle 61.871ms
[2022-09-22T17:12:07.375+0000][14372][safepoint   ] Safepoint "Cleanup", Time since last: 1034273332 ns, Reaching safepoint: 99051 ns, At safepoint: 17388 ns, Total: 116439 ns
[2022-09-22T17:12:08.379+0000][14372][safepoint   ] Safepoint "Cleanup", Time since last: 1003688328 ns, Reaching safepoint: 138854 ns, At safepoint: 33727 ns, Total: 172581 ns
[2022-09-22T17:12:08.773+0000][14372][safepoint   ] Safepoint "ICBufferFull", Time since last: 393917691 ns, Reaching safepoint: 315888 ns, At safepoint: 32568 ns, Total: 348456 ns
[2022-09-22T17:12:08.910+0000][14372][gc,start    ] GC(8) Pause Young (Concurrent Start) (Metadata GC Threshold)
[2022-09-22T17:12:08.910+0000][14372][gc,task     ] GC(8) Using 10 workers of 10 for evacuation
[2022-09-22T17:12:08.910+0000][14372][gc,age      ] GC(8) Desired survivor size 60817408 bytes, new threshold 15 (max threshold 15)
[2022-09-22T17:12:08.931+0000][14372][gc,age      ] GC(8) Age table with threshold 15 (max threshold 15)
[2022-09-22T17:12:08.931+0000][14372][gc,age      ] GC(8) - age   1:   10119272 bytes,   10119272 total
[2022-09-22T17:12:08.931+0000][14372][gc,age      ] GC(8) - age   2:   40012368 bytes,   50131640 total
[2022-09-22T17:12:08.931+0000][14372][gc,age      ] GC(8) - age   3:    1725152 bytes,   51856792 total
[2022-09-22T17:12:08.931+0000][14372][gc,age      ] GC(8) - age   4:    1214744 bytes,   53071536 total
[2022-09-22T17:12:08.931+0000][14372][gc,age      ] GC(8) - age   5:     869264 bytes,   53940800 total
[2022-09-22T17:12:08.931+0000][14372][gc,age      ] GC(8) - age   6:    3299368 bytes,   57240168 total
[2022-09-22T17:12:08.931+0000][14372][gc,age      ] GC(8) - age   7:   12581112 bytes,   69821280 total
[2022-09-22T17:12:08.931+0000][14372][gc,phases   ] GC(8)   Pre Evacuate Collection Set: 0.1ms
[2022-09-22T17:12:08.931+0000][14372][gc,phases   ] GC(8)   Merge Heap Roots: 0.0ms
[2022-09-22T17:12:08.931+0000][14372][gc,phases   ] GC(8)   Evacuate Collection Set: 19.3ms
[2022-09-22T17:12:08.931+0000][14372][gc,phases   ] GC(8)   Post Evacuate Collection Set: 1.9ms
[2022-09-22T17:12:08.931+0000][14372][gc,phases   ] GC(8)   Other: 0.4ms
[2022-09-22T17:12:08.931+0000][14372][gc,heap     ] GC(8) Eden regions: 95->0(84)
[2022-09-22T17:12:08.931+0000][14372][gc,heap     ] GC(8) Survivor regions: 15->18(29)
[2022-09-22T17:12:08.931+0000][14372][gc,heap     ] GC(8) Old regions: 0->0
[2022-09-22T17:12:08.932+0000][14372][gc,heap     ] GC(8) Archive regions: 2->2
[2022-09-22T17:12:08.932+0000][14372][gc,heap     ] GC(8) Humongous regions: 0->0
[2022-09-22T17:12:08.932+0000][14372][gc,metaspace] GC(8) Metaspace: 58576K(59776K)->58576K(59776K) NonClass: 50761K(51456K)->50761K(51456K) Class: 7815K(8320K)->7815K(8320K)
[2022-09-22T17:12:08.932+0000][14372][gc          ] GC(8) Pause Young (Concurrent Start) (Metadata GC Threshold) 443M->75M(8192M) 21.824ms
[2022-09-22T17:12:08.932+0000][14372][gc,cpu      ] GC(8) User=0.21s Sys=0.00s Real=0.02s
[2022-09-22T17:12:08.932+0000][14372][safepoint   ] Safepoint "CollectForMetadataAllocation", Time since last: 136620107 ns, Reaching safepoint: 71987 ns, At safepoint: 21922508 ns, Total: 21994495 ns
[2022-09-22T17:12:08.932+0000][14372][gc          ] GC(9) Concurrent Mark Cycle
[2022-09-22T17:12:08.932+0000][14372][gc,marking  ] GC(9) Concurrent Clear Claimed Marks
[2022-09-22T17:12:08.932+0000][14372][gc,marking  ] GC(9) Concurrent Clear Claimed Marks 0.060ms
[2022-09-22T17:12:08.932+0000][14372][gc,marking  ] GC(9) Concurrent Scan Root Regions
[2022-09-22T17:12:08.946+0000][14372][gc,marking  ] GC(9) Concurrent Scan Root Regions 14.221ms
[2022-09-22T17:12:08.946+0000][14372][gc,marking  ] GC(9) Concurrent Mark
[2022-09-22T17:12:08.946+0000][14372][gc,marking  ] GC(9) Concurrent Mark From Roots
[2022-09-22T17:12:08.946+0000][14372][gc,task     ] GC(9) Using 3 workers of 3 for marking
[2022-09-22T17:12:08.947+0000][14372][gc,marking  ] GC(9) Concurrent Mark From Roots 1.276ms
[2022-09-22T17:12:08.947+0000][14372][gc,marking  ] GC(9) Concurrent Preclean
[2022-09-22T17:12:08.947+0000][14372][gc,marking  ] GC(9) Concurrent Preclean 0.024ms
[2022-09-22T17:12:08.947+0000][14372][gc,start    ] GC(9) Pause Remark
[2022-09-22T17:12:08.949+0000][14372][gc          ] GC(9) Pause Remark 77M->77M(8192M) 1.854ms
[2022-09-22T17:12:08.949+0000][14372][gc,cpu      ] GC(9) User=0.01s Sys=0.00s Real=0.00s
[2022-09-22T17:12:08.949+0000][14372][safepoint   ] Safepoint "G1Concurrent", Time since last: 15772336 ns, Reaching safepoint: 72387 ns, At safepoint: 1946184 ns, Total: 2018571 ns
[2022-09-22T17:12:08.949+0000][14372][gc,marking  ] GC(9) Concurrent Mark 3.451ms
[2022-09-22T17:12:08.949+0000][14372][gc,marking  ] GC(9) Concurrent Rebuild Remembered Sets
[2022-09-22T17:12:08.950+0000][14372][gc,marking  ] GC(9) Concurrent Rebuild Remembered Sets 0.386ms
[2022-09-22T17:12:08.950+0000][14372][gc,start    ] GC(9) Pause Cleanup
[2022-09-22T17:12:08.950+0000][14372][gc          ] GC(9) Pause Cleanup 77M->77M(8192M) 0.119ms
[2022-09-22T17:12:08.950+0000][14372][gc,cpu      ] GC(9) User=0.00s Sys=0.00s Real=0.00s
[2022-09-22T17:12:08.950+0000][14372][safepoint   ] Safepoint "G1Concurrent", Time since last: 436250 ns, Reaching safepoint: 26055 ns, At safepoint: 165175 ns, Total: 191230 ns
[2022-09-22T17:12:08.950+0000][14372][gc,marking  ] GC(9) Concurrent Cleanup for Next Mark
[2022-09-22T17:12:08.961+0000][14372][gc,marking  ] GC(9) Concurrent Cleanup for Next Mark 11.350ms
[2022-09-22T17:12:08.961+0000][14372][gc          ] GC(9) Concurrent Mark Cycle 29.852ms
[2022-09-22T17:12:09.797+0000][14372][safepoint   ] Safepoint "ICBufferFull", Time since last: 846898557 ns, Reaching safepoint: 127014 ns, At safepoint: 16661 ns, Total: 143675 ns
[2022-09-22T17:12:10.839+0000][14372][safepoint   ] Safepoint "Cleanup", Time since last: 1041880097 ns, Reaching safepoint: 151193 ns, At safepoint: 10192 ns, Total: 161385 ns
[2022-09-22T17:12:11.689+0000][14372][safepoint   ] Safepoint "ICBufferFull", Time since last: 849664470 ns, Reaching safepoint: 99828 ns, At safepoint: 3859 ns, Total: 103687 ns
[2022-09-22T17:12:12.138+0000][14372][safepoint   ] Safepoint "ICBufferFull", Time since last: 448959611 ns, Reaching safepoint: 109512 ns, At safepoint: 5145 ns, Total: 114657 ns
[2022-09-22T17:12:13.047+0000][14372][safepoint   ] Safepoint "ICBufferFull", Time since last: 908753442 ns, Reaching safepoint: 117132 ns, At safepoint: 5010 ns, Total: 122142 ns
[2022-09-22T17:12:13.595+0000][14372][gc,start    ] GC(10) Pause Young (Normal) (G1 Evacuation Pause)
[2022-09-22T17:12:13.595+0000][14372][gc,task     ] GC(10) Using 10 workers of 10 for evacuation
[2022-09-22T17:12:13.595+0000][14372][gc,age      ] GC(10) Desired survivor size 33554432 bytes, new threshold 2 (max threshold 15)
[2022-09-22T17:12:13.654+0000][14372][gc,age      ] GC(10) Age table with threshold 2 (max threshold 15)
[2022-09-22T17:12:13.654+0000][14372][gc,age      ] GC(10) - age   1:   16686456 bytes,   16686456 total
[2022-09-22T17:12:13.654+0000][14372][gc,age      ] GC(10) - age   2:    9517360 bytes,   26203816 total
[2022-09-22T17:12:13.654+0000][14372][gc,phases   ] GC(10)   Pre Evacuate Collection Set: 0.1ms
[2022-09-22T17:12:13.654+0000][14372][gc,phases   ] GC(10)   Merge Heap Roots: 0.0ms
[2022-09-22T17:12:13.654+0000][14372][gc,phases   ] GC(10)   Evacuate Collection Set: 57.6ms
[2022-09-22T17:12:13.654+0000][14372][gc,phases   ] GC(10)   Post Evacuate Collection Set: 1.9ms
[2022-09-22T17:12:13.655+0000][14372][gc,phases   ] GC(10)   Other: 0.2ms
[2022-09-22T17:12:13.655+0000][14372][gc,heap     ] GC(10) Eden regions: 103->0(313)
[2022-09-22T17:12:13.655+0000][14372][gc,heap     ] GC(10) Survivor regions: 18->8(16)
[2022-09-22T17:12:13.655+0000][14372][gc,heap     ] GC(10) Old regions: 0->15
[2022-09-22T17:12:13.655+0000][14372][gc,heap     ] GC(10) Archive regions: 2->2
[2022-09-22T17:12:13.655+0000][14372][gc,heap     ] GC(10) Humongous regions: 1->1
[2022-09-22T17:12:13.655+0000][14372][gc,metaspace] GC(10) Metaspace: 95683K(97152K)->95683K(97152K) NonClass: 82485K(83328K)->82485K(83328K) Class: 13197K(13824K)->13197K(13824K)
[2022-09-22T17:12:13.655+0000][14372][gc          ] GC(10) Pause Young (Normal) (G1 Evacuation Pause) 491M->97M(8192M) 60.052ms
[2022-09-22T17:12:13.655+0000][14372][gc,cpu      ] GC(10) User=0.32s Sys=0.15s Real=0.06s
[2022-09-22T17:12:13.655+0000][14372][safepoint   ] Safepoint "G1CollectForAllocation", Time since last: 547467030 ns, Reaching safepoint: 80905 ns, At safepoint: 60146500 ns, Total: 60227405 ns
[2022-09-22T17:12:14.659+0000][14372][safepoint   ] Safepoint "Cleanup", Time since last: 1003877593 ns, Reaching safepoint: 124206 ns, At safepoint: 16189 ns, Total: 140395 ns
[2022-09-22T17:12:14.783+0000][14372][gc,start    ] GC(11) Pause Young (Concurrent Start) (Metadata GC Threshold)
[2022-09-22T17:12:14.790+0000][14372][gc,task     ] GC(11) Using 10 workers of 10 for evacuation
[2022-09-22T17:12:14.791+0000][14372][gc,age      ] GC(11) Desired survivor size 83886080 bytes, new threshold 15 (max threshold 15)
[2022-09-22T17:12:14.809+0000][14372][gc,age      ] GC(11) Age table with threshold 15 (max threshold 15)
[2022-09-22T17:12:14.809+0000][14372][gc,age      ] GC(11) - age   1:    2326216 bytes,    2326216 total
[2022-09-22T17:12:14.809+0000][14372][gc,age      ] GC(11) - age   2:   16313480 bytes,   18639696 total
[2022-09-22T17:12:14.810+0000][14372][gc,age      ] GC(11) - age   3:    9429944 bytes,   28069640 total
[2022-09-22T17:12:14.810+0000][14372][gc,phases   ] GC(11)   Pre Evacuate Collection Set: 0.5ms
[2022-09-22T17:12:14.810+0000][14372][gc,phases   ] GC(11)   Merge Heap Roots: 0.4ms
[2022-09-22T17:12:14.810+0000][14372][gc,phases   ] GC(11)   Evacuate Collection Set: 14.6ms
[2022-09-22T17:12:14.810+0000][14372][gc,phases   ] GC(11)   Post Evacuate Collection Set: 3.1ms
[2022-09-22T17:12:14.810+0000][14372][gc,phases   ] GC(11)   Other: 8.4ms
[2022-09-22T17:12:14.810+0000][14372][gc,heap     ] GC(11) Eden regions: 14->0(175)
[2022-09-22T17:12:14.810+0000][14372][gc,heap     ] GC(11) Survivor regions: 8->8(40)
[2022-09-22T17:12:14.810+0000][14372][gc,heap     ] GC(11) Old regions: 15->15
[2022-09-22T17:12:14.810+0000][14372][gc,heap     ] GC(11) Archive regions: 2->2
[2022-09-22T17:12:14.810+0000][14372][gc,heap     ] GC(11) Humongous regions: 2->2
[2022-09-22T17:12:14.810+0000][14372][gc,metaspace] GC(11) Metaspace: 98481K(99968K)->98481K(99968K) NonClass: 84878K(85696K)->84878K(85696K) Class: 13603K(14272K)->13603K(14272K)
[2022-09-22T17:12:14.810+0000][14372][gc          ] GC(11) Pause Young (Concurrent Start) (Metadata GC Threshold) 157M->99M(8192M) 27.343ms
[2022-09-22T17:12:14.810+0000][14372][gc,cpu      ] GC(11) User=0.10s Sys=0.01s Real=0.03s
[2022-09-22T17:12:14.810+0000][14372][gc          ] GC(12) Concurrent Mark Cycle
[2022-09-22T17:12:14.810+0000][14372][gc,marking  ] GC(12) Concurrent Clear Claimed Marks
[2022-09-22T17:12:14.810+0000][14372][gc,marking  ] GC(12) Concurrent Clear Claimed Marks 0.073ms
[2022-09-22T17:12:14.810+0000][14372][gc,marking  ] GC(12) Concurrent Scan Root Regions
[2022-09-22T17:12:14.810+0000][14372][safepoint   ] Safepoint "CollectForMetadataAllocation", Time since last: 123301719 ns, Reaching safepoint: 574821 ns, At safepoint: 27795226 ns, Total: 28370047 ns
[2022-09-22T17:12:14.814+0000][14372][safepoint   ] Safepoint "CollectForMetadataAllocation", Time since last: 2970646 ns, Reaching safepoint: 442443 ns, At safepoint: 148591 ns, Total: 591034 ns
[2022-09-22T17:12:14.830+0000][14372][safepoint   ] Safepoint "CollectForMetadataAllocation", Time since last: 16022700 ns, Reaching safepoint: 133551 ns, At safepoint: 99922 ns, Total: 233473 ns
[2022-09-22T17:12:14.834+0000][14372][gc,marking  ] GC(12) Concurrent Scan Root Regions 23.598ms
[2022-09-22T17:12:14.836+0000][14372][gc,marking  ] GC(12) Concurrent Mark
[2022-09-22T17:12:14.836+0000][14372][gc,marking  ] GC(12) Concurrent Mark From Roots
[2022-09-22T17:12:14.836+0000][14372][gc,task     ] GC(12) Using 3 workers of 3 for marking
[2022-09-22T17:12:14.845+0000][14372][safepoint   ] Safepoint "CollectForMetadataAllocation", Time since last: 14732027 ns, Reaching safepoint: 210187 ns, At safepoint: 128157 ns, Total: 338344 ns
[2022-09-22T17:12:14.864+0000][14372][safepoint   ] Safepoint "CollectForMetadataAllocation", Time since last: 18294759 ns, Reaching safepoint: 169450 ns, At safepoint: 110220 ns, Total: 279670 ns
[2022-09-22T17:12:14.864+0000][14372][safepoint   ] Safepoint "CollectForMetadataAllocation", Time since last: 86080 ns, Reaching safepoint: 409446 ns, At safepoint: 29585 ns, Total: 439031 ns
[2022-09-22T17:12:14.892+0000][14372][safepoint   ] Safepoint "CollectForMetadataAllocation", Time since last: 27476308 ns, Reaching safepoint: 84804 ns, At safepoint: 201378 ns, Total: 286182 ns
[2022-09-22T17:12:14.933+0000][14372][gc,marking  ] GC(12) Concurrent Mark From Roots 96.746ms
[2022-09-22T17:12:14.933+0000][14372][gc,marking  ] GC(12) Concurrent Preclean
[2022-09-22T17:12:14.933+0000][14372][gc,marking  ] GC(12) Concurrent Preclean 0.242ms
[2022-09-22T17:12:14.933+0000][14372][gc,start    ] GC(12) Pause Remark
[2022-09-22T17:12:14.935+0000][14372][gc          ] GC(12) Pause Remark 140M->140M(8192M) 2.074ms
[2022-09-22T17:12:14.935+0000][14372][gc,cpu      ] GC(12) User=0.02s Sys=0.00s Real=0.00s
[2022-09-22T17:12:14.935+0000][14372][safepoint   ] Safepoint "G1Concurrent", Time since last: 41067283 ns, Reaching safepoint: 64729 ns, At safepoint: 2190370 ns, Total: 2255099 ns
[2022-09-22T17:12:14.935+0000][14372][gc,marking  ] GC(12) Concurrent Mark 99.404ms
[2022-09-22T17:12:14.936+0000][14372][gc,marking  ] GC(12) Concurrent Rebuild Remembered Sets
[2022-09-22T17:12:14.971+0000][14372][gc,marking  ] GC(12) Concurrent Rebuild Remembered Sets 35.720ms
[2022-09-22T17:12:14.971+0000][14372][gc,start    ] GC(12) Pause Cleanup
[2022-09-22T17:12:14.972+0000][14372][gc          ] GC(12) Pause Cleanup 176M->176M(8192M) 0.215ms
[2022-09-22T17:12:14.972+0000][14372][gc,cpu      ] GC(12) User=0.00s Sys=0.00s Real=0.00s
[2022-09-22T17:12:14.972+0000][14372][safepoint   ] Safepoint "G1Concurrent", Time since last: 35829427 ns, Reaching safepoint: 60365 ns, At safepoint: 395427 ns, Total: 455792 ns
[2022-09-22T17:12:14.972+0000][14372][gc,marking  ] GC(12) Concurrent Cleanup for Next Mark
[2022-09-22T17:12:14.983+0000][14372][gc,marking  ] GC(12) Concurrent Cleanup for Next Mark 11.048ms
[2022-09-22T17:12:14.983+0000][14372][gc          ] GC(12) Concurrent Mark Cycle 172.692ms
[2022-09-22T17:12:16.203+0000][14372][safepoint   ] Safepoint "ICBufferFull", Time since last: 1231052280 ns, Reaching safepoint: 181670 ns, At safepoint: 64215 ns, Total: 245885 ns
[2022-09-22T17:12:17.204+0000][14372][safepoint   ] Safepoint "Cleanup", Time since last: 1000808548 ns, Reaching safepoint: 97459 ns, At safepoint: 10770 ns, Total: 108229 ns
[2022-09-22T17:12:19.212+0000][14372][safepoint   ] Safepoint "Cleanup", Time since last: 2007485853 ns, Reaching safepoint: 44307 ns, At safepoint: 3708 ns, Total: 48015 ns
[2022-09-22T17:12:20.216+0000][14372][safepoint   ] Safepoint "Cleanup", Time since last: 1004133896 ns, Reaching safepoint: 49816 ns, At safepoint: 8719 ns, Total: 58535 ns
[2022-09-22T17:12:21.221+0000][14372][safepoint   ] Safepoint "Cleanup", Time since last: 1005027607 ns, Reaching safepoint: 47848 ns, At safepoint: 3861 ns, Total: 51709 ns
[2022-09-22T17:12:24.230+0000][14372][safepoint   ] Safepoint "Cleanup", Time since last: 3008990586 ns, Reaching safepoint: 63123 ns, At safepoint: 8875 ns, Total: 71998 ns
[2022-09-22T17:12:29.247+0000][14372][safepoint   ] Safepoint "Cleanup", Time since last: 5017151898 ns, Reaching safepoint: 43755 ns, At safepoint: 3800 ns, Total: 47555 ns
[2022-09-22T17:12:32.260+0000][14372][safepoint   ] Safepoint "Cleanup", Time since last: 3012500699 ns, Reaching safepoint: 49654 ns, At safepoint: 2710 ns, Total: 52364 ns
[2022-09-22T17:12:39.283+0000][14372][safepoint   ] Safepoint "Cleanup", Time since last: 7022210536 ns, Reaching safepoint: 177996 ns, At safepoint: 10557 ns, Total: 188553 ns
[2022-09-22T17:12:43.302+0000][14372][safepoint   ] Safepoint "Cleanup", Time since last: 4018733673 ns, Reaching safepoint: 41897 ns, At safepoint: 3480 ns, Total: 45377 ns
[2022-09-22T17:12:44.305+0000][14372][safepoint   ] Safepoint "Cleanup", Time since last: 1003304164 ns, Reaching safepoint: 75267 ns, At safepoint: 7323 ns, Total: 82590 ns
[2022-09-22T17:12:45.309+0000][14372][safepoint   ] Safepoint "Cleanup", Time since last: 1003649269 ns, Reaching safepoint: 78409 ns, At safepoint: 9730 ns, Total: 88139 ns
[2022-09-22T17:12:46.314+0000][14372][safepoint   ] Safepoint "Cleanup", Time since last: 1004694246 ns, Reaching safepoint: 55281 ns, At safepoint: 4416 ns, Total: 59697 ns
[2022-09-22T17:12:47.318+0000][14372][safepoint   ] Safepoint "Cleanup", Time since last: 1004572747 ns, Reaching safepoint: 61145 ns, At safepoint: 3306 ns, Total: 64451 ns
[2022-09-22T17:12:54.344+0000][14372][safepoint   ] Safepoint "Cleanup", Time since last: 7025603769 ns, Reaching safepoint: 62830 ns, At safepoint: 7450 ns, Total: 70280 ns
[2022-09-22T17:12:55.350+0000][14372][safepoint   ] Safepoint "Cleanup", Time since last: 1006007784 ns, Reaching safepoint: 68140 ns, At safepoint: 4039 ns, Total: 72179 ns
[2022-09-22T17:13:01.367+0000][14372][safepoint   ] Safepoint "Cleanup", Time since last: 6016063518 ns, Reaching safepoint: 102413 ns, At safepoint: 9177 ns, Total: 111590 ns
[2022-09-22T17:13:04.379+0000][14372][safepoint   ] Safepoint "Cleanup", Time since last: 3011668034 ns, Reaching safepoint: 220039 ns, At safepoint: 11659 ns, Total: 231698 ns
[2022-09-22T17:13:05.383+0000][14372][safepoint   ] Safepoint "Cleanup", Time since last: 1004285950 ns, Reaching safepoint: 274603 ns, At safepoint: 12621 ns, Total: 287224 ns
[2022-09-22T17:13:06.387+0000][14372][safepoint   ] Safepoint "Cleanup", Time since last: 1003745515 ns, Reaching safepoint: 74129 ns, At safepoint: 9159 ns, Total: 83288 ns
[2022-09-22T17:13:09.397+0000][14372][safepoint   ] Safepoint "Cleanup", Time since last: 3010246755 ns, Reaching safepoint: 75949 ns, At safepoint: 13550 ns, Total: 89499 ns
[2022-09-22T17:13:16.418+0000][14372][safepoint   ] Safepoint "Cleanup", Time since last: 7020455347 ns, Reaching safepoint: 74750 ns, At safepoint: 6908 ns, Total: 81658 ns
[2022-09-22T17:13:24.452+0000][14372][safepoint   ] Safepoint "Cleanup", Time since last: 8033602855 ns, Reaching safepoint: 60462 ns, At safepoint: 4033 ns, Total: 64495 ns
[2022-09-22T17:13:25.632+0000][14372][safepoint   ] Safepoint "Cleanup", Time since last: 1179659009 ns, Reaching safepoint: 103532 ns, At safepoint: 4513 ns, Total: 108045 ns
[2022-09-22T17:13:26.633+0000][14372][safepoint   ] Safepoint "Cleanup", Time since last: 1001186734 ns, Reaching safepoint: 51832 ns, At safepoint: 7545 ns, Total: 59377 ns
[2022-09-22T17:13:28.638+0000][14372][safepoint   ] Safepoint "Cleanup", Time since last: 2004539393 ns, Reaching safepoint: 632423 ns, At safepoint: 9868 ns, Total: 642291 ns
[2022-09-22T17:13:30.647+0000][14372][safepoint   ] Safepoint "Cleanup", Time since last: 2008538620 ns, Reaching safepoint: 55638 ns, At safepoint: 3807 ns, Total: 59445 ns
[2022-09-22T17:13:48.700+0000][14372][safepoint   ] Safepoint "Cleanup", Time since last: 18052418254 ns, Reaching safepoint: 65208 ns, At safepoint: 6382 ns, Total: 71590 ns
[2022-09-22T17:13:49.705+0000][14372][safepoint   ] Safepoint "Cleanup", Time since last: 1004464724 ns, Reaching safepoint: 223488 ns, At safepoint: 9549 ns, Total: 233037 ns
[2022-09-22T17:13:56.733+0000][14372][safepoint   ] Safepoint "Cleanup", Time since last: 7027589687 ns, Reaching safepoint: 130684 ns, At safepoint: 15011 ns, Total: 145695 ns
[2022-09-22T17:13:58.742+0000][14372][safepoint   ] Safepoint "Cleanup", Time since last: 2008803234 ns, Reaching safepoint: 59674 ns, At safepoint: 5331 ns, Total: 65005 ns
[2022-09-22T17:14:01.754+0000][14372][safepoint   ] Safepoint "Cleanup", Time since last: 3011590428 ns, Reaching safepoint: 93971 ns, At safepoint: 8600 ns, Total: 102571 ns
[2022-09-22T17:14:03.758+0000][14372][safepoint   ] Safepoint "Cleanup", Time since last: 2004570721 ns, Reaching safepoint: 145342 ns, At safepoint: 14389 ns, Total: 159731 ns
[2022-09-22T17:14:11.780+0000][14372][safepoint   ] Safepoint "Cleanup", Time since last: 8021051232 ns, Reaching safepoint: 56498 ns, At safepoint: 7168 ns, Total: 63666 ns
[2022-09-22T17:14:12.788+0000][14372][safepoint   ] Safepoint "Cleanup", Time since last: 1008378953 ns, Reaching safepoint: 74773 ns, At safepoint: 6659 ns, Total: 81432 ns
[2022-09-22T17:14:13.792+0000][14372][safepoint   ] Safepoint "Cleanup", Time since last: 1004173743 ns, Reaching safepoint: 62088 ns, At safepoint: 5044 ns, Total: 67132 ns
[2022-09-22T17:14:14.795+0000][14372][safepoint   ] Safepoint "Cleanup", Time since last: 1002484062 ns, Reaching safepoint: 49643 ns, At safepoint: 6079 ns, Total: 55722 ns
[2022-09-22T17:14:16.798+0000][14372][safepoint   ] Safepoint "Cleanup", Time since last: 2002858529 ns, Reaching safepoint: 76122 ns, At safepoint: 5944 ns, Total: 82066 ns
[2022-09-22T17:14:19.806+0000][14372][safepoint   ] Safepoint "Cleanup", Time since last: 3007760045 ns, Reaching safepoint: 57772 ns, At safepoint: 7157 ns, Total: 64929 ns
[2022-09-22T17:14:21.812+0000][14372][safepoint   ] Safepoint "Cleanup", Time since last: 2005453794 ns, Reaching safepoint: 45936 ns, At safepoint: 6479 ns, Total: 52415 ns
[2022-09-22T17:14:24.823+0000][14372][safepoint   ] Safepoint "Cleanup", Time since last: 3011630048 ns, Reaching safepoint: 110826 ns, At safepoint: 17887 ns, Total: 128713 ns
[2022-09-22T17:14:27.834+0000][14372][safepoint   ] Safepoint "Cleanup", Time since last: 3010201809 ns, Reaching safepoint: 79484 ns, At safepoint: 7997 ns, Total: 87481 ns
[2022-09-22T17:14:28.838+0000][14372][safepoint   ] Safepoint "Cleanup", Time since last: 1003859252 ns, Reaching safepoint: 145530 ns, At safepoint: 7090 ns, Total: 152620 ns
[2022-09-22T17:14:31.843+0000][14372][safepoint   ] Safepoint "Cleanup", Time since last: 3005402278 ns, Reaching safepoint: 117622 ns, At safepoint: 14062 ns, Total: 131684 ns
[2022-09-22T17:14:34.857+0000][14372][safepoint   ] Safepoint "Cleanup", Time since last: 3013443405 ns, Reaching safepoint: 43818 ns, At safepoint: 7643 ns, Total: 51461 ns
[2022-09-22T17:14:38.867+0000][14372][safepoint   ] Safepoint "Cleanup", Time since last: 4009652241 ns, Reaching safepoint: 104575 ns, At safepoint: 10702 ns, Total: 115277 ns
[2022-09-22T17:14:40.877+0000][14372][safepoint   ] Safepoint "Cleanup", Time since last: 2009550123 ns, Reaching safepoint: 135134 ns, At safepoint: 19111 ns, Total: 154245 ns
[2022-09-22T17:14:42.880+0000][14372][safepoint   ] Safepoint "Cleanup", Time since last: 2003129614 ns, Reaching safepoint: 99544 ns, At safepoint: 9955 ns, Total: 109499 ns
[2022-09-22T17:14:48.896+0000][14372][safepoint   ] Safepoint "Cleanup", Time since last: 6015874123 ns, Reaching safepoint: 47944 ns, At safepoint: 5248 ns, Total: 53192 ns
[2022-09-22T17:14:49.901+0000][14372][safepoint   ] Safepoint "Cleanup", Time since last: 1004955637 ns, Reaching safepoint: 62354 ns, At safepoint: 3073 ns, Total: 65427 ns
[2022-09-22T17:15:07.961+0000][14372][safepoint   ] Safepoint "Cleanup", Time since last: 18054951594 ns, Reaching safepoint: 4078920 ns, At safepoint: 15120 ns, Total: 4094040 ns
[2022-09-22T17:15:10.974+0000][14372][safepoint   ] Safepoint "Cleanup", Time since last: 3013344389 ns, Reaching safepoint: 44794 ns, At safepoint: 7410 ns, Total: 52204 ns
[2022-09-22T17:15:11.976+0000][14372][safepoint   ] Safepoint "Cleanup", Time since last: 1001259991 ns, Reaching safepoint: 55980 ns, At safepoint: 7851 ns, Total: 63831 ns
[2022-09-22T17:15:12.980+0000][14372][safepoint   ] Safepoint "Cleanup", Time since last: 1004687583 ns, Reaching safepoint: 44140 ns, At safepoint: 7362 ns, Total: 51502 ns
[2022-09-22T17:15:13.984+0000][14372][safepoint   ] Safepoint "Cleanup", Time since last: 1003118672 ns, Reaching safepoint: 54806 ns, At safepoint: 8382 ns, Total: 63188 ns
[2022-09-22T17:15:19.000+0000][14372][safepoint   ] Safepoint "Cleanup", Time since last: 5016190616 ns, Reaching safepoint: 96473 ns, At safepoint: 9679 ns, Total: 106152 ns
[2022-09-22T17:15:24.019+0000][14372][safepoint   ] Safepoint "Cleanup", Time since last: 5018963635 ns, Reaching safepoint: 138221 ns, At safepoint: 16984 ns, Total: 155205 ns
[2022-09-22T17:15:43.084+0000][14372][safepoint   ] Safepoint "Cleanup", Time since last: 19063695423 ns, Reaching safepoint: 66578 ns, At safepoint: 3929 ns, Total: 70507 ns
[2022-09-22T17:15:45.089+0000][14372][safepoint   ] Safepoint "Cleanup", Time since last: 2005652834 ns, Reaching safepoint: 84676 ns, At safepoint: 7784 ns, Total: 92460 ns
[2022-09-22T17:15:47.128+0000][14372][safepoint   ] Safepoint "Cleanup", Time since last: 2004828345 ns, Reaching safepoint: 33345678 ns, At safepoint: 25377 ns, Total: 33371055 ns
[2022-09-22T17:15:48.133+0000][14372][safepoint   ] Safepoint "Cleanup", Time since last: 1004569968 ns, Reaching safepoint: 344025 ns, At safepoint: 38359 ns, Total: 382384 ns
[2022-09-22T17:15:49.137+0000][14372][safepoint   ] Safepoint "Cleanup", Time since last: 1002941497 ns, Reaching safepoint: 1504246 ns, At safepoint: 19222 ns, Total: 1523468 ns
[2022-09-22T17:15:50.149+0000][14372][safepoint   ] Safepoint "Cleanup", Time since last: 1011906280 ns, Reaching safepoint: 174863 ns, At safepoint: 7158 ns, Total: 182021 ns
[2022-09-22T17:15:51.152+0000][14372][safepoint   ] Safepoint "Cleanup", Time since last: 1002815134 ns, Reaching safepoint: 53869 ns, At safepoint: 5787 ns, Total: 59656 ns
[2022-09-22T17:15:53.155+0000][14372][safepoint   ] Safepoint "Cleanup", Time since last: 2003137123 ns, Reaching safepoint: 61629 ns, At safepoint: 6500 ns, Total: 68129 ns
[2022-09-22T17:15:54.021+0000][14372][safepoint   ] Safepoint "ICBufferFull", Time since last: 860012276 ns, Reaching safepoint: 240980 ns, At safepoint: 5458050 ns, Total: 5699030 ns
[2022-09-22T17:15:54.481+0000][14372][safepoint   ] Safepoint "ICBufferFull", Time since last: 459047989 ns, Reaching safepoint: 308516 ns, At safepoint: 34378 ns, Total: 342894 ns
[2022-09-22T17:15:55.498+0000][14372][safepoint   ] Safepoint "Cleanup", Time since last: 1017429304 ns, Reaching safepoint: 179642 ns, At safepoint: 18560 ns, Total: 198202 ns
[2022-09-22T17:15:56.499+0000][14372][safepoint   ] Safepoint "Cleanup", Time since last: 1000937854 ns, Reaching safepoint: 82064 ns, At safepoint: 9698 ns, Total: 91762 ns
[2022-09-22T17:15:57.519+0000][14372][safepoint   ] Safepoint "Cleanup", Time since last: 1019787012 ns, Reaching safepoint: 119776 ns, At safepoint: 2850 ns, Total: 122626 ns
[2022-09-22T17:15:58.230+0000][14372][safepoint   ] Safepoint "ICBufferFull", Time since last: 710647646 ns, Reaching safepoint: 141622 ns, At safepoint: 21766 ns, Total: 163388 ns
[2022-09-22T17:15:58.414+0000][14372][gc,start    ] GC(13) Pause Young (Concurrent Start) (G1 Evacuation Pause)
[2022-09-22T17:15:58.414+0000][14372][gc,task     ] GC(13) Using 10 workers of 10 for evacuation
[2022-09-22T17:15:58.415+0000][14372][gc,age      ] GC(13) Desired survivor size 54525952 bytes, new threshold 15 (max threshold 15)
[2022-09-22T17:15:58.506+0000][14372][gc,age      ] GC(13) Age table with threshold 15 (max threshold 15)
[2022-09-22T17:15:58.506+0000][14372][gc,age      ] GC(13) - age   1:   34912184 bytes,   34912184 total
[2022-09-22T17:15:58.506+0000][14372][gc,age      ] GC(13) - age   2:    2159976 bytes,   37072160 total
[2022-09-22T17:15:58.506+0000][14372][gc,age      ] GC(13) - age   3:   16193560 bytes,   53265720 total
[2022-09-22T17:15:58.506+0000][14372][gc,age      ] GC(13) - age   4:    9421992 bytes,   62687712 total
[2022-09-22T17:15:58.506+0000][14372][gc,phases   ] GC(13)   Pre Evacuate Collection Set: 3.7ms
[2022-09-22T17:15:58.506+0000][14372][gc,phases   ] GC(13)   Merge Heap Roots: 2.8ms
[2022-09-22T17:15:58.506+0000][14372][gc,phases   ] GC(13)   Evacuate Collection Set: 76.9ms
[2022-09-22T17:15:58.506+0000][14372][gc,phases   ] GC(13)   Post Evacuate Collection Set: 5.2ms
[2022-09-22T17:15:58.506+0000][14372][gc,phases   ] GC(13)   Other: 4.1ms
[2022-09-22T17:15:58.506+0000][14372][gc,heap     ] GC(13) Eden regions: 195->0(91)
[2022-09-22T17:15:58.506+0000][14372][gc,heap     ] GC(13) Survivor regions: 8->17(26)
[2022-09-22T17:15:58.506+0000][14372][gc,heap     ] GC(13) Old regions: 15->15
[2022-09-22T17:15:58.506+0000][14372][gc,heap     ] GC(13) Archive regions: 2->2
[2022-09-22T17:15:58.506+0000][14372][gc,heap     ] GC(13) Humongous regions: 2->2
[2022-09-22T17:15:58.506+0000][14372][gc,metaspace] GC(13) Metaspace: 108690K(110144K)->108690K(110144K) NonClass: 93739K(94592K)->93739K(94592K) Class: 14950K(15552K)->14950K(15552K)
[2022-09-22T17:15:58.506+0000][14372][gc          ] GC(13) Pause Young (Concurrent Start) (G1 Evacuation Pause) 879M->135M(8192M) 92.290ms
[2022-09-22T17:15:58.506+0000][14372][gc,cpu      ] GC(13) User=0.24s Sys=0.34s Real=0.09s
[2022-09-22T17:15:58.506+0000][14372][safepoint   ] Safepoint "G1CollectForAllocation", Time since last: 183144193 ns, Reaching safepoint: 159318 ns, At safepoint: 92986517 ns, Total: 93145835 ns
[2022-09-22T17:15:58.506+0000][14372][gc          ] GC(14) Concurrent Mark Cycle
[2022-09-22T17:15:58.506+0000][14372][gc,marking  ] GC(14) Concurrent Clear Claimed Marks
[2022-09-22T17:15:58.506+0000][14372][gc,marking  ] GC(14) Concurrent Clear Claimed Marks 0.078ms
[2022-09-22T17:15:58.506+0000][14372][gc,marking  ] GC(14) Concurrent Scan Root Regions
[2022-09-22T17:15:58.519+0000][14372][gc,marking  ] GC(14) Concurrent Scan Root Regions 12.896ms
[2022-09-22T17:15:58.534+0000][14372][gc,marking  ] GC(14) Concurrent Mark
[2022-09-22T17:15:58.534+0000][14372][gc,marking  ] GC(14) Concurrent Mark From Roots
[2022-09-22T17:15:58.534+0000][14372][gc,task     ] GC(14) Using 3 workers of 3 for marking
[2022-09-22T17:15:58.621+0000][14372][gc,marking  ] GC(14) Concurrent Mark From Roots 86.535ms
[2022-09-22T17:15:58.644+0000][14372][gc,marking  ] GC(14) Concurrent Preclean
[2022-09-22T17:15:58.644+0000][14372][gc,marking  ] GC(14) Concurrent Preclean 0.323ms
[2022-09-22T17:15:58.645+0000][14372][gc,start    ] GC(14) Pause Remark
[2022-09-22T17:15:58.650+0000][14372][gc          ] GC(14) Pause Remark 140M->140M(8192M) 5.695ms
[2022-09-22T17:15:58.659+0000][14372][gc,cpu      ] GC(14) User=0.02s Sys=0.01s Real=0.01s
[2022-09-22T17:15:58.659+0000][14372][safepoint   ] Safepoint "G1Concurrent", Time since last: 138129076 ns, Reaching safepoint: 156060 ns, At safepoint: 14767963 ns, Total: 14924023 ns
[2022-09-22T17:15:58.659+0000][14372][gc,marking  ] GC(14) Concurrent Mark 125.374ms
[2022-09-22T17:15:58.659+0000][14372][gc,marking  ] GC(14) Concurrent Rebuild Remembered Sets
[2022-09-22T17:15:58.687+0000][14372][gc,marking  ] GC(14) Concurrent Rebuild Remembered Sets 27.149ms
[2022-09-22T17:15:58.691+0000][14372][gc,start    ] GC(14) Pause Cleanup
[2022-09-22T17:15:58.691+0000][14372][gc          ] GC(14) Pause Cleanup 141M->141M(8192M) 0.216ms
[2022-09-22T17:15:58.691+0000][14372][gc,cpu      ] GC(14) User=0.01s Sys=0.00s Real=0.00s
[2022-09-22T17:15:58.691+0000][14372][safepoint   ] Safepoint "G1Concurrent", Time since last: 31627611 ns, Reaching safepoint: 82695 ns, At safepoint: 338214 ns, Total: 420909 ns
[2022-09-22T17:15:58.692+0000][14372][gc,marking  ] GC(14) Concurrent Cleanup for Next Mark
[2022-09-22T17:15:58.752+0000][14372][gc,marking  ] GC(14) Concurrent Cleanup for Next Mark 60.340ms
[2022-09-22T17:15:58.770+0000][14372][gc          ] GC(14) Concurrent Mark Cycle 263.540ms
[2022-09-22T17:15:59.810+0000][14372][safepoint   ] Safepoint "ICBufferFull", Time since last: 1118543515 ns, Reaching safepoint: 169843 ns, At safepoint: 15855 ns, Total: 185698 ns
[2022-09-22T17:16:00.616+0000][14372][safepoint   ] Safepoint "ICBufferFull", Time since last: 805775998 ns, Reaching safepoint: 137364 ns, At safepoint: 37088 ns, Total: 174452 ns
[2022-09-22T17:16:00.869+0000][14372][safepoint   ] Safepoint "ICBufferFull", Time since last: 252855406 ns, Reaching safepoint: 187880 ns, At safepoint: 43130 ns, Total: 231010 ns
[2022-09-22T17:16:01.201+0000][14372][safepoint   ] Safepoint "ICBufferFull", Time since last: 330657098 ns, Reaching safepoint: 901851 ns, At safepoint: 39666 ns, Total: 941517 ns
[2022-09-22T17:16:02.014+0000][14372][safepoint   ] Safepoint "ICBufferFull", Time since last: 812414368 ns, Reaching safepoint: 226729 ns, At safepoint: 19817 ns, Total: 246546 ns
[2022-09-22T17:16:03.029+0000][14372][safepoint   ] Safepoint "Cleanup", Time since last: 1015366860 ns, Reaching safepoint: 164111 ns, At safepoint: 7609 ns, Total: 171720 ns
[2022-09-22T17:16:03.585+0000][14372][safepoint   ] Safepoint "ICBufferFull", Time since last: 556057093 ns, Reaching safepoint: 156658 ns, At safepoint: 20742 ns, Total: 177400 ns
[2022-09-22T17:16:03.586+0000][14372][safepoint   ] Safepoint "ICBufferFull", Time since last: 85858 ns, Reaching safepoint: 40295 ns, At safepoint: 12713 ns, Total: 53008 ns
[2022-09-22T17:16:03.586+0000][14372][safepoint   ] Safepoint "ICBufferFull", Time since last: 59833 ns, Reaching safepoint: 61794 ns, At safepoint: 11768 ns, Total: 73562 ns
[2022-09-22T17:16:03.586+0000][14372][safepoint   ] Safepoint "ICBufferFull", Time since last: 57143 ns, Reaching safepoint: 86142 ns, At safepoint: 32534 ns, Total: 118676 ns
[2022-09-22T17:16:03.586+0000][14372][safepoint   ] Safepoint "ICBufferFull", Time since last: 47822 ns, Reaching safepoint: 73972 ns, At safepoint: 26619 ns, Total: 100591 ns
[2022-09-22T17:16:04.281+0000][14372][safepoint   ] Safepoint "ICBufferFull", Time since last: 694781849 ns, Reaching safepoint: 141072 ns, At safepoint: 10485 ns, Total: 151557 ns
[2022-09-22T17:16:05.285+0000][14372][safepoint   ] Safepoint "Cleanup", Time since last: 1004053482 ns, Reaching safepoint: 111347 ns, At safepoint: 14264 ns, Total: 125611 ns
[2022-09-22T17:16:06.289+0000][14372][safepoint   ] Safepoint "Cleanup", Time since last: 1003852201 ns, Reaching safepoint: 132397 ns, At safepoint: 13441 ns, Total: 145838 ns
[2022-09-22T17:16:07.309+0000][14372][safepoint   ] Safepoint "Cleanup", Time since last: 1019448460 ns, Reaching safepoint: 64288 ns, At safepoint: 3281 ns, Total: 67569 ns
[2022-09-22T17:16:08.319+0000][14372][safepoint   ] Safepoint "Cleanup", Time since last: 1010635006 ns, Reaching safepoint: 82147 ns, At safepoint: 5491 ns, Total: 87638 ns
[2022-09-22T17:16:09.324+0000][14372][safepoint   ] Safepoint "Cleanup", Time since last: 1004303335 ns, Reaching safepoint: 248423 ns, At safepoint: 63110 ns, Total: 311533 ns
[2022-09-22T17:16:10.327+0000][14372][safepoint   ] Safepoint "Cleanup", Time since last: 1002800446 ns, Reaching safepoint: 56104 ns, At safepoint: 5996 ns, Total: 62100 ns
[2022-09-22T17:16:11.332+0000][14372][safepoint   ] Safepoint "Cleanup", Time since last: 1004927729 ns, Reaching safepoint: 78256 ns, At safepoint: 4706 ns, Total: 82962 ns
[2022-09-22T17:16:12.333+0000][14372][safepoint   ] Safepoint "Cleanup", Time since last: 1000393339 ns, Reaching safepoint: 95239 ns, At safepoint: 23661 ns, Total: 118900 ns
[2022-09-22T17:16:13.336+0000][14372][safepoint   ] Safepoint "Cleanup", Time since last: 1003025508 ns, Reaching safepoint: 47018 ns, At safepoint: 2789 ns, Total: 49807 ns
[2022-09-22T17:16:14.338+0000][14372][safepoint   ] Safepoint "Cleanup", Time since last: 1002139401 ns, Reaching safepoint: 73821 ns, At safepoint: 11496 ns, Total: 85317 ns
[2022-09-22T17:16:15.339+0000][14372][safepoint   ] Safepoint "Cleanup", Time since last: 1001351461 ns, Reaching safepoint: 80764 ns, At safepoint: 3800 ns, Total: 84564 ns
[2022-09-22T17:16:16.344+0000][14372][safepoint   ] Safepoint "Cleanup", Time since last: 1004145177 ns, Reaching safepoint: 48281 ns, At safepoint: 7932 ns, Total: 56213 ns
[2022-09-22T17:16:17.349+0000][14372][safepoint   ] Safepoint "Cleanup", Time since last: 1004975198 ns, Reaching safepoint: 47329 ns, At safepoint: 8883 ns, Total: 56212 ns
[2022-09-22T17:16:18.354+0000][14372][safepoint   ] Safepoint "Cleanup", Time since last: 1005160966 ns, Reaching safepoint: 102624 ns, At safepoint: 11197 ns, Total: 113821 ns
[2022-09-22T17:16:19.358+0000][14372][safepoint   ] Safepoint "Cleanup", Time since last: 1003844178 ns, Reaching safepoint: 57862 ns, At safepoint: 3921 ns, Total: 61783 ns
[2022-09-22T17:16:20.361+0000][14372][safepoint   ] Safepoint "Cleanup", Time since last: 1003009769 ns, Reaching safepoint: 92528 ns, At safepoint: 6927 ns, Total: 99455 ns
[2022-09-22T17:16:21.362+0000][14372][safepoint   ] Safepoint "Cleanup", Time since last: 1000325540 ns, Reaching safepoint: 121494 ns, At safepoint: 3779 ns, Total: 125273 ns
[2022-09-22T17:16:22.362+0000][14372][safepoint   ] Safepoint "Cleanup", Time since last: 1000116506 ns, Reaching safepoint: 124190 ns, At safepoint: 14645 ns, Total: 138835 ns
[2022-09-22T17:16:23.365+0000][14372][safepoint   ] Safepoint "Cleanup", Time since last: 1003142807 ns, Reaching safepoint: 105639 ns, At safepoint: 22862 ns, Total: 128501 ns
[2022-09-22T17:16:24.370+0000][14372][safepoint   ] Safepoint "Cleanup", Time since last: 1004667684 ns, Reaching safepoint: 78243 ns, At safepoint: 6058 ns, Total: 84301 ns
[2022-09-22T17:16:25.372+0000][14372][safepoint   ] Safepoint "Cleanup", Time since last: 1001967365 ns, Reaching safepoint: 101444 ns, At safepoint: 8026 ns, Total: 109470 ns
[2022-09-22T17:16:26.376+0000][14372][safepoint   ] Safepoint "Cleanup", Time since last: 1004104816 ns, Reaching safepoint: 164426 ns, At safepoint: 14477 ns, Total: 178903 ns
[2022-09-22T17:16:27.377+0000][14372][safepoint   ] Safepoint "Cleanup", Time since last: 1000859385 ns, Reaching safepoint: 147750 ns, At safepoint: 12502 ns, Total: 160252 ns
[2022-09-22T17:16:27.597+0000][14372][gc,start    ] GC(15) Pause Young (Normal) (G1 Evacuation Pause)
[2022-09-22T17:16:27.597+0000][14372][gc,task     ] GC(15) Using 10 workers of 10 for evacuation
[2022-09-22T17:16:27.597+0000][14372][gc,age      ] GC(15) Desired survivor size 35651584 bytes, new threshold 2 (max threshold 15)
[2022-09-22T17:16:27.666+0000][14372][gc,age      ] GC(15) Age table with threshold 2 (max threshold 15)
[2022-09-22T17:16:27.666+0000][14372][gc,age      ] GC(15) - age   1:    6679784 bytes,    6679784 total
[2022-09-22T17:16:27.666+0000][14372][gc,age      ] GC(15) - age   2:   27377688 bytes,   34057472 total
[2022-09-22T17:16:27.666+0000][14372][gc,phases   ] GC(15)   Pre Evacuate Collection Set: 0.1ms
[2022-09-22T17:16:27.666+0000][14372][gc,phases   ] GC(15)   Merge Heap Roots: 0.1ms
[2022-09-22T17:16:27.666+0000][14372][gc,phases   ] GC(15)   Evacuate Collection Set: 67.5ms
[2022-09-22T17:16:27.666+0000][14372][gc,phases   ] GC(15)   Post Evacuate Collection Set: 1.3ms
[2022-09-22T17:16:27.666+0000][14372][gc,phases   ] GC(15)   Other: 0.2ms
[2022-09-22T17:16:27.666+0000][14372][gc,heap     ] GC(15) Eden regions: 113->0(442)
[2022-09-22T17:16:27.666+0000][14372][gc,heap     ] GC(15) Survivor regions: 17->10(17)
[2022-09-22T17:16:27.666+0000][14372][gc,heap     ] GC(15) Old regions: 15->22
[2022-09-22T17:16:27.666+0000][14372][gc,heap     ] GC(15) Archive regions: 2->2
[2022-09-22T17:16:27.666+0000][14372][gc,heap     ] GC(15) Humongous regions: 2->2
[2022-09-22T17:16:27.666+0000][14372][gc,metaspace] GC(15) Metaspace: 113400K(115136K)->113400K(115136K) NonClass: 98007K(99008K)->98007K(99008K) Class: 15393K(16128K)->15393K(16128K)
[2022-09-22T17:16:27.667+0000][14372][gc          ] GC(15) Pause Young (Normal) (G1 Evacuation Pause) 587M->133M(8192M) 69.315ms
[2022-09-22T17:16:27.667+0000][14372][gc,cpu      ] GC(15) User=0.15s Sys=0.29s Real=0.07s
[2022-09-22T17:16:27.667+0000][14372][safepoint   ] Safepoint "G1CollectForAllocation", Time since last: 219693299 ns, Reaching safepoint: 51107 ns, At safepoint: 69450966 ns, Total: 69502073 ns
[2022-09-22T17:16:29.673+0000][14372][safepoint   ] Safepoint "Cleanup", Time since last: 2003471676 ns, Reaching safepoint: 2769683 ns, At safepoint: 24771 ns, Total: 2794454 ns
[2022-09-22T17:16:30.678+0000][14372][safepoint   ] Safepoint "Cleanup", Time since last: 1004929195 ns, Reaching safepoint: 125127 ns, At safepoint: 12825 ns, Total: 137952 ns
[2022-09-22T17:16:31.683+0000][14372][safepoint   ] Safepoint "Cleanup", Time since last: 1004542394 ns, Reaching safepoint: 53866 ns, At safepoint: 8194 ns, Total: 62060 ns
[2022-09-22T17:16:33.690+0000][14372][safepoint   ] Safepoint "Cleanup", Time since last: 2006980673 ns, Reaching safepoint: 71420 ns, At safepoint: 10078 ns, Total: 81498 ns
[2022-09-22T17:16:34.692+0000][14372][safepoint   ] Safepoint "Cleanup", Time since last: 1001717425 ns, Reaching safepoint: 67275 ns, At safepoint: 9110 ns, Total: 76385 ns
[2022-09-22T17:16:35.696+0000][14372][safepoint   ] Safepoint "Cleanup", Time since last: 1004038772 ns, Reaching safepoint: 57714 ns, At safepoint: 7877 ns, Total: 65591 ns
[2022-09-22T17:16:36.699+0000][14372][safepoint   ] Safepoint "Cleanup", Time since last: 1003440657 ns, Reaching safepoint: 102590 ns, At safepoint: 15424 ns, Total: 118014 ns
[2022-09-22T17:16:37.700+0000][14372][safepoint   ] Safepoint "Cleanup", Time since last: 1000086615 ns, Reaching safepoint: 92812 ns, At safepoint: 9610 ns, Total: 102422 ns
[2022-09-22T17:16:39.702+0000][14372][safepoint   ] Safepoint "Cleanup", Time since last: 2001667576 ns, Reaching safepoint: 144014 ns, At safepoint: 165980 ns, Total: 309994 ns
[2022-09-22T17:16:42.717+0000][14372][safepoint   ] Safepoint "Cleanup", Time since last: 3014573694 ns, Reaching safepoint: 918722 ns, At safepoint: 15984 ns, Total: 934706 ns
[2022-09-22T17:16:43.723+0000][14372][safepoint   ] Safepoint "Cleanup", Time since last: 1004518924 ns, Reaching safepoint: 751425 ns, At safepoint: 13419 ns, Total: 764844 ns
[2022-09-22T17:16:44.726+0000][14372][safepoint   ] Safepoint "Cleanup", Time since last: 1003457857 ns, Reaching safepoint: 100515 ns, At safepoint: 32211 ns, Total: 132726 ns
[2022-09-22T17:16:45.729+0000][14372][safepoint   ] Safepoint "Cleanup", Time since last: 1002686335 ns, Reaching safepoint: 123424 ns, At safepoint: 7926 ns, Total: 131350 ns
[2022-09-22T17:16:46.733+0000][14372][safepoint   ] Safepoint "Cleanup", Time since last: 1004125305 ns, Reaching safepoint: 54938 ns, At safepoint: 8083 ns, Total: 63021 ns
[2022-09-22T17:16:48.738+0000][14372][safepoint   ] Safepoint "Cleanup", Time since last: 2005077382 ns, Reaching safepoint: 141330 ns, At safepoint: 9920 ns, Total: 151250 ns
[2022-09-22T17:16:49.739+0000][14372][safepoint   ] Safepoint "Cleanup", Time since last: 1000770426 ns, Reaching safepoint: 56752 ns, At safepoint: 7888 ns, Total: 64640 ns
[2022-09-22T17:16:50.743+0000][14372][safepoint   ] Safepoint "Cleanup", Time since last: 1003767063 ns, Reaching safepoint: 55771 ns, At safepoint: 8088 ns, Total: 63859 ns
[2022-09-22T17:16:51.745+0000][14372][safepoint   ] Safepoint "Cleanup", Time since last: 1001355096 ns, Reaching safepoint: 124790 ns, At safepoint: 15102 ns, Total: 139892 ns
[2022-09-22T17:16:53.754+0000][14372][safepoint   ] Safepoint "Cleanup", Time since last: 2009037912 ns, Reaching safepoint: 119839 ns, At safepoint: 31073 ns, Total: 150912 ns
[2022-09-22T17:16:54.755+0000][14372][safepoint   ] Safepoint "Cleanup", Time since last: 1000516337 ns, Reaching safepoint: 74140 ns, At safepoint: 3535 ns, Total: 77675 ns
[2022-09-22T17:16:55.757+0000][14372][safepoint   ] Safepoint "Cleanup", Time since last: 1001849652 ns, Reaching safepoint: 52564 ns, At safepoint: 5891 ns, Total: 58455 ns
[2022-09-22T17:16:56.760+0000][14372][safepoint   ] Safepoint "Cleanup", Time since last: 1003871511 ns, Reaching safepoint: 50836 ns, At safepoint: 7104 ns, Total: 57940 ns
[2022-09-22T17:16:58.767+0000][14372][safepoint   ] Safepoint "Cleanup", Time since last: 2006091985 ns, Reaching safepoint: 85382 ns, At safepoint: 12013 ns, Total: 97395 ns
[2022-09-22T17:16:59.771+0000][14372][safepoint   ] Safepoint "Cleanup", Time since last: 1004313212 ns, Reaching safepoint: 77711 ns, At safepoint: 12043 ns, Total: 89754 ns
[2022-09-22T17:17:00.775+0000][14372][safepoint   ] Safepoint "Cleanup", Time since last: 1004062756 ns, Reaching safepoint: 166804 ns, At safepoint: 13402 ns, Total: 180206 ns
[2022-09-22T17:17:01.779+0000][14372][safepoint   ] Safepoint "Cleanup", Time since last: 1003764479 ns, Reaching safepoint: 57197 ns, At safepoint: 8974 ns, Total: 66171 ns
[2022-09-22T17:17:02.784+0000][14372][safepoint   ] Safepoint "Cleanup", Time since last: 1004158052 ns, Reaching safepoint: 192407 ns, At safepoint: 14352 ns, Total: 206759 ns
[2022-09-22T17:17:03.788+0000][14372][safepoint   ] Safepoint "Cleanup", Time since last: 1004552023 ns, Reaching safepoint: 43550 ns, At safepoint: 8586 ns, Total: 52136 ns
[2022-09-22T17:17:04.793+0000][14372][safepoint   ] Safepoint "Cleanup", Time since last: 1004879524 ns, Reaching safepoint: 50507 ns, At safepoint: 4562 ns, Total: 55069 ns
[2022-09-22T17:17:05.794+0000][14372][safepoint   ] Safepoint "Cleanup", Time since last: 1000788212 ns, Reaching safepoint: 317530 ns, At safepoint: 9374 ns, Total: 326904 ns
[2022-09-22T17:17:06.799+0000][14372][safepoint   ] Safepoint "Cleanup", Time since last: 1004197367 ns, Reaching safepoint: 128354 ns, At safepoint: 13648 ns, Total: 142002 ns
[2022-09-22T17:17:08.806+0000][14372][safepoint   ] Safepoint "Cleanup", Time since last: 2006561792 ns, Reaching safepoint: 81157 ns, At safepoint: 44855 ns, Total: 126012 ns
[2022-09-22T17:17:11.816+0000][14372][safepoint   ] Safepoint "Cleanup", Time since last: 3010216243 ns, Reaching safepoint: 86937 ns, At safepoint: 8997 ns, Total: 95934 ns
[2022-09-22T17:17:12.828+0000][14372][safepoint   ] Safepoint "Cleanup", Time since last: 1011731552 ns, Reaching safepoint: 53531 ns, At safepoint: 4253 ns, Total: 57784 ns
[2022-09-22T17:17:13.832+0000][14372][safepoint   ] Safepoint "Cleanup", Time since last: 1004082540 ns, Reaching safepoint: 66820 ns, At safepoint: 8811 ns, Total: 75631 ns
[2022-09-22T17:17:14.836+0000][14372][safepoint   ] Safepoint "Cleanup", Time since last: 1003630563 ns, Reaching safepoint: 58734 ns, At safepoint: 8407 ns, Total: 67141 ns
[2022-09-22T17:17:16.844+0000][14372][safepoint   ] Safepoint "Cleanup", Time since last: 2008029253 ns, Reaching safepoint: 56039 ns, At safepoint: 7990 ns, Total: 64029 ns
[2022-09-22T17:17:18.802+0000][14372][safepoint   ] Safepoint "Cleanup", Time since last: 1957842735 ns, Reaching safepoint: 126966 ns, At safepoint: 10294 ns, Total: 137260 ns
[2022-09-22T17:17:20.806+0000][14372][safepoint   ] Safepoint "Cleanup", Time since last: 2004194453 ns, Reaching safepoint: 85028 ns, At safepoint: 10898 ns, Total: 95926 ns
[2022-09-22T17:17:21.809+0000][14372][safepoint   ] Safepoint "Cleanup", Time since last: 1002817219 ns, Reaching safepoint: 63154 ns, At safepoint: 11093 ns, Total: 74247 ns
[2022-09-22T17:17:23.775+0000][14372][safepoint   ] Safepoint "Cleanup", Time since last: 1965736430 ns, Reaching safepoint: 177153 ns, At safepoint: 16171 ns, Total: 193324 ns
[2022-09-22T17:17:24.779+0000][14372][safepoint   ] Safepoint "Cleanup", Time since last: 1003474147 ns, Reaching safepoint: 102267 ns, At safepoint: 9194 ns, Total: 111461 ns
[2022-09-22T17:17:26.785+0000][14372][safepoint   ] Safepoint "Cleanup", Time since last: 2006176737 ns, Reaching safepoint: 96520 ns, At safepoint: 4154 ns, Total: 100674 ns
[2022-09-22T17:17:27.787+0000][14372][safepoint   ] Safepoint "Cleanup", Time since last: 1001575597 ns, Reaching safepoint: 92259 ns, At safepoint: 9115 ns, Total: 101374 ns
[2022-09-22T17:17:28.791+0000][14372][safepoint   ] Safepoint "Cleanup", Time since last: 1003708096 ns, Reaching safepoint: 82477 ns, At safepoint: 11643 ns, Total: 94120 ns
[2022-09-22T17:17:29.793+0000][14372][safepoint   ] Safepoint "Cleanup", Time since last: 1001933690 ns, Reaching safepoint: 62486 ns, At safepoint: 9414 ns, Total: 71900 ns
[2022-09-22T17:17:31.074+0000][14372][safepoint   ] Safepoint "Cleanup", Time since last: 1280673513 ns, Reaching safepoint: 96451 ns, At safepoint: 10507 ns, Total: 106958 ns
[2022-09-22T17:17:32.078+0000][14372][safepoint   ] Safepoint "Cleanup", Time since last: 1004201216 ns, Reaching safepoint: 49580 ns, At safepoint: 7945 ns, Total: 57525 ns
[2022-09-22T17:17:33.085+0000][14372][safepoint   ] Safepoint "Cleanup", Time since last: 1006935024 ns, Reaching safepoint: 60945 ns, At safepoint: 8081 ns, Total: 69026 ns
[2022-09-22T17:17:34.086+0000][14372][safepoint   ] Safepoint "Cleanup", Time since last: 1001033782 ns, Reaching safepoint: 61169 ns, At safepoint: 3460 ns, Total: 64629 ns
[2022-09-22T17:17:35.089+0000][14372][safepoint   ] Safepoint "Cleanup", Time since last: 1002679384 ns, Reaching safepoint: 71086 ns, At safepoint: 9012 ns, Total: 80098 ns
[2022-09-22T17:17:36.092+0000][14372][safepoint   ] Safepoint "Cleanup", Time since last: 1003423349 ns, Reaching safepoint: 73702 ns, At safepoint: 7878 ns, Total: 81580 ns
[2022-09-22T17:17:37.101+0000][14372][safepoint   ] Safepoint "Cleanup", Time since last: 1008722166 ns, Reaching safepoint: 85870 ns, At safepoint: 20497 ns, Total: 106367 ns
[2022-09-22T17:17:39.110+0000][14372][safepoint   ] Safepoint "Cleanup", Time since last: 2008418146 ns, Reaching safepoint: 58880 ns, At safepoint: 8736 ns, Total: 67616 ns
[2022-09-22T17:17:42.123+0000][14372][safepoint   ] Safepoint "Cleanup", Time since last: 3013607894 ns, Reaching safepoint: 84422 ns, At safepoint: 4758 ns, Total: 89180 ns
[2022-09-22T17:17:43.128+0000][14372][safepoint   ] Safepoint "Cleanup", Time since last: 1004618898 ns, Reaching safepoint: 46062 ns, At safepoint: 2606 ns, Total: 48668 ns
[2022-09-22T17:17:44.132+0000][14372][safepoint   ] Safepoint "Cleanup", Time since last: 1003235324 ns, Reaching safepoint: 67833 ns, At safepoint: 10172 ns, Total: 78005 ns
[2022-09-22T17:17:45.135+0000][14372][safepoint   ] Safepoint "Cleanup", Time since last: 1003797549 ns, Reaching safepoint: 67964 ns, At safepoint: 4938 ns, Total: 72902 ns
[2022-09-22T17:17:47.140+0000][14372][safepoint   ] Safepoint "Cleanup", Time since last: 2002410850 ns, Reaching safepoint: 1846242 ns, At safepoint: 20189 ns, Total: 1866431 ns
[2022-09-22T17:17:48.143+0000][14372][safepoint   ] Safepoint "Cleanup", Time since last: 1003406757 ns, Reaching safepoint: 124538 ns, At safepoint: 8457 ns, Total: 132995 ns
[2022-09-22T17:17:49.146+0000][14372][safepoint   ] Safepoint "Cleanup", Time since last: 1002973623 ns, Reaching safepoint: 94598 ns, At safepoint: 10026 ns, Total: 104624 ns
[2022-09-22T17:17:50.151+0000][14372][safepoint   ] Safepoint "Cleanup", Time since last: 1004954029 ns, Reaching safepoint: 57939 ns, At safepoint: 10134 ns, Total: 68073 ns
[2022-09-22T17:17:51.156+0000][14372][safepoint   ] Safepoint "Cleanup", Time since last: 1004889914 ns, Reaching safepoint: 53896 ns, At safepoint: 7433 ns, Total: 61329 ns
[2022-09-22T17:17:52.161+0000][14372][safepoint   ] Safepoint "Cleanup", Time since last: 1004522169 ns, Reaching safepoint: 77568 ns, At safepoint: 5506 ns, Total: 83074 ns
[2022-09-22T17:17:54.170+0000][14372][safepoint   ] Safepoint "Cleanup", Time since last: 2008975130 ns, Reaching safepoint: 143285 ns, At safepoint: 10203 ns, Total: 153488 ns
[2022-09-22T17:17:55.174+0000][14372][safepoint   ] Safepoint "Cleanup", Time since last: 1003509784 ns, Reaching safepoint: 87670 ns, At safepoint: 9336 ns, Total: 97006 ns
[2022-09-22T17:17:57.181+0000][14372][safepoint   ] Safepoint "Cleanup", Time since last: 2007234305 ns, Reaching safepoint: 54343 ns, At safepoint: 2867 ns, Total: 57210 ns
[2022-09-22T17:17:59.191+0000][14372][safepoint   ] Safepoint "Cleanup", Time since last: 2009278023 ns, Reaching safepoint: 71200 ns, At safepoint: 12784 ns, Total: 83984 ns
[2022-09-22T17:18:00.196+0000][14372][safepoint   ] Safepoint "Cleanup", Time since last: 1004763040 ns, Reaching safepoint: 65169 ns, At safepoint: 7513 ns, Total: 72682 ns
[2022-09-22T17:18:01.311+0000][14372][safepoint   ] Safepoint "Cleanup", Time since last: 1114803658 ns, Reaching safepoint: 104397 ns, At safepoint: 41448 ns, Total: 145845 ns
[2022-09-22T17:18:02.319+0000][14372][safepoint   ] Safepoint "Cleanup", Time since last: 1008439365 ns, Reaching safepoint: 72251 ns, At safepoint: 6977 ns, Total: 79228 ns
[2022-09-22T17:18:02.923+0000][14372][gc,heap,exit] Heap
[2022-09-22T17:18:02.923+0000][14372][gc,heap,exit]  garbage-first heap   total 8388608K, used 669624K [0x0000000600000000, 0x0000000800000000)
[2022-09-22T17:18:02.923+0000][14372][gc,heap,exit]   region size 4096K, 141 young (577536K), 10 survivors (40960K)
[2022-09-22T17:18:02.923+0000][14372][gc,heap,exit]  Metaspace       used 114889K, committed 116608K, reserved 1155072K
[2022-09-22T17:18:02.923+0000][14372][gc,heap,exit]   class space    used 15462K, committed 16192K, reserved 1048576K
