[2022-09-22T16:30:50.387+0000][84765][gc] Using G1
[2022-09-22T16:30:50.408+0000][84765][gc,init] Version: 16.0.2+7 (release)
[2022-09-22T16:30:50.408+0000][84765][gc,init] CPUs: 12 total, 12 available
[2022-09-22T16:30:50.408+0000][84765][gc,init] Memory: 16384M
[2022-09-22T16:30:50.408+0000][84765][gc,init] Large Page Support: Disabled
[2022-09-22T16:30:50.408+0000][84765][gc,init] NUMA Support: Disabled
[2022-09-22T16:30:50.408+0000][84765][gc,init] Compressed Oops: Enabled (Zero based)
[2022-09-22T16:30:50.408+0000][84765][gc,init] Heap Region Size: 4M
[2022-09-22T16:30:50.408+0000][84765][gc,init] Heap Min Capacity: 8G
[2022-09-22T16:30:50.408+0000][84765][gc,init] Heap Initial Capacity: 8G
[2022-09-22T16:30:50.408+0000][84765][gc,init] Heap Max Capacity: 8G
[2022-09-22T16:30:50.408+0000][84765][gc,init] Pre-touch: Disabled
[2022-09-22T16:30:50.408+0000][84765][gc,init] Parallel Workers: 10
[2022-09-22T16:30:50.408+0000][84765][gc,init] Concurrent Workers: 3
[2022-09-22T16:30:50.408+0000][84765][gc,init] Concurrent Refinement Workers: 10
[2022-09-22T16:30:50.408+0000][84765][gc,init] Periodic GC: Disabled
[2022-09-22T16:30:50.408+0000][84765][gc,metaspace] CDS disabled.
[2022-09-22T16:30:50.408+0000][84765][gc,metaspace] Compressed class space mapped at: 0x00000007c0000000-0x0000000800000000, reserved size: 1073741824
[2022-09-22T16:30:50.409+0000][84765][gc,metaspace] Narrow klass base: 0x0000000000000000, Narrow klass shift: 3, Narrow klass range: 0x800000000
[2022-09-22T16:30:50.502+0000][84765][gc,heap,exit] Heap
[2022-09-22T16:30:50.503+0000][84765][gc,heap,exit]  garbage-first heap   total 8388608K, used 6146K [0x00000005c0000000, 0x00000007c0000000)
[2022-09-22T16:30:50.503+0000][84765][gc,heap,exit]   region size 4096K, 2 young (8192K), 0 survivors (0K)
[2022-09-22T16:30:50.503+0000][84765][gc,heap,exit]  Metaspace       used 3454K, committed 3520K, reserved 1056768K
[2022-09-22T16:30:50.503+0000][84765][gc,heap,exit]   class space    used 270K, committed 320K, reserved 1048576K
