[2022-09-22T16:30:50.554+0000][84766][gc] Using G1
[2022-09-22T16:30:55.413+0000][84766][gc,init] Version: 16.0.2+7 (release)
[2022-09-22T16:30:55.413+0000][84766][gc,init] CPUs: 12 total, 12 available
[2022-09-22T16:30:55.413+0000][84766][gc,init] Memory: 16384M
[2022-09-22T16:30:55.413+0000][84766][gc,init] Large Page Support: Disabled
[2022-09-22T16:30:55.413+0000][84766][gc,init] NUMA Support: Disabled
[2022-09-22T16:30:55.413+0000][84766][gc,init] Compressed Oops: Enabled (Zero based)
[2022-09-22T16:30:55.413+0000][84766][gc,init] Heap Region Size: 4M
[2022-09-22T16:30:55.413+0000][84766][gc,init] Heap Min Capacity: 8G
[2022-09-22T16:30:55.413+0000][84766][gc,init] Heap Initial Capacity: 8G
[2022-09-22T16:30:55.413+0000][84766][gc,init] Heap Max Capacity: 8G
[2022-09-22T16:30:55.413+0000][84766][gc,init] Pre-touch: Enabled
[2022-09-22T16:30:55.413+0000][84766][gc,init] Parallel Workers: 10
[2022-09-22T16:30:55.413+0000][84766][gc,init] Concurrent Workers: 3
[2022-09-22T16:30:55.413+0000][84766][gc,init] Concurrent Refinement Workers: 10
[2022-09-22T16:30:55.413+0000][84766][gc,init] Periodic GC: Disabled
[2022-09-22T16:30:55.415+0000][84766][gc,metaspace] CDS archive(s) mapped at: [0x0000000800000000-0x0000000800bef000-0x0000000800bef000), size 12513280, SharedBaseAddress: 0x0000000800000000, ArchiveRelocationMode: 0.
[2022-09-22T16:30:55.416+0000][84766][gc,metaspace] Compressed class space mapped at: 0x0000000800c00000-0x0000000840c00000, reserved size: 1073741824
[2022-09-22T16:30:55.417+0000][84766][gc,metaspace] Narrow klass base: 0x0000000800000000, Narrow klass shift: 3, Narrow klass range: 0x100000000
[2022-09-22T16:30:56.019+0000][84766][safepoint   ] Safepoint "ICBufferFull", Time since last: 585777803 ns, Reaching safepoint: 228521 ns, At safepoint: 46557 ns, Total: 275078 ns
[2022-09-22T16:30:56.715+0000][84766][safepoint   ] Safepoint "ICBufferFull", Time since last: 696343907 ns, Reaching safepoint: 73296 ns, At safepoint: 29666 ns, Total: 102962 ns
[2022-09-22T16:30:57.171+0000][84766][safepoint   ] Safepoint "ICBufferFull", Time since last: 455624534 ns, Reaching safepoint: 158076 ns, At safepoint: 4276 ns, Total: 162352 ns
[2022-09-22T16:30:57.765+0000][84766][safepoint   ] Safepoint "ICBufferFull", Time since last: 594160849 ns, Reaching safepoint: 100595 ns, At safepoint: 2334 ns, Total: 102929 ns
[2022-09-22T16:30:57.789+0000][84766][safepoint   ] Safepoint "ICBufferFull", Time since last: 23211154 ns, Reaching safepoint: 26664 ns, At safepoint: 3045 ns, Total: 29709 ns
[2022-09-22T16:30:57.794+0000][84766][safepoint   ] Safepoint "ICBufferFull", Time since last: 5379941 ns, Reaching safepoint: 28026 ns, At safepoint: 2600 ns, Total: 30626 ns
[2022-09-22T16:30:57.796+0000][84766][safepoint   ] Safepoint "ICBufferFull", Time since last: 2204855 ns, Reaching safepoint: 20110 ns, At safepoint: 1882 ns, Total: 21992 ns
[2022-09-22T16:30:57.798+0000][84766][safepoint   ] Safepoint "ICBufferFull", Time since last: 2148960 ns, Reaching safepoint: 14492 ns, At safepoint: 1578 ns, Total: 16070 ns
[2022-09-22T16:30:57.802+0000][84766][safepoint   ] Safepoint "ICBufferFull", Time since last: 3211890 ns, Reaching safepoint: 18803 ns, At safepoint: 1979 ns, Total: 20782 ns
[2022-09-22T16:30:57.804+0000][84766][safepoint   ] Safepoint "ICBufferFull", Time since last: 2800841 ns, Reaching safepoint: 15907 ns, At safepoint: 1745 ns, Total: 17652 ns
[2022-09-22T16:30:57.807+0000][84766][safepoint   ] Safepoint "ICBufferFull", Time since last: 2724211 ns, Reaching safepoint: 13473 ns, At safepoint: 1710 ns, Total: 15183 ns
[2022-09-22T16:30:57.810+0000][84766][safepoint   ] Safepoint "ICBufferFull", Time since last: 2483801 ns, Reaching safepoint: 14737 ns, At safepoint: 1677 ns, Total: 16414 ns
[2022-09-22T16:30:57.814+0000][84766][safepoint   ] Safepoint "ICBufferFull", Time since last: 4113457 ns, Reaching safepoint: 27329 ns, At safepoint: 1905 ns, Total: 29234 ns
[2022-09-22T16:30:57.818+0000][84766][safepoint   ] Safepoint "ICBufferFull", Time since last: 3991336 ns, Reaching safepoint: 22933 ns, At safepoint: 2301 ns, Total: 25234 ns
[2022-09-22T16:30:57.820+0000][84766][safepoint   ] Safepoint "ICBufferFull", Time since last: 2337221 ns, Reaching safepoint: 23758 ns, At safepoint: 3756 ns, Total: 27514 ns
[2022-09-22T16:30:57.823+0000][84766][safepoint   ] Safepoint "ICBufferFull", Time since last: 2895818 ns, Reaching safepoint: 22173 ns, At safepoint: 2213 ns, Total: 24386 ns
[2022-09-22T16:30:57.826+0000][84766][safepoint   ] Safepoint "ICBufferFull", Time since last: 2998563 ns, Reaching safepoint: 20509 ns, At safepoint: 47208 ns, Total: 67717 ns
[2022-09-22T16:30:57.830+0000][84766][safepoint   ] Safepoint "ICBufferFull", Time since last: 3549139 ns, Reaching safepoint: 18614 ns, At safepoint: 1974 ns, Total: 20588 ns
[2022-09-22T16:30:57.832+0000][84766][safepoint   ] Safepoint "ICBufferFull", Time since last: 2285546 ns, Reaching safepoint: 19088 ns, At safepoint: 1946 ns, Total: 21034 ns
[2022-09-22T16:30:57.835+0000][84766][safepoint   ] Safepoint "ICBufferFull", Time since last: 3110599 ns, Reaching safepoint: 18879 ns, At safepoint: 2291 ns, Total: 21170 ns
[2022-09-22T16:30:57.837+0000][84766][safepoint   ] Safepoint "ICBufferFull", Time since last: 1790392 ns, Reaching safepoint: 17714 ns, At safepoint: 2157 ns, Total: 19871 ns
[2022-09-22T16:30:57.841+0000][84766][safepoint   ] Safepoint "ICBufferFull", Time since last: 4470529 ns, Reaching safepoint: 18917 ns, At safepoint: 1967 ns, Total: 20884 ns
[2022-09-22T16:30:57.847+0000][84766][safepoint   ] Safepoint "ICBufferFull", Time since last: 5487310 ns, Reaching safepoint: 19690 ns, At safepoint: 2273 ns, Total: 21963 ns
[2022-09-22T16:30:57.849+0000][84766][safepoint   ] Safepoint "ICBufferFull", Time since last: 2009363 ns, Reaching safepoint: 21178 ns, At safepoint: 2539 ns, Total: 23717 ns
[2022-09-22T16:30:57.850+0000][84766][safepoint   ] Safepoint "ICBufferFull", Time since last: 649608 ns, Reaching safepoint: 16224 ns, At safepoint: 1816 ns, Total: 18040 ns
[2022-09-22T16:30:57.850+0000][84766][safepoint   ] Safepoint "ICBufferFull", Time since last: 540757 ns, Reaching safepoint: 33544 ns, At safepoint: 22271 ns, Total: 55815 ns
[2022-09-22T16:30:57.851+0000][84766][safepoint   ] Safepoint "ICBufferFull", Time since last: 598209 ns, Reaching safepoint: 13862 ns, At safepoint: 1658 ns, Total: 15520 ns
[2022-09-22T16:30:57.852+0000][84766][safepoint   ] Safepoint "ICBufferFull", Time since last: 593698 ns, Reaching safepoint: 13298 ns, At safepoint: 1593 ns, Total: 14891 ns
[2022-09-22T16:30:57.852+0000][84766][safepoint   ] Safepoint "ICBufferFull", Time since last: 730642 ns, Reaching safepoint: 39618 ns, At safepoint: 7884 ns, Total: 47502 ns
[2022-09-22T16:30:57.853+0000][84766][safepoint   ] Safepoint "ICBufferFull", Time since last: 526327 ns, Reaching safepoint: 15990 ns, At safepoint: 2373 ns, Total: 18363 ns
[2022-09-22T16:30:57.853+0000][84766][safepoint   ] Safepoint "ICBufferFull", Time since last: 505084 ns, Reaching safepoint: 15897 ns, At safepoint: 2051 ns, Total: 17948 ns
[2022-09-22T16:30:57.854+0000][84766][safepoint   ] Safepoint "ICBufferFull", Time since last: 606109 ns, Reaching safepoint: 14308 ns, At safepoint: 1508 ns, Total: 15816 ns
[2022-09-22T16:30:57.855+0000][84766][safepoint   ] Safepoint "ICBufferFull", Time since last: 526086 ns, Reaching safepoint: 22451 ns, At safepoint: 3266 ns, Total: 25717 ns
[2022-09-22T16:30:57.855+0000][84766][safepoint   ] Safepoint "ICBufferFull", Time since last: 503208 ns, Reaching safepoint: 12552 ns, At safepoint: 1567 ns, Total: 14119 ns
[2022-09-22T16:30:57.856+0000][84766][safepoint   ] Safepoint "ICBufferFull", Time since last: 485148 ns, Reaching safepoint: 11667 ns, At safepoint: 1526 ns, Total: 13193 ns
[2022-09-22T16:30:57.856+0000][84766][safepoint   ] Safepoint "ICBufferFull", Time since last: 719482 ns, Reaching safepoint: 14617 ns, At safepoint: 1597 ns, Total: 16214 ns
[2022-09-22T16:30:57.857+0000][84766][safepoint   ] Safepoint "ICBufferFull", Time since last: 557772 ns, Reaching safepoint: 11766 ns, At safepoint: 1280 ns, Total: 13046 ns
[2022-09-22T16:30:57.857+0000][84766][safepoint   ] Safepoint "ICBufferFull", Time since last: 494214 ns, Reaching safepoint: 14806 ns, At safepoint: 1567 ns, Total: 16373 ns
[2022-09-22T16:30:57.858+0000][84766][safepoint   ] Safepoint "ICBufferFull", Time since last: 520437 ns, Reaching safepoint: 35735 ns, At safepoint: 10006 ns, Total: 45741 ns
[2022-09-22T16:30:57.858+0000][84766][safepoint   ] Safepoint "ICBufferFull", Time since last: 514415 ns, Reaching safepoint: 12232 ns, At safepoint: 1422 ns, Total: 13654 ns
[2022-09-22T16:30:57.859+0000][84766][safepoint   ] Safepoint "ICBufferFull", Time since last: 518031 ns, Reaching safepoint: 12999 ns, At safepoint: 1430 ns, Total: 14429 ns
[2022-09-22T16:30:57.864+0000][84766][safepoint   ] Safepoint "ICBufferFull", Time since last: 5167405 ns, Reaching safepoint: 39854 ns, At safepoint: 25020 ns, Total: 64874 ns
[2022-09-22T16:30:57.869+0000][84766][safepoint   ] Safepoint "ICBufferFull", Time since last: 4436418 ns, Reaching safepoint: 23276 ns, At safepoint: 8175 ns, Total: 31451 ns
[2022-09-22T16:30:57.869+0000][84766][safepoint   ] Safepoint "ICBufferFull", Time since last: 638041 ns, Reaching safepoint: 15229 ns, At safepoint: 1843 ns, Total: 17072 ns
[2022-09-22T16:30:57.897+0000][84766][safepoint   ] Safepoint "ICBufferFull", Time since last: 28050550 ns, Reaching safepoint: 25647 ns, At safepoint: 2026 ns, Total: 27673 ns
[2022-09-22T16:30:57.898+0000][84766][safepoint   ] Safepoint "ICBufferFull", Time since last: 1031456 ns, Reaching safepoint: 15472 ns, At safepoint: 1926 ns, Total: 17398 ns
[2022-09-22T16:30:57.899+0000][84766][safepoint   ] Safepoint "ICBufferFull", Time since last: 604984 ns, Reaching safepoint: 39254 ns, At safepoint: 9739 ns, Total: 48993 ns
[2022-09-22T16:30:57.900+0000][84766][safepoint   ] Safepoint "ICBufferFull", Time since last: 561014 ns, Reaching safepoint: 12412 ns, At safepoint: 1573 ns, Total: 13985 ns
[2022-09-22T16:30:57.900+0000][84766][safepoint   ] Safepoint "ICBufferFull", Time since last: 548808 ns, Reaching safepoint: 18613 ns, At safepoint: 2729 ns, Total: 21342 ns
[2022-09-22T16:30:57.901+0000][84766][safepoint   ] Safepoint "ICBufferFull", Time since last: 544831 ns, Reaching safepoint: 30860 ns, At safepoint: 3014 ns, Total: 33874 ns
[2022-09-22T16:30:57.902+0000][84766][safepoint   ] Safepoint "ICBufferFull", Time since last: 620399 ns, Reaching safepoint: 15253 ns, At safepoint: 2050 ns, Total: 17303 ns
[2022-09-22T16:30:57.902+0000][84766][safepoint   ] Safepoint "ICBufferFull", Time since last: 705739 ns, Reaching safepoint: 18085 ns, At safepoint: 2024 ns, Total: 20109 ns
[2022-09-22T16:30:57.903+0000][84766][safepoint   ] Safepoint "ICBufferFull", Time since last: 568136 ns, Reaching safepoint: 18592 ns, At safepoint: 3387 ns, Total: 21979 ns
[2022-09-22T16:30:57.903+0000][84766][safepoint   ] Safepoint "ICBufferFull", Time since last: 567465 ns, Reaching safepoint: 16564 ns, At safepoint: 2049 ns, Total: 18613 ns
[2022-09-22T16:30:57.904+0000][84766][safepoint   ] Safepoint "ICBufferFull", Time since last: 531784 ns, Reaching safepoint: 11481 ns, At safepoint: 1452 ns, Total: 12933 ns
[2022-09-22T16:30:57.904+0000][84766][safepoint   ] Safepoint "ICBufferFull", Time since last: 526475 ns, Reaching safepoint: 19984 ns, At safepoint: 2052 ns, Total: 22036 ns
[2022-09-22T16:30:57.905+0000][84766][safepoint   ] Safepoint "ICBufferFull", Time since last: 882569 ns, Reaching safepoint: 17237 ns, At safepoint: 1775 ns, Total: 19012 ns
[2022-09-22T16:30:57.906+0000][84766][safepoint   ] Safepoint "ICBufferFull", Time since last: 670037 ns, Reaching safepoint: 21208 ns, At safepoint: 3517 ns, Total: 24725 ns
[2022-09-22T16:30:57.907+0000][84766][safepoint   ] Safepoint "ICBufferFull", Time since last: 670905 ns, Reaching safepoint: 38543 ns, At safepoint: 2813 ns, Total: 41356 ns
[2022-09-22T16:30:57.907+0000][84766][safepoint   ] Safepoint "ICBufferFull", Time since last: 666540 ns, Reaching safepoint: 18985 ns, At safepoint: 1947 ns, Total: 20932 ns
[2022-09-22T16:30:57.908+0000][84766][safepoint   ] Safepoint "ICBufferFull", Time since last: 473580 ns, Reaching safepoint: 13167 ns, At safepoint: 1392 ns, Total: 14559 ns
[2022-09-22T16:30:57.909+0000][84766][safepoint   ] Safepoint "ICBufferFull", Time since last: 517304 ns, Reaching safepoint: 15047 ns, At safepoint: 1348 ns, Total: 16395 ns
[2022-09-22T16:30:57.909+0000][84766][safepoint   ] Safepoint "ICBufferFull", Time since last: 806617 ns, Reaching safepoint: 11279 ns, At safepoint: 1133 ns, Total: 12412 ns
[2022-09-22T16:30:57.910+0000][84766][safepoint   ] Safepoint "ICBufferFull", Time since last: 805284 ns, Reaching safepoint: 19914 ns, At safepoint: 2949 ns, Total: 22863 ns
[2022-09-22T16:30:57.982+0000][84766][safepoint   ] Safepoint "ICBufferFull", Time since last: 71905520 ns, Reaching safepoint: 49276 ns, At safepoint: 3757 ns, Total: 53033 ns
[2022-09-22T16:30:57.983+0000][84766][safepoint   ] Safepoint "ICBufferFull", Time since last: 1015912 ns, Reaching safepoint: 17185 ns, At safepoint: 1865 ns, Total: 19050 ns
[2022-09-22T16:30:57.984+0000][84766][safepoint   ] Safepoint "ICBufferFull", Time since last: 555588 ns, Reaching safepoint: 15247 ns, At safepoint: 14889 ns, Total: 30136 ns
[2022-09-22T16:30:57.984+0000][84766][safepoint   ] Safepoint "ICBufferFull", Time since last: 556184 ns, Reaching safepoint: 36123 ns, At safepoint: 5468 ns, Total: 41591 ns
[2022-09-22T16:30:57.985+0000][84766][safepoint   ] Safepoint "ICBufferFull", Time since last: 703350 ns, Reaching safepoint: 16492 ns, At safepoint: 6653 ns, Total: 23145 ns
[2022-09-22T16:30:57.986+0000][84766][safepoint   ] Safepoint "ICBufferFull", Time since last: 567449 ns, Reaching safepoint: 17619 ns, At safepoint: 3034 ns, Total: 20653 ns
[2022-09-22T16:30:58.242+0000][84766][safepoint   ] Safepoint "ICBufferFull", Time since last: 256113711 ns, Reaching safepoint: 61109 ns, At safepoint: 13367 ns, Total: 74476 ns
[2022-09-22T16:30:58.650+0000][84766][gc,start    ] GC(0) Pause Young (Normal) (G1 Evacuation Pause)
[2022-09-22T16:30:58.650+0000][84766][gc,task     ] GC(0) Using 10 workers of 10 for evacuation
[2022-09-22T16:30:58.651+0000][84766][gc,age      ] GC(0) Desired survivor size 27262976 bytes, new threshold 15 (max threshold 15)
[2022-09-22T16:30:58.664+0000][84766][gc,age      ] GC(0) Age table with threshold 15 (max threshold 15)
[2022-09-22T16:30:58.664+0000][84766][gc,age      ] GC(0) - age   1:   13030144 bytes,   13030144 total
[2022-09-22T16:30:58.664+0000][84766][gc,phases   ] GC(0)   Pre Evacuate Collection Set: 0.2ms
[2022-09-22T16:30:58.664+0000][84766][gc,phases   ] GC(0)   Merge Heap Roots: 0.5ms
[2022-09-22T16:30:58.664+0000][84766][gc,phases   ] GC(0)   Evacuate Collection Set: 10.6ms
[2022-09-22T16:30:58.664+0000][84766][gc,phases   ] GC(0)   Post Evacuate Collection Set: 0.9ms
[2022-09-22T16:30:58.664+0000][84766][gc,phases   ] GC(0)   Other: 1.4ms
[2022-09-22T16:30:58.664+0000][84766][gc,heap     ] GC(0) Eden regions: 102->0(98)
[2022-09-22T16:30:58.664+0000][84766][gc,heap     ] GC(0) Survivor regions: 0->4(13)
[2022-09-22T16:30:58.664+0000][84766][gc,heap     ] GC(0) Old regions: 0->0
[2022-09-22T16:30:58.664+0000][84766][gc,heap     ] GC(0) Archive regions: 2->2
[2022-09-22T16:30:58.664+0000][84766][gc,heap     ] GC(0) Humongous regions: 0->0
[2022-09-22T16:30:58.664+0000][84766][gc,metaspace] GC(0) Metaspace: 18681K(18944K)->18681K(18944K) NonClass: 16432K(16576K)->16432K(16576K) Class: 2248K(2368K)->2248K(2368K)
[2022-09-22T16:30:58.664+0000][84766][gc          ] GC(0) Pause Young (Normal) (G1 Evacuation Pause) 411M->16M(8192M) 14.257ms
[2022-09-22T16:30:58.664+0000][84766][gc,cpu      ] GC(0) User=0.04s Sys=0.05s Real=0.01s
[2022-09-22T16:30:58.664+0000][84766][safepoint   ] Safepoint "G1CollectForAllocation", Time since last: 407296596 ns, Reaching safepoint: 63417 ns, At safepoint: 15196792 ns, Total: 15260209 ns
[2022-09-22T16:30:59.275+0000][84766][gc,start    ] GC(1) Pause Young (Normal) (G1 Evacuation Pause)
[2022-09-22T16:30:59.275+0000][84766][gc,task     ] GC(1) Using 10 workers of 10 for evacuation
[2022-09-22T16:30:59.276+0000][84766][gc,age      ] GC(1) Desired survivor size 27262976 bytes, new threshold 15 (max threshold 15)
[2022-09-22T16:30:59.280+0000][84766][gc,age      ] GC(1) Age table with threshold 15 (max threshold 15)
[2022-09-22T16:30:59.280+0000][84766][gc,age      ] GC(1) - age   1:    3694128 bytes,    3694128 total
[2022-09-22T16:30:59.280+0000][84766][gc,age      ] GC(1) - age   2:   12760960 bytes,   16455088 total
[2022-09-22T16:30:59.280+0000][84766][gc,phases   ] GC(1)   Pre Evacuate Collection Set: 0.1ms
[2022-09-22T16:30:59.280+0000][84766][gc,phases   ] GC(1)   Merge Heap Roots: 0.0ms
[2022-09-22T16:30:59.280+0000][84766][gc,phases   ] GC(1)   Evacuate Collection Set: 4.1ms
[2022-09-22T16:30:59.280+0000][84766][gc,phases   ] GC(1)   Post Evacuate Collection Set: 0.6ms
[2022-09-22T16:30:59.280+0000][84766][gc,phases   ] GC(1)   Other: 0.2ms
[2022-09-22T16:30:59.280+0000][84766][gc,heap     ] GC(1) Eden regions: 98->0(97)
[2022-09-22T16:30:59.280+0000][84766][gc,heap     ] GC(1) Survivor regions: 4->5(13)
[2022-09-22T16:30:59.280+0000][84766][gc,heap     ] GC(1) Old regions: 0->0
[2022-09-22T16:30:59.280+0000][84766][gc,heap     ] GC(1) Archive regions: 2->2
[2022-09-22T16:30:59.280+0000][84766][gc,heap     ] GC(1) Humongous regions: 0->0
[2022-09-22T16:30:59.281+0000][84766][gc,metaspace] GC(1) Metaspace: 19770K(20160K)->19770K(20160K) NonClass: 17366K(17600K)->17366K(17600K) Class: 2404K(2560K)->2404K(2560K)
[2022-09-22T16:30:59.281+0000][84766][gc          ] GC(1) Pause Young (Normal) (G1 Evacuation Pause) 408M->20M(8192M) 5.079ms
[2022-09-22T16:30:59.281+0000][84766][gc,cpu      ] GC(1) User=0.05s Sys=0.00s Real=0.01s
[2022-09-22T16:30:59.281+0000][84766][safepoint   ] Safepoint "G1CollectForAllocation", Time since last: 610958418 ns, Reaching safepoint: 36463 ns, At safepoint: 5146111 ns, Total: 5182574 ns
[2022-09-22T16:30:59.733+0000][84766][gc,start    ] GC(2) Pause Young (Normal) (G1 Evacuation Pause)
[2022-09-22T16:30:59.733+0000][84766][gc,task     ] GC(2) Using 10 workers of 10 for evacuation
[2022-09-22T16:30:59.733+0000][84766][gc,age      ] GC(2) Desired survivor size 27262976 bytes, new threshold 15 (max threshold 15)
[2022-09-22T16:30:59.738+0000][84766][gc,age      ] GC(2) Age table with threshold 15 (max threshold 15)
[2022-09-22T16:30:59.738+0000][84766][gc,age      ] GC(2) - age   1:    2832056 bytes,    2832056 total
[2022-09-22T16:30:59.738+0000][84766][gc,age      ] GC(2) - age   2:    3351240 bytes,    6183296 total
[2022-09-22T16:30:59.738+0000][84766][gc,age      ] GC(2) - age   3:   12760608 bytes,   18943904 total
[2022-09-22T16:30:59.738+0000][84766][gc,phases   ] GC(2)   Pre Evacuate Collection Set: 0.1ms
[2022-09-22T16:30:59.738+0000][84766][gc,phases   ] GC(2)   Merge Heap Roots: 0.0ms
[2022-09-22T16:30:59.738+0000][84766][gc,phases   ] GC(2)   Evacuate Collection Set: 4.7ms
[2022-09-22T16:30:59.738+0000][84766][gc,phases   ] GC(2)   Post Evacuate Collection Set: 0.6ms
[2022-09-22T16:30:59.738+0000][84766][gc,phases   ] GC(2)   Other: 0.2ms
[2022-09-22T16:30:59.738+0000][84766][gc,heap     ] GC(2) Eden regions: 97->0(107)
[2022-09-22T16:30:59.738+0000][84766][gc,heap     ] GC(2) Survivor regions: 5->5(13)
[2022-09-22T16:30:59.738+0000][84766][gc,heap     ] GC(2) Old regions: 0->0
[2022-09-22T16:30:59.738+0000][84766][gc,heap     ] GC(2) Archive regions: 2->2
[2022-09-22T16:30:59.738+0000][84766][gc,heap     ] GC(2) Humongous regions: 0->0
[2022-09-22T16:30:59.738+0000][84766][gc,metaspace] GC(2) Metaspace: 20220K(20736K)->20220K(20736K) NonClass: 17734K(18048K)->17734K(18048K) Class: 2485K(2688K)->2485K(2688K)
[2022-09-22T16:30:59.739+0000][84766][gc          ] GC(2) Pause Young (Normal) (G1 Evacuation Pause) 408M->23M(8192M) 5.770ms
[2022-09-22T16:30:59.739+0000][84766][gc,cpu      ] GC(2) User=0.05s Sys=0.00s Real=0.00s
[2022-09-22T16:30:59.739+0000][84766][safepoint   ] Safepoint "G1CollectForAllocation", Time since last: 452090088 ns, Reaching safepoint: 50532 ns, At safepoint: 5828967 ns, Total: 5879499 ns
[2022-09-22T16:30:59.808+0000][84766][gc,start    ] GC(3) Pause Young (Concurrent Start) (Metadata GC Threshold)
[2022-09-22T16:30:59.808+0000][84766][gc,task     ] GC(3) Using 10 workers of 10 for evacuation
[2022-09-22T16:30:59.808+0000][84766][gc,age      ] GC(3) Desired survivor size 29360128 bytes, new threshold 15 (max threshold 15)
[2022-09-22T16:30:59.814+0000][84766][gc,age      ] GC(3) Age table with threshold 15 (max threshold 15)
[2022-09-22T16:30:59.814+0000][84766][gc,age      ] GC(3) - age   1:    1241864 bytes,    1241864 total
[2022-09-22T16:30:59.814+0000][84766][gc,age      ] GC(3) - age   2:     901408 bytes,    2143272 total
[2022-09-22T16:30:59.814+0000][84766][gc,age      ] GC(3) - age   3:    3350200 bytes,    5493472 total
[2022-09-22T16:30:59.814+0000][84766][gc,age      ] GC(3) - age   4:   12760480 bytes,   18253952 total
[2022-09-22T16:30:59.814+0000][84766][gc,phases   ] GC(3)   Pre Evacuate Collection Set: 0.2ms
[2022-09-22T16:30:59.814+0000][84766][gc,phases   ] GC(3)   Merge Heap Roots: 0.1ms
[2022-09-22T16:30:59.814+0000][84766][gc,phases   ] GC(3)   Evacuate Collection Set: 4.1ms
[2022-09-22T16:30:59.814+0000][84766][gc,phases   ] GC(3)   Post Evacuate Collection Set: 0.6ms
[2022-09-22T16:30:59.814+0000][84766][gc,phases   ] GC(3)   Other: 1.1ms
[2022-09-22T16:30:59.814+0000][84766][gc,heap     ] GC(3) Eden regions: 8->0(123)
[2022-09-22T16:30:59.814+0000][84766][gc,heap     ] GC(3) Survivor regions: 5->5(14)
[2022-09-22T16:30:59.814+0000][84766][gc,heap     ] GC(3) Old regions: 0->0
[2022-09-22T16:30:59.814+0000][84766][gc,heap     ] GC(3) Archive regions: 2->2
[2022-09-22T16:30:59.814+0000][84766][gc,heap     ] GC(3) Humongous regions: 0->0
[2022-09-22T16:30:59.814+0000][84766][gc,metaspace] GC(3) Metaspace: 20779K(21248K)->20779K(21248K) NonClass: 18223K(18496K)->18223K(18496K) Class: 2555K(2752K)->2555K(2752K)
[2022-09-22T16:30:59.814+0000][84766][gc          ] GC(3) Pause Young (Concurrent Start) (Metadata GC Threshold) 53M->23M(8192M) 6.128ms
[2022-09-22T16:30:59.814+0000][84766][gc,cpu      ] GC(3) User=0.04s Sys=0.00s Real=0.01s
[2022-09-22T16:30:59.814+0000][84766][gc          ] GC(4) Concurrent Mark Cycle
[2022-09-22T16:30:59.814+0000][84766][safepoint   ] Safepoint "CollectForMetadataAllocation", Time since last: 69201310 ns, Reaching safepoint: 58768 ns, At safepoint: 6250182 ns, Total: 6308950 ns
[2022-09-22T16:30:59.814+0000][84766][gc,marking  ] GC(4) Concurrent Clear Claimed Marks
[2022-09-22T16:30:59.814+0000][84766][gc,marking  ] GC(4) Concurrent Clear Claimed Marks 0.033ms
[2022-09-22T16:30:59.814+0000][84766][gc,marking  ] GC(4) Concurrent Scan Root Regions
[2022-09-22T16:30:59.818+0000][84766][gc,marking  ] GC(4) Concurrent Scan Root Regions 3.424ms
[2022-09-22T16:30:59.818+0000][84766][gc,marking  ] GC(4) Concurrent Mark
[2022-09-22T16:30:59.818+0000][84766][gc,marking  ] GC(4) Concurrent Mark From Roots
[2022-09-22T16:30:59.818+0000][84766][gc,task     ] GC(4) Using 3 workers of 3 for marking
[2022-09-22T16:30:59.819+0000][84766][gc,marking  ] GC(4) Concurrent Mark From Roots 1.797ms
[2022-09-22T16:30:59.819+0000][84766][gc,marking  ] GC(4) Concurrent Preclean
[2022-09-22T16:30:59.819+0000][84766][gc,marking  ] GC(4) Concurrent Preclean 0.037ms
[2022-09-22T16:30:59.820+0000][84766][gc,start    ] GC(4) Pause Remark
[2022-09-22T16:30:59.821+0000][84766][gc          ] GC(4) Pause Remark 25M->25M(8192M) 1.566ms
[2022-09-22T16:30:59.821+0000][84766][gc,cpu      ] GC(4) User=0.01s Sys=0.00s Real=0.00s
[2022-09-22T16:30:59.821+0000][84766][safepoint   ] Safepoint "G1Concurrent", Time since last: 5411214 ns, Reaching safepoint: 73354 ns, At safepoint: 1626602 ns, Total: 1699956 ns
[2022-09-22T16:30:59.821+0000][84766][gc,marking  ] GC(4) Concurrent Mark 3.627ms
[2022-09-22T16:30:59.821+0000][84766][gc,marking  ] GC(4) Concurrent Rebuild Remembered Sets
[2022-09-22T16:30:59.822+0000][84766][gc,marking  ] GC(4) Concurrent Rebuild Remembered Sets 0.493ms
[2022-09-22T16:30:59.822+0000][84766][gc,start    ] GC(4) Pause Cleanup
[2022-09-22T16:30:59.822+0000][84766][gc          ] GC(4) Pause Cleanup 25M->25M(8192M) 0.163ms
[2022-09-22T16:30:59.822+0000][84766][gc,cpu      ] GC(4) User=0.00s Sys=0.00s Real=0.00s
[2022-09-22T16:30:59.822+0000][84766][safepoint   ] Safepoint "G1Concurrent", Time since last: 550837 ns, Reaching safepoint: 45570 ns, At safepoint: 248438 ns, Total: 294008 ns
[2022-09-22T16:30:59.822+0000][84766][gc,marking  ] GC(4) Concurrent Cleanup for Next Mark
[2022-09-22T16:30:59.834+0000][84766][gc,marking  ] GC(4) Concurrent Cleanup for Next Mark 12.190ms
[2022-09-22T16:30:59.835+0000][84766][gc          ] GC(4) Concurrent Mark Cycle 20.669ms
[2022-09-22T16:31:00.839+0000][84766][safepoint   ] Safepoint "Cleanup", Time since last: 1016924178 ns, Reaching safepoint: 105419 ns, At safepoint: 31647 ns, Total: 137066 ns
[2022-09-22T16:31:01.013+0000][84766][gc,start    ] GC(5) Pause Young (Normal) (G1 Evacuation Pause)
[2022-09-22T16:31:01.013+0000][84766][gc,task     ] GC(5) Using 10 workers of 10 for evacuation
[2022-09-22T16:31:01.013+0000][84766][gc,age      ] GC(5) Desired survivor size 35651584 bytes, new threshold 15 (max threshold 15)
[2022-09-22T16:31:01.030+0000][84766][gc,age      ] GC(5) Age table with threshold 15 (max threshold 15)
[2022-09-22T16:31:01.030+0000][84766][gc,age      ] GC(5) - age   1:    2005040 bytes,    2005040 total
[2022-09-22T16:31:01.030+0000][84766][gc,age      ] GC(5) - age   2:    1221960 bytes,    3227000 total
[2022-09-22T16:31:01.030+0000][84766][gc,age      ] GC(5) - age   3:     899112 bytes,    4126112 total
[2022-09-22T16:31:01.030+0000][84766][gc,age      ] GC(5) - age   4:    3350136 bytes,    7476248 total
[2022-09-22T16:31:01.030+0000][84766][gc,age      ] GC(5) - age   5:   12758416 bytes,   20234664 total
[2022-09-22T16:31:01.030+0000][84766][gc,phases   ] GC(5)   Pre Evacuate Collection Set: 0.1ms
[2022-09-22T16:31:01.030+0000][84766][gc,phases   ] GC(5)   Merge Heap Roots: 0.1ms
[2022-09-22T16:31:01.030+0000][84766][gc,phases   ] GC(5)   Evacuate Collection Set: 16.2ms
[2022-09-22T16:31:01.030+0000][84766][gc,phases   ] GC(5)   Post Evacuate Collection Set: 0.8ms
[2022-09-22T16:31:01.030+0000][84766][gc,phases   ] GC(5)   Other: 0.3ms
[2022-09-22T16:31:01.030+0000][84766][gc,heap     ] GC(5) Eden regions: 130->0(207)
[2022-09-22T16:31:01.030+0000][84766][gc,heap     ] GC(5) Survivor regions: 5->6(17)
[2022-09-22T16:31:01.030+0000][84766][gc,heap     ] GC(5) Old regions: 0->0
[2022-09-22T16:31:01.030+0000][84766][gc,heap     ] GC(5) Archive regions: 2->2
[2022-09-22T16:31:01.030+0000][84766][gc,heap     ] GC(5) Humongous regions: 0->0
[2022-09-22T16:31:01.030+0000][84766][gc,metaspace] GC(5) Metaspace: 21461K(22016K)->21461K(22016K) NonClass: 18808K(19136K)->18808K(19136K) Class: 2653K(2880K)->2653K(2880K)
[2022-09-22T16:31:01.030+0000][84766][gc          ] GC(5) Pause Young (Normal) (G1 Evacuation Pause) 543M->25M(8192M) 17.573ms
[2022-09-22T16:31:01.030+0000][84766][gc,cpu      ] GC(5) User=0.06s Sys=0.05s Real=0.02s
[2022-09-22T16:31:01.030+0000][84766][safepoint   ] Safepoint "G1CollectForAllocation", Time since last: 173633767 ns, Reaching safepoint: 37435 ns, At safepoint: 17650098 ns, Total: 17687533 ns
[2022-09-22T16:31:01.452+0000][84766][safepoint   ] Safepoint "ICBufferFull", Time since last: 421436823 ns, Reaching safepoint: 86496 ns, At safepoint: 47853 ns, Total: 134349 ns
[2022-09-22T16:31:01.762+0000][84766][safepoint   ] Safepoint "ICBufferFull", Time since last: 309463456 ns, Reaching safepoint: 101138 ns, At safepoint: 4035 ns, Total: 105173 ns
[2022-09-22T16:31:03.193+0000][84766][safepoint   ] Safepoint "ICBufferFull", Time since last: 1431474685 ns, Reaching safepoint: 102751 ns, At safepoint: 3686 ns, Total: 106437 ns
[2022-09-22T16:31:03.406+0000][84766][gc,start    ] GC(6) Pause Young (Concurrent Start) (Metadata GC Threshold)
[2022-09-22T16:31:03.406+0000][84766][gc,task     ] GC(6) Using 10 workers of 10 for evacuation
[2022-09-22T16:31:03.406+0000][84766][gc,age      ] GC(6) Desired survivor size 56623104 bytes, new threshold 15 (max threshold 15)
[2022-09-22T16:31:03.426+0000][84766][gc,age      ] GC(6) Age table with threshold 15 (max threshold 15)
[2022-09-22T16:31:03.426+0000][84766][gc,age      ] GC(6) - age   1:   40277128 bytes,   40277128 total
[2022-09-22T16:31:03.426+0000][84766][gc,age      ] GC(6) - age   2:    1740440 bytes,   42017568 total
[2022-09-22T16:31:03.426+0000][84766][gc,age      ] GC(6) - age   3:    1215112 bytes,   43232680 total
[2022-09-22T16:31:03.426+0000][84766][gc,age      ] GC(6) - age   4:     881968 bytes,   44114648 total
[2022-09-22T16:31:03.426+0000][84766][gc,age      ] GC(6) - age   5:    3313320 bytes,   47427968 total
[2022-09-22T16:31:03.426+0000][84766][gc,age      ] GC(6) - age   6:   12607248 bytes,   60035216 total
[2022-09-22T16:31:03.426+0000][84766][gc,phases   ] GC(6)   Pre Evacuate Collection Set: 0.2ms
[2022-09-22T16:31:03.426+0000][84766][gc,phases   ] GC(6)   Merge Heap Roots: 0.1ms
[2022-09-22T16:31:03.426+0000][84766][gc,phases   ] GC(6)   Evacuate Collection Set: 18.5ms
[2022-09-22T16:31:03.426+0000][84766][gc,phases   ] GC(6)   Post Evacuate Collection Set: 1.1ms
[2022-09-22T16:31:03.426+0000][84766][gc,phases   ] GC(6)   Other: 0.5ms
[2022-09-22T16:31:03.426+0000][84766][gc,heap     ] GC(6) Eden regions: 88->0(190)
[2022-09-22T16:31:03.426+0000][84766][gc,heap     ] GC(6) Survivor regions: 6->15(27)
[2022-09-22T16:31:03.426+0000][84766][gc,heap     ] GC(6) Old regions: 0->0
[2022-09-22T16:31:03.426+0000][84766][gc,heap     ] GC(6) Archive regions: 2->2
[2022-09-22T16:31:03.426+0000][84766][gc,heap     ] GC(6) Humongous regions: 0->0
[2022-09-22T16:31:03.426+0000][84766][gc,metaspace] GC(6) Metaspace: 34716K(35648K)->34716K(35648K) NonClass: 30215K(30784K)->30215K(30784K) Class: 4500K(4864K)->4500K(4864K)
[2022-09-22T16:31:03.427+0000][84766][gc          ] GC(6) Pause Young (Concurrent Start) (Metadata GC Threshold) 377M->63M(8192M) 20.567ms
[2022-09-22T16:31:03.427+0000][84766][gc,cpu      ] GC(6) User=0.18s Sys=0.00s Real=0.02s
[2022-09-22T16:31:03.427+0000][84766][gc          ] GC(7) Concurrent Mark Cycle
[2022-09-22T16:31:03.427+0000][84766][gc,marking  ] GC(7) Concurrent Clear Claimed Marks
[2022-09-22T16:31:03.427+0000][84766][gc,marking  ] GC(7) Concurrent Clear Claimed Marks 0.028ms
[2022-09-22T16:31:03.427+0000][84766][gc,marking  ] GC(7) Concurrent Scan Root Regions
[2022-09-22T16:31:03.427+0000][84766][safepoint   ] Safepoint "CollectForMetadataAllocation", Time since last: 212682733 ns, Reaching safepoint: 51282 ns, At safepoint: 20713319 ns, Total: 20764601 ns
[2022-09-22T16:31:03.439+0000][84766][safepoint   ] Safepoint "CollectForMetadataAllocation", Time since last: 12656195 ns, Reaching safepoint: 34354 ns, At safepoint: 47916 ns, Total: 82270 ns
[2022-09-22T16:31:03.443+0000][84766][gc,marking  ] GC(7) Concurrent Scan Root Regions 16.193ms
[2022-09-22T16:31:03.443+0000][84766][gc,marking  ] GC(7) Concurrent Mark
[2022-09-22T16:31:03.443+0000][84766][gc,marking  ] GC(7) Concurrent Mark From Roots
[2022-09-22T16:31:03.443+0000][84766][gc,task     ] GC(7) Using 3 workers of 3 for marking
[2022-09-22T16:31:03.444+0000][84766][gc,marking  ] GC(7) Concurrent Mark From Roots 1.314ms
[2022-09-22T16:31:03.444+0000][84766][gc,marking  ] GC(7) Concurrent Preclean
[2022-09-22T16:31:03.444+0000][84766][gc,marking  ] GC(7) Concurrent Preclean 0.031ms
[2022-09-22T16:31:03.444+0000][84766][gc,start    ] GC(7) Pause Remark
[2022-09-22T16:31:03.446+0000][84766][gc          ] GC(7) Pause Remark 65M->65M(8192M) 1.553ms
[2022-09-22T16:31:03.446+0000][84766][gc,cpu      ] GC(7) User=0.01s Sys=0.01s Real=0.00s
[2022-09-22T16:31:03.446+0000][84766][safepoint   ] Safepoint "G1Concurrent", Time since last: 4912685 ns, Reaching safepoint: 88071 ns, At safepoint: 1647251 ns, Total: 1735322 ns
[2022-09-22T16:31:03.446+0000][84766][gc,marking  ] GC(7) Concurrent Mark 3.178ms
[2022-09-22T16:31:03.446+0000][84766][gc,marking  ] GC(7) Concurrent Rebuild Remembered Sets
[2022-09-22T16:31:03.447+0000][84766][gc,marking  ] GC(7) Concurrent Rebuild Remembered Sets 0.563ms
[2022-09-22T16:31:03.449+0000][84766][gc,start    ] GC(7) Pause Cleanup
[2022-09-22T16:31:03.449+0000][84766][gc          ] GC(7) Pause Cleanup 65M->65M(8192M) 0.190ms
[2022-09-22T16:31:03.449+0000][84766][gc,cpu      ] GC(7) User=0.00s Sys=0.00s Real=0.00s
[2022-09-22T16:31:03.449+0000][84766][safepoint   ] Safepoint "G1Concurrent", Time since last: 659776 ns, Reaching safepoint: 2089024 ns, At safepoint: 279736 ns, Total: 2368760 ns
[2022-09-22T16:31:03.449+0000][84766][gc,marking  ] GC(7) Concurrent Cleanup for Next Mark
[2022-09-22T16:31:03.462+0000][84766][gc,marking  ] GC(7) Concurrent Cleanup for Next Mark 12.662ms
[2022-09-22T16:31:03.462+0000][84766][gc          ] GC(7) Concurrent Mark Cycle 35.226ms
[2022-09-22T16:31:04.425+0000][84766][safepoint   ] Safepoint "ICBufferFull", Time since last: 975890538 ns, Reaching safepoint: 92944 ns, At safepoint: 35731 ns, Total: 128675 ns
[2022-09-22T16:31:05.428+0000][84766][safepoint   ] Safepoint "Cleanup", Time since last: 1002441105 ns, Reaching safepoint: 569340 ns, At safepoint: 43129 ns, Total: 612469 ns
[2022-09-22T16:31:05.742+0000][84766][gc,start    ] GC(8) Pause Young (Concurrent Start) (Metadata GC Threshold)
[2022-09-22T16:31:05.742+0000][84766][gc,task     ] GC(8) Using 10 workers of 10 for evacuation
[2022-09-22T16:31:05.742+0000][84766][gc,age      ] GC(8) Desired survivor size 60817408 bytes, new threshold 15 (max threshold 15)
[2022-09-22T16:31:05.769+0000][84766][gc,age      ] GC(8) Age table with threshold 15 (max threshold 15)
[2022-09-22T16:31:05.769+0000][84766][gc,age      ] GC(8) - age   1:   10184520 bytes,   10184520 total
[2022-09-22T16:31:05.769+0000][84766][gc,age      ] GC(8) - age   2:   39997536 bytes,   50182056 total
[2022-09-22T16:31:05.769+0000][84766][gc,age      ] GC(8) - age   3:    1726624 bytes,   51908680 total
[2022-09-22T16:31:05.769+0000][84766][gc,age      ] GC(8) - age   4:    1213560 bytes,   53122240 total
[2022-09-22T16:31:05.769+0000][84766][gc,age      ] GC(8) - age   5:     869328 bytes,   53991568 total
[2022-09-22T16:31:05.769+0000][84766][gc,age      ] GC(8) - age   6:    3299432 bytes,   57291000 total
[2022-09-22T16:31:05.769+0000][84766][gc,age      ] GC(8) - age   7:   12544528 bytes,   69835528 total
[2022-09-22T16:31:05.769+0000][84766][gc,phases   ] GC(8)   Pre Evacuate Collection Set: 0.2ms
[2022-09-22T16:31:05.769+0000][84766][gc,phases   ] GC(8)   Merge Heap Roots: 0.1ms
[2022-09-22T16:31:05.769+0000][84766][gc,phases   ] GC(8)   Evacuate Collection Set: 24.6ms
[2022-09-22T16:31:05.769+0000][84766][gc,phases   ] GC(8)   Post Evacuate Collection Set: 2.0ms
[2022-09-22T16:31:05.769+0000][84766][gc,phases   ] GC(8)   Other: 0.3ms
[2022-09-22T16:31:05.769+0000][84766][gc,heap     ] GC(8) Eden regions: 95->0(84)
[2022-09-22T16:31:05.769+0000][84766][gc,heap     ] GC(8) Survivor regions: 15->18(29)
[2022-09-22T16:31:05.769+0000][84766][gc,heap     ] GC(8) Old regions: 0->0
[2022-09-22T16:31:05.769+0000][84766][gc,heap     ] GC(8) Archive regions: 2->2
[2022-09-22T16:31:05.769+0000][84766][gc,heap     ] GC(8) Humongous regions: 0->0
[2022-09-22T16:31:05.769+0000][84766][gc,metaspace] GC(8) Metaspace: 58991K(60160K)->58991K(60160K) NonClass: 51142K(51776K)->51142K(51776K) Class: 7848K(8384K)->7848K(8384K)
[2022-09-22T16:31:05.769+0000][84766][gc          ] GC(8) Pause Young (Concurrent Start) (Metadata GC Threshold) 443M->75M(8192M) 27.347ms
[2022-09-22T16:31:05.769+0000][84766][gc,cpu      ] GC(8) User=0.24s Sys=0.01s Real=0.02s
[2022-09-22T16:31:05.769+0000][84766][gc          ] GC(9) Concurrent Mark Cycle
[2022-09-22T16:31:05.769+0000][84766][gc,marking  ] GC(9) Concurrent Clear Claimed Marks
[2022-09-22T16:31:05.769+0000][84766][safepoint   ] Safepoint "CollectForMetadataAllocation", Time since last: 313786889 ns, Reaching safepoint: 97751 ns, At safepoint: 27467624 ns, Total: 27565375 ns
[2022-09-22T16:31:05.770+0000][84766][gc,marking  ] GC(9) Concurrent Clear Claimed Marks 0.033ms
[2022-09-22T16:31:05.770+0000][84766][gc,marking  ] GC(9) Concurrent Scan Root Regions
[2022-09-22T16:31:05.787+0000][84766][gc,marking  ] GC(9) Concurrent Scan Root Regions 17.156ms
[2022-09-22T16:31:05.787+0000][84766][gc,marking  ] GC(9) Concurrent Mark
[2022-09-22T16:31:05.787+0000][84766][gc,marking  ] GC(9) Concurrent Mark From Roots
[2022-09-22T16:31:05.787+0000][84766][gc,task     ] GC(9) Using 3 workers of 3 for marking
[2022-09-22T16:31:05.788+0000][84766][gc,marking  ] GC(9) Concurrent Mark From Roots 1.204ms
[2022-09-22T16:31:05.788+0000][84766][gc,marking  ] GC(9) Concurrent Preclean
[2022-09-22T16:31:05.788+0000][84766][gc,marking  ] GC(9) Concurrent Preclean 0.028ms
[2022-09-22T16:31:05.788+0000][84766][gc,start    ] GC(9) Pause Remark
[2022-09-22T16:31:05.790+0000][84766][gc          ] GC(9) Pause Remark 77M->77M(8192M) 1.656ms
[2022-09-22T16:31:05.790+0000][84766][gc,cpu      ] GC(9) User=0.01s Sys=0.00s Real=0.01s
[2022-09-22T16:31:05.790+0000][84766][safepoint   ] Safepoint "G1Concurrent", Time since last: 18517315 ns, Reaching safepoint: 101617 ns, At safepoint: 1799005 ns, Total: 1900622 ns
[2022-09-22T16:31:05.790+0000][84766][gc,marking  ] GC(9) Concurrent Mark 3.219ms
[2022-09-22T16:31:05.790+0000][84766][gc,marking  ] GC(9) Concurrent Rebuild Remembered Sets
[2022-09-22T16:31:05.790+0000][84766][gc,marking  ] GC(9) Concurrent Rebuild Remembered Sets 0.489ms
[2022-09-22T16:31:05.791+0000][84766][gc,start    ] GC(9) Pause Cleanup
[2022-09-22T16:31:05.791+0000][84766][gc          ] GC(9) Pause Cleanup 77M->77M(8192M) 0.154ms
[2022-09-22T16:31:05.791+0000][84766][gc,cpu      ] GC(9) User=0.00s Sys=0.00s Real=0.00s
[2022-09-22T16:31:05.791+0000][84766][safepoint   ] Safepoint "G1Concurrent", Time since last: 567291 ns, Reaching safepoint: 32530 ns, At safepoint: 230806 ns, Total: 263336 ns
[2022-09-22T16:31:05.791+0000][84766][gc,marking  ] GC(9) Concurrent Cleanup for Next Mark
[2022-09-22T16:31:05.802+0000][84766][gc,marking  ] GC(9) Concurrent Cleanup for Next Mark 10.975ms
[2022-09-22T16:31:05.802+0000][84766][gc          ] GC(9) Concurrent Mark Cycle 32.359ms
[2022-09-22T16:31:07.324+0000][84766][safepoint   ] Safepoint "ICBufferFull", Time since last: 1533369112 ns, Reaching safepoint: 153386 ns, At safepoint: 23277 ns, Total: 176663 ns
[2022-09-22T16:31:07.831+0000][84766][safepoint   ] Safepoint "ICBufferFull", Time since last: 506775321 ns, Reaching safepoint: 93389 ns, At safepoint: 30593 ns, Total: 123982 ns
[2022-09-22T16:31:08.364+0000][84766][safepoint   ] Safepoint "ICBufferFull", Time since last: 532556355 ns, Reaching safepoint: 216493 ns, At safepoint: 38414 ns, Total: 254907 ns
[2022-09-22T16:31:08.685+0000][84766][safepoint   ] Safepoint "ICBufferFull", Time since last: 320596517 ns, Reaching safepoint: 102388 ns, At safepoint: 3243 ns, Total: 105631 ns
[2022-09-22T16:31:09.169+0000][84766][safepoint   ] Safepoint "ICBufferFull", Time since last: 484048296 ns, Reaching safepoint: 158558 ns, At safepoint: 26491 ns, Total: 185049 ns
[2022-09-22T16:31:09.169+0000][84766][safepoint   ] Safepoint "ICBufferFull", Time since last: 101551 ns, Reaching safepoint: 92262 ns, At safepoint: 62456 ns, Total: 154718 ns
[2022-09-22T16:31:09.169+0000][84766][safepoint   ] Safepoint "ICBufferFull", Time since last: 52679 ns, Reaching safepoint: 67332 ns, At safepoint: 31202 ns, Total: 98534 ns
[2022-09-22T16:31:09.170+0000][84766][safepoint   ] Safepoint "ICBufferFull", Time since last: 78820 ns, Reaching safepoint: 49351 ns, At safepoint: 49757 ns, Total: 99108 ns
[2022-09-22T16:31:09.170+0000][84766][safepoint   ] Safepoint "ICBufferFull", Time since last: 77990 ns, Reaching safepoint: 80778 ns, At safepoint: 61669 ns, Total: 142447 ns
[2022-09-22T16:31:09.862+0000][84766][safepoint   ] Safepoint "ICBufferFull", Time since last: 692301963 ns, Reaching safepoint: 109500 ns, At safepoint: 21531 ns, Total: 131031 ns
[2022-09-22T16:31:10.573+0000][84766][safepoint   ] Safepoint "ICBufferFull", Time since last: 710136382 ns, Reaching safepoint: 118378 ns, At safepoint: 14129 ns, Total: 132507 ns
[2022-09-22T16:31:11.379+0000][84766][gc,start    ] GC(10) Pause Young (Normal) (G1 Evacuation Pause)
[2022-09-22T16:31:11.395+0000][84766][gc,task     ] GC(10) Using 10 workers of 10 for evacuation
[2022-09-22T16:31:11.395+0000][84766][gc,age      ] GC(10) Desired survivor size 33554432 bytes, new threshold 2 (max threshold 15)
[2022-09-22T16:31:11.474+0000][84766][gc,age      ] GC(10) Age table with threshold 2 (max threshold 15)
[2022-09-22T16:31:11.474+0000][84766][gc,age      ] GC(10) - age   1:   18711648 bytes,   18711648 total
[2022-09-22T16:31:11.474+0000][84766][gc,age      ] GC(10) - age   2:    9565616 bytes,   28277264 total
[2022-09-22T16:31:11.474+0000][84766][gc,phases   ] GC(10)   Pre Evacuate Collection Set: 0.3ms
[2022-09-22T16:31:11.474+0000][84766][gc,phases   ] GC(10)   Merge Heap Roots: 0.1ms
[2022-09-22T16:31:11.474+0000][84766][gc,phases   ] GC(10)   Evacuate Collection Set: 75.9ms
[2022-09-22T16:31:11.474+0000][84766][gc,phases   ] GC(10)   Post Evacuate Collection Set: 2.4ms
[2022-09-22T16:31:11.474+0000][84766][gc,phases   ] GC(10)   Other: 16.1ms
[2022-09-22T16:31:11.474+0000][84766][gc,heap     ] GC(10) Eden regions: 110->0(310)
[2022-09-22T16:31:11.474+0000][84766][gc,heap     ] GC(10) Survivor regions: 18->8(16)
[2022-09-22T16:31:11.474+0000][84766][gc,heap     ] GC(10) Old regions: 0->15
[2022-09-22T16:31:11.474+0000][84766][gc,heap     ] GC(10) Archive regions: 2->2
[2022-09-22T16:31:11.474+0000][84766][gc,heap     ] GC(10) Humongous regions: 2->2
[2022-09-22T16:31:11.474+0000][84766][gc,metaspace] GC(10) Metaspace: 98253K(99648K)->98253K(99648K) NonClass: 84684K(85504K)->84684K(85504K) Class: 13568K(14144K)->13568K(14144K)
[2022-09-22T16:31:11.474+0000][84766][gc          ] GC(10) Pause Young (Normal) (G1 Evacuation Pause) 523M->101M(8192M) 94.982ms
[2022-09-22T16:31:11.474+0000][84766][gc,cpu      ] GC(10) User=0.33s Sys=0.14s Real=0.10s
[2022-09-22T16:31:11.474+0000][84766][safepoint   ] Safepoint "G1CollectForAllocation", Time since last: 806254682 ns, Reaching safepoint: 191777 ns, At safepoint: 95147254 ns, Total: 95339031 ns
[2022-09-22T16:31:11.512+0000][84766][safepoint   ] Safepoint "CollectForMetadataAllocation", Time since last: 38107461 ns, Reaching safepoint: 53260 ns, At safepoint: 53997 ns, Total: 107257 ns
[2022-09-22T16:31:11.513+0000][84766][gc,start    ] GC(11) Pause Young (Concurrent Start) (GCLocker Initiated GC)
[2022-09-22T16:31:11.513+0000][84766][gc,task     ] GC(11) Using 10 workers of 10 for evacuation
[2022-09-22T16:31:11.513+0000][84766][gc,age      ] GC(11) Desired survivor size 83886080 bytes, new threshold 15 (max threshold 15)
[2022-09-22T16:31:11.527+0000][84766][gc,age      ] GC(11) Age table with threshold 15 (max threshold 15)
[2022-09-22T16:31:11.527+0000][84766][gc,age      ] GC(11) - age   1:     204504 bytes,     204504 total
[2022-09-22T16:31:11.527+0000][84766][gc,age      ] GC(11) - age   2:   18379408 bytes,   18583912 total
[2022-09-22T16:31:11.527+0000][84766][gc,age      ] GC(11) - age   3:    9565352 bytes,   28149264 total
[2022-09-22T16:31:11.527+0000][84766][gc,phases   ] GC(11)   Pre Evacuate Collection Set: 0.1ms
[2022-09-22T16:31:11.527+0000][84766][gc,phases   ] GC(11)   Merge Heap Roots: 0.0ms
[2022-09-22T16:31:11.527+0000][84766][gc,phases   ] GC(11)   Evacuate Collection Set: 12.7ms
[2022-09-22T16:31:11.527+0000][84766][gc,phases   ] GC(11)   Post Evacuate Collection Set: 1.2ms
[2022-09-22T16:31:11.527+0000][84766][gc,phases   ] GC(11)   Other: 0.3ms
[2022-09-22T16:31:11.527+0000][84766][gc,heap     ] GC(11) Eden regions: 6->0(454)
[2022-09-22T16:31:11.527+0000][84766][gc,heap     ] GC(11) Survivor regions: 8->8(40)
[2022-09-22T16:31:11.527+0000][84766][gc,heap     ] GC(11) Old regions: 15->15
[2022-09-22T16:31:11.527+0000][84766][gc,heap     ] GC(11) Archive regions: 2->2
[2022-09-22T16:31:11.527+0000][84766][gc,heap     ] GC(11) Humongous regions: 2->2
[2022-09-22T16:31:11.527+0000][84766][gc,metaspace] GC(11) Metaspace: 99197K(100672K)->99197K(100672K) NonClass: 85450K(86336K)->85450K(86336K) Class: 13747K(14336K)->13747K(14336K)
[2022-09-22T16:31:11.527+0000][84766][gc          ] GC(11) Pause Young (Concurrent Start) (GCLocker Initiated GC) 125M->99M(8192M) 14.592ms
[2022-09-22T16:31:11.527+0000][84766][gc,cpu      ] GC(11) User=0.10s Sys=0.01s Real=0.01s
[2022-09-22T16:31:11.527+0000][84766][gc          ] GC(12) Concurrent Mark Cycle
[2022-09-22T16:31:11.527+0000][84766][safepoint   ] Safepoint "G1CollectForAllocation", Time since last: 61655 ns, Reaching safepoint: 85618 ns, At safepoint: 14708555 ns, Total: 14794173 ns
[2022-09-22T16:31:11.527+0000][84766][gc,marking  ] GC(12) Concurrent Clear Claimed Marks
[2022-09-22T16:31:11.527+0000][84766][gc,marking  ] GC(12) Concurrent Clear Claimed Marks 0.109ms
[2022-09-22T16:31:11.527+0000][84766][gc,marking  ] GC(12) Concurrent Scan Root Regions
[2022-09-22T16:31:11.540+0000][84766][safepoint   ] Safepoint "CollectForMetadataAllocation", Time since last: 12242235 ns, Reaching safepoint: 58924 ns, At safepoint: 94004 ns, Total: 152928 ns
[2022-09-22T16:31:11.541+0000][84766][gc,marking  ] GC(12) Concurrent Scan Root Regions 13.281ms
[2022-09-22T16:31:11.541+0000][84766][gc,marking  ] GC(12) Concurrent Mark
[2022-09-22T16:31:11.541+0000][84766][gc,marking  ] GC(12) Concurrent Mark From Roots
[2022-09-22T16:31:11.541+0000][84766][gc,task     ] GC(12) Using 3 workers of 3 for marking
[2022-09-22T16:31:11.560+0000][84766][safepoint   ] Safepoint "CollectForMetadataAllocation", Time since last: 20527834 ns, Reaching safepoint: 99945 ns, At safepoint: 62568 ns, Total: 162513 ns
[2022-09-22T16:31:11.560+0000][84766][safepoint   ] Safepoint "CollectForMetadataAllocation", Time since last: 92855 ns, Reaching safepoint: 93733 ns, At safepoint: 30952 ns, Total: 124685 ns
[2022-09-22T16:31:11.561+0000][84766][safepoint   ] Safepoint "CollectForMetadataAllocation", Time since last: 136619 ns, Reaching safepoint: 118661 ns, At safepoint: 46017 ns, Total: 164678 ns
[2022-09-22T16:31:11.599+0000][84766][gc,marking  ] GC(12) Concurrent Mark From Roots 57.846ms
[2022-09-22T16:31:11.599+0000][84766][gc,marking  ] GC(12) Concurrent Preclean
[2022-09-22T16:31:11.599+0000][84766][gc,marking  ] GC(12) Concurrent Preclean 0.222ms
[2022-09-22T16:31:11.599+0000][84766][gc,start    ] GC(12) Pause Remark
[2022-09-22T16:31:11.601+0000][84766][gc          ] GC(12) Pause Remark 142M->142M(8192M) 2.032ms
[2022-09-22T16:31:11.601+0000][84766][gc,cpu      ] GC(12) User=0.02s Sys=0.00s Real=0.01s
[2022-09-22T16:31:11.601+0000][84766][safepoint   ] Safepoint "G1Concurrent", Time since last: 38050206 ns, Reaching safepoint: 314892 ns, At safepoint: 2223093 ns, Total: 2537985 ns
[2022-09-22T16:31:11.601+0000][84766][gc,marking  ] GC(12) Concurrent Mark 60.757ms
[2022-09-22T16:31:11.601+0000][84766][gc,marking  ] GC(12) Concurrent Rebuild Remembered Sets
[2022-09-22T16:31:11.636+0000][84766][gc,marking  ] GC(12) Concurrent Rebuild Remembered Sets 35.009ms
[2022-09-22T16:31:11.637+0000][84766][gc,start    ] GC(12) Pause Cleanup
[2022-09-22T16:31:11.637+0000][84766][gc          ] GC(12) Pause Cleanup 170M->170M(8192M) 0.290ms
[2022-09-22T16:31:11.637+0000][84766][gc,cpu      ] GC(12) User=0.00s Sys=0.00s Real=0.00s
[2022-09-22T16:31:11.637+0000][84766][safepoint   ] Safepoint "G1Concurrent", Time since last: 35198571 ns, Reaching safepoint: 168519 ns, At safepoint: 437176 ns, Total: 605695 ns
[2022-09-22T16:31:11.637+0000][84766][gc,marking  ] GC(12) Concurrent Cleanup for Next Mark
[2022-09-22T16:31:11.650+0000][84766][gc,marking  ] GC(12) Concurrent Cleanup for Next Mark 13.015ms
[2022-09-22T16:31:11.650+0000][84766][gc          ] GC(12) Concurrent Mark Cycle 123.255ms
[2022-09-22T16:31:12.548+0000][84766][safepoint   ] Safepoint "ICBufferFull", Time since last: 911018011 ns, Reaching safepoint: 132016 ns, At safepoint: 10418 ns, Total: 142434 ns
[2022-09-22T16:31:13.551+0000][84766][safepoint   ] Safepoint "Cleanup", Time since last: 1002214517 ns, Reaching safepoint: 87799 ns, At safepoint: 3273 ns, Total: 91072 ns
[2022-09-22T16:31:16.562+0000][84766][safepoint   ] Safepoint "Cleanup", Time since last: 3011329142 ns, Reaching safepoint: 102137 ns, At safepoint: 3727 ns, Total: 105864 ns
[2022-09-22T16:31:17.567+0000][84766][safepoint   ] Safepoint "Cleanup", Time since last: 1004787314 ns, Reaching safepoint: 75534 ns, At safepoint: 12421 ns, Total: 87955 ns
[2022-09-22T16:31:21.583+0000][84766][safepoint   ] Safepoint "Cleanup", Time since last: 4016242052 ns, Reaching safepoint: 63013 ns, At safepoint: 5739 ns, Total: 68752 ns
[2022-09-22T16:31:25.601+0000][84766][safepoint   ] Safepoint "Cleanup", Time since last: 4017151248 ns, Reaching safepoint: 84821 ns, At safepoint: 4926 ns, Total: 89747 ns
[2022-09-22T16:31:28.612+0000][84766][safepoint   ] Safepoint "Cleanup", Time since last: 3010720676 ns, Reaching safepoint: 71451 ns, At safepoint: 11293 ns, Total: 82744 ns
[2022-09-22T16:31:29.617+0000][84766][safepoint   ] Safepoint "Cleanup", Time since last: 1004944879 ns, Reaching safepoint: 73479 ns, At safepoint: 7495 ns, Total: 80974 ns
[2022-09-22T16:31:30.619+0000][84766][safepoint   ] Safepoint "Cleanup", Time since last: 1002724329 ns, Reaching safepoint: 87731 ns, At safepoint: 8075 ns, Total: 95806 ns
[2022-09-22T16:31:31.620+0000][84766][safepoint   ] Safepoint "Cleanup", Time since last: 1000740485 ns, Reaching safepoint: 63098 ns, At safepoint: 6881 ns, Total: 69979 ns
[2022-09-22T16:31:36.636+0000][84766][safepoint   ] Safepoint "Cleanup", Time since last: 5015838118 ns, Reaching safepoint: 103422 ns, At safepoint: 8727 ns, Total: 112149 ns
[2022-09-22T16:31:37.642+0000][84766][safepoint   ] Safepoint "Cleanup", Time since last: 1005375202 ns, Reaching safepoint: 86167 ns, At safepoint: 4222 ns, Total: 90389 ns
[2022-09-22T16:31:39.650+0000][84766][safepoint   ] Safepoint "Cleanup", Time since last: 2008329956 ns, Reaching safepoint: 179381 ns, At safepoint: 14787 ns, Total: 194168 ns
[2022-09-22T16:31:40.653+0000][84766][safepoint   ] Safepoint "Cleanup", Time since last: 1002568639 ns, Reaching safepoint: 51199 ns, At safepoint: 7369 ns, Total: 58568 ns
[2022-09-22T16:31:41.657+0000][84766][safepoint   ] Safepoint "Cleanup", Time since last: 1003487495 ns, Reaching safepoint: 78284 ns, At safepoint: 8080 ns, Total: 86364 ns
[2022-09-22T16:31:42.661+0000][84766][safepoint   ] Safepoint "Cleanup", Time since last: 1004083880 ns, Reaching safepoint: 61433 ns, At safepoint: 8140 ns, Total: 69573 ns
[2022-09-22T16:31:43.662+0000][84766][safepoint   ] Safepoint "Cleanup", Time since last: 1001080415 ns, Reaching safepoint: 56943 ns, At safepoint: 5706 ns, Total: 62649 ns
[2022-09-22T16:31:44.662+0000][84766][safepoint   ] Safepoint "Cleanup", Time since last: 1000193098 ns, Reaching safepoint: 42783 ns, At safepoint: 3641 ns, Total: 46424 ns
[2022-09-22T16:31:50.379+0000][84766][safepoint   ] Safepoint "Cleanup", Time since last: 5716859793 ns, Reaching safepoint: 51488 ns, At safepoint: 5929 ns, Total: 57417 ns
[2022-09-22T16:31:51.384+0000][84766][safepoint   ] Safepoint "Cleanup", Time since last: 1004681974 ns, Reaching safepoint: 129020 ns, At safepoint: 15966 ns, Total: 144986 ns
[2022-09-22T16:31:54.394+0000][84766][safepoint   ] Safepoint "Cleanup", Time since last: 3009897202 ns, Reaching safepoint: 47607 ns, At safepoint: 4163 ns, Total: 51770 ns
[2022-09-22T16:31:57.402+0000][84766][safepoint   ] Safepoint "Cleanup", Time since last: 3007654998 ns, Reaching safepoint: 87382 ns, At safepoint: 11847 ns, Total: 99229 ns
[2022-09-22T16:32:02.412+0000][84766][safepoint   ] Safepoint "Cleanup", Time since last: 5010428364 ns, Reaching safepoint: 57180 ns, At safepoint: 8859 ns, Total: 66039 ns
[2022-09-22T16:32:11.444+0000][84766][safepoint   ] Safepoint "Cleanup", Time since last: 9031642550 ns, Reaching safepoint: 43026 ns, At safepoint: 3408 ns, Total: 46434 ns
[2022-09-22T16:32:20.478+0000][84766][safepoint   ] Safepoint "Cleanup", Time since last: 9033345347 ns, Reaching safepoint: 92788 ns, At safepoint: 11239 ns, Total: 104027 ns
[2022-09-22T16:32:22.488+0000][84766][safepoint   ] Safepoint "Cleanup", Time since last: 2009802544 ns, Reaching safepoint: 66221 ns, At safepoint: 10452 ns, Total: 76673 ns
[2022-09-22T16:32:23.492+0000][84766][safepoint   ] Safepoint "Cleanup", Time since last: 1004160756 ns, Reaching safepoint: 47661 ns, At safepoint: 3904 ns, Total: 51565 ns
[2022-09-22T16:32:25.500+0000][84766][safepoint   ] Safepoint "Cleanup", Time since last: 2007920291 ns, Reaching safepoint: 84584 ns, At safepoint: 10429 ns, Total: 95013 ns
[2022-09-22T16:32:39.545+0000][84766][safepoint   ] Safepoint "Cleanup", Time since last: 14044504237 ns, Reaching safepoint: 71021 ns, At safepoint: 8916 ns, Total: 79937 ns
[2022-09-22T16:32:50.585+0000][84766][safepoint   ] Safepoint "Cleanup", Time since last: 11039958996 ns, Reaching safepoint: 61032 ns, At safepoint: 3762 ns, Total: 64794 ns
[2022-09-22T16:32:51.591+0000][84766][safepoint   ] Safepoint "Cleanup", Time since last: 1005816749 ns, Reaching safepoint: 66190 ns, At safepoint: 7205 ns, Total: 73395 ns
[2022-09-22T16:32:54.600+0000][84766][safepoint   ] Safepoint "Cleanup", Time since last: 3009104051 ns, Reaching safepoint: 69515 ns, At safepoint: 9447 ns, Total: 78962 ns
[2022-09-22T16:32:58.614+0000][84766][safepoint   ] Safepoint "Cleanup", Time since last: 4014060474 ns, Reaching safepoint: 61252 ns, At safepoint: 3973 ns, Total: 65225 ns
[2022-09-22T16:32:59.619+0000][84766][safepoint   ] Safepoint "Cleanup", Time since last: 1005063178 ns, Reaching safepoint: 46934 ns, At safepoint: 8544 ns, Total: 55478 ns
[2022-09-22T16:33:05.633+0000][84766][safepoint   ] Safepoint "Cleanup", Time since last: 6013885521 ns, Reaching safepoint: 52976 ns, At safepoint: 3976 ns, Total: 56952 ns
[2022-09-22T16:33:06.639+0000][84766][safepoint   ] Safepoint "Cleanup", Time since last: 1005591813 ns, Reaching safepoint: 60317 ns, At safepoint: 13376 ns, Total: 73693 ns
[2022-09-22T16:33:08.647+0000][84766][safepoint   ] Safepoint "Cleanup", Time since last: 2007787499 ns, Reaching safepoint: 43873 ns, At safepoint: 3398 ns, Total: 47271 ns
[2022-09-22T16:33:09.651+0000][84766][safepoint   ] Safepoint "Cleanup", Time since last: 1003498798 ns, Reaching safepoint: 67783 ns, At safepoint: 7872 ns, Total: 75655 ns
[2022-09-22T16:33:12.658+0000][84766][safepoint   ] Safepoint "Cleanup", Time since last: 3007440611 ns, Reaching safepoint: 41429 ns, At safepoint: 7100 ns, Total: 48529 ns
[2022-09-22T16:33:13.664+0000][84766][safepoint   ] Safepoint "Cleanup", Time since last: 1005632741 ns, Reaching safepoint: 68727 ns, At safepoint: 8273 ns, Total: 77000 ns
[2022-09-22T16:33:15.670+0000][84766][safepoint   ] Safepoint "Cleanup", Time since last: 2006424609 ns, Reaching safepoint: 76438 ns, At safepoint: 71599 ns, Total: 148037 ns
[2022-09-22T16:33:17.678+0000][84766][safepoint   ] Safepoint "Cleanup", Time since last: 2007591138 ns, Reaching safepoint: 62452 ns, At safepoint: 3403 ns, Total: 65855 ns
[2022-09-22T16:33:21.696+0000][84766][safepoint   ] Safepoint "Cleanup", Time since last: 4017696550 ns, Reaching safepoint: 58286 ns, At safepoint: 6429 ns, Total: 64715 ns
[2022-09-22T16:33:27.721+0000][84766][safepoint   ] Safepoint "Cleanup", Time since last: 6025179944 ns, Reaching safepoint: 59460 ns, At safepoint: 6807 ns, Total: 66267 ns
[2022-09-22T16:33:28.725+0000][84766][safepoint   ] Safepoint "Cleanup", Time since last: 1004097431 ns, Reaching safepoint: 80036 ns, At safepoint: 10384 ns, Total: 90420 ns
[2022-09-22T16:33:31.730+0000][84766][safepoint   ] Safepoint "Cleanup", Time since last: 3004547113 ns, Reaching safepoint: 100296 ns, At safepoint: 7652 ns, Total: 107948 ns
[2022-09-22T16:33:35.744+0000][84766][safepoint   ] Safepoint "Cleanup", Time since last: 4013892807 ns, Reaching safepoint: 68433 ns, At safepoint: 8172 ns, Total: 76605 ns
[2022-09-22T16:33:38.754+0000][84766][safepoint   ] Safepoint "Cleanup", Time since last: 3009678617 ns, Reaching safepoint: 79851 ns, At safepoint: 7955 ns, Total: 87806 ns
[2022-09-22T16:33:39.758+0000][84766][safepoint   ] Safepoint "Cleanup", Time since last: 1004342604 ns, Reaching safepoint: 58451 ns, At safepoint: 4709 ns, Total: 63160 ns
[2022-09-22T16:33:40.762+0000][84766][safepoint   ] Safepoint "Cleanup", Time since last: 1003872723 ns, Reaching safepoint: 85586 ns, At safepoint: 13379 ns, Total: 98965 ns
[2022-09-22T16:33:41.766+0000][84766][safepoint   ] Safepoint "Cleanup", Time since last: 1003676471 ns, Reaching safepoint: 66201 ns, At safepoint: 10000 ns, Total: 76201 ns
[2022-09-22T16:33:45.777+0000][84766][safepoint   ] Safepoint "Cleanup", Time since last: 4010394332 ns, Reaching safepoint: 40804 ns, At safepoint: 2661 ns, Total: 43465 ns
[2022-09-22T16:34:03.826+0000][84766][safepoint   ] Safepoint "Cleanup", Time since last: 18049372803 ns, Reaching safepoint: 89537 ns, At safepoint: 7643 ns, Total: 97180 ns
[2022-09-22T16:34:08.846+0000][84766][safepoint   ] Safepoint "Cleanup", Time since last: 5019180689 ns, Reaching safepoint: 100874 ns, At safepoint: 10252 ns, Total: 111126 ns
[2022-09-22T16:34:09.850+0000][84766][safepoint   ] Safepoint "Cleanup", Time since last: 1003724872 ns, Reaching safepoint: 50437 ns, At safepoint: 3740 ns, Total: 54177 ns
[2022-09-22T16:34:10.854+0000][84766][safepoint   ] Safepoint "Cleanup", Time since last: 1003922015 ns, Reaching safepoint: 93574 ns, At safepoint: 10283 ns, Total: 103857 ns
[2022-09-22T16:34:11.856+0000][84766][safepoint   ] Safepoint "Cleanup", Time since last: 1001983662 ns, Reaching safepoint: 47695 ns, At safepoint: 7528 ns, Total: 55223 ns
[2022-09-22T16:34:19.875+0000][84766][safepoint   ] Safepoint "Cleanup", Time since last: 8019275273 ns, Reaching safepoint: 60794 ns, At safepoint: 3527 ns, Total: 64321 ns
[2022-09-22T16:34:36.938+0000][84766][safepoint   ] Safepoint "Cleanup", Time since last: 17062051002 ns, Reaching safepoint: 63976 ns, At safepoint: 8678 ns, Total: 72654 ns
[2022-09-22T16:34:39.952+0000][84766][safepoint   ] Safepoint "Cleanup", Time since last: 3014077056 ns, Reaching safepoint: 48154 ns, At safepoint: 7803 ns, Total: 55957 ns
[2022-09-22T16:34:45.992+0000][84766][safepoint   ] Safepoint "Cleanup", Time since last: 6040185905 ns, Reaching safepoint: 97162 ns, At safepoint: 36020 ns, Total: 133182 ns
[2022-09-22T16:34:47.998+0000][84766][safepoint   ] Safepoint "Cleanup", Time since last: 2005737505 ns, Reaching safepoint: 93489 ns, At safepoint: 9584 ns, Total: 103073 ns
[2022-09-22T16:34:52.015+0000][84766][safepoint   ] Safepoint "Cleanup", Time since last: 4016517133 ns, Reaching safepoint: 102676 ns, At safepoint: 8802 ns, Total: 111478 ns
[2022-09-22T16:35:09.071+0000][84766][safepoint   ] Safepoint "Cleanup", Time since last: 17055524480 ns, Reaching safepoint: 63589 ns, At safepoint: 3650 ns, Total: 67239 ns
[2022-09-22T16:35:10.075+0000][84766][safepoint   ] Safepoint "Cleanup", Time since last: 1003941150 ns, Reaching safepoint: 98171 ns, At safepoint: 11002 ns, Total: 109173 ns
[2022-09-22T16:35:11.075+0000][84766][safepoint   ] Safepoint "Cleanup", Time since last: 1000117330 ns, Reaching safepoint: 38965 ns, At safepoint: 2461 ns, Total: 41426 ns
[2022-09-22T16:35:19.100+0000][84766][safepoint   ] Safepoint "Cleanup", Time since last: 8025016485 ns, Reaching safepoint: 57606 ns, At safepoint: 9181 ns, Total: 66787 ns
[2022-09-22T16:35:42.183+0000][84766][safepoint   ] Safepoint "Cleanup", Time since last: 23082410525 ns, Reaching safepoint: 54616 ns, At safepoint: 3925 ns, Total: 58541 ns
[2022-09-22T16:35:51.218+0000][84766][safepoint   ] Safepoint "Cleanup", Time since last: 9035061363 ns, Reaching safepoint: 60163 ns, At safepoint: 7840 ns, Total: 68003 ns
[2022-09-22T16:36:11.372+0000][84766][safepoint   ] Safepoint "Cleanup", Time since last: 20068863798 ns, Reaching safepoint: 84585525 ns, At safepoint: 51865 ns, Total: 84637390 ns
