[2022-09-22T17:22:13.511+0000][18056][gc] Using G1
[2022-09-22T17:22:19.322+0000][18056][gc,init] Version: 16.0.2+7 (release)
[2022-09-22T17:22:19.322+0000][18056][gc,init] CPUs: 12 total, 12 available
[2022-09-22T17:22:19.322+0000][18056][gc,init] Memory: 16384M
[2022-09-22T17:22:19.322+0000][18056][gc,init] Large Page Support: Disabled
[2022-09-22T17:22:19.322+0000][18056][gc,init] NUMA Support: Disabled
[2022-09-22T17:22:19.322+0000][18056][gc,init] Compressed Oops: Enabled (Zero based)
[2022-09-22T17:22:19.322+0000][18056][gc,init] Heap Region Size: 4M
[2022-09-22T17:22:19.322+0000][18056][gc,init] Heap Min Capacity: 8G
[2022-09-22T17:22:19.322+0000][18056][gc,init] Heap Initial Capacity: 8G
[2022-09-22T17:22:19.322+0000][18056][gc,init] Heap Max Capacity: 8G
[2022-09-22T17:22:19.322+0000][18056][gc,init] Pre-touch: Enabled
[2022-09-22T17:22:19.322+0000][18056][gc,init] Parallel Workers: 10
[2022-09-22T17:22:19.322+0000][18056][gc,init] Concurrent Workers: 3
[2022-09-22T17:22:19.322+0000][18056][gc,init] Concurrent Refinement Workers: 10
[2022-09-22T17:22:19.322+0000][18056][gc,init] Periodic GC: Disabled
[2022-09-22T17:22:19.324+0000][18056][gc,metaspace] CDS archive(s) mapped at: [0x0000000800000000-0x0000000800bef000-0x0000000800bef000), size 12513280, SharedBaseAddress: 0x0000000800000000, ArchiveRelocationMode: 0.
[2022-09-22T17:22:19.324+0000][18056][gc,metaspace] Compressed class space mapped at: 0x0000000800c00000-0x0000000840c00000, reserved size: 1073741824
[2022-09-22T17:22:19.324+0000][18056][gc,metaspace] Narrow klass base: 0x0000000800000000, Narrow klass shift: 3, Narrow klass range: 0x100000000
[2022-09-22T17:22:19.757+0000][18056][safepoint   ] Safepoint "ICBufferFull", Time since last: 418957985 ns, Reaching safepoint: 104971 ns, At safepoint: 19790 ns, Total: 124761 ns
[2022-09-22T17:22:20.436+0000][18056][safepoint   ] Safepoint "ICBufferFull", Time since last: 678296848 ns, Reaching safepoint: 77983 ns, At safepoint: 28946 ns, Total: 106929 ns
[2022-09-22T17:22:21.058+0000][18056][safepoint   ] Safepoint "ICBufferFull", Time since last: 622318733 ns, Reaching safepoint: 115844 ns, At safepoint: 41298 ns, Total: 157142 ns
[2022-09-22T17:22:21.563+0000][18056][safepoint   ] Safepoint "ICBufferFull", Time since last: 582810534 ns, Reaching safepoint: 127534 ns, At safepoint: 7174 ns, Total: 134708 ns
[2022-09-22T17:22:21.567+0000][18056][safepoint   ] Safepoint "ICBufferFull", Time since last: 4560204 ns, Reaching safepoint: 19794 ns, At safepoint: 2098 ns, Total: 21892 ns
[2022-09-22T17:22:21.578+0000][18056][safepoint   ] Safepoint "ICBufferFull", Time since last: 10307983 ns, Reaching safepoint: 28475 ns, At safepoint: 3095 ns, Total: 31570 ns
[2022-09-22T17:22:21.582+0000][18056][safepoint   ] Safepoint "ICBufferFull", Time since last: 4383558 ns, Reaching safepoint: 32762 ns, At safepoint: 3827 ns, Total: 36589 ns
[2022-09-22T17:22:21.585+0000][18056][safepoint   ] Safepoint "ICBufferFull", Time since last: 2571987 ns, Reaching safepoint: 17587 ns, At safepoint: 1983 ns, Total: 19570 ns
[2022-09-22T17:22:21.588+0000][18056][safepoint   ] Safepoint "ICBufferFull", Time since last: 3754811 ns, Reaching safepoint: 19674 ns, At safepoint: 2011 ns, Total: 21685 ns
[2022-09-22T17:22:21.592+0000][18056][safepoint   ] Safepoint "ICBufferFull", Time since last: 3516663 ns, Reaching safepoint: 19799 ns, At safepoint: 2273 ns, Total: 22072 ns
[2022-09-22T17:22:21.596+0000][18056][safepoint   ] Safepoint "ICBufferFull", Time since last: 3581834 ns, Reaching safepoint: 18174 ns, At safepoint: 7703 ns, Total: 25877 ns
[2022-09-22T17:22:21.599+0000][18056][safepoint   ] Safepoint "ICBufferFull", Time since last: 2925676 ns, Reaching safepoint: 22434 ns, At safepoint: 2031 ns, Total: 24465 ns
[2022-09-22T17:22:21.606+0000][18056][safepoint   ] Safepoint "ICBufferFull", Time since last: 7720410 ns, Reaching safepoint: 125166 ns, At safepoint: 4906 ns, Total: 130072 ns
[2022-09-22T17:22:21.618+0000][18056][safepoint   ] Safepoint "ICBufferFull", Time since last: 11453851 ns, Reaching safepoint: 98955 ns, At safepoint: 4734 ns, Total: 103689 ns
[2022-09-22T17:22:21.625+0000][18056][safepoint   ] Safepoint "ICBufferFull", Time since last: 6779566 ns, Reaching safepoint: 39401 ns, At safepoint: 13656 ns, Total: 53057 ns
[2022-09-22T17:22:21.633+0000][18056][safepoint   ] Safepoint "ICBufferFull", Time since last: 6017880 ns, Reaching safepoint: 620851 ns, At safepoint: 1300967 ns, Total: 1921818 ns
[2022-09-22T17:22:21.650+0000][18056][safepoint   ] Safepoint "ICBufferFull", Time since last: 16064037 ns, Reaching safepoint: 1607017 ns, At safepoint: 6854 ns, Total: 1613871 ns
[2022-09-22T17:22:21.672+0000][18056][safepoint   ] Safepoint "ICBufferFull", Time since last: 21597764 ns, Reaching safepoint: 32787 ns, At safepoint: 3860 ns, Total: 36647 ns
[2022-09-22T17:22:21.678+0000][18056][safepoint   ] Safepoint "ICBufferFull", Time since last: 6338946 ns, Reaching safepoint: 31648 ns, At safepoint: 3520 ns, Total: 35168 ns
[2022-09-22T17:22:21.687+0000][18056][safepoint   ] Safepoint "ICBufferFull", Time since last: 8289455 ns, Reaching safepoint: 60086 ns, At safepoint: 4079 ns, Total: 64165 ns
[2022-09-22T17:22:21.693+0000][18056][safepoint   ] Safepoint "ICBufferFull", Time since last: 5925382 ns, Reaching safepoint: 35242 ns, At safepoint: 3892 ns, Total: 39134 ns
[2022-09-22T17:22:21.701+0000][18056][safepoint   ] Safepoint "ICBufferFull", Time since last: 8374518 ns, Reaching safepoint: 22730 ns, At safepoint: 2303 ns, Total: 25033 ns
[2022-09-22T17:22:21.720+0000][18056][safepoint   ] Safepoint "ICBufferFull", Time since last: 19037466 ns, Reaching safepoint: 20515 ns, At safepoint: 2304 ns, Total: 22819 ns
[2022-09-22T17:22:21.722+0000][18056][safepoint   ] Safepoint "ICBufferFull", Time since last: 1287822 ns, Reaching safepoint: 25483 ns, At safepoint: 3854 ns, Total: 29337 ns
[2022-09-22T17:22:21.722+0000][18056][safepoint   ] Safepoint "ICBufferFull", Time since last: 916820 ns, Reaching safepoint: 28922 ns, At safepoint: 3281 ns, Total: 32203 ns
[2022-09-22T17:22:21.726+0000][18056][safepoint   ] Safepoint "ICBufferFull", Time since last: 3016592 ns, Reaching safepoint: 32613 ns, At safepoint: 3872 ns, Total: 36485 ns
[2022-09-22T17:22:21.727+0000][18056][safepoint   ] Safepoint "ICBufferFull", Time since last: 1081176 ns, Reaching safepoint: 23784 ns, At safepoint: 3209 ns, Total: 26993 ns
[2022-09-22T17:22:21.727+0000][18056][safepoint   ] Safepoint "ICBufferFull", Time since last: 824293 ns, Reaching safepoint: 22284 ns, At safepoint: 3759 ns, Total: 26043 ns
[2022-09-22T17:22:21.731+0000][18056][safepoint   ] Safepoint "ICBufferFull", Time since last: 3117059 ns, Reaching safepoint: 73164 ns, At safepoint: 4472 ns, Total: 77636 ns
[2022-09-22T17:22:21.732+0000][18056][safepoint   ] Safepoint "ICBufferFull", Time since last: 1055522 ns, Reaching safepoint: 55510 ns, At safepoint: 4869 ns, Total: 60379 ns
[2022-09-22T17:22:21.733+0000][18056][safepoint   ] Safepoint "ICBufferFull", Time since last: 1133971 ns, Reaching safepoint: 39310 ns, At safepoint: 3559 ns, Total: 42869 ns
[2022-09-22T17:22:21.734+0000][18056][safepoint   ] Safepoint "ICBufferFull", Time since last: 1036308 ns, Reaching safepoint: 35551 ns, At safepoint: 3372 ns, Total: 38923 ns
[2022-09-22T17:22:21.735+0000][18056][safepoint   ] Safepoint "ICBufferFull", Time since last: 1048346 ns, Reaching safepoint: 26439 ns, At safepoint: 3635 ns, Total: 30074 ns
[2022-09-22T17:22:21.738+0000][18056][safepoint   ] Safepoint "ICBufferFull", Time since last: 3119967 ns, Reaching safepoint: 43601 ns, At safepoint: 4487 ns, Total: 48088 ns
[2022-09-22T17:22:21.740+0000][18056][safepoint   ] Safepoint "ICBufferFull", Time since last: 1289963 ns, Reaching safepoint: 26449 ns, At safepoint: 3870 ns, Total: 30319 ns
[2022-09-22T17:22:21.741+0000][18056][safepoint   ] Safepoint "ICBufferFull", Time since last: 1021774 ns, Reaching safepoint: 21865 ns, At safepoint: 2654 ns, Total: 24519 ns
[2022-09-22T17:22:21.742+0000][18056][safepoint   ] Safepoint "ICBufferFull", Time since last: 929951 ns, Reaching safepoint: 42355 ns, At safepoint: 3399 ns, Total: 45754 ns
[2022-09-22T17:22:21.745+0000][18056][safepoint   ] Safepoint "ICBufferFull", Time since last: 3578662 ns, Reaching safepoint: 104670 ns, At safepoint: 32266 ns, Total: 136936 ns
[2022-09-22T17:22:21.747+0000][18056][safepoint   ] Safepoint "ICBufferFull", Time since last: 1151792 ns, Reaching safepoint: 79244 ns, At safepoint: 101326 ns, Total: 180570 ns
[2022-09-22T17:22:21.748+0000][18056][safepoint   ] Safepoint "ICBufferFull", Time since last: 1179685 ns, Reaching safepoint: 36536 ns, At safepoint: 4621 ns, Total: 41157 ns
[2022-09-22T17:22:21.752+0000][18056][safepoint   ] Safepoint "ICBufferFull", Time since last: 3766359 ns, Reaching safepoint: 84774 ns, At safepoint: 4414 ns, Total: 89188 ns
[2022-09-22T17:22:21.773+0000][18056][safepoint   ] Safepoint "ICBufferFull", Time since last: 20990022 ns, Reaching safepoint: 346267 ns, At safepoint: 21433 ns, Total: 367700 ns
[2022-09-22T17:22:21.792+0000][18056][safepoint   ] Safepoint "ICBufferFull", Time since last: 18836826 ns, Reaching safepoint: 272164 ns, At safepoint: 45642 ns, Total: 317806 ns
[2022-09-22T17:22:21.793+0000][18056][safepoint   ] Safepoint "ICBufferFull", Time since last: 1175834 ns, Reaching safepoint: 27961 ns, At safepoint: 12532 ns, Total: 40493 ns
[2022-09-22T17:22:21.871+0000][18056][safepoint   ] Safepoint "ICBufferFull", Time since last: 76869662 ns, Reaching safepoint: 47429 ns, At safepoint: 85966 ns, Total: 133395 ns
[2022-09-22T17:22:21.872+0000][18056][safepoint   ] Safepoint "ICBufferFull", Time since last: 1877174 ns, Reaching safepoint: 52990 ns, At safepoint: 10397 ns, Total: 63387 ns
[2022-09-22T17:22:21.874+0000][18056][safepoint   ] Safepoint "ICBufferFull", Time since last: 1101069 ns, Reaching safepoint: 26932 ns, At safepoint: 11336 ns, Total: 38268 ns
[2022-09-22T17:22:21.874+0000][18056][safepoint   ] Safepoint "ICBufferFull", Time since last: 819116 ns, Reaching safepoint: 22213 ns, At safepoint: 2972 ns, Total: 25185 ns
[2022-09-22T17:22:21.875+0000][18056][safepoint   ] Safepoint "ICBufferFull", Time since last: 830014 ns, Reaching safepoint: 22326 ns, At safepoint: 2741 ns, Total: 25067 ns
[2022-09-22T17:22:21.876+0000][18056][safepoint   ] Safepoint "ICBufferFull", Time since last: 1055410 ns, Reaching safepoint: 27172 ns, At safepoint: 3571 ns, Total: 30743 ns
[2022-09-22T17:22:21.877+0000][18056][safepoint   ] Safepoint "ICBufferFull", Time since last: 886883 ns, Reaching safepoint: 24488 ns, At safepoint: 3950 ns, Total: 28438 ns
[2022-09-22T17:22:21.878+0000][18056][safepoint   ] Safepoint "ICBufferFull", Time since last: 1084926 ns, Reaching safepoint: 54425 ns, At safepoint: 21032 ns, Total: 75457 ns
[2022-09-22T17:22:21.880+0000][18056][safepoint   ] Safepoint "ICBufferFull", Time since last: 1166666 ns, Reaching safepoint: 38322 ns, At safepoint: 3820 ns, Total: 42142 ns
[2022-09-22T17:22:21.881+0000][18056][safepoint   ] Safepoint "ICBufferFull", Time since last: 981519 ns, Reaching safepoint: 21009 ns, At safepoint: 3464 ns, Total: 24473 ns
[2022-09-22T17:22:21.882+0000][18056][safepoint   ] Safepoint "ICBufferFull", Time since last: 867674 ns, Reaching safepoint: 31686 ns, At safepoint: 3508 ns, Total: 35194 ns
[2022-09-22T17:22:21.883+0000][18056][safepoint   ] Safepoint "ICBufferFull", Time since last: 947425 ns, Reaching safepoint: 24699 ns, At safepoint: 2893 ns, Total: 27592 ns
[2022-09-22T17:22:21.883+0000][18056][safepoint   ] Safepoint "ICBufferFull", Time since last: 901337 ns, Reaching safepoint: 30645 ns, At safepoint: 2704 ns, Total: 33349 ns
[2022-09-22T17:22:21.885+0000][18056][safepoint   ] Safepoint "ICBufferFull", Time since last: 858543 ns, Reaching safepoint: 182122 ns, At safepoint: 15291 ns, Total: 197413 ns
[2022-09-22T17:22:21.886+0000][18056][safepoint   ] Safepoint "ICBufferFull", Time since last: 1102909 ns, Reaching safepoint: 20617 ns, At safepoint: 2767 ns, Total: 23384 ns
[2022-09-22T17:22:21.886+0000][18056][safepoint   ] Safepoint "ICBufferFull", Time since last: 747047 ns, Reaching safepoint: 74592 ns, At safepoint: 9397 ns, Total: 83989 ns
[2022-09-22T17:22:21.887+0000][18056][safepoint   ] Safepoint "ICBufferFull", Time since last: 782500 ns, Reaching safepoint: 17484 ns, At safepoint: 7988 ns, Total: 25472 ns
[2022-09-22T17:22:21.888+0000][18056][safepoint   ] Safepoint "ICBufferFull", Time since last: 972267 ns, Reaching safepoint: 56431 ns, At safepoint: 9635 ns, Total: 66066 ns
[2022-09-22T17:22:21.891+0000][18056][safepoint   ] Safepoint "ICBufferFull", Time since last: 2800611 ns, Reaching safepoint: 26525 ns, At safepoint: 3550 ns, Total: 30075 ns
[2022-09-22T17:22:21.892+0000][18056][safepoint   ] Safepoint "ICBufferFull", Time since last: 956206 ns, Reaching safepoint: 14469 ns, At safepoint: 1970 ns, Total: 16439 ns
[2022-09-22T17:22:22.008+0000][18056][safepoint   ] Safepoint "ICBufferFull", Time since last: 115351865 ns, Reaching safepoint: 38361 ns, At safepoint: 2282 ns, Total: 40643 ns
[2022-09-22T17:22:22.009+0000][18056][safepoint   ] Safepoint "ICBufferFull", Time since last: 1230084 ns, Reaching safepoint: 25636 ns, At safepoint: 3414 ns, Total: 29050 ns
[2022-09-22T17:22:22.009+0000][18056][safepoint   ] Safepoint "ICBufferFull", Time since last: 538679 ns, Reaching safepoint: 17439 ns, At safepoint: 1821 ns, Total: 19260 ns
[2022-09-22T17:22:22.010+0000][18056][safepoint   ] Safepoint "ICBufferFull", Time since last: 509359 ns, Reaching safepoint: 18004 ns, At safepoint: 2063 ns, Total: 20067 ns
[2022-09-22T17:22:22.010+0000][18056][safepoint   ] Safepoint "ICBufferFull", Time since last: 582308 ns, Reaching safepoint: 17647 ns, At safepoint: 1875 ns, Total: 19522 ns
[2022-09-22T17:22:22.011+0000][18056][safepoint   ] Safepoint "ICBufferFull", Time since last: 772030 ns, Reaching safepoint: 19891 ns, At safepoint: 3197 ns, Total: 23088 ns
[2022-09-22T17:22:22.012+0000][18056][safepoint   ] Safepoint "ICBufferFull", Time since last: 570577 ns, Reaching safepoint: 16103 ns, At safepoint: 8225 ns, Total: 24328 ns
[2022-09-22T17:22:22.013+0000][18056][safepoint   ] Safepoint "ICBufferFull", Time since last: 687984 ns, Reaching safepoint: 17670 ns, At safepoint: 2816 ns, Total: 20486 ns
[2022-09-22T17:22:22.013+0000][18056][safepoint   ] Safepoint "ICBufferFull", Time since last: 567289 ns, Reaching safepoint: 18587 ns, At safepoint: 2017 ns, Total: 20604 ns
[2022-09-22T17:22:22.014+0000][18056][safepoint   ] Safepoint "ICBufferFull", Time since last: 547135 ns, Reaching safepoint: 16271 ns, At safepoint: 1846 ns, Total: 18117 ns
[2022-09-22T17:22:22.014+0000][18056][safepoint   ] Safepoint "ICBufferFull", Time since last: 510586 ns, Reaching safepoint: 16086 ns, At safepoint: 2043 ns, Total: 18129 ns
[2022-09-22T17:22:22.015+0000][18056][safepoint   ] Safepoint "ICBufferFull", Time since last: 529273 ns, Reaching safepoint: 19743 ns, At safepoint: 2716 ns, Total: 22459 ns
[2022-09-22T17:22:22.015+0000][18056][safepoint   ] Safepoint "ICBufferFull", Time since last: 545177 ns, Reaching safepoint: 12866 ns, At safepoint: 1329 ns, Total: 14195 ns
[2022-09-22T17:22:22.016+0000][18056][safepoint   ] Safepoint "ICBufferFull", Time since last: 548734 ns, Reaching safepoint: 14632 ns, At safepoint: 1974 ns, Total: 16606 ns
[2022-09-22T17:22:22.016+0000][18056][safepoint   ] Safepoint "ICBufferFull", Time since last: 513029 ns, Reaching safepoint: 17140 ns, At safepoint: 1810 ns, Total: 18950 ns
[2022-09-22T17:22:22.017+0000][18056][safepoint   ] Safepoint "ICBufferFull", Time since last: 485776 ns, Reaching safepoint: 14698 ns, At safepoint: 1261 ns, Total: 15959 ns
[2022-09-22T17:22:22.018+0000][18056][safepoint   ] Safepoint "ICBufferFull", Time since last: 522563 ns, Reaching safepoint: 10997 ns, At safepoint: 1180 ns, Total: 12177 ns
[2022-09-22T17:22:22.018+0000][18056][safepoint   ] Safepoint "ICBufferFull", Time since last: 514077 ns, Reaching safepoint: 10747 ns, At safepoint: 1170 ns, Total: 11917 ns
[2022-09-22T17:22:22.019+0000][18056][safepoint   ] Safepoint "ICBufferFull", Time since last: 536797 ns, Reaching safepoint: 100567 ns, At safepoint: 32894 ns, Total: 133461 ns
[2022-09-22T17:22:22.020+0000][18056][safepoint   ] Safepoint "ICBufferFull", Time since last: 1190108 ns, Reaching safepoint: 18545 ns, At safepoint: 1798 ns, Total: 20343 ns
[2022-09-22T17:22:22.021+0000][18056][safepoint   ] Safepoint "ICBufferFull", Time since last: 559101 ns, Reaching safepoint: 14909 ns, At safepoint: 39068 ns, Total: 53977 ns
[2022-09-22T17:22:22.744+0000][18056][gc,start    ] GC(0) Pause Young (Normal) (G1 Evacuation Pause)
[2022-09-22T17:22:22.745+0000][18056][gc,task     ] GC(0) Using 10 workers of 10 for evacuation
[2022-09-22T17:22:22.745+0000][18056][gc,age      ] GC(0) Desired survivor size 27262976 bytes, new threshold 15 (max threshold 15)
[2022-09-22T17:22:22.761+0000][18056][gc,age      ] GC(0) Age table with threshold 15 (max threshold 15)
[2022-09-22T17:22:22.761+0000][18056][gc,age      ] GC(0) - age   1:   14112040 bytes,   14112040 total
[2022-09-22T17:22:22.761+0000][18056][gc,phases   ] GC(0)   Pre Evacuate Collection Set: 0.2ms
[2022-09-22T17:22:22.761+0000][18056][gc,phases   ] GC(0)   Merge Heap Roots: 0.6ms
[2022-09-22T17:22:22.761+0000][18056][gc,phases   ] GC(0)   Evacuate Collection Set: 13.0ms
[2022-09-22T17:22:22.761+0000][18056][gc,phases   ] GC(0)   Post Evacuate Collection Set: 1.0ms
[2022-09-22T17:22:22.761+0000][18056][gc,phases   ] GC(0)   Other: 1.5ms
[2022-09-22T17:22:22.761+0000][18056][gc,heap     ] GC(0) Eden regions: 102->0(98)
[2022-09-22T17:22:22.761+0000][18056][gc,heap     ] GC(0) Survivor regions: 0->4(13)
[2022-09-22T17:22:22.761+0000][18056][gc,heap     ] GC(0) Old regions: 0->0
[2022-09-22T17:22:22.761+0000][18056][gc,heap     ] GC(0) Archive regions: 2->2
[2022-09-22T17:22:22.761+0000][18056][gc,heap     ] GC(0) Humongous regions: 0->0
[2022-09-22T17:22:22.761+0000][18056][gc,metaspace] GC(0) Metaspace: 18712K(19008K)->18712K(19008K) NonClass: 16462K(16640K)->16462K(16640K) Class: 2250K(2368K)->2250K(2368K)
[2022-09-22T17:22:22.761+0000][18056][gc          ] GC(0) Pause Young (Normal) (G1 Evacuation Pause) 411M->17M(8192M) 16.855ms
[2022-09-22T17:22:22.761+0000][18056][gc,cpu      ] GC(0) User=0.05s Sys=0.05s Real=0.02s
[2022-09-22T17:22:22.761+0000][18056][safepoint   ] Safepoint "G1CollectForAllocation", Time since last: 722860681 ns, Reaching safepoint: 80418 ns, At safepoint: 17831994 ns, Total: 17912412 ns
[2022-09-22T17:22:23.766+0000][18056][safepoint   ] Safepoint "Cleanup", Time since last: 1004332103 ns, Reaching safepoint: 69219 ns, At safepoint: 15961 ns, Total: 85180 ns
[2022-09-22T17:22:24.045+0000][18056][gc,start    ] GC(1) Pause Young (Normal) (G1 Evacuation Pause)
[2022-09-22T17:22:24.045+0000][18056][gc,task     ] GC(1) Using 10 workers of 10 for evacuation
[2022-09-22T17:22:24.045+0000][18056][gc,age      ] GC(1) Desired survivor size 27262976 bytes, new threshold 15 (max threshold 15)
[2022-09-22T17:22:24.066+0000][18056][gc,age      ] GC(1) Age table with threshold 15 (max threshold 15)
[2022-09-22T17:22:24.066+0000][18056][gc,age      ] GC(1) - age   1:    4210616 bytes,    4210616 total
[2022-09-22T17:22:24.066+0000][18056][gc,age      ] GC(1) - age   2:   12774768 bytes,   16985384 total
[2022-09-22T17:22:24.067+0000][18056][gc,phases   ] GC(1)   Pre Evacuate Collection Set: 0.2ms
[2022-09-22T17:22:24.067+0000][18056][gc,phases   ] GC(1)   Merge Heap Roots: 0.1ms
[2022-09-22T17:22:24.067+0000][18056][gc,phases   ] GC(1)   Evacuate Collection Set: 19.2ms
[2022-09-22T17:22:24.067+0000][18056][gc,phases   ] GC(1)   Post Evacuate Collection Set: 2.0ms
[2022-09-22T17:22:24.067+0000][18056][gc,phases   ] GC(1)   Other: 0.4ms
[2022-09-22T17:22:24.067+0000][18056][gc,heap     ] GC(1) Eden regions: 98->0(97)
[2022-09-22T17:22:24.067+0000][18056][gc,heap     ] GC(1) Survivor regions: 4->5(13)
[2022-09-22T17:22:24.067+0000][18056][gc,heap     ] GC(1) Old regions: 0->0
[2022-09-22T17:22:24.067+0000][18056][gc,heap     ] GC(1) Archive regions: 2->2
[2022-09-22T17:22:24.067+0000][18056][gc,heap     ] GC(1) Humongous regions: 0->0
[2022-09-22T17:22:24.067+0000][18056][gc,metaspace] GC(1) Metaspace: 19798K(20288K)->19798K(20288K) NonClass: 17394K(17664K)->17394K(17664K) Class: 2404K(2624K)->2404K(2624K)
[2022-09-22T17:22:24.067+0000][18056][gc          ] GC(1) Pause Young (Normal) (G1 Evacuation Pause) 409M->21M(8192M) 22.094ms
[2022-09-22T17:22:24.067+0000][18056][gc,cpu      ] GC(1) User=0.05s Sys=0.00s Real=0.02s
[2022-09-22T17:22:24.067+0000][18056][safepoint   ] Safepoint "G1CollectForAllocation", Time since last: 278819647 ns, Reaching safepoint: 59845 ns, At safepoint: 22435214 ns, Total: 22495059 ns
[2022-09-22T17:22:24.987+0000][18056][gc,start    ] GC(2) Pause Young (Normal) (G1 Evacuation Pause)
[2022-09-22T17:22:24.988+0000][18056][gc,task     ] GC(2) Using 10 workers of 10 for evacuation
[2022-09-22T17:22:24.988+0000][18056][gc,age      ] GC(2) Desired survivor size 27262976 bytes, new threshold 15 (max threshold 15)
[2022-09-22T17:22:24.996+0000][18056][gc,age      ] GC(2) Age table with threshold 15 (max threshold 15)
[2022-09-22T17:22:24.996+0000][18056][gc,age      ] GC(2) - age   1:    2516288 bytes,    2516288 total
[2022-09-22T17:22:24.996+0000][18056][gc,age      ] GC(2) - age   2:    3351256 bytes,    5867544 total
[2022-09-22T17:22:24.996+0000][18056][gc,age      ] GC(2) - age   3:   12774416 bytes,   18641960 total
[2022-09-22T17:22:24.996+0000][18056][gc,phases   ] GC(2)   Pre Evacuate Collection Set: 0.7ms
[2022-09-22T17:22:24.996+0000][18056][gc,phases   ] GC(2)   Merge Heap Roots: 0.1ms
[2022-09-22T17:22:24.996+0000][18056][gc,phases   ] GC(2)   Evacuate Collection Set: 6.6ms
[2022-09-22T17:22:24.996+0000][18056][gc,phases   ] GC(2)   Post Evacuate Collection Set: 0.9ms
[2022-09-22T17:22:24.996+0000][18056][gc,phases   ] GC(2)   Other: 0.4ms
[2022-09-22T17:22:24.996+0000][18056][gc,heap     ] GC(2) Eden regions: 97->0(106)
[2022-09-22T17:22:24.996+0000][18056][gc,heap     ] GC(2) Survivor regions: 5->5(13)
[2022-09-22T17:22:24.996+0000][18056][gc,heap     ] GC(2) Old regions: 0->0
[2022-09-22T17:22:24.996+0000][18056][gc,heap     ] GC(2) Archive regions: 2->2
[2022-09-22T17:22:24.996+0000][18056][gc,heap     ] GC(2) Humongous regions: 0->0
[2022-09-22T17:22:24.996+0000][18056][gc,metaspace] GC(2) Metaspace: 20245K(20736K)->20245K(20736K) NonClass: 17760K(18048K)->17760K(18048K) Class: 2485K(2688K)->2485K(2688K)
[2022-09-22T17:22:24.996+0000][18056][gc          ] GC(2) Pause Young (Normal) (G1 Evacuation Pause) 409M->23M(8192M) 8.685ms
[2022-09-22T17:22:24.996+0000][18056][gc,cpu      ] GC(2) User=0.04s Sys=0.00s Real=0.01s
[2022-09-22T17:22:24.996+0000][18056][safepoint   ] Safepoint "G1CollectForAllocation", Time since last: 920315559 ns, Reaching safepoint: 123949 ns, At safepoint: 8762669 ns, Total: 8886618 ns
[2022-09-22T17:22:25.161+0000][18056][gc,start    ] GC(3) Pause Young (Concurrent Start) (Metadata GC Threshold)
[2022-09-22T17:22:25.161+0000][18056][gc,task     ] GC(3) Using 10 workers of 10 for evacuation
[2022-09-22T17:22:25.161+0000][18056][gc,age      ] GC(3) Desired survivor size 29360128 bytes, new threshold 15 (max threshold 15)
[2022-09-22T17:22:25.169+0000][18056][gc,age      ] GC(3) Age table with threshold 15 (max threshold 15)
[2022-09-22T17:22:25.169+0000][18056][gc,age      ] GC(3) - age   1:    1248416 bytes,    1248416 total
[2022-09-22T17:22:25.169+0000][18056][gc,age      ] GC(3) - age   2:     901424 bytes,    2149840 total
[2022-09-22T17:22:25.169+0000][18056][gc,age      ] GC(3) - age   3:    3350216 bytes,    5500056 total
[2022-09-22T17:22:25.169+0000][18056][gc,age      ] GC(3) - age   4:   12774288 bytes,   18274344 total
[2022-09-22T17:22:25.169+0000][18056][gc,phases   ] GC(3)   Pre Evacuate Collection Set: 0.2ms
[2022-09-22T17:22:25.169+0000][18056][gc,phases   ] GC(3)   Merge Heap Roots: 0.1ms
[2022-09-22T17:22:25.169+0000][18056][gc,phases   ] GC(3)   Evacuate Collection Set: 5.0ms
[2022-09-22T17:22:25.169+0000][18056][gc,phases   ] GC(3)   Post Evacuate Collection Set: 0.5ms
[2022-09-22T17:22:25.169+0000][18056][gc,phases   ] GC(3)   Other: 2.1ms
[2022-09-22T17:22:25.169+0000][18056][gc,heap     ] GC(3) Eden regions: 9->0(122)
[2022-09-22T17:22:25.169+0000][18056][gc,heap     ] GC(3) Survivor regions: 5->5(14)
[2022-09-22T17:22:25.169+0000][18056][gc,heap     ] GC(3) Old regions: 0->0
[2022-09-22T17:22:25.169+0000][18056][gc,heap     ] GC(3) Archive regions: 2->2
[2022-09-22T17:22:25.169+0000][18056][gc,heap     ] GC(3) Humongous regions: 0->0
[2022-09-22T17:22:25.169+0000][18056][gc,metaspace] GC(3) Metaspace: 20808K(21248K)->20808K(21248K) NonClass: 18253K(18496K)->18253K(18496K) Class: 2554K(2752K)->2554K(2752K)
[2022-09-22T17:22:25.169+0000][18056][gc          ] GC(3) Pause Young (Concurrent Start) (Metadata GC Threshold) 57M->23M(8192M) 8.033ms
[2022-09-22T17:22:25.169+0000][18056][gc,cpu      ] GC(3) User=0.04s Sys=0.00s Real=0.00s
[2022-09-22T17:22:25.169+0000][18056][safepoint   ] Safepoint "CollectForMetadataAllocation", Time since last: 164845147 ns, Reaching safepoint: 50701 ns, At safepoint: 8193467 ns, Total: 8244168 ns
[2022-09-22T17:22:25.169+0000][18056][gc          ] GC(4) Concurrent Mark Cycle
[2022-09-22T17:22:25.169+0000][18056][gc,marking  ] GC(4) Concurrent Clear Claimed Marks
[2022-09-22T17:22:25.169+0000][18056][gc,marking  ] GC(4) Concurrent Clear Claimed Marks 0.048ms
[2022-09-22T17:22:25.169+0000][18056][gc,marking  ] GC(4) Concurrent Scan Root Regions
[2022-09-22T17:22:25.174+0000][18056][gc,marking  ] GC(4) Concurrent Scan Root Regions 4.395ms
[2022-09-22T17:22:25.174+0000][18056][gc,marking  ] GC(4) Concurrent Mark
[2022-09-22T17:22:25.174+0000][18056][gc,marking  ] GC(4) Concurrent Mark From Roots
[2022-09-22T17:22:25.174+0000][18056][gc,task     ] GC(4) Using 3 workers of 3 for marking
[2022-09-22T17:22:25.176+0000][18056][gc,marking  ] GC(4) Concurrent Mark From Roots 2.321ms
[2022-09-22T17:22:25.176+0000][18056][gc,marking  ] GC(4) Concurrent Preclean
[2022-09-22T17:22:25.176+0000][18056][gc,marking  ] GC(4) Concurrent Preclean 0.038ms
[2022-09-22T17:22:25.176+0000][18056][gc,start    ] GC(4) Pause Remark
[2022-09-22T17:22:25.178+0000][18056][gc          ] GC(4) Pause Remark 25M->25M(8192M) 1.333ms
[2022-09-22T17:22:25.178+0000][18056][gc,cpu      ] GC(4) User=0.00s Sys=0.00s Real=0.00s
[2022-09-22T17:22:25.178+0000][18056][safepoint   ] Safepoint "G1Concurrent", Time since last: 7000723 ns, Reaching safepoint: 55766 ns, At safepoint: 1426919 ns, Total: 1482685 ns
[2022-09-22T17:22:25.178+0000][18056][gc,marking  ] GC(4) Concurrent Mark 3.954ms
[2022-09-22T17:22:25.178+0000][18056][gc,marking  ] GC(4) Concurrent Rebuild Remembered Sets
[2022-09-22T17:22:25.178+0000][18056][gc,marking  ] GC(4) Concurrent Rebuild Remembered Sets 0.573ms
[2022-09-22T17:22:25.179+0000][18056][gc,start    ] GC(4) Pause Cleanup
[2022-09-22T17:22:25.179+0000][18056][gc          ] GC(4) Pause Cleanup 25M->25M(8192M) 0.152ms
[2022-09-22T17:22:25.179+0000][18056][gc,cpu      ] GC(4) User=0.00s Sys=0.00s Real=0.00s
[2022-09-22T17:22:25.179+0000][18056][safepoint   ] Safepoint "G1Concurrent", Time since last: 680787 ns, Reaching safepoint: 46049 ns, At safepoint: 198752 ns, Total: 244801 ns
[2022-09-22T17:22:25.179+0000][18056][gc,marking  ] GC(4) Concurrent Cleanup for Next Mark
[2022-09-22T17:22:25.192+0000][18056][gc,marking  ] GC(4) Concurrent Cleanup for Next Mark 12.870ms
[2022-09-22T17:22:25.192+0000][18056][gc          ] GC(4) Concurrent Mark Cycle 22.682ms
[2022-09-22T17:22:25.918+0000][18056][gc,start    ] GC(5) Pause Young (Normal) (G1 Evacuation Pause)
[2022-09-22T17:22:25.918+0000][18056][gc,task     ] GC(5) Using 10 workers of 10 for evacuation
[2022-09-22T17:22:25.918+0000][18056][gc,age      ] GC(5) Desired survivor size 35651584 bytes, new threshold 15 (max threshold 15)
[2022-09-22T17:22:25.938+0000][18056][gc,age      ] GC(5) Age table with threshold 15 (max threshold 15)
[2022-09-22T17:22:25.938+0000][18056][gc,age      ] GC(5) - age   1:    2644736 bytes,    2644736 total
[2022-09-22T17:22:25.938+0000][18056][gc,age      ] GC(5) - age   2:    1222720 bytes,    3867456 total
[2022-09-22T17:22:25.938+0000][18056][gc,age      ] GC(5) - age   3:     899128 bytes,    4766584 total
[2022-09-22T17:22:25.938+0000][18056][gc,age      ] GC(5) - age   4:    3350152 bytes,    8116736 total
[2022-09-22T17:22:25.938+0000][18056][gc,age      ] GC(5) - age   5:   12772224 bytes,   20888960 total
[2022-09-22T17:22:25.938+0000][18056][gc,phases   ] GC(5)   Pre Evacuate Collection Set: 0.2ms
[2022-09-22T17:22:25.938+0000][18056][gc,phases   ] GC(5)   Merge Heap Roots: 0.1ms
[2022-09-22T17:22:25.938+0000][18056][gc,phases   ] GC(5)   Evacuate Collection Set: 19.0ms
[2022-09-22T17:22:25.938+0000][18056][gc,phases   ] GC(5)   Post Evacuate Collection Set: 0.8ms
[2022-09-22T17:22:25.938+0000][18056][gc,phases   ] GC(5)   Other: 0.3ms
[2022-09-22T17:22:25.938+0000][18056][gc,heap     ] GC(5) Eden regions: 129->0(202)
[2022-09-22T17:22:25.938+0000][18056][gc,heap     ] GC(5) Survivor regions: 5->6(17)
[2022-09-22T17:22:25.938+0000][18056][gc,heap     ] GC(5) Old regions: 0->0
[2022-09-22T17:22:25.938+0000][18056][gc,heap     ] GC(5) Archive regions: 2->2
[2022-09-22T17:22:25.938+0000][18056][gc,heap     ] GC(5) Humongous regions: 0->0
[2022-09-22T17:22:25.938+0000][18056][gc,metaspace] GC(5) Metaspace: 21504K(22080K)->21504K(22080K) NonClass: 18851K(19200K)->18851K(19200K) Class: 2652K(2880K)->2652K(2880K)
[2022-09-22T17:22:25.938+0000][18056][gc          ] GC(5) Pause Young (Normal) (G1 Evacuation Pause) 539M->25M(8192M) 20.603ms
[2022-09-22T17:22:25.938+0000][18056][gc,cpu      ] GC(5) User=0.08s Sys=0.06s Real=0.02s
[2022-09-22T17:22:25.938+0000][18056][safepoint   ] Safepoint "G1CollectForAllocation", Time since last: 738997524 ns, Reaching safepoint: 49020 ns, At safepoint: 20702091 ns, Total: 20751111 ns
[2022-09-22T17:22:26.705+0000][18056][safepoint   ] Safepoint "ICBufferFull", Time since last: 766967518 ns, Reaching safepoint: 105151 ns, At safepoint: 3790 ns, Total: 108941 ns
[2022-09-22T17:22:27.190+0000][18056][safepoint   ] Safepoint "ICBufferFull", Time since last: 484440250 ns, Reaching safepoint: 353379 ns, At safepoint: 13147 ns, Total: 366526 ns
[2022-09-22T17:22:28.195+0000][18056][safepoint   ] Safepoint "Cleanup", Time since last: 1004491237 ns, Reaching safepoint: 91782 ns, At safepoint: 11472 ns, Total: 103254 ns
[2022-09-22T17:22:29.029+0000][18056][gc,start    ] GC(6) Pause Young (Concurrent Start) (Metadata GC Threshold)
[2022-09-22T17:22:29.029+0000][18056][gc,task     ] GC(6) Using 10 workers of 10 for evacuation
[2022-09-22T17:22:29.029+0000][18056][gc,age      ] GC(6) Desired survivor size 54525952 bytes, new threshold 15 (max threshold 15)
[2022-09-22T17:22:29.056+0000][18056][gc,age      ] GC(6) Age table with threshold 15 (max threshold 15)
[2022-09-22T17:22:29.056+0000][18056][gc,age      ] GC(6) - age   1:   40266392 bytes,   40266392 total
[2022-09-22T17:22:29.056+0000][18056][gc,age      ] GC(6) - age   2:    1739240 bytes,   42005632 total
[2022-09-22T17:22:29.056+0000][18056][gc,age      ] GC(6) - age   3:    1215776 bytes,   43221408 total
[2022-09-22T17:22:29.056+0000][18056][gc,age      ] GC(6) - age   4:     881904 bytes,   44103312 total
[2022-09-22T17:22:29.056+0000][18056][gc,age      ] GC(6) - age   5:    3313256 bytes,   47416568 total
[2022-09-22T17:22:29.056+0000][18056][gc,age      ] GC(6) - age   6:   12621520 bytes,   60038088 total
[2022-09-22T17:22:29.056+0000][18056][gc,phases   ] GC(6)   Pre Evacuate Collection Set: 0.2ms
[2022-09-22T17:22:29.056+0000][18056][gc,phases   ] GC(6)   Merge Heap Roots: 0.1ms
[2022-09-22T17:22:29.056+0000][18056][gc,phases   ] GC(6)   Evacuate Collection Set: 24.1ms
[2022-09-22T17:22:29.056+0000][18056][gc,phases   ] GC(6)   Post Evacuate Collection Set: 2.1ms
[2022-09-22T17:22:29.056+0000][18056][gc,phases   ] GC(6)   Other: 0.4ms
[2022-09-22T17:22:29.056+0000][18056][gc,heap     ] GC(6) Eden regions: 90->0(183)
[2022-09-22T17:22:29.056+0000][18056][gc,heap     ] GC(6) Survivor regions: 6->15(26)
[2022-09-22T17:22:29.056+0000][18056][gc,heap     ] GC(6) Old regions: 0->0
[2022-09-22T17:22:29.056+0000][18056][gc,heap     ] GC(6) Archive regions: 2->2
[2022-09-22T17:22:29.056+0000][18056][gc,heap     ] GC(6) Humongous regions: 0->0
[2022-09-22T17:22:29.056+0000][18056][gc,metaspace] GC(6) Metaspace: 34633K(35520K)->34633K(35520K) NonClass: 30145K(30656K)->30145K(30656K) Class: 4487K(4864K)->4487K(4864K)
[2022-09-22T17:22:29.056+0000][18056][gc          ] GC(6) Pause Young (Concurrent Start) (Metadata GC Threshold) 385M->63M(8192M) 27.087ms
[2022-09-22T17:22:29.056+0000][18056][gc,cpu      ] GC(6) User=0.22s Sys=0.01s Real=0.03s
[2022-09-22T17:22:29.056+0000][18056][gc          ] GC(7) Concurrent Mark Cycle
[2022-09-22T17:22:29.056+0000][18056][gc,marking  ] GC(7) Concurrent Clear Claimed Marks
[2022-09-22T17:22:29.056+0000][18056][safepoint   ] Safepoint "CollectForMetadataAllocation", Time since last: 833994336 ns, Reaching safepoint: 86261 ns, At safepoint: 27268442 ns, Total: 27354703 ns
[2022-09-22T17:22:29.056+0000][18056][gc,marking  ] GC(7) Concurrent Clear Claimed Marks 0.048ms
[2022-09-22T17:22:29.056+0000][18056][gc,marking  ] GC(7) Concurrent Scan Root Regions
[2022-09-22T17:22:29.078+0000][18056][gc,marking  ] GC(7) Concurrent Scan Root Regions 22.135ms
[2022-09-22T17:22:29.078+0000][18056][gc,marking  ] GC(7) Concurrent Mark
[2022-09-22T17:22:29.078+0000][18056][gc,marking  ] GC(7) Concurrent Mark From Roots
[2022-09-22T17:22:29.078+0000][18056][gc,task     ] GC(7) Using 3 workers of 3 for marking
[2022-09-22T17:22:29.079+0000][18056][safepoint   ] Safepoint "CollectForMetadataAllocation", Time since last: 22469668 ns, Reaching safepoint: 76648 ns, At safepoint: 79735 ns, Total: 156383 ns
[2022-09-22T17:22:29.080+0000][18056][gc,marking  ] GC(7) Concurrent Mark From Roots 1.956ms
[2022-09-22T17:22:29.080+0000][18056][gc,marking  ] GC(7) Concurrent Preclean
[2022-09-22T17:22:29.081+0000][18056][gc,marking  ] GC(7) Concurrent Preclean 0.049ms
[2022-09-22T17:22:29.081+0000][18056][gc,start    ] GC(7) Pause Remark
[2022-09-22T17:22:29.084+0000][18056][gc          ] GC(7) Pause Remark 65M->65M(8192M) 3.170ms
[2022-09-22T17:22:29.084+0000][18056][gc,cpu      ] GC(7) User=0.01s Sys=0.00s Real=0.00s
[2022-09-22T17:22:29.084+0000][18056][safepoint   ] Safepoint "G1Concurrent", Time since last: 1832640 ns, Reaching safepoint: 521465 ns, At safepoint: 3303165 ns, Total: 3824630 ns
[2022-09-22T17:22:29.085+0000][18056][gc,marking  ] GC(7) Concurrent Mark 6.082ms
[2022-09-22T17:22:29.085+0000][18056][gc,marking  ] GC(7) Concurrent Rebuild Remembered Sets
[2022-09-22T17:22:29.085+0000][18056][gc,marking  ] GC(7) Concurrent Rebuild Remembered Sets 0.835ms
[2022-09-22T17:22:29.088+0000][18056][gc,start    ] GC(7) Pause Cleanup
[2022-09-22T17:22:29.088+0000][18056][gc          ] GC(7) Pause Cleanup 65M->65M(8192M) 0.454ms
[2022-09-22T17:22:29.088+0000][18056][gc,cpu      ] GC(7) User=0.00s Sys=0.00s Real=0.00s
[2022-09-22T17:22:29.088+0000][18056][safepoint   ] Safepoint "G1Concurrent", Time since last: 985763 ns, Reaching safepoint: 2217089 ns, At safepoint: 602017 ns, Total: 2819106 ns
[2022-09-22T17:22:29.088+0000][18056][gc,marking  ] GC(7) Concurrent Cleanup for Next Mark
[2022-09-22T17:22:29.105+0000][18056][gc,marking  ] GC(7) Concurrent Cleanup for Next Mark 16.328ms
[2022-09-22T17:22:29.105+0000][18056][gc          ] GC(7) Concurrent Mark Cycle 48.599ms
[2022-09-22T17:22:30.326+0000][18056][safepoint   ] Safepoint "ICBufferFull", Time since last: 1237759700 ns, Reaching safepoint: 106243 ns, At safepoint: 44298 ns, Total: 150541 ns
[2022-09-22T17:22:31.097+0000][18056][safepoint   ] Safepoint "ICBufferFull", Time since last: 770047648 ns, Reaching safepoint: 315606 ns, At safepoint: 63281 ns, Total: 378887 ns
[2022-09-22T17:22:31.385+0000][18056][gc,start    ] GC(8) Pause Young (Concurrent Start) (Metadata GC Threshold)
[2022-09-22T17:22:31.385+0000][18056][gc,task     ] GC(8) Using 10 workers of 10 for evacuation
[2022-09-22T17:22:31.385+0000][18056][gc,age      ] GC(8) Desired survivor size 60817408 bytes, new threshold 15 (max threshold 15)
[2022-09-22T17:22:31.407+0000][18056][gc,age      ] GC(8) Age table with threshold 15 (max threshold 15)
[2022-09-22T17:22:31.407+0000][18056][gc,age      ] GC(8) - age   1:   10148376 bytes,   10148376 total
[2022-09-22T17:22:31.407+0000][18056][gc,age      ] GC(8) - age   2:   39986120 bytes,   50134496 total
[2022-09-22T17:22:31.408+0000][18056][gc,age      ] GC(8) - age   3:    1725568 bytes,   51860064 total
[2022-09-22T17:22:31.409+0000][18056][gc,age      ] GC(8) - age   4:    1214128 bytes,   53074192 total
[2022-09-22T17:22:31.409+0000][18056][gc,age      ] GC(8) - age   5:     869232 bytes,   53943424 total
[2022-09-22T17:22:31.409+0000][18056][gc,age      ] GC(8) - age   6:    3299464 bytes,   57242888 total
[2022-09-22T17:22:31.409+0000][18056][gc,age      ] GC(8) - age   7:   12559456 bytes,   69802344 total
[2022-09-22T17:22:31.409+0000][18056][gc,phases   ] GC(8)   Pre Evacuate Collection Set: 0.1ms
[2022-09-22T17:22:31.409+0000][18056][gc,phases   ] GC(8)   Merge Heap Roots: 0.1ms
[2022-09-22T17:22:31.409+0000][18056][gc,phases   ] GC(8)   Evacuate Collection Set: 19.6ms
[2022-09-22T17:22:31.409+0000][18056][gc,phases   ] GC(8)   Post Evacuate Collection Set: 1.9ms
[2022-09-22T17:22:31.409+0000][18056][gc,phases   ] GC(8)   Other: 1.8ms
[2022-09-22T17:22:31.409+0000][18056][gc,heap     ] GC(8) Eden regions: 95->0(84)
[2022-09-22T17:22:31.409+0000][18056][gc,heap     ] GC(8) Survivor regions: 15->18(29)
[2022-09-22T17:22:31.409+0000][18056][gc,heap     ] GC(8) Old regions: 0->0
[2022-09-22T17:22:31.409+0000][18056][gc,heap     ] GC(8) Archive regions: 2->2
[2022-09-22T17:22:31.409+0000][18056][gc,heap     ] GC(8) Humongous regions: 0->0
[2022-09-22T17:22:31.409+0000][18056][gc,metaspace] GC(8) Metaspace: 58698K(59840K)->58698K(59840K) NonClass: 50880K(51520K)->50880K(51520K) Class: 7817K(8320K)->7817K(8320K)
[2022-09-22T17:22:31.409+0000][18056][gc          ] GC(8) Pause Young (Concurrent Start) (Metadata GC Threshold) 443M->74M(8192M) 23.791ms
[2022-09-22T17:22:31.409+0000][18056][gc,cpu      ] GC(8) User=0.18s Sys=0.01s Real=0.02s
[2022-09-22T17:22:31.409+0000][18056][gc          ] GC(9) Concurrent Mark Cycle
[2022-09-22T17:22:31.409+0000][18056][gc,marking  ] GC(9) Concurrent Clear Claimed Marks
[2022-09-22T17:22:31.409+0000][18056][safepoint   ] Safepoint "CollectForMetadataAllocation", Time since last: 288523814 ns, Reaching safepoint: 111963 ns, At safepoint: 23980593 ns, Total: 24092556 ns
[2022-09-22T17:22:31.409+0000][18056][gc,marking  ] GC(9) Concurrent Clear Claimed Marks 0.034ms
[2022-09-22T17:22:31.409+0000][18056][gc,marking  ] GC(9) Concurrent Scan Root Regions
[2022-09-22T17:22:31.423+0000][18056][gc,marking  ] GC(9) Concurrent Scan Root Regions 13.480ms
[2022-09-22T17:22:31.423+0000][18056][gc,marking  ] GC(9) Concurrent Mark
[2022-09-22T17:22:31.423+0000][18056][gc,marking  ] GC(9) Concurrent Mark From Roots
[2022-09-22T17:22:31.423+0000][18056][gc,task     ] GC(9) Using 3 workers of 3 for marking
[2022-09-22T17:22:31.424+0000][18056][gc,marking  ] GC(9) Concurrent Mark From Roots 1.053ms
[2022-09-22T17:22:31.424+0000][18056][gc,marking  ] GC(9) Concurrent Preclean
[2022-09-22T17:22:31.424+0000][18056][gc,marking  ] GC(9) Concurrent Preclean 0.024ms
[2022-09-22T17:22:31.424+0000][18056][gc,start    ] GC(9) Pause Remark
[2022-09-22T17:22:31.426+0000][18056][gc          ] GC(9) Pause Remark 76M->76M(8192M) 1.844ms
[2022-09-22T17:22:31.426+0000][18056][gc,cpu      ] GC(9) User=0.01s Sys=0.00s Real=0.00s
[2022-09-22T17:22:31.426+0000][18056][safepoint   ] Safepoint "G1Concurrent", Time since last: 14691569 ns, Reaching safepoint: 55826 ns, At safepoint: 1925704 ns, Total: 1981530 ns
[2022-09-22T17:22:31.426+0000][18056][gc,marking  ] GC(9) Concurrent Mark 3.140ms
[2022-09-22T17:22:31.426+0000][18056][gc,marking  ] GC(9) Concurrent Rebuild Remembered Sets
[2022-09-22T17:22:31.426+0000][18056][gc,marking  ] GC(9) Concurrent Rebuild Remembered Sets 0.390ms
[2022-09-22T17:22:31.426+0000][18056][gc,start    ] GC(9) Pause Cleanup
[2022-09-22T17:22:31.426+0000][18056][gc          ] GC(9) Pause Cleanup 76M->76M(8192M) 0.132ms
[2022-09-22T17:22:31.426+0000][18056][gc,cpu      ] GC(9) User=0.00s Sys=0.00s Real=0.00s
[2022-09-22T17:22:31.426+0000][18056][safepoint   ] Safepoint "G1Concurrent", Time since last: 438449 ns, Reaching safepoint: 25856 ns, At safepoint: 161969 ns, Total: 187825 ns
[2022-09-22T17:22:31.426+0000][18056][gc,marking  ] GC(9) Concurrent Cleanup for Next Mark
[2022-09-22T17:22:31.439+0000][18056][gc,marking  ] GC(9) Concurrent Cleanup for Next Mark 12.192ms
[2022-09-22T17:22:31.439+0000][18056][gc          ] GC(9) Concurrent Mark Cycle 29.654ms
[2022-09-22T17:22:32.432+0000][18056][safepoint   ] Safepoint "Cleanup", Time since last: 1004864117 ns, Reaching safepoint: 644999 ns, At safepoint: 26472 ns, Total: 671471 ns
[2022-09-22T17:22:33.499+0000][18056][safepoint   ] Safepoint "Cleanup", Time since last: 1066712554 ns, Reaching safepoint: 134832 ns, At safepoint: 4765 ns, Total: 139597 ns
[2022-09-22T17:22:33.963+0000][18056][safepoint   ] Safepoint "ICBufferFull", Time since last: 463750492 ns, Reaching safepoint: 238731 ns, At safepoint: 18080 ns, Total: 256811 ns
[2022-09-22T17:22:34.444+0000][18056][safepoint   ] Safepoint "ICBufferFull", Time since last: 480821760 ns, Reaching safepoint: 141899 ns, At safepoint: 10687 ns, Total: 152586 ns
[2022-09-22T17:22:34.883+0000][18056][safepoint   ] Safepoint "ICBufferFull", Time since last: 439435665 ns, Reaching safepoint: 155886 ns, At safepoint: 4824 ns, Total: 160710 ns
[2022-09-22T17:22:35.219+0000][18056][safepoint   ] Safepoint "ICBufferFull", Time since last: 335028911 ns, Reaching safepoint: 115100 ns, At safepoint: 25399 ns, Total: 140499 ns
[2022-09-22T17:22:35.311+0000][18056][safepoint   ] Safepoint "ICBufferFull", Time since last: 91844173 ns, Reaching safepoint: 137284 ns, At safepoint: 109498 ns, Total: 246782 ns
[2022-09-22T17:22:35.751+0000][18056][safepoint   ] Safepoint "ICBufferFull", Time since last: 440690857 ns, Reaching safepoint: 149675 ns, At safepoint: 17949 ns, Total: 167624 ns
[2022-09-22T17:22:36.250+0000][18056][gc,start    ] GC(10) Pause Young (Normal) (G1 Evacuation Pause)
[2022-09-22T17:22:36.250+0000][18056][gc,task     ] GC(10) Using 10 workers of 10 for evacuation
[2022-09-22T17:22:36.250+0000][18056][gc,age      ] GC(10) Desired survivor size 33554432 bytes, new threshold 2 (max threshold 15)
[2022-09-22T17:22:36.304+0000][18056][gc,age      ] GC(10) Age table with threshold 2 (max threshold 15)
[2022-09-22T17:22:36.304+0000][18056][gc,age      ] GC(10) - age   1:   17157504 bytes,   17157504 total
[2022-09-22T17:22:36.304+0000][18056][gc,age      ] GC(10) - age   2:    9615504 bytes,   26773008 total
[2022-09-22T17:22:36.304+0000][18056][gc,phases   ] GC(10)   Pre Evacuate Collection Set: 0.1ms
[2022-09-22T17:22:36.304+0000][18056][gc,phases   ] GC(10)   Merge Heap Roots: 0.0ms
[2022-09-22T17:22:36.304+0000][18056][gc,phases   ] GC(10)   Evacuate Collection Set: 50.5ms
[2022-09-22T17:22:36.304+0000][18056][gc,phases   ] GC(10)   Post Evacuate Collection Set: 3.1ms
[2022-09-22T17:22:36.304+0000][18056][gc,phases   ] GC(10)   Other: 0.3ms
[2022-09-22T17:22:36.304+0000][18056][gc,heap     ] GC(10) Eden regions: 105->0(364)
[2022-09-22T17:22:36.304+0000][18056][gc,heap     ] GC(10) Survivor regions: 18->8(16)
[2022-09-22T17:22:36.304+0000][18056][gc,heap     ] GC(10) Old regions: 0->15
[2022-09-22T17:22:36.305+0000][18056][gc,heap     ] GC(10) Archive regions: 2->2
[2022-09-22T17:22:36.305+0000][18056][gc,heap     ] GC(10) Humongous regions: 0->0
[2022-09-22T17:22:36.305+0000][18056][gc,metaspace] GC(10) Metaspace: 95038K(96512K)->95038K(96512K) NonClass: 81983K(82816K)->81983K(82816K) Class: 13054K(13696K)->13054K(13696K)
[2022-09-22T17:22:36.305+0000][18056][gc          ] GC(10) Pause Young (Normal) (G1 Evacuation Pause) 494M->93M(8192M) 54.272ms
[2022-09-22T17:22:36.305+0000][18056][gc,cpu      ] GC(10) User=0.26s Sys=0.12s Real=0.05s
[2022-09-22T17:22:36.305+0000][18056][safepoint   ] Safepoint "G1CollectForAllocation", Time since last: 498737067 ns, Reaching safepoint: 89671 ns, At safepoint: 54425989 ns, Total: 54515660 ns
[2022-09-22T17:22:36.931+0000][18056][safepoint   ] Safepoint "ICBufferFull", Time since last: 626069330 ns, Reaching safepoint: 134423 ns, At safepoint: 6696 ns, Total: 141119 ns
[2022-09-22T17:22:37.141+0000][18056][safepoint   ] Safepoint "ICBufferFull", Time since last: 209435448 ns, Reaching safepoint: 194158 ns, At safepoint: 10951 ns, Total: 205109 ns
[2022-09-22T17:22:37.528+0000][18056][gc,start    ] GC(11) Pause Young (Concurrent Start) (Metadata GC Threshold)
[2022-09-22T17:22:37.528+0000][18056][gc,task     ] GC(11) Using 10 workers of 10 for evacuation
[2022-09-22T17:22:37.528+0000][18056][gc,age      ] GC(11) Desired survivor size 98566144 bytes, new threshold 15 (max threshold 15)
[2022-09-22T17:22:37.548+0000][18056][gc,age      ] GC(11) Age table with threshold 15 (max threshold 15)
[2022-09-22T17:22:37.571+0000][18056][gc,age      ] GC(11) - age   1:    7150376 bytes,    7150376 total
[2022-09-22T17:22:37.571+0000][18056][gc,age      ] GC(11) - age   2:   16448664 bytes,   23599040 total
[2022-09-22T17:22:37.571+0000][18056][gc,age      ] GC(11) - age   3:    9520936 bytes,   33119976 total
[2022-09-22T17:22:37.571+0000][18056][gc,phases   ] GC(11)   Pre Evacuate Collection Set: 0.3ms
[2022-09-22T17:22:37.571+0000][18056][gc,phases   ] GC(11)   Merge Heap Roots: 0.1ms
[2022-09-22T17:22:37.571+0000][18056][gc,phases   ] GC(11)   Evacuate Collection Set: 17.4ms
[2022-09-22T17:22:37.571+0000][18056][gc,phases   ] GC(11)   Post Evacuate Collection Set: 1.4ms
[2022-09-22T17:22:37.571+0000][18056][gc,phases   ] GC(11)   Other: 23.9ms
[2022-09-22T17:22:37.571+0000][18056][gc,heap     ] GC(11) Eden regions: 21->0(396)
[2022-09-22T17:22:37.571+0000][18056][gc,heap     ] GC(11) Survivor regions: 8->10(47)
[2022-09-22T17:22:37.571+0000][18056][gc,heap     ] GC(11) Old regions: 15->15
[2022-09-22T17:22:37.571+0000][18056][gc,heap     ] GC(11) Archive regions: 2->2
[2022-09-22T17:22:37.571+0000][18056][gc,heap     ] GC(11) Humongous regions: 2->2
[2022-09-22T17:22:37.571+0000][18056][gc,metaspace] GC(11) Metaspace: 98832K(100288K)->98832K(100288K) NonClass: 85263K(86080K)->85263K(86080K) Class: 13569K(14208K)->13569K(14208K)
[2022-09-22T17:22:37.571+0000][18056][gc          ] GC(11) Pause Young (Concurrent Start) (Metadata GC Threshold) 181M->106M(8192M) 43.456ms
[2022-09-22T17:22:37.571+0000][18056][gc,cpu      ] GC(11) User=0.12s Sys=0.01s Real=0.05s
[2022-09-22T17:22:37.571+0000][18056][gc          ] GC(12) Concurrent Mark Cycle
[2022-09-22T17:22:37.572+0000][18056][gc,marking  ] GC(12) Concurrent Clear Claimed Marks
[2022-09-22T17:22:37.572+0000][18056][gc,marking  ] GC(12) Concurrent Clear Claimed Marks 0.061ms
[2022-09-22T17:22:37.572+0000][18056][gc,marking  ] GC(12) Concurrent Scan Root Regions
[2022-09-22T17:22:37.572+0000][18056][safepoint   ] Safepoint "CollectForMetadataAllocation", Time since last: 387175802 ns, Reaching safepoint: 131927 ns, At safepoint: 43947019 ns, Total: 44078946 ns
[2022-09-22T17:22:37.590+0000][18056][gc,marking  ] GC(12) Concurrent Scan Root Regions 18.578ms
[2022-09-22T17:22:37.606+0000][18056][safepoint   ] Safepoint "CollectForMetadataAllocation", Time since last: 33653042 ns, Reaching safepoint: 110696 ns, At safepoint: 301048 ns, Total: 411744 ns
[2022-09-22T17:22:37.610+0000][18056][gc,marking  ] GC(12) Concurrent Mark
[2022-09-22T17:22:37.638+0000][18056][gc,marking  ] GC(12) Concurrent Mark From Roots
[2022-09-22T17:22:37.667+0000][18056][safepoint   ] Safepoint "CollectForMetadataAllocation", Time since last: 60912948 ns, Reaching safepoint: 56250 ns, At safepoint: 60817 ns, Total: 117067 ns
[2022-09-22T17:22:37.681+0000][18056][gc,task     ] GC(12) Using 3 workers of 3 for marking
[2022-09-22T17:22:37.776+0000][18056][gc,marking  ] GC(12) Concurrent Mark From Roots 137.240ms
[2022-09-22T17:22:37.783+0000][18056][safepoint   ] Safepoint "CollectForMetadataAllocation", Time since last: 116456180 ns, Reaching safepoint: 76219 ns, At safepoint: 73719 ns, Total: 149938 ns
[2022-09-22T17:22:37.798+0000][18056][gc,marking  ] GC(12) Concurrent Preclean
[2022-09-22T17:22:37.799+0000][18056][gc,marking  ] GC(12) Concurrent Preclean 0.424ms
[2022-09-22T17:22:37.800+0000][18056][gc,start    ] GC(12) Pause Remark
[2022-09-22T17:22:37.804+0000][18056][gc          ] GC(12) Pause Remark 134M->134M(8192M) 4.010ms
[2022-09-22T17:22:37.804+0000][18056][gc,cpu      ] GC(12) User=0.01s Sys=0.00s Real=0.00s
[2022-09-22T17:22:37.804+0000][18056][safepoint   ] Safepoint "G1Concurrent", Time since last: 15485301 ns, Reaching safepoint: 522098 ns, At safepoint: 4186057 ns, Total: 4708155 ns
[2022-09-22T17:22:37.804+0000][18056][gc,marking  ] GC(12) Concurrent Mark 193.468ms
[2022-09-22T17:22:37.804+0000][18056][gc,marking  ] GC(12) Concurrent Rebuild Remembered Sets
[2022-09-22T17:22:37.844+0000][18056][gc,marking  ] GC(12) Concurrent Rebuild Remembered Sets 40.258ms
[2022-09-22T17:22:37.847+0000][18056][gc,start    ] GC(12) Pause Cleanup
[2022-09-22T17:22:37.847+0000][18056][gc          ] GC(12) Pause Cleanup 138M->138M(8192M) 0.211ms
[2022-09-22T17:22:37.847+0000][18056][gc,cpu      ] GC(12) User=0.00s Sys=0.00s Real=0.00s
[2022-09-22T17:22:37.847+0000][18056][safepoint   ] Safepoint "G1Concurrent", Time since last: 40623452 ns, Reaching safepoint: 2484177 ns, At safepoint: 312688 ns, Total: 2796865 ns
[2022-09-22T17:22:37.847+0000][18056][gc,marking  ] GC(12) Concurrent Cleanup for Next Mark
[2022-09-22T17:22:37.861+0000][18056][gc,marking  ] GC(12) Concurrent Cleanup for Next Mark 13.748ms
[2022-09-22T17:22:37.861+0000][18056][gc          ] GC(12) Concurrent Mark Cycle 289.446ms
[2022-09-22T17:22:38.638+0000][18056][safepoint   ] Safepoint "ICBufferFull", Time since last: 790516912 ns, Reaching safepoint: 133204 ns, At safepoint: 7353 ns, Total: 140557 ns
[2022-09-22T17:22:39.775+0000][18056][safepoint   ] Safepoint "ICBufferFull", Time since last: 1136818697 ns, Reaching safepoint: 190842 ns, At safepoint: 59541 ns, Total: 250383 ns
[2022-09-22T17:22:40.727+0000][18056][safepoint   ] Safepoint "ICBufferFull", Time since last: 951713668 ns, Reaching safepoint: 439294 ns, At safepoint: 62827 ns, Total: 502121 ns
[2022-09-22T17:22:41.145+0000][18056][safepoint   ] Safepoint "ICBufferFull", Time since last: 417798121 ns, Reaching safepoint: 157754 ns, At safepoint: 13841 ns, Total: 171595 ns
[2022-09-22T17:22:41.432+0000][18056][safepoint   ] Safepoint "ICBufferFull", Time since last: 286945131 ns, Reaching safepoint: 181808 ns, At safepoint: 38569 ns, Total: 220377 ns
[2022-09-22T17:22:42.437+0000][18056][safepoint   ] Safepoint "Cleanup", Time since last: 1005040867 ns, Reaching safepoint: 126858 ns, At safepoint: 9652 ns, Total: 136510 ns
[2022-09-22T17:22:44.444+0000][18056][safepoint   ] Safepoint "Cleanup", Time since last: 2006909162 ns, Reaching safepoint: 56158 ns, At safepoint: 8664 ns, Total: 64822 ns
[2022-09-22T17:22:45.445+0000][18056][safepoint   ] Safepoint "Cleanup", Time since last: 1000890882 ns, Reaching safepoint: 45325 ns, At safepoint: 5612 ns, Total: 50937 ns
[2022-09-22T17:22:46.448+0000][18056][safepoint   ] Safepoint "Cleanup", Time since last: 1002663870 ns, Reaching safepoint: 59148 ns, At safepoint: 8706 ns, Total: 67854 ns
[2022-09-22T17:22:48.298+0000][18056][safepoint   ] Safepoint "Cleanup", Time since last: 1850526595 ns, Reaching safepoint: 103747 ns, At safepoint: 6842 ns, Total: 110589 ns
[2022-09-22T17:22:49.303+0000][18056][safepoint   ] Safepoint "Cleanup", Time since last: 1004515929 ns, Reaching safepoint: 57422 ns, At safepoint: 3095 ns, Total: 60517 ns
[2022-09-22T17:22:50.305+0000][18056][safepoint   ] Safepoint "Cleanup", Time since last: 1001620406 ns, Reaching safepoint: 69781 ns, At safepoint: 10169 ns, Total: 79950 ns
[2022-09-22T17:22:51.306+0000][18056][safepoint   ] Safepoint "Cleanup", Time since last: 1001238682 ns, Reaching safepoint: 57688 ns, At safepoint: 4340 ns, Total: 62028 ns
[2022-09-22T17:22:52.309+0000][18056][safepoint   ] Safepoint "Cleanup", Time since last: 1003469654 ns, Reaching safepoint: 90653 ns, At safepoint: 10740 ns, Total: 101393 ns
[2022-09-22T17:22:53.314+0000][18056][safepoint   ] Safepoint "Cleanup", Time since last: 1004727599 ns, Reaching safepoint: 88786 ns, At safepoint: 2674 ns, Total: 91460 ns
[2022-09-22T17:22:54.318+0000][18056][safepoint   ] Safepoint "Cleanup", Time since last: 1004050074 ns, Reaching safepoint: 84080 ns, At safepoint: 8784 ns, Total: 92864 ns
[2022-09-22T17:22:55.322+0000][18056][safepoint   ] Safepoint "Cleanup", Time since last: 1003685896 ns, Reaching safepoint: 97456 ns, At safepoint: 10982 ns, Total: 108438 ns
[2022-09-22T17:22:56.326+0000][18056][safepoint   ] Safepoint "Cleanup", Time since last: 1003850584 ns, Reaching safepoint: 80289 ns, At safepoint: 8153 ns, Total: 88442 ns
[2022-09-22T17:22:57.331+0000][18056][safepoint   ] Safepoint "Cleanup", Time since last: 1004533066 ns, Reaching safepoint: 52538 ns, At safepoint: 8064 ns, Total: 60602 ns
[2022-09-22T17:22:58.332+0000][18056][safepoint   ] Safepoint "Cleanup", Time since last: 1001265154 ns, Reaching safepoint: 64401 ns, At safepoint: 5530 ns, Total: 69931 ns
[2022-09-22T17:23:00.287+0000][18056][safepoint   ] Safepoint "Cleanup", Time since last: 1955115582 ns, Reaching safepoint: 230294 ns, At safepoint: 13429 ns, Total: 243723 ns
[2022-09-22T17:23:01.292+0000][18056][safepoint   ] Safepoint "Cleanup", Time since last: 1004335887 ns, Reaching safepoint: 83185 ns, At safepoint: 11508 ns, Total: 94693 ns
[2022-09-22T17:23:02.292+0000][18056][safepoint   ] Safepoint "Cleanup", Time since last: 1000674575 ns, Reaching safepoint: 98386 ns, At safepoint: 12138 ns, Total: 110524 ns
[2022-09-22T17:23:04.998+0000][18056][safepoint   ] Safepoint "Cleanup", Time since last: 2705945232 ns, Reaching safepoint: 77646 ns, At safepoint: 19008 ns, Total: 96654 ns
[2022-09-22T17:23:06.120+0000][18056][safepoint   ] Safepoint "Cleanup", Time since last: 1121075725 ns, Reaching safepoint: 144065 ns, At safepoint: 10612 ns, Total: 154677 ns
[2022-09-22T17:23:07.123+0000][18056][safepoint   ] Safepoint "Cleanup", Time since last: 1003615340 ns, Reaching safepoint: 91218 ns, At safepoint: 8450 ns, Total: 99668 ns
[2022-09-22T17:23:08.127+0000][18056][safepoint   ] Safepoint "Cleanup", Time since last: 1003638494 ns, Reaching safepoint: 89210 ns, At safepoint: 11715 ns, Total: 100925 ns
[2022-09-22T17:23:09.132+0000][18056][safepoint   ] Safepoint "Cleanup", Time since last: 1004627611 ns, Reaching safepoint: 72456 ns, At safepoint: 11424 ns, Total: 83880 ns
[2022-09-22T17:23:10.137+0000][18056][safepoint   ] Safepoint "Cleanup", Time since last: 1004805953 ns, Reaching safepoint: 57668 ns, At safepoint: 3814 ns, Total: 61482 ns
[2022-09-22T17:23:11.139+0000][18056][safepoint   ] Safepoint "Cleanup", Time since last: 1002082097 ns, Reaching safepoint: 93578 ns, At safepoint: 10730 ns, Total: 104308 ns
[2022-09-22T17:23:12.143+0000][18056][safepoint   ] Safepoint "Cleanup", Time since last: 1003839657 ns, Reaching safepoint: 81969 ns, At safepoint: 11800 ns, Total: 93769 ns
[2022-09-22T17:23:13.144+0000][18056][safepoint   ] Safepoint "Cleanup", Time since last: 1001717071 ns, Reaching safepoint: 66790 ns, At safepoint: 10690 ns, Total: 77480 ns
[2022-09-22T17:23:14.149+0000][18056][safepoint   ] Safepoint "Cleanup", Time since last: 1004481676 ns, Reaching safepoint: 95557 ns, At safepoint: 11041 ns, Total: 106598 ns
[2022-09-22T17:23:15.153+0000][18056][safepoint   ] Safepoint "Cleanup", Time since last: 1003743201 ns, Reaching safepoint: 80749 ns, At safepoint: 10029 ns, Total: 90778 ns
[2022-09-22T17:23:16.157+0000][18056][safepoint   ] Safepoint "Cleanup", Time since last: 1004467217 ns, Reaching safepoint: 45180 ns, At safepoint: 8298 ns, Total: 53478 ns
[2022-09-22T17:23:17.161+0000][18056][safepoint   ] Safepoint "Cleanup", Time since last: 1004023568 ns, Reaching safepoint: 158406 ns, At safepoint: 14041 ns, Total: 172447 ns
[2022-09-22T17:23:18.180+0000][18056][safepoint   ] Safepoint "Cleanup", Time since last: 1018890230 ns, Reaching safepoint: 84163 ns, At safepoint: 8376 ns, Total: 92539 ns
[2022-09-22T17:23:19.183+0000][18056][safepoint   ] Safepoint "Cleanup", Time since last: 1002575026 ns, Reaching safepoint: 70319 ns, At safepoint: 9485 ns, Total: 79804 ns
[2022-09-22T17:23:20.186+0000][18056][safepoint   ] Safepoint "Cleanup", Time since last: 1002927772 ns, Reaching safepoint: 64240 ns, At safepoint: 8951 ns, Total: 73191 ns
[2022-09-22T17:23:21.191+0000][18056][safepoint   ] Safepoint "Cleanup", Time since last: 1004514636 ns, Reaching safepoint: 68973 ns, At safepoint: 10062 ns, Total: 79035 ns
[2022-09-22T17:23:23.195+0000][18056][safepoint   ] Safepoint "Cleanup", Time since last: 2004289977 ns, Reaching safepoint: 94913 ns, At safepoint: 12904 ns, Total: 107817 ns
[2022-09-22T17:23:24.207+0000][18056][safepoint   ] Safepoint "Cleanup", Time since last: 1012374071 ns, Reaching safepoint: 97270 ns, At safepoint: 11643 ns, Total: 108913 ns
[2022-09-22T17:23:25.211+0000][18056][safepoint   ] Safepoint "Cleanup", Time since last: 1003253818 ns, Reaching safepoint: 67906 ns, At safepoint: 4064 ns, Total: 71970 ns
[2022-09-22T17:23:26.214+0000][18056][safepoint   ] Safepoint "Cleanup", Time since last: 1002732456 ns, Reaching safepoint: 73978 ns, At safepoint: 9856 ns, Total: 83834 ns
[2022-09-22T17:23:27.218+0000][18056][safepoint   ] Safepoint "Cleanup", Time since last: 1003450335 ns, Reaching safepoint: 602167 ns, At safepoint: 18135 ns, Total: 620302 ns
[2022-09-22T17:23:28.219+0000][18056][safepoint   ] Safepoint "Cleanup", Time since last: 1001747285 ns, Reaching safepoint: 72421 ns, At safepoint: 10180 ns, Total: 82601 ns
[2022-09-22T17:23:29.224+0000][18056][safepoint   ] Safepoint "Cleanup", Time since last: 1004245913 ns, Reaching safepoint: 138946 ns, At safepoint: 17758 ns, Total: 156704 ns
[2022-09-22T17:23:30.229+0000][18056][safepoint   ] Safepoint "Cleanup", Time since last: 1005099595 ns, Reaching safepoint: 138379 ns, At safepoint: 10462 ns, Total: 148841 ns
[2022-09-22T17:23:31.233+0000][18056][safepoint   ] Safepoint "Cleanup", Time since last: 1003608236 ns, Reaching safepoint: 96310 ns, At safepoint: 14323 ns, Total: 110633 ns
[2022-09-22T17:23:32.237+0000][18056][safepoint   ] Safepoint "Cleanup", Time since last: 1004606934 ns, Reaching safepoint: 67403 ns, At safepoint: 8427 ns, Total: 75830 ns
[2022-09-22T17:23:33.242+0000][18056][safepoint   ] Safepoint "Cleanup", Time since last: 1004105443 ns, Reaching safepoint: 56693 ns, At safepoint: 9232 ns, Total: 65925 ns
[2022-09-22T17:23:34.246+0000][18056][safepoint   ] Safepoint "Cleanup", Time since last: 1003934680 ns, Reaching safepoint: 66890 ns, At safepoint: 10737 ns, Total: 77627 ns
[2022-09-22T17:23:35.247+0000][18056][safepoint   ] Safepoint "Cleanup", Time since last: 1001390228 ns, Reaching safepoint: 149511 ns, At safepoint: 10589 ns, Total: 160100 ns
[2022-09-22T17:23:36.256+0000][18056][safepoint   ] Safepoint "Cleanup", Time since last: 1009168553 ns, Reaching safepoint: 83146 ns, At safepoint: 12502 ns, Total: 95648 ns
[2022-09-22T17:23:37.261+0000][18056][safepoint   ] Safepoint "Cleanup", Time since last: 1004899645 ns, Reaching safepoint: 59910 ns, At safepoint: 8944 ns, Total: 68854 ns
[2022-09-22T17:23:38.266+0000][18056][safepoint   ] Safepoint "Cleanup", Time since last: 1004219088 ns, Reaching safepoint: 117873 ns, At safepoint: 10814 ns, Total: 128687 ns
[2022-09-22T17:23:39.270+0000][18056][safepoint   ] Safepoint "Cleanup", Time since last: 1004831455 ns, Reaching safepoint: 90444 ns, At safepoint: 8814 ns, Total: 99258 ns
[2022-09-22T17:23:41.280+0000][18056][safepoint   ] Safepoint "Cleanup", Time since last: 2009225256 ns, Reaching safepoint: 115671 ns, At safepoint: 11543 ns, Total: 127214 ns
[2022-09-22T17:23:42.283+0000][18056][safepoint   ] Safepoint "Cleanup", Time since last: 1003309320 ns, Reaching safepoint: 62765 ns, At safepoint: 7476 ns, Total: 70241 ns
[2022-09-22T17:23:43.288+0000][18056][safepoint   ] Safepoint "Cleanup", Time since last: 1004527359 ns, Reaching safepoint: 61460 ns, At safepoint: 11000 ns, Total: 72460 ns
[2022-09-22T17:23:44.288+0000][18056][safepoint   ] Safepoint "Cleanup", Time since last: 1000432725 ns, Reaching safepoint: 146023 ns, At safepoint: 13660 ns, Total: 159683 ns
[2022-09-22T17:23:45.290+0000][18056][safepoint   ] Safepoint "Cleanup", Time since last: 1002112773 ns, Reaching safepoint: 68933 ns, At safepoint: 9422 ns, Total: 78355 ns
[2022-09-22T17:23:46.295+0000][18056][safepoint   ] Safepoint "Cleanup", Time since last: 1004411458 ns, Reaching safepoint: 80359 ns, At safepoint: 26695 ns, Total: 107054 ns
[2022-09-22T17:23:47.300+0000][18056][safepoint   ] Safepoint "Cleanup", Time since last: 1004778572 ns, Reaching safepoint: 54991 ns, At safepoint: 4409 ns, Total: 59400 ns
[2022-09-22T17:23:48.320+0000][18056][safepoint   ] Safepoint "Cleanup", Time since last: 1020653744 ns, Reaching safepoint: 73659 ns, At safepoint: 8830 ns, Total: 82489 ns
[2022-09-22T17:23:49.325+0000][18056][safepoint   ] Safepoint "Cleanup", Time since last: 1004374654 ns, Reaching safepoint: 52882 ns, At safepoint: 3805 ns, Total: 56687 ns
[2022-09-22T17:23:50.330+0000][18056][safepoint   ] Safepoint "Cleanup", Time since last: 1004590471 ns, Reaching safepoint: 67078 ns, At safepoint: 3375 ns, Total: 70453 ns
[2022-09-22T17:23:51.335+0000][18056][safepoint   ] Safepoint "Cleanup", Time since last: 1004937718 ns, Reaching safepoint: 68993 ns, At safepoint: 7487 ns, Total: 76480 ns
[2022-09-22T17:23:53.344+0000][18056][safepoint   ] Safepoint "Cleanup", Time since last: 2009150999 ns, Reaching safepoint: 168750 ns, At safepoint: 15000 ns, Total: 183750 ns
[2022-09-22T17:23:54.353+0000][18056][safepoint   ] Safepoint "Cleanup", Time since last: 1008645786 ns, Reaching safepoint: 76390 ns, At safepoint: 6744 ns, Total: 83134 ns
[2022-09-22T17:23:55.358+0000][18056][safepoint   ] Safepoint "Cleanup", Time since last: 1004065835 ns, Reaching safepoint: 1057532 ns, At safepoint: 17590 ns, Total: 1075122 ns
[2022-09-22T17:23:56.363+0000][18056][safepoint   ] Safepoint "Cleanup", Time since last: 1005195594 ns, Reaching safepoint: 44511 ns, At safepoint: 3307 ns, Total: 47818 ns
[2022-09-22T17:23:59.375+0000][18056][safepoint   ] Safepoint "Cleanup", Time since last: 3012566248 ns, Reaching safepoint: 70551 ns, At safepoint: 8368 ns, Total: 78919 ns
[2022-09-22T17:24:00.379+0000][18056][safepoint   ] Safepoint "Cleanup", Time since last: 1003923042 ns, Reaching safepoint: 69173 ns, At safepoint: 7946 ns, Total: 77119 ns
[2022-09-22T17:24:01.384+0000][18056][safepoint   ] Safepoint "Cleanup", Time since last: 1004944515 ns, Reaching safepoint: 53250 ns, At safepoint: 28580 ns, Total: 81830 ns
[2022-09-22T17:24:02.389+0000][18056][safepoint   ] Safepoint "Cleanup", Time since last: 1004433627 ns, Reaching safepoint: 89889 ns, At safepoint: 10420 ns, Total: 100309 ns
[2022-09-22T17:24:03.394+0000][18056][safepoint   ] Safepoint "Cleanup", Time since last: 1004878301 ns, Reaching safepoint: 63889 ns, At safepoint: 9780 ns, Total: 73669 ns
[2022-09-22T17:24:04.397+0000][18056][safepoint   ] Safepoint "Cleanup", Time since last: 1002587356 ns, Reaching safepoint: 60876 ns, At safepoint: 6580 ns, Total: 67456 ns
[2022-09-22T17:24:05.401+0000][18056][safepoint   ] Safepoint "Cleanup", Time since last: 1004836859 ns, Reaching safepoint: 74333 ns, At safepoint: 9704 ns, Total: 84037 ns
[2022-09-22T17:24:06.405+0000][18056][safepoint   ] Safepoint "Cleanup", Time since last: 1003956962 ns, Reaching safepoint: 63200 ns, At safepoint: 8368 ns, Total: 71568 ns
[2022-09-22T17:24:07.409+0000][18056][safepoint   ] Safepoint "Cleanup", Time since last: 1003277448 ns, Reaching safepoint: 49400 ns, At safepoint: 6069 ns, Total: 55469 ns
[2022-09-22T17:24:08.413+0000][18056][safepoint   ] Safepoint "Cleanup", Time since last: 1003859130 ns, Reaching safepoint: 53494 ns, At safepoint: 9425 ns, Total: 62919 ns
[2022-09-22T17:24:09.416+0000][18056][safepoint   ] Safepoint "Cleanup", Time since last: 1003714853 ns, Reaching safepoint: 52514 ns, At safepoint: 3521 ns, Total: 56035 ns
[2022-09-22T17:24:11.420+0000][18056][safepoint   ] Safepoint "Cleanup", Time since last: 2004071359 ns, Reaching safepoint: 62435 ns, At safepoint: 3631 ns, Total: 66066 ns
[2022-09-22T17:24:12.424+0000][18056][safepoint   ] Safepoint "Cleanup", Time since last: 1003844490 ns, Reaching safepoint: 45993 ns, At safepoint: 3380 ns, Total: 49373 ns
[2022-09-22T17:24:13.429+0000][18056][safepoint   ] Safepoint "Cleanup", Time since last: 1004640785 ns, Reaching safepoint: 55359 ns, At safepoint: 8196 ns, Total: 63555 ns
[2022-09-22T17:24:14.434+0000][18056][safepoint   ] Safepoint "Cleanup", Time since last: 1004501169 ns, Reaching safepoint: 55639 ns, At safepoint: 10202 ns, Total: 65841 ns
[2022-09-22T17:24:16.440+0000][18056][safepoint   ] Safepoint "Cleanup", Time since last: 2006362748 ns, Reaching safepoint: 58377 ns, At safepoint: 11785 ns, Total: 70162 ns
[2022-09-22T17:24:17.444+0000][18056][safepoint   ] Safepoint "Cleanup", Time since last: 1004181768 ns, Reaching safepoint: 181266 ns, At safepoint: 39151 ns, Total: 220417 ns
[2022-09-22T17:24:19.450+0000][18056][safepoint   ] Safepoint "Cleanup", Time since last: 2005537766 ns, Reaching safepoint: 66665 ns, At safepoint: 4918 ns, Total: 71583 ns
[2022-09-22T17:24:20.452+0000][18056][safepoint   ] Safepoint "Cleanup", Time since last: 1002382628 ns, Reaching safepoint: 100080 ns, At safepoint: 7964 ns, Total: 108044 ns
[2022-09-22T17:24:21.457+0000][18056][safepoint   ] Safepoint "Cleanup", Time since last: 1004786399 ns, Reaching safepoint: 81888 ns, At safepoint: 7258 ns, Total: 89146 ns
[2022-09-22T17:24:23.465+0000][18056][safepoint   ] Safepoint "Cleanup", Time since last: 2007706698 ns, Reaching safepoint: 68659 ns, At safepoint: 8372 ns, Total: 77031 ns
[2022-09-22T17:24:24.469+0000][18056][safepoint   ] Safepoint "Cleanup", Time since last: 1003929065 ns, Reaching safepoint: 59800 ns, At safepoint: 3668 ns, Total: 63468 ns
[2022-09-22T17:24:25.474+0000][18056][safepoint   ] Safepoint "Cleanup", Time since last: 1005058904 ns, Reaching safepoint: 51952 ns, At safepoint: 6520 ns, Total: 58472 ns
[2022-09-22T17:24:26.479+0000][18056][safepoint   ] Safepoint "Cleanup", Time since last: 1004816327 ns, Reaching safepoint: 56120 ns, At safepoint: 4339 ns, Total: 60459 ns
[2022-09-22T17:24:28.488+0000][18056][safepoint   ] Safepoint "Cleanup", Time since last: 2008689703 ns, Reaching safepoint: 167314 ns, At safepoint: 23197 ns, Total: 190511 ns
[2022-09-22T17:24:29.491+0000][18056][safepoint   ] Safepoint "Cleanup", Time since last: 1003580666 ns, Reaching safepoint: 102645 ns, At safepoint: 8632 ns, Total: 111277 ns
[2022-09-22T17:24:30.492+0000][18056][safepoint   ] Safepoint "Cleanup", Time since last: 1000694423 ns, Reaching safepoint: 69267 ns, At safepoint: 7828 ns, Total: 77095 ns
[2022-09-22T17:24:31.497+0000][18056][safepoint   ] Safepoint "Cleanup", Time since last: 1004921111 ns, Reaching safepoint: 49232 ns, At safepoint: 3237 ns, Total: 52469 ns
[2022-09-22T17:24:32.502+0000][18056][safepoint   ] Safepoint "Cleanup", Time since last: 1004412924 ns, Reaching safepoint: 64778 ns, At safepoint: 7173 ns, Total: 71951 ns
[2022-09-22T17:24:33.505+0000][18056][safepoint   ] Safepoint "Cleanup", Time since last: 1003482503 ns, Reaching safepoint: 63648 ns, At safepoint: 7412 ns, Total: 71060 ns
[2022-09-22T17:24:34.510+0000][18056][safepoint   ] Safepoint "Cleanup", Time since last: 1004323717 ns, Reaching safepoint: 75683 ns, At safepoint: 20219 ns, Total: 95902 ns
[2022-09-22T17:24:35.513+0000][18056][safepoint   ] Safepoint "Cleanup", Time since last: 1003020419 ns, Reaching safepoint: 61909 ns, At safepoint: 8008 ns, Total: 69917 ns
[2022-09-22T17:24:36.517+0000][18056][safepoint   ] Safepoint "Cleanup", Time since last: 1004531104 ns, Reaching safepoint: 64131 ns, At safepoint: 6397 ns, Total: 70528 ns
[2022-09-22T17:24:37.520+0000][18056][safepoint   ] Safepoint "Cleanup", Time since last: 1003094883 ns, Reaching safepoint: 56771 ns, At safepoint: 5085 ns, Total: 61856 ns
[2022-09-22T17:24:38.525+0000][18056][safepoint   ] Safepoint "Cleanup", Time since last: 1005019996 ns, Reaching safepoint: 65751 ns, At safepoint: 7202 ns, Total: 72953 ns
[2022-09-22T17:24:39.530+0000][18056][safepoint   ] Safepoint "Cleanup", Time since last: 1004206492 ns, Reaching safepoint: 48737 ns, At safepoint: 6334 ns, Total: 55071 ns
[2022-09-22T17:24:40.535+0000][18056][safepoint   ] Safepoint "Cleanup", Time since last: 1004861385 ns, Reaching safepoint: 91864 ns, At safepoint: 11952 ns, Total: 103816 ns
[2022-09-22T17:24:41.539+0000][18056][safepoint   ] Safepoint "Cleanup", Time since last: 1004120150 ns, Reaching safepoint: 101867 ns, At safepoint: 11762 ns, Total: 113629 ns
[2022-09-22T17:24:42.539+0000][18056][safepoint   ] Safepoint "Cleanup", Time since last: 1000376995 ns, Reaching safepoint: 117897 ns, At safepoint: 10620 ns, Total: 128517 ns
[2022-09-22T17:24:43.544+0000][18056][safepoint   ] Safepoint "Cleanup", Time since last: 1004693400 ns, Reaching safepoint: 73078 ns, At safepoint: 4348 ns, Total: 77426 ns
[2022-09-22T17:24:44.546+0000][18056][safepoint   ] Safepoint "Cleanup", Time since last: 1002095808 ns, Reaching safepoint: 145589 ns, At safepoint: 8610 ns, Total: 154199 ns
[2022-09-22T17:24:46.553+0000][18056][safepoint   ] Safepoint "Cleanup", Time since last: 2007051988 ns, Reaching safepoint: 98535 ns, At safepoint: 26028 ns, Total: 124563 ns
[2022-09-22T17:24:47.557+0000][18056][safepoint   ] Safepoint "Cleanup", Time since last: 1003579624 ns, Reaching safepoint: 76537 ns, At safepoint: 8301 ns, Total: 84838 ns
[2022-09-22T17:24:48.562+0000][18056][safepoint   ] Safepoint "Cleanup", Time since last: 1004738275 ns, Reaching safepoint: 52003 ns, At safepoint: 3764 ns, Total: 55767 ns
[2022-09-22T17:24:49.563+0000][18056][safepoint   ] Safepoint "Cleanup", Time since last: 1001136848 ns, Reaching safepoint: 52667 ns, At safepoint: 6558 ns, Total: 59225 ns
[2022-09-22T17:24:50.567+0000][18056][safepoint   ] Safepoint "Cleanup", Time since last: 1003751495 ns, Reaching safepoint: 58730 ns, At safepoint: 7418 ns, Total: 66148 ns
[2022-09-22T17:24:51.571+0000][18056][safepoint   ] Safepoint "Cleanup", Time since last: 1004335655 ns, Reaching safepoint: 75161 ns, At safepoint: 5913 ns, Total: 81074 ns
[2022-09-22T17:24:52.576+0000][18056][safepoint   ] Safepoint "Cleanup", Time since last: 1004457809 ns, Reaching safepoint: 66590 ns, At safepoint: 8166 ns, Total: 74756 ns
[2022-09-22T17:24:54.328+0000][18056][safepoint   ] Safepoint "Cleanup", Time since last: 1752507318 ns, Reaching safepoint: 122224 ns, At safepoint: 7691 ns, Total: 129915 ns
[2022-09-22T17:24:55.330+0000][18056][safepoint   ] Safepoint "Cleanup", Time since last: 1002063807 ns, Reaching safepoint: 68139 ns, At safepoint: 10787 ns, Total: 78926 ns
[2022-09-22T17:24:56.336+0000][18056][safepoint   ] Safepoint "Cleanup", Time since last: 1005071035 ns, Reaching safepoint: 82484 ns, At safepoint: 8941 ns, Total: 91425 ns
[2022-09-22T17:24:57.341+0000][18056][safepoint   ] Safepoint "Cleanup", Time since last: 1005000073 ns, Reaching safepoint: 63570 ns, At safepoint: 10652 ns, Total: 74222 ns
[2022-09-22T17:24:59.346+0000][18056][safepoint   ] Safepoint "Cleanup", Time since last: 2005255095 ns, Reaching safepoint: 262620 ns, At safepoint: 17548 ns, Total: 280168 ns
[2022-09-22T17:25:00.349+0000][18056][safepoint   ] Safepoint "Cleanup", Time since last: 1002946679 ns, Reaching safepoint: 97398 ns, At safepoint: 13714 ns, Total: 111112 ns
[2022-09-22T17:25:01.353+0000][18056][safepoint   ] Safepoint "Cleanup", Time since last: 1003510003 ns, Reaching safepoint: 49864 ns, At safepoint: 8254 ns, Total: 58118 ns
[2022-09-22T17:25:02.357+0000][18056][safepoint   ] Safepoint "Cleanup", Time since last: 1003777860 ns, Reaching safepoint: 87778 ns, At safepoint: 10868 ns, Total: 98646 ns
[2022-09-22T17:25:03.361+0000][18056][safepoint   ] Safepoint "Cleanup", Time since last: 1004922458 ns, Reaching safepoint: 53383 ns, At safepoint: 2970 ns, Total: 56353 ns
[2022-09-22T17:25:04.362+0000][18056][safepoint   ] Safepoint "Cleanup", Time since last: 1000464558 ns, Reaching safepoint: 36082 ns, At safepoint: 3046 ns, Total: 39128 ns
[2022-09-22T17:25:05.363+0000][18056][safepoint   ] Safepoint "Cleanup", Time since last: 1000616694 ns, Reaching safepoint: 97721 ns, At safepoint: 10870 ns, Total: 108591 ns
[2022-09-22T17:25:06.367+0000][18056][safepoint   ] Safepoint "Cleanup", Time since last: 1004199078 ns, Reaching safepoint: 57451 ns, At safepoint: 8284 ns, Total: 65735 ns
[2022-09-22T17:25:07.369+0000][18056][safepoint   ] Safepoint "Cleanup", Time since last: 1002028412 ns, Reaching safepoint: 65302 ns, At safepoint: 8055 ns, Total: 73357 ns
[2022-09-22T17:25:09.372+0000][18056][safepoint   ] Safepoint "Cleanup", Time since last: 2003384227 ns, Reaching safepoint: 75725 ns, At safepoint: 10313 ns, Total: 86038 ns
[2022-09-22T17:25:10.377+0000][18056][safepoint   ] Safepoint "Cleanup", Time since last: 1004494324 ns, Reaching safepoint: 62925 ns, At safepoint: 8885 ns, Total: 71810 ns
[2022-09-22T17:25:11.379+0000][18056][safepoint   ] Safepoint "Cleanup", Time since last: 1002458636 ns, Reaching safepoint: 81184 ns, At safepoint: 3653 ns, Total: 84837 ns
[2022-09-22T17:25:14.387+0000][18056][safepoint   ] Safepoint "Cleanup", Time since last: 3007342787 ns, Reaching safepoint: 74551 ns, At safepoint: 8277 ns, Total: 82828 ns
[2022-09-22T17:25:16.389+0000][18056][safepoint   ] Safepoint "Cleanup", Time since last: 2002162671 ns, Reaching safepoint: 49008 ns, At safepoint: 8267 ns, Total: 57275 ns
[2022-09-22T17:25:17.393+0000][18056][safepoint   ] Safepoint "Cleanup", Time since last: 1004412481 ns, Reaching safepoint: 77375 ns, At safepoint: 4973 ns, Total: 82348 ns
[2022-09-22T17:25:19.399+0000][18056][safepoint   ] Safepoint "Cleanup", Time since last: 2005282915 ns, Reaching safepoint: 78879 ns, At safepoint: 13267 ns, Total: 92146 ns
[2022-09-22T17:25:20.404+0000][18056][safepoint   ] Safepoint "Cleanup", Time since last: 1004894406 ns, Reaching safepoint: 58464 ns, At safepoint: 9902 ns, Total: 68366 ns
[2022-09-22T17:25:21.407+0000][18056][safepoint   ] Safepoint "Cleanup", Time since last: 1003258697 ns, Reaching safepoint: 74915 ns, At safepoint: 8399 ns, Total: 83314 ns
[2022-09-22T17:25:23.415+0000][18056][safepoint   ] Safepoint "Cleanup", Time since last: 2008010836 ns, Reaching safepoint: 56854 ns, At safepoint: 5808 ns, Total: 62662 ns
[2022-09-22T17:25:24.419+0000][18056][safepoint   ] Safepoint "Cleanup", Time since last: 1003491465 ns, Reaching safepoint: 78938 ns, At safepoint: 12177 ns, Total: 91115 ns
[2022-09-22T17:25:25.421+0000][18056][safepoint   ] Safepoint "Cleanup", Time since last: 1002484106 ns, Reaching safepoint: 51306 ns, At safepoint: 7112 ns, Total: 58418 ns
[2022-09-22T17:25:26.425+0000][18056][safepoint   ] Safepoint "Cleanup", Time since last: 1003663471 ns, Reaching safepoint: 70799 ns, At safepoint: 6326 ns, Total: 77125 ns
[2022-09-22T17:25:27.429+0000][18056][safepoint   ] Safepoint "Cleanup", Time since last: 1004157346 ns, Reaching safepoint: 62599 ns, At safepoint: 7970 ns, Total: 70569 ns
[2022-09-22T17:25:29.435+0000][18056][safepoint   ] Safepoint "Cleanup", Time since last: 2006151198 ns, Reaching safepoint: 87275 ns, At safepoint: 7455 ns, Total: 94730 ns
[2022-09-22T17:25:30.438+0000][18056][safepoint   ] Safepoint "Cleanup", Time since last: 1002771485 ns, Reaching safepoint: 56859 ns, At safepoint: 8400 ns, Total: 65259 ns
[2022-09-22T17:25:31.439+0000][18056][safepoint   ] Safepoint "Cleanup", Time since last: 1000480249 ns, Reaching safepoint: 64619 ns, At safepoint: 8564 ns, Total: 73183 ns
[2022-09-22T17:25:32.442+0000][18056][safepoint   ] Safepoint "Cleanup", Time since last: 1003619664 ns, Reaching safepoint: 48494 ns, At safepoint: 12268 ns, Total: 60762 ns
[2022-09-22T17:25:34.452+0000][18056][safepoint   ] Safepoint "Cleanup", Time since last: 2009515089 ns, Reaching safepoint: 145297 ns, At safepoint: 15954 ns, Total: 161251 ns
[2022-09-22T17:25:35.456+0000][18056][safepoint   ] Safepoint "Cleanup", Time since last: 1004305601 ns, Reaching safepoint: 95368 ns, At safepoint: 12882 ns, Total: 108250 ns
[2022-09-22T17:25:36.461+0000][18056][safepoint   ] Safepoint "Cleanup", Time since last: 1004866651 ns, Reaching safepoint: 71771 ns, At safepoint: 51833 ns, Total: 123604 ns
[2022-09-22T17:25:37.466+0000][18056][safepoint   ] Safepoint "Cleanup", Time since last: 1004819788 ns, Reaching safepoint: 72626 ns, At safepoint: 23176 ns, Total: 95802 ns
[2022-09-22T17:25:38.471+0000][18056][safepoint   ] Safepoint "Cleanup", Time since last: 1004161277 ns, Reaching safepoint: 405162 ns, At safepoint: 10854 ns, Total: 416016 ns
[2022-09-22T17:25:41.484+0000][18056][safepoint   ] Safepoint "Cleanup", Time since last: 3013265142 ns, Reaching safepoint: 81965 ns, At safepoint: 24669 ns, Total: 106634 ns
[2022-09-22T17:25:43.491+0000][18056][safepoint   ] Safepoint "Cleanup", Time since last: 2006662782 ns, Reaching safepoint: 100218 ns, At safepoint: 11786 ns, Total: 112004 ns
[2022-09-22T17:25:44.495+0000][18056][safepoint   ] Safepoint "Cleanup", Time since last: 1004530441 ns, Reaching safepoint: 57289 ns, At safepoint: 10698 ns, Total: 67987 ns
[2022-09-22T17:25:45.500+0000][18056][safepoint   ] Safepoint "Cleanup", Time since last: 1004775002 ns, Reaching safepoint: 68539 ns, At safepoint: 20392 ns, Total: 88931 ns
[2022-09-22T17:25:46.504+0000][18056][safepoint   ] Safepoint "Cleanup", Time since last: 1003865773 ns, Reaching safepoint: 69404 ns, At safepoint: 17693 ns, Total: 87097 ns
[2022-09-22T17:25:47.505+0000][18056][safepoint   ] Safepoint "Cleanup", Time since last: 1000294251 ns, Reaching safepoint: 66443 ns, At safepoint: 27824 ns, Total: 94267 ns
[2022-09-22T17:25:48.508+0000][18056][safepoint   ] Safepoint "Cleanup", Time since last: 1003223593 ns, Reaching safepoint: 45268 ns, At safepoint: 11982 ns, Total: 57250 ns
[2022-09-22T17:25:50.511+0000][18056][safepoint   ] Safepoint "Cleanup", Time since last: 2003427980 ns, Reaching safepoint: 90370 ns, At safepoint: 17383 ns, Total: 107753 ns
[2022-09-22T17:25:51.514+0000][18056][safepoint   ] Safepoint "Cleanup", Time since last: 1003091802 ns, Reaching safepoint: 61410 ns, At safepoint: 2898 ns, Total: 64308 ns
[2022-09-22T17:25:53.522+0000][18056][safepoint   ] Safepoint "Cleanup", Time since last: 2007240636 ns, Reaching safepoint: 91452 ns, At safepoint: 16097 ns, Total: 107549 ns
[2022-09-22T17:25:54.526+0000][18056][safepoint   ] Safepoint "Cleanup", Time since last: 1003846175 ns, Reaching safepoint: 72422 ns, At safepoint: 8218 ns, Total: 80640 ns
[2022-09-22T17:25:56.535+0000][18056][safepoint   ] Safepoint "Cleanup", Time since last: 2009420612 ns, Reaching safepoint: 91985 ns, At safepoint: 10609 ns, Total: 102594 ns
[2022-09-22T17:25:59.548+0000][18056][safepoint   ] Safepoint "Cleanup", Time since last: 3012684302 ns, Reaching safepoint: 108560 ns, At safepoint: 27414 ns, Total: 135974 ns
[2022-09-22T17:26:00.553+0000][18056][safepoint   ] Safepoint "Cleanup", Time since last: 1004794891 ns, Reaching safepoint: 52119 ns, At safepoint: 8692 ns, Total: 60811 ns
[2022-09-22T17:26:01.555+0000][18056][safepoint   ] Safepoint "Cleanup", Time since last: 1001900148 ns, Reaching safepoint: 53152 ns, At safepoint: 8968 ns, Total: 62120 ns
[2022-09-22T17:26:02.559+0000][18056][safepoint   ] Safepoint "Cleanup", Time since last: 1004448076 ns, Reaching safepoint: 51928 ns, At safepoint: 4893 ns, Total: 56821 ns
[2022-09-22T17:26:03.562+0000][18056][safepoint   ] Safepoint "Cleanup", Time since last: 1003300468 ns, Reaching safepoint: 57074 ns, At safepoint: 3216 ns, Total: 60290 ns
[2022-09-22T17:26:05.569+0000][18056][safepoint   ] Safepoint "Cleanup", Time since last: 2006914250 ns, Reaching safepoint: 53627 ns, At safepoint: 7835 ns, Total: 61462 ns
[2022-09-22T17:26:06.572+0000][18056][safepoint   ] Safepoint "Cleanup", Time since last: 1002062148 ns, Reaching safepoint: 63388 ns, At safepoint: 14567 ns, Total: 77955 ns
[2022-09-22T17:26:08.581+0000][18056][safepoint   ] Safepoint "Cleanup", Time since last: 2009208094 ns, Reaching safepoint: 44675 ns, At safepoint: 3584 ns, Total: 48259 ns
[2022-09-22T17:26:11.591+0000][18056][safepoint   ] Safepoint "Cleanup", Time since last: 3010551000 ns, Reaching safepoint: 50811 ns, At safepoint: 8234 ns, Total: 59045 ns
[2022-09-22T17:26:12.592+0000][18056][safepoint   ] Safepoint "Cleanup", Time since last: 1000844592 ns, Reaching safepoint: 44186 ns, At safepoint: 3051 ns, Total: 47237 ns
[2022-09-22T17:26:13.594+0000][18056][safepoint   ] Safepoint "Cleanup", Time since last: 1001917147 ns, Reaching safepoint: 56770 ns, At safepoint: 8963 ns, Total: 65733 ns
[2022-09-22T17:26:14.599+0000][18056][safepoint   ] Safepoint "Cleanup", Time since last: 1004467025 ns, Reaching safepoint: 44953 ns, At safepoint: 8553 ns, Total: 53506 ns
[2022-09-22T17:26:16.604+0000][18056][safepoint   ] Safepoint "Cleanup", Time since last: 2005543613 ns, Reaching safepoint: 75686 ns, At safepoint: 7091 ns, Total: 82777 ns
[2022-09-22T17:26:17.606+0000][18056][safepoint   ] Safepoint "Cleanup", Time since last: 1001652785 ns, Reaching safepoint: 119233 ns, At safepoint: 17564 ns, Total: 136797 ns
[2022-09-22T17:26:18.611+0000][18056][safepoint   ] Safepoint "Cleanup", Time since last: 1004727490 ns, Reaching safepoint: 104269 ns, At safepoint: 7699 ns, Total: 111968 ns
[2022-09-22T17:26:20.618+0000][18056][safepoint   ] Safepoint "Cleanup", Time since last: 2007444530 ns, Reaching safepoint: 47157 ns, At safepoint: 8735 ns, Total: 55892 ns
[2022-09-22T17:26:21.623+0000][18056][safepoint   ] Safepoint "Cleanup", Time since last: 1004680853 ns, Reaching safepoint: 101015 ns, At safepoint: 28400 ns, Total: 129415 ns
[2022-09-22T17:26:23.632+0000][18056][safepoint   ] Safepoint "Cleanup", Time since last: 2009111513 ns, Reaching safepoint: 161417 ns, At safepoint: 49963 ns, Total: 211380 ns
[2022-09-22T17:26:24.636+0000][18056][safepoint   ] Safepoint "Cleanup", Time since last: 1003682576 ns, Reaching safepoint: 46095 ns, At safepoint: 18300 ns, Total: 64395 ns
[2022-09-22T17:26:26.641+0000][18056][safepoint   ] Safepoint "Cleanup", Time since last: 2005020372 ns, Reaching safepoint: 69503 ns, At safepoint: 29412 ns, Total: 98915 ns
[2022-09-22T17:26:27.663+0000][18056][safepoint   ] Safepoint "Cleanup", Time since last: 1014372621 ns, Reaching safepoint: 7244235 ns, At safepoint: 232456 ns, Total: 7476691 ns
[2022-09-22T17:26:29.673+0000][18056][safepoint   ] Safepoint "Cleanup", Time since last: 2009859862 ns, Reaching safepoint: 87356 ns, At safepoint: 8543 ns, Total: 95899 ns
[2022-09-22T17:26:30.678+0000][18056][safepoint   ] Safepoint "Cleanup", Time since last: 1004770661 ns, Reaching safepoint: 55056 ns, At safepoint: 9154 ns, Total: 64210 ns
[2022-09-22T17:26:31.681+0000][18056][safepoint   ] Safepoint "Cleanup", Time since last: 1003531792 ns, Reaching safepoint: 49538 ns, At safepoint: 3589 ns, Total: 53127 ns
[2022-09-22T17:26:32.686+0000][18056][safepoint   ] Safepoint "Cleanup", Time since last: 1004822026 ns, Reaching safepoint: 70337 ns, At safepoint: 10502 ns, Total: 80839 ns
[2022-09-22T17:26:33.690+0000][18056][safepoint   ] Safepoint "Cleanup", Time since last: 1003349406 ns, Reaching safepoint: 54427 ns, At safepoint: 7825 ns, Total: 62252 ns
[2022-09-22T17:26:35.698+0000][18056][safepoint   ] Safepoint "Cleanup", Time since last: 2008049642 ns, Reaching safepoint: 107079 ns, At safepoint: 11074 ns, Total: 118153 ns
[2022-09-22T17:26:36.702+0000][18056][safepoint   ] Safepoint "Cleanup", Time since last: 1004089650 ns, Reaching safepoint: 93692 ns, At safepoint: 19442 ns, Total: 113134 ns
[2022-09-22T17:26:37.707+0000][18056][safepoint   ] Safepoint "Cleanup", Time since last: 1005082569 ns, Reaching safepoint: 79992 ns, At safepoint: 9516 ns, Total: 89508 ns
[2022-09-22T17:26:38.711+0000][18056][safepoint   ] Safepoint "Cleanup", Time since last: 1003957042 ns, Reaching safepoint: 88749 ns, At safepoint: 8102 ns, Total: 96851 ns
[2022-09-22T17:26:39.713+0000][18056][safepoint   ] Safepoint "Cleanup", Time since last: 1001491299 ns, Reaching safepoint: 100233 ns, At safepoint: 9906 ns, Total: 110139 ns
[2022-09-22T17:26:40.714+0000][18056][safepoint   ] Safepoint "Cleanup", Time since last: 1001232054 ns, Reaching safepoint: 106440 ns, At safepoint: 15629 ns, Total: 122069 ns
[2022-09-22T17:26:41.718+0000][18056][safepoint   ] Safepoint "Cleanup", Time since last: 1004266065 ns, Reaching safepoint: 132307 ns, At safepoint: 12974 ns, Total: 145281 ns
[2022-09-22T17:26:42.723+0000][18056][safepoint   ] Safepoint "Cleanup", Time since last: 1004867904 ns, Reaching safepoint: 80895 ns, At safepoint: 10259 ns, Total: 91154 ns
[2022-09-22T17:26:43.728+0000][18056][safepoint   ] Safepoint "Cleanup", Time since last: 1004377433 ns, Reaching safepoint: 68539 ns, At safepoint: 13253 ns, Total: 81792 ns
[2022-09-22T17:26:44.730+0000][18056][safepoint   ] Safepoint "Cleanup", Time since last: 1002601191 ns, Reaching safepoint: 88185 ns, At safepoint: 11984 ns, Total: 100169 ns
[2022-09-22T17:26:46.736+0000][18056][safepoint   ] Safepoint "Cleanup", Time since last: 2005192391 ns, Reaching safepoint: 42541 ns, At safepoint: 3342 ns, Total: 45883 ns
[2022-09-22T17:26:47.739+0000][18056][safepoint   ] Safepoint "Cleanup", Time since last: 1003566764 ns, Reaching safepoint: 97325 ns, At safepoint: 13493 ns, Total: 110818 ns
[2022-09-22T17:26:48.742+0000][18056][safepoint   ] Safepoint "Cleanup", Time since last: 1002616985 ns, Reaching safepoint: 61500 ns, At safepoint: 3788 ns, Total: 65288 ns
[2022-09-22T17:26:49.879+0000][18056][safepoint   ] Safepoint "Cleanup", Time since last: 1136788522 ns, Reaching safepoint: 71384 ns, At safepoint: 13034 ns, Total: 84418 ns
[2022-09-22T17:26:50.880+0000][18056][safepoint   ] Safepoint "Cleanup", Time since last: 1001209313 ns, Reaching safepoint: 67523 ns, At safepoint: 9311 ns, Total: 76834 ns
[2022-09-22T17:26:51.885+0000][18056][safepoint   ] Safepoint "Cleanup", Time since last: 1004715759 ns, Reaching safepoint: 80339 ns, At safepoint: 7282 ns, Total: 87621 ns
[2022-09-22T17:26:52.886+0000][18056][safepoint   ] Safepoint "Cleanup", Time since last: 1001001436 ns, Reaching safepoint: 57802 ns, At safepoint: 8372 ns, Total: 66174 ns
[2022-09-22T17:26:53.920+0000][18056][safepoint   ] Safepoint "Cleanup", Time since last: 1033999342 ns, Reaching safepoint: 92297 ns, At safepoint: 4134 ns, Total: 96431 ns
[2022-09-22T17:26:54.923+0000][18056][safepoint   ] Safepoint "Cleanup", Time since last: 1003305281 ns, Reaching safepoint: 62321 ns, At safepoint: 3923 ns, Total: 66244 ns
[2022-09-22T17:26:55.928+0000][18056][safepoint   ] Safepoint "Cleanup", Time since last: 1004935807 ns, Reaching safepoint: 75349 ns, At safepoint: 11302 ns, Total: 86651 ns
[2022-09-22T17:26:56.940+0000][18056][safepoint   ] Safepoint "Cleanup", Time since last: 1012083957 ns, Reaching safepoint: 157611 ns, At safepoint: 15245 ns, Total: 172856 ns
[2022-09-22T17:26:58.947+0000][18056][safepoint   ] Safepoint "Cleanup", Time since last: 2006482473 ns, Reaching safepoint: 75789 ns, At safepoint: 11337 ns, Total: 87126 ns
[2022-09-22T17:26:59.963+0000][18056][safepoint   ] Safepoint "Cleanup", Time since last: 1015578181 ns, Reaching safepoint: 73389 ns, At safepoint: 24766 ns, Total: 98155 ns
[2022-09-22T17:27:00.967+0000][18056][safepoint   ] Safepoint "Cleanup", Time since last: 1004408239 ns, Reaching safepoint: 61522 ns, At safepoint: 13058 ns, Total: 74580 ns
[2022-09-22T17:27:01.972+0000][18056][safepoint   ] Safepoint "Cleanup", Time since last: 1004943997 ns, Reaching safepoint: 58080 ns, At safepoint: 7756 ns, Total: 65836 ns
[2022-09-22T17:27:03.978+0000][18056][safepoint   ] Safepoint "Cleanup", Time since last: 2005960356 ns, Reaching safepoint: 56047 ns, At safepoint: 7176 ns, Total: 63223 ns
[2022-09-22T17:27:04.981+0000][18056][safepoint   ] Safepoint "Cleanup", Time since last: 1002859922 ns, Reaching safepoint: 93433 ns, At safepoint: 51318 ns, Total: 144751 ns
[2022-09-22T17:27:05.985+0000][18056][safepoint   ] Safepoint "Cleanup", Time since last: 1003535756 ns, Reaching safepoint: 83792 ns, At safepoint: 9522 ns, Total: 93314 ns
[2022-09-22T17:27:06.987+0000][18056][safepoint   ] Safepoint "Cleanup", Time since last: 1002606249 ns, Reaching safepoint: 62473 ns, At safepoint: 11466 ns, Total: 73939 ns
[2022-09-22T17:27:07.992+0000][18056][safepoint   ] Safepoint "Cleanup", Time since last: 1005075200 ns, Reaching safepoint: 65895 ns, At safepoint: 7161 ns, Total: 73056 ns
[2022-09-22T17:27:08.996+0000][18056][safepoint   ] Safepoint "Cleanup", Time since last: 1003819499 ns, Reaching safepoint: 69659 ns, At safepoint: 9635 ns, Total: 79294 ns
[2022-09-22T17:27:11.002+0000][18056][safepoint   ] Safepoint "Cleanup", Time since last: 2005646552 ns, Reaching safepoint: 84979 ns, At safepoint: 9217 ns, Total: 94196 ns
[2022-09-22T17:27:12.007+0000][18056][safepoint   ] Safepoint "Cleanup", Time since last: 1005027176 ns, Reaching safepoint: 54689 ns, At safepoint: 4046 ns, Total: 58735 ns
[2022-09-22T17:27:14.012+0000][18056][safepoint   ] Safepoint "Cleanup", Time since last: 2004429948 ns, Reaching safepoint: 106084 ns, At safepoint: 19200 ns, Total: 125284 ns
[2022-09-22T17:27:16.014+0000][18056][safepoint   ] Safepoint "Cleanup", Time since last: 2002411235 ns, Reaching safepoint: 57370 ns, At safepoint: 8179 ns, Total: 65549 ns
[2022-09-22T17:27:17.018+0000][18056][safepoint   ] Safepoint "Cleanup", Time since last: 1003791836 ns, Reaching safepoint: 64928 ns, At safepoint: 4050 ns, Total: 68978 ns
[2022-09-22T17:27:18.022+0000][18056][safepoint   ] Safepoint "Cleanup", Time since last: 1004459769 ns, Reaching safepoint: 73851 ns, At safepoint: 4950 ns, Total: 78801 ns
[2022-09-22T17:27:19.025+0000][18056][safepoint   ] Safepoint "Cleanup", Time since last: 1003055779 ns, Reaching safepoint: 51186 ns, At safepoint: 7537 ns, Total: 58723 ns
[2022-09-22T17:27:20.030+0000][18056][safepoint   ] Safepoint "Cleanup", Time since last: 1004623751 ns, Reaching safepoint: 59639 ns, At safepoint: 7540 ns, Total: 67179 ns
[2022-09-22T17:27:21.034+0000][18056][safepoint   ] Safepoint "Cleanup", Time since last: 1003772155 ns, Reaching safepoint: 87776 ns, At safepoint: 5896 ns, Total: 93672 ns
[2022-09-22T17:27:23.042+0000][18056][safepoint   ] Safepoint "Cleanup", Time since last: 2008364810 ns, Reaching safepoint: 67973 ns, At safepoint: 9108 ns, Total: 77081 ns
[2022-09-22T17:27:24.057+0000][18056][safepoint   ] Safepoint "Cleanup", Time since last: 1014479853 ns, Reaching safepoint: 87523 ns, At safepoint: 3340 ns, Total: 90863 ns
[2022-09-22T17:27:25.059+0000][18056][safepoint   ] Safepoint "Cleanup", Time since last: 1002199990 ns, Reaching safepoint: 133083 ns, At safepoint: 55972 ns, Total: 189055 ns
[2022-09-22T17:27:25.200+0000][18056][safepoint   ] Safepoint "ICBufferFull", Time since last: 140372611 ns, Reaching safepoint: 204725 ns, At safepoint: 17572 ns, Total: 222297 ns
[2022-09-22T17:27:25.875+0000][18056][gc,start    ] GC(13) Pause Young (Concurrent Start) (G1 Evacuation Pause)
[2022-09-22T17:27:25.880+0000][18056][gc,task     ] GC(13) Using 10 workers of 10 for evacuation
[2022-09-22T17:27:25.880+0000][18056][gc,age      ] GC(13) Desired survivor size 121634816 bytes, new threshold 15 (max threshold 15)
[2022-09-22T17:27:26.123+0000][18056][gc,age      ] GC(13) Age table with threshold 15 (max threshold 15)
[2022-09-22T17:27:26.123+0000][18056][gc,age      ] GC(13) - age   1:   22285632 bytes,   22285632 total
[2022-09-22T17:27:26.123+0000][18056][gc,age      ] GC(13) - age   2:    6774728 bytes,   29060360 total
[2022-09-22T17:27:26.123+0000][18056][gc,age      ] GC(13) - age   3:   16370560 bytes,   45430920 total
[2022-09-22T17:27:26.123+0000][18056][gc,age      ] GC(13) - age   4:    9514064 bytes,   54944984 total
[2022-09-22T17:27:26.123+0000][18056][gc,mmu      ] GC(13) MMU target violated: 201.0ms (200.0ms/201.0ms)
[2022-09-22T17:27:26.123+0000][18056][gc,phases   ] GC(13)   Pre Evacuate Collection Set: 1.5ms
[2022-09-22T17:27:26.123+0000][18056][gc,phases   ] GC(13)   Merge Heap Roots: 0.9ms
[2022-09-22T17:27:26.123+0000][18056][gc,phases   ] GC(13)   Evacuate Collection Set: 230.8ms
[2022-09-22T17:27:26.123+0000][18056][gc,phases   ] GC(13)   Post Evacuate Collection Set: 8.8ms
[2022-09-22T17:27:26.123+0000][18056][gc,phases   ] GC(13)   Other: 6.1ms
[2022-09-22T17:27:26.123+0000][18056][gc,heap     ] GC(13) Eden regions: 454->0(87)
[2022-09-22T17:27:26.123+0000][18056][gc,heap     ] GC(13) Survivor regions: 10->15(58)
[2022-09-22T17:27:26.123+0000][18056][gc,heap     ] GC(13) Old regions: 15->15
[2022-09-22T17:27:26.123+0000][18056][gc,heap     ] GC(13) Archive regions: 2->2
[2022-09-22T17:27:26.123+0000][18056][gc,heap     ] GC(13) Humongous regions: 2->2
[2022-09-22T17:27:26.123+0000][18056][gc,metaspace] GC(13) Metaspace: 113152K(114816K)->113152K(114816K) NonClass: 98104K(99072K)->98104K(99072K) Class: 15047K(15744K)->15047K(15744K)
[2022-09-22T17:27:26.123+0000][18056][gc          ] GC(13) Pause Young (Concurrent Start) (G1 Evacuation Pause) 1922M->126M(8192M) 248.065ms
[2022-09-22T17:27:26.123+0000][18056][gc,cpu      ] GC(13) User=0.25s Sys=0.61s Real=0.25s
[2022-09-22T17:27:26.123+0000][18056][safepoint   ] Safepoint "G1CollectForAllocation", Time since last: 674838099 ns, Reaching safepoint: 90501 ns, At safepoint: 248324408 ns, Total: 248414909 ns
[2022-09-22T17:27:26.123+0000][18056][gc          ] GC(14) Concurrent Mark Cycle
[2022-09-22T17:27:26.123+0000][18056][gc,marking  ] GC(14) Concurrent Clear Claimed Marks
[2022-09-22T17:27:26.123+0000][18056][gc,marking  ] GC(14) Concurrent Clear Claimed Marks 0.122ms
[2022-09-22T17:27:26.123+0000][18056][gc,marking  ] GC(14) Concurrent Scan Root Regions
[2022-09-22T17:27:26.145+0000][18056][gc,marking  ] GC(14) Concurrent Scan Root Regions 21.217ms
[2022-09-22T17:27:26.145+0000][18056][gc,marking  ] GC(14) Concurrent Mark
[2022-09-22T17:27:26.145+0000][18056][gc,marking  ] GC(14) Concurrent Mark From Roots
[2022-09-22T17:27:26.145+0000][18056][gc,task     ] GC(14) Using 3 workers of 3 for marking
[2022-09-22T17:27:26.253+0000][18056][gc,marking  ] GC(14) Concurrent Mark From Roots 108.637ms
[2022-09-22T17:27:26.272+0000][18056][gc,marking  ] GC(14) Concurrent Preclean
[2022-09-22T17:27:26.272+0000][18056][gc,marking  ] GC(14) Concurrent Preclean 0.731ms
[2022-09-22T17:27:26.273+0000][18056][gc,start    ] GC(14) Pause Remark
[2022-09-22T17:27:26.298+0000][18056][gc          ] GC(14) Pause Remark 136M->136M(8192M) 24.883ms
[2022-09-22T17:27:26.298+0000][18056][gc,cpu      ] GC(14) User=0.02s Sys=0.00s Real=0.02s
[2022-09-22T17:27:26.298+0000][18056][safepoint   ] Safepoint "G1Concurrent", Time since last: 149755813 ns, Reaching safepoint: 104834 ns, At safepoint: 25035026 ns, Total: 25139860 ns
[2022-09-22T17:27:26.298+0000][18056][gc,marking  ] GC(14) Concurrent Mark 153.411ms
[2022-09-22T17:27:26.298+0000][18056][gc,marking  ] GC(14) Concurrent Rebuild Remembered Sets
[2022-09-22T17:27:26.326+0000][18056][gc,marking  ] GC(14) Concurrent Rebuild Remembered Sets 28.057ms
[2022-09-22T17:27:26.336+0000][18056][gc,start    ] GC(14) Pause Cleanup
[2022-09-22T17:27:26.336+0000][18056][gc          ] GC(14) Pause Cleanup 136M->136M(8192M) 0.264ms
[2022-09-22T17:27:26.336+0000][18056][gc,cpu      ] GC(14) User=0.00s Sys=0.00s Real=0.00s
[2022-09-22T17:27:26.336+0000][18056][safepoint   ] Safepoint "G1Concurrent", Time since last: 37547225 ns, Reaching safepoint: 67805 ns, At safepoint: 400006 ns, Total: 467811 ns
[2022-09-22T17:27:26.336+0000][18056][gc,marking  ] GC(14) Concurrent Cleanup for Next Mark
[2022-09-22T17:27:26.493+0000][18056][gc,marking  ] GC(14) Concurrent Cleanup for Next Mark 156.652ms
[2022-09-22T17:27:26.493+0000][18056][gc          ] GC(14) Concurrent Mark Cycle 369.756ms
[2022-09-22T17:27:27.487+0000][18056][safepoint   ] Safepoint "Cleanup", Time since last: 1151033733 ns, Reaching safepoint: 177899 ns, At safepoint: 14302 ns, Total: 192201 ns
[2022-09-22T17:27:28.492+0000][18056][safepoint   ] Safepoint "Cleanup", Time since last: 1005029108 ns, Reaching safepoint: 64693 ns, At safepoint: 15082 ns, Total: 79775 ns
[2022-09-22T17:27:29.497+0000][18056][safepoint   ] Safepoint "Cleanup", Time since last: 1004117053 ns, Reaching safepoint: 95118 ns, At safepoint: 11365 ns, Total: 106483 ns
[2022-09-22T17:27:30.501+0000][18056][safepoint   ] Safepoint "Cleanup", Time since last: 1004601697 ns, Reaching safepoint: 62803 ns, At safepoint: 17980 ns, Total: 80783 ns
[2022-09-22T17:27:31.505+0000][18056][safepoint   ] Safepoint "Cleanup", Time since last: 1004052225 ns, Reaching safepoint: 131839 ns, At safepoint: 19250 ns, Total: 151089 ns
[2022-09-22T17:27:32.510+0000][18056][safepoint   ] Safepoint "Cleanup", Time since last: 1004406199 ns, Reaching safepoint: 62063 ns, At safepoint: 11283 ns, Total: 73346 ns
[2022-09-22T17:27:33.514+0000][18056][safepoint   ] Safepoint "Cleanup", Time since last: 1003796820 ns, Reaching safepoint: 63314 ns, At safepoint: 8573 ns, Total: 71887 ns
[2022-09-22T17:27:35.521+0000][18056][safepoint   ] Safepoint "Cleanup", Time since last: 2007566315 ns, Reaching safepoint: 99693 ns, At safepoint: 10662 ns, Total: 110355 ns
[2022-09-22T17:27:36.525+0000][18056][safepoint   ] Safepoint "Cleanup", Time since last: 1003386361 ns, Reaching safepoint: 61373 ns, At safepoint: 6261 ns, Total: 67634 ns
[2022-09-22T17:27:37.529+0000][18056][safepoint   ] Safepoint "Cleanup", Time since last: 1004353727 ns, Reaching safepoint: 56247 ns, At safepoint: 3777 ns, Total: 60024 ns
[2022-09-22T17:27:38.533+0000][18056][safepoint   ] Safepoint "Cleanup", Time since last: 1003936377 ns, Reaching safepoint: 70761 ns, At safepoint: 4741 ns, Total: 75502 ns
[2022-09-22T17:27:41.542+0000][18056][safepoint   ] Safepoint "Cleanup", Time since last: 3009103567 ns, Reaching safepoint: 79494 ns, At safepoint: 10351 ns, Total: 89845 ns
[2022-09-22T17:27:42.548+0000][18056][safepoint   ] Safepoint "Cleanup", Time since last: 1005851875 ns, Reaching safepoint: 98814 ns, At safepoint: 11854 ns, Total: 110668 ns
[2022-09-22T17:27:43.551+0000][18056][safepoint   ] Safepoint "Cleanup", Time since last: 1002829895 ns, Reaching safepoint: 69142 ns, At safepoint: 6813 ns, Total: 75955 ns
[2022-09-22T17:27:44.554+0000][18056][safepoint   ] Safepoint "Cleanup", Time since last: 1003197823 ns, Reaching safepoint: 71806 ns, At safepoint: 11526 ns, Total: 83332 ns
[2022-09-22T17:27:46.564+0000][18056][safepoint   ] Safepoint "Cleanup", Time since last: 2009277294 ns, Reaching safepoint: 154137 ns, At safepoint: 12400 ns, Total: 166537 ns
[2022-09-22T17:27:47.568+0000][18056][safepoint   ] Safepoint "Cleanup", Time since last: 1003916778 ns, Reaching safepoint: 89274 ns, At safepoint: 10304 ns, Total: 99578 ns
[2022-09-22T17:27:48.572+0000][18056][safepoint   ] Safepoint "Cleanup", Time since last: 1004279861 ns, Reaching safepoint: 56364 ns, At safepoint: 10136 ns, Total: 66500 ns
[2022-09-22T17:27:50.580+0000][18056][safepoint   ] Safepoint "Cleanup", Time since last: 2007860201 ns, Reaching safepoint: 74901 ns, At safepoint: 10478 ns, Total: 85379 ns
[2022-09-22T17:27:51.584+0000][18056][safepoint   ] Safepoint "Cleanup", Time since last: 1004349290 ns, Reaching safepoint: 51588 ns, At safepoint: 8459 ns, Total: 60047 ns
[2022-09-22T17:27:53.593+0000][18056][safepoint   ] Safepoint "Cleanup", Time since last: 2008424284 ns, Reaching safepoint: 77735 ns, At safepoint: 3325 ns, Total: 81060 ns
[2022-09-22T17:27:54.596+0000][18056][safepoint   ] Safepoint "Cleanup", Time since last: 1003505560 ns, Reaching safepoint: 87526 ns, At safepoint: 9337 ns, Total: 96863 ns
[2022-09-22T17:27:55.601+0000][18056][safepoint   ] Safepoint "Cleanup", Time since last: 1004537921 ns, Reaching safepoint: 78582 ns, At safepoint: 9626 ns, Total: 88208 ns
[2022-09-22T17:27:56.602+0000][18056][safepoint   ] Safepoint "Cleanup", Time since last: 1000940446 ns, Reaching safepoint: 64430 ns, At safepoint: 10036 ns, Total: 74466 ns
[2022-09-22T17:27:57.153+0000][18056][gc,start    ] GC(15) Pause Young (Normal) (G1 Evacuation Pause)
[2022-09-22T17:27:57.153+0000][18056][gc,task     ] GC(15) Using 10 workers of 10 for evacuation
[2022-09-22T17:27:57.153+0000][18056][gc,age      ] GC(15) Desired survivor size 27262976 bytes, new threshold 2 (max threshold 15)
[2022-09-22T17:27:57.260+0000][18056][gc,age      ] GC(15) Age table with threshold 2 (max threshold 15)
[2022-09-22T17:27:57.260+0000][18056][gc,age      ] GC(15) - age   1:    4068128 bytes,    4068128 total
[2022-09-22T17:27:57.260+0000][18056][gc,age      ] GC(15) - age   2:   20728456 bytes,   24796584 total
[2022-09-22T17:27:57.260+0000][18056][gc,phases   ] GC(15)   Pre Evacuate Collection Set: 0.2ms
[2022-09-22T17:27:57.260+0000][18056][gc,phases   ] GC(15)   Merge Heap Roots: 0.1ms
[2022-09-22T17:27:57.260+0000][18056][gc,phases   ] GC(15)   Evacuate Collection Set: 105.4ms
[2022-09-22T17:27:57.260+0000][18056][gc,phases   ] GC(15)   Post Evacuate Collection Set: 1.4ms
[2022-09-22T17:27:57.260+0000][18056][gc,phases   ] GC(15)   Other: 0.4ms
[2022-09-22T17:27:57.260+0000][18056][gc,heap     ] GC(15) Eden regions: 87->0(455)
[2022-09-22T17:27:57.260+0000][18056][gc,heap     ] GC(15) Survivor regions: 15->7(13)
[2022-09-22T17:27:57.260+0000][18056][gc,heap     ] GC(15) Old regions: 15->23
[2022-09-22T17:27:57.260+0000][18056][gc,heap     ] GC(15) Archive regions: 2->2
[2022-09-22T17:27:57.260+0000][18056][gc,heap     ] GC(15) Humongous regions: 2->2
[2022-09-22T17:27:57.260+0000][18056][gc,metaspace] GC(15) Metaspace: 114038K(115584K)->114038K(115584K) NonClass: 98942K(99840K)->98942K(99840K) Class: 15096K(15744K)->15096K(15744K)
[2022-09-22T17:27:57.261+0000][18056][gc          ] GC(15) Pause Young (Normal) (G1 Evacuation Pause) 474M->129M(8192M) 108.157ms
[2022-09-22T17:27:57.261+0000][18056][gc,cpu      ] GC(15) User=0.16s Sys=0.17s Real=0.11s
[2022-09-22T17:27:57.261+0000][18056][safepoint   ] Safepoint "G1CollectForAllocation", Time since last: 550578983 ns, Reaching safepoint: 65046 ns, At safepoint: 108301424 ns, Total: 108366470 ns
[2022-09-22T17:27:58.265+0000][18056][safepoint   ] Safepoint "Cleanup", Time since last: 1003727641 ns, Reaching safepoint: 85051 ns, At safepoint: 13437 ns, Total: 98488 ns
[2022-09-22T17:27:59.268+0000][18056][safepoint   ] Safepoint "Cleanup", Time since last: 1003347960 ns, Reaching safepoint: 58782 ns, At safepoint: 15579 ns, Total: 74361 ns
[2022-09-22T17:28:01.275+0000][18056][safepoint   ] Safepoint "Cleanup", Time since last: 2007043901 ns, Reaching safepoint: 171688 ns, At safepoint: 89175 ns, Total: 260863 ns
[2022-09-22T17:28:02.279+0000][18056][safepoint   ] Safepoint "Cleanup", Time since last: 1003082644 ns, Reaching safepoint: 71781 ns, At safepoint: 45098 ns, Total: 116879 ns
[2022-09-22T17:28:04.288+0000][18056][safepoint   ] Safepoint "Cleanup", Time since last: 2009457324 ns, Reaching safepoint: 96335 ns, At safepoint: 17428 ns, Total: 113763 ns
[2022-09-22T17:28:05.291+0000][18056][safepoint   ] Safepoint "Cleanup", Time since last: 1002844070 ns, Reaching safepoint: 106118 ns, At safepoint: 22668 ns, Total: 128786 ns
[2022-09-22T17:28:06.296+0000][18056][safepoint   ] Safepoint "Cleanup", Time since last: 1005069445 ns, Reaching safepoint: 94442 ns, At safepoint: 15796 ns, Total: 110238 ns
[2022-09-22T17:28:08.301+0000][18056][safepoint   ] Safepoint "Cleanup", Time since last: 2004641131 ns, Reaching safepoint: 118093 ns, At safepoint: 16761 ns, Total: 134854 ns
[2022-09-22T17:28:09.304+0000][18056][safepoint   ] Safepoint "Cleanup", Time since last: 1003178722 ns, Reaching safepoint: 59993 ns, At safepoint: 10199 ns, Total: 70192 ns
[2022-09-22T17:28:11.024+0000][18056][safepoint   ] Safepoint "Cleanup", Time since last: 1719230470 ns, Reaching safepoint: 102480 ns, At safepoint: 33169 ns, Total: 135649 ns
[2022-09-22T17:28:12.045+0000][18056][safepoint   ] Safepoint "Cleanup", Time since last: 1021421191 ns, Reaching safepoint: 90338 ns, At safepoint: 11959 ns, Total: 102297 ns
[2022-09-22T17:28:14.051+0000][18056][safepoint   ] Safepoint "Cleanup", Time since last: 2005896874 ns, Reaching safepoint: 63106 ns, At safepoint: 11452 ns, Total: 74558 ns
[2022-09-22T17:28:15.055+0000][18056][safepoint   ] Safepoint "Cleanup", Time since last: 1004110584 ns, Reaching safepoint: 48906 ns, At safepoint: 9016 ns, Total: 57922 ns
[2022-09-22T17:28:16.058+0000][18056][safepoint   ] Safepoint "Cleanup", Time since last: 1002955768 ns, Reaching safepoint: 58409 ns, At safepoint: 9976 ns, Total: 68385 ns
[2022-09-22T17:28:17.058+0000][18056][safepoint   ] Safepoint "Cleanup", Time since last: 1000190209 ns, Reaching safepoint: 59121 ns, At safepoint: 9660 ns, Total: 68781 ns
[2022-09-22T17:28:18.085+0000][18056][safepoint   ] Safepoint "Cleanup", Time since last: 1026269226 ns, Reaching safepoint: 232571 ns, At safepoint: 37537 ns, Total: 270108 ns
[2022-09-22T17:28:19.089+0000][18056][safepoint   ] Safepoint "Cleanup", Time since last: 1003909988 ns, Reaching safepoint: 139480 ns, At safepoint: 13693 ns, Total: 153173 ns
[2022-09-22T17:28:20.093+0000][18056][safepoint   ] Safepoint "Cleanup", Time since last: 1003690002 ns, Reaching safepoint: 102212 ns, At safepoint: 6562 ns, Total: 108774 ns
[2022-09-22T17:28:21.097+0000][18056][safepoint   ] Safepoint "Cleanup", Time since last: 1004678051 ns, Reaching safepoint: 56345 ns, At safepoint: 3807 ns, Total: 60152 ns
[2022-09-22T17:28:22.101+0000][18056][safepoint   ] Safepoint "Cleanup", Time since last: 1003416214 ns, Reaching safepoint: 91376 ns, At safepoint: 5948 ns, Total: 97324 ns
[2022-09-22T17:28:23.103+0000][18056][safepoint   ] Safepoint "Cleanup", Time since last: 1001863446 ns, Reaching safepoint: 130252 ns, At safepoint: 24853 ns, Total: 155105 ns
[2022-09-22T17:28:24.110+0000][18056][safepoint   ] Safepoint "Cleanup", Time since last: 1007336751 ns, Reaching safepoint: 138567 ns, At safepoint: 10913 ns, Total: 149480 ns
[2022-09-22T17:28:25.116+0000][18056][safepoint   ] Safepoint "Cleanup", Time since last: 1005093880 ns, Reaching safepoint: 69733 ns, At safepoint: 12484 ns, Total: 82217 ns
[2022-09-22T17:28:26.120+0000][18056][safepoint   ] Safepoint "Cleanup", Time since last: 1004157874 ns, Reaching safepoint: 107529 ns, At safepoint: 12841 ns, Total: 120370 ns
[2022-09-22T17:28:27.124+0000][18056][safepoint   ] Safepoint "Cleanup", Time since last: 1003879607 ns, Reaching safepoint: 55117 ns, At safepoint: 10375 ns, Total: 65492 ns
[2022-09-22T17:28:29.131+0000][18056][safepoint   ] Safepoint "Cleanup", Time since last: 2007553050 ns, Reaching safepoint: 58552 ns, At safepoint: 3837 ns, Total: 62389 ns
[2022-09-22T17:28:30.135+0000][18056][safepoint   ] Safepoint "Cleanup", Time since last: 1003896488 ns, Reaching safepoint: 75935 ns, At safepoint: 10690 ns, Total: 86625 ns
[2022-09-22T17:28:31.139+0000][18056][safepoint   ] Safepoint "Cleanup", Time since last: 1003364721 ns, Reaching safepoint: 70912 ns, At safepoint: 10579 ns, Total: 81491 ns
[2022-09-22T17:28:32.142+0000][18056][safepoint   ] Safepoint "Cleanup", Time since last: 1003602717 ns, Reaching safepoint: 50017 ns, At safepoint: 10792 ns, Total: 60809 ns
[2022-09-22T17:28:34.151+0000][18056][safepoint   ] Safepoint "Cleanup", Time since last: 2008885796 ns, Reaching safepoint: 65606 ns, At safepoint: 4254 ns, Total: 69860 ns
[2022-09-22T17:28:35.155+0000][18056][safepoint   ] Safepoint "Cleanup", Time since last: 1003845541 ns, Reaching safepoint: 180672 ns, At safepoint: 21174 ns, Total: 201846 ns
[2022-09-22T17:28:36.167+0000][18056][safepoint   ] Safepoint "Cleanup", Time since last: 1012141720 ns, Reaching safepoint: 55758 ns, At safepoint: 8215 ns, Total: 63973 ns
[2022-09-22T17:28:37.171+0000][18056][safepoint   ] Safepoint "Cleanup", Time since last: 1003839666 ns, Reaching safepoint: 114274 ns, At safepoint: 14534 ns, Total: 128808 ns
[2022-09-22T17:28:38.175+0000][18056][safepoint   ] Safepoint "Cleanup", Time since last: 1003842442 ns, Reaching safepoint: 59212 ns, At safepoint: 4236 ns, Total: 63448 ns
[2022-09-22T17:28:39.180+0000][18056][safepoint   ] Safepoint "Cleanup", Time since last: 1004365135 ns, Reaching safepoint: 108053 ns, At safepoint: 12535 ns, Total: 120588 ns
[2022-09-22T17:28:40.201+0000][18056][safepoint   ] Safepoint "Cleanup", Time since last: 1020984546 ns, Reaching safepoint: 82350 ns, At safepoint: 10571 ns, Total: 92921 ns
[2022-09-22T17:28:41.205+0000][18056][safepoint   ] Safepoint "Cleanup", Time since last: 1003686471 ns, Reaching safepoint: 86495 ns, At safepoint: 6293 ns, Total: 92788 ns
[2022-09-22T17:28:42.221+0000][18056][safepoint   ] Safepoint "Cleanup", Time since last: 1016700565 ns, Reaching safepoint: 47644 ns, At safepoint: 9761 ns, Total: 57405 ns
[2022-09-22T17:28:44.227+0000][18056][safepoint   ] Safepoint "Cleanup", Time since last: 2005513042 ns, Reaching safepoint: 76781 ns, At safepoint: 9934 ns, Total: 86715 ns
[2022-09-22T17:28:46.233+0000][18056][safepoint   ] Safepoint "Cleanup", Time since last: 2005888577 ns, Reaching safepoint: 110219 ns, At safepoint: 14947 ns, Total: 125166 ns
[2022-09-22T17:28:47.234+0000][18056][safepoint   ] Safepoint "Cleanup", Time since last: 1001491896 ns, Reaching safepoint: 147342 ns, At safepoint: 12972 ns, Total: 160314 ns
[2022-09-22T17:28:48.239+0000][18056][safepoint   ] Safepoint "Cleanup", Time since last: 1004137490 ns, Reaching safepoint: 172112 ns, At safepoint: 21106 ns, Total: 193218 ns
[2022-09-22T17:28:49.255+0000][18056][safepoint   ] Safepoint "Cleanup", Time since last: 1015521447 ns, Reaching safepoint: 320679 ns, At safepoint: 25440 ns, Total: 346119 ns
[2022-09-22T17:28:50.931+0000][18056][safepoint   ] Safepoint "Cleanup", Time since last: 1676089597 ns, Reaching safepoint: 199485 ns, At safepoint: 18002 ns, Total: 217487 ns
[2022-09-22T17:28:52.026+0000][18056][safepoint   ] Safepoint "Cleanup", Time since last: 1093532950 ns, Reaching safepoint: 1687353 ns, At safepoint: 95382 ns, Total: 1782735 ns
[2022-09-22T17:28:53.029+0000][18056][safepoint   ] Safepoint "Cleanup", Time since last: 1002507684 ns, Reaching safepoint: 122533 ns, At safepoint: 19232 ns, Total: 141765 ns
[2022-09-22T17:28:54.030+0000][18056][safepoint   ] Safepoint "Cleanup", Time since last: 1001006088 ns, Reaching safepoint: 67649 ns, At safepoint: 3648 ns, Total: 71297 ns
[2022-09-22T17:28:55.034+0000][18056][safepoint   ] Safepoint "Cleanup", Time since last: 1004135781 ns, Reaching safepoint: 81035 ns, At safepoint: 14829 ns, Total: 95864 ns
[2022-09-22T17:28:56.037+0000][18056][safepoint   ] Safepoint "Cleanup", Time since last: 1003153131 ns, Reaching safepoint: 248160 ns, At safepoint: 15431 ns, Total: 263591 ns
[2022-09-22T17:28:57.043+0000][18056][safepoint   ] Safepoint "Cleanup", Time since last: 1005099457 ns, Reaching safepoint: 91334 ns, At safepoint: 14211 ns, Total: 105545 ns
[2022-09-22T17:28:59.051+0000][18056][safepoint   ] Safepoint "Cleanup", Time since last: 2008099771 ns, Reaching safepoint: 90091 ns, At safepoint: 12030 ns, Total: 102121 ns
[2022-09-22T17:29:00.065+0000][18056][safepoint   ] Safepoint "Cleanup", Time since last: 1014368411 ns, Reaching safepoint: 85872 ns, At safepoint: 10990 ns, Total: 96862 ns
[2022-09-22T17:29:01.070+0000][18056][safepoint   ] Safepoint "Cleanup", Time since last: 1004695173 ns, Reaching safepoint: 69886 ns, At safepoint: 3490 ns, Total: 73376 ns
[2022-09-22T17:29:02.073+0000][18056][safepoint   ] Safepoint "Cleanup", Time since last: 1002935512 ns, Reaching safepoint: 77518 ns, At safepoint: 13101 ns, Total: 90619 ns
[2022-09-22T17:29:04.076+0000][18056][safepoint   ] Safepoint "Cleanup", Time since last: 2002964769 ns, Reaching safepoint: 69170 ns, At safepoint: 4141 ns, Total: 73311 ns
[2022-09-22T17:29:05.078+0000][18056][safepoint   ] Safepoint "Cleanup", Time since last: 1001506151 ns, Reaching safepoint: 65512 ns, At safepoint: 5477 ns, Total: 70989 ns
[2022-09-22T17:29:06.120+0000][18056][safepoint   ] Safepoint "Cleanup", Time since last: 1042182656 ns, Reaching safepoint: 150250 ns, At safepoint: 15609 ns, Total: 165859 ns
[2022-09-22T17:29:07.123+0000][18056][safepoint   ] Safepoint "Cleanup", Time since last: 1002943235 ns, Reaching safepoint: 122901 ns, At safepoint: 17652 ns, Total: 140553 ns
[2022-09-22T17:29:08.128+0000][18056][safepoint   ] Safepoint "Cleanup", Time since last: 1005018594 ns, Reaching safepoint: 73715 ns, At safepoint: 9192 ns, Total: 82907 ns
[2022-09-22T17:29:09.128+0000][18056][safepoint   ] Safepoint "Cleanup", Time since last: 1000342511 ns, Reaching safepoint: 85408 ns, At safepoint: 14794 ns, Total: 100202 ns
[2022-09-22T17:29:11.134+0000][18056][safepoint   ] Safepoint "Cleanup", Time since last: 2005708350 ns, Reaching safepoint: 97514 ns, At safepoint: 11050 ns, Total: 108564 ns
[2022-09-22T17:29:12.151+0000][18056][safepoint   ] Safepoint "Cleanup", Time since last: 1016339312 ns, Reaching safepoint: 67411 ns, At safepoint: 5837 ns, Total: 73248 ns
[2022-09-22T17:29:13.155+0000][18056][safepoint   ] Safepoint "Cleanup", Time since last: 1004434666 ns, Reaching safepoint: 60863 ns, At safepoint: 23405 ns, Total: 84268 ns
[2022-09-22T17:29:14.156+0000][18056][safepoint   ] Safepoint "Cleanup", Time since last: 1001063829 ns, Reaching safepoint: 52780 ns, At safepoint: 9281 ns, Total: 62061 ns
[2022-09-22T17:29:16.163+0000][18056][safepoint   ] Safepoint "Cleanup", Time since last: 2007201846 ns, Reaching safepoint: 80377 ns, At safepoint: 9000 ns, Total: 89377 ns
[2022-09-22T17:29:17.167+0000][18056][safepoint   ] Safepoint "Cleanup", Time since last: 1003729353 ns, Reaching safepoint: 72238 ns, At safepoint: 14241 ns, Total: 86479 ns
[2022-09-22T17:29:19.184+0000][18056][safepoint   ] Safepoint "Cleanup", Time since last: 2016587518 ns, Reaching safepoint: 57631 ns, At safepoint: 8014 ns, Total: 65645 ns
[2022-09-22T17:29:20.189+0000][18056][safepoint   ] Safepoint "Cleanup", Time since last: 1004932975 ns, Reaching safepoint: 49384 ns, At safepoint: 10073 ns, Total: 59457 ns
[2022-09-22T17:29:21.194+0000][18056][safepoint   ] Safepoint "Cleanup", Time since last: 1004854403 ns, Reaching safepoint: 75759 ns, At safepoint: 13228 ns, Total: 88987 ns
[2022-09-22T17:29:23.200+0000][18056][safepoint   ] Safepoint "Cleanup", Time since last: 2006708625 ns, Reaching safepoint: 59987 ns, At safepoint: 4148 ns, Total: 64135 ns
[2022-09-22T17:29:24.203+0000][18056][safepoint   ] Safepoint "Cleanup", Time since last: 1002244283 ns, Reaching safepoint: 101799 ns, At safepoint: 12973 ns, Total: 114772 ns
[2022-09-22T17:29:25.206+0000][18056][safepoint   ] Safepoint "Cleanup", Time since last: 1003095457 ns, Reaching safepoint: 83009 ns, At safepoint: 12944 ns, Total: 95953 ns
[2022-09-22T17:29:26.207+0000][18056][safepoint   ] Safepoint "Cleanup", Time since last: 1000614975 ns, Reaching safepoint: 112158 ns, At safepoint: 13552 ns, Total: 125710 ns
[2022-09-22T17:29:29.217+0000][18056][safepoint   ] Safepoint "Cleanup", Time since last: 3010462264 ns, Reaching safepoint: 61274 ns, At safepoint: 4023 ns, Total: 65297 ns
[2022-09-22T17:29:30.221+0000][18056][safepoint   ] Safepoint "Cleanup", Time since last: 1004037526 ns, Reaching safepoint: 88274 ns, At safepoint: 14259 ns, Total: 102533 ns
[2022-09-22T17:29:31.226+0000][18056][safepoint   ] Safepoint "Cleanup", Time since last: 1004463887 ns, Reaching safepoint: 50291 ns, At safepoint: 3571 ns, Total: 53862 ns
[2022-09-22T17:29:32.229+0000][18056][safepoint   ] Safepoint "Cleanup", Time since last: 1003376735 ns, Reaching safepoint: 57868 ns, At safepoint: 10496 ns, Total: 68364 ns
[2022-09-22T17:29:34.238+0000][18056][safepoint   ] Safepoint "Cleanup", Time since last: 2009275065 ns, Reaching safepoint: 54756 ns, At safepoint: 7967 ns, Total: 62723 ns
[2022-09-22T17:29:35.244+0000][18056][safepoint   ] Safepoint "Cleanup", Time since last: 1004975715 ns, Reaching safepoint: 73111 ns, At safepoint: 12454 ns, Total: 85565 ns
[2022-09-22T17:29:36.248+0000][18056][safepoint   ] Safepoint "Cleanup", Time since last: 1004703595 ns, Reaching safepoint: 79560 ns, At safepoint: 12300 ns, Total: 91860 ns
[2022-09-22T17:29:39.260+0000][18056][safepoint   ] Safepoint "Cleanup", Time since last: 3012064632 ns, Reaching safepoint: 70232 ns, At safepoint: 13953 ns, Total: 84185 ns
[2022-09-22T17:29:41.267+0000][18056][safepoint   ] Safepoint "Cleanup", Time since last: 2006725341 ns, Reaching safepoint: 69347 ns, At safepoint: 9610 ns, Total: 78957 ns
[2022-09-22T17:29:42.272+0000][18056][safepoint   ] Safepoint "Cleanup", Time since last: 1004885373 ns, Reaching safepoint: 57265 ns, At safepoint: 3821 ns, Total: 61086 ns
[2022-09-22T17:29:44.279+0000][18056][safepoint   ] Safepoint "Cleanup", Time since last: 2006587869 ns, Reaching safepoint: 74453 ns, At safepoint: 8724 ns, Total: 83177 ns
[2022-09-22T17:29:46.287+0000][18056][safepoint   ] Safepoint "Cleanup", Time since last: 2007823634 ns, Reaching safepoint: 371959 ns, At safepoint: 16229 ns, Total: 388188 ns
[2022-09-22T17:29:47.290+0000][18056][safepoint   ] Safepoint "Cleanup", Time since last: 1002604946 ns, Reaching safepoint: 71325 ns, At safepoint: 8158 ns, Total: 79483 ns
[2022-09-22T17:29:49.298+0000][18056][safepoint   ] Safepoint "Cleanup", Time since last: 2007948946 ns, Reaching safepoint: 61188 ns, At safepoint: 10709 ns, Total: 71897 ns
[2022-09-22T17:29:50.301+0000][18056][safepoint   ] Safepoint "Cleanup", Time since last: 1002914532 ns, Reaching safepoint: 97465 ns, At safepoint: 10343 ns, Total: 107808 ns
[2022-09-22T17:29:51.305+0000][18056][safepoint   ] Safepoint "Cleanup", Time since last: 1004853844 ns, Reaching safepoint: 72071 ns, At safepoint: 8193 ns, Total: 80264 ns
[2022-09-22T17:29:53.312+0000][18056][safepoint   ] Safepoint "Cleanup", Time since last: 2006470239 ns, Reaching safepoint: 80856 ns, At safepoint: 4364 ns, Total: 85220 ns
[2022-09-22T17:29:54.317+0000][18056][safepoint   ] Safepoint "Cleanup", Time since last: 1005062369 ns, Reaching safepoint: 76171 ns, At safepoint: 10462 ns, Total: 86633 ns
[2022-09-22T17:29:55.322+0000][18056][safepoint   ] Safepoint "Cleanup", Time since last: 1004700552 ns, Reaching safepoint: 95958 ns, At safepoint: 10548 ns, Total: 106506 ns
[2022-09-22T17:29:56.324+0000][18056][safepoint   ] Safepoint "Cleanup", Time since last: 1002520789 ns, Reaching safepoint: 77921 ns, At safepoint: 14442 ns, Total: 92363 ns
[2022-09-22T17:29:59.352+0000][18056][safepoint   ] Safepoint "Cleanup", Time since last: 3027993823 ns, Reaching safepoint: 59305 ns, At safepoint: 8300 ns, Total: 67605 ns
[2022-09-22T17:30:01.361+0000][18056][safepoint   ] Safepoint "Cleanup", Time since last: 2008743949 ns, Reaching safepoint: 122657 ns, At safepoint: 14697 ns, Total: 137354 ns
[2022-09-22T17:30:02.364+0000][18056][safepoint   ] Safepoint "Cleanup", Time since last: 1002527011 ns, Reaching safepoint: 90137 ns, At safepoint: 5330 ns, Total: 95467 ns
[2022-09-22T17:30:03.379+0000][18056][safepoint   ] Safepoint "Cleanup", Time since last: 1015334232 ns, Reaching safepoint: 55926 ns, At safepoint: 4075 ns, Total: 60001 ns
[2022-09-22T17:30:05.388+0000][18056][safepoint   ] Safepoint "Cleanup", Time since last: 2008957057 ns, Reaching safepoint: 87872 ns, At safepoint: 8205 ns, Total: 96077 ns
[2022-09-22T17:30:06.393+0000][18056][safepoint   ] Safepoint "Cleanup", Time since last: 1004270830 ns, Reaching safepoint: 64186 ns, At safepoint: 8408 ns, Total: 72594 ns
[2022-09-22T17:30:08.401+0000][18056][safepoint   ] Safepoint "Cleanup", Time since last: 2008447119 ns, Reaching safepoint: 87404 ns, At safepoint: 14766 ns, Total: 102170 ns
[2022-09-22T17:30:11.410+0000][18056][safepoint   ] Safepoint "Cleanup", Time since last: 3008915247 ns, Reaching safepoint: 64558 ns, At safepoint: 11478 ns, Total: 76036 ns
[2022-09-22T17:30:12.410+0000][18056][safepoint   ] Safepoint "Cleanup", Time since last: 1000290554 ns, Reaching safepoint: 46165 ns, At safepoint: 9925 ns, Total: 56090 ns
[2022-09-22T17:30:13.411+0000][18056][safepoint   ] Safepoint "Cleanup", Time since last: 1000473577 ns, Reaching safepoint: 265983 ns, At safepoint: 32143 ns, Total: 298126 ns
[2022-09-22T17:30:14.414+0000][18056][safepoint   ] Safepoint "Cleanup", Time since last: 1003285668 ns, Reaching safepoint: 56044 ns, At safepoint: 9943 ns, Total: 65987 ns
[2022-09-22T17:30:16.421+0000][18056][safepoint   ] Safepoint "Cleanup", Time since last: 2006899204 ns, Reaching safepoint: 58953 ns, At safepoint: 8901 ns, Total: 67854 ns
[2022-09-22T17:30:17.427+0000][18056][safepoint   ] Safepoint "Cleanup", Time since last: 1004996785 ns, Reaching safepoint: 147209 ns, At safepoint: 21318 ns, Total: 168527 ns
[2022-09-22T17:30:18.428+0000][18056][safepoint   ] Safepoint "Cleanup", Time since last: 1001492020 ns, Reaching safepoint: 119756 ns, At safepoint: 14868 ns, Total: 134624 ns
[2022-09-22T17:30:19.433+0000][18056][safepoint   ] Safepoint "Cleanup", Time since last: 1004741636 ns, Reaching safepoint: 115183 ns, At safepoint: 9388 ns, Total: 124571 ns
[2022-09-22T17:30:20.435+0000][18056][safepoint   ] Safepoint "Cleanup", Time since last: 1001732639 ns, Reaching safepoint: 474823 ns, At safepoint: 21062 ns, Total: 495885 ns
[2022-09-22T17:30:21.437+0000][18056][safepoint   ] Safepoint "Cleanup", Time since last: 1001202338 ns, Reaching safepoint: 241651 ns, At safepoint: 18719 ns, Total: 260370 ns
[2022-09-22T17:30:23.443+0000][18056][safepoint   ] Safepoint "Cleanup", Time since last: 2006703099 ns, Reaching safepoint: 74362 ns, At safepoint: 10547 ns, Total: 84909 ns
[2022-09-22T17:30:24.727+0000][18056][safepoint   ] Safepoint "Cleanup", Time since last: 1283582184 ns, Reaching safepoint: 107615 ns, At safepoint: 12490 ns, Total: 120105 ns
[2022-09-22T17:30:25.731+0000][18056][safepoint   ] Safepoint "Cleanup", Time since last: 1004024815 ns, Reaching safepoint: 45652 ns, At safepoint: 3889 ns, Total: 49541 ns
[2022-09-22T17:30:26.734+0000][18056][safepoint   ] Safepoint "Cleanup", Time since last: 1003120201 ns, Reaching safepoint: 81864 ns, At safepoint: 19575 ns, Total: 101439 ns
[2022-09-22T17:30:28.742+0000][18056][safepoint   ] Safepoint "Cleanup", Time since last: 2007796794 ns, Reaching safepoint: 47092 ns, At safepoint: 7360 ns, Total: 54452 ns
[2022-09-22T17:30:29.743+0000][18056][safepoint   ] Safepoint "Cleanup", Time since last: 1001076108 ns, Reaching safepoint: 60489 ns, At safepoint: 4170 ns, Total: 64659 ns
[2022-09-22T17:30:31.747+0000][18056][safepoint   ] Safepoint "Cleanup", Time since last: 2003330899 ns, Reaching safepoint: 518779 ns, At safepoint: 43211 ns, Total: 561990 ns
[2022-09-22T17:30:33.756+0000][18056][safepoint   ] Safepoint "Cleanup", Time since last: 2009094524 ns, Reaching safepoint: 75028 ns, At safepoint: 19106 ns, Total: 94134 ns
[2022-09-22T17:30:34.759+0000][18056][safepoint   ] Safepoint "Cleanup", Time since last: 1003020620 ns, Reaching safepoint: 80546 ns, At safepoint: 14618 ns, Total: 95164 ns
[2022-09-22T17:30:35.778+0000][18056][safepoint   ] Safepoint "Cleanup", Time since last: 1019097407 ns, Reaching safepoint: 58349 ns, At safepoint: 7638 ns, Total: 65987 ns
[2022-09-22T17:30:36.784+0000][18056][safepoint   ] Safepoint "Cleanup", Time since last: 1004934724 ns, Reaching safepoint: 173024 ns, At safepoint: 32385 ns, Total: 205409 ns
[2022-09-22T17:30:37.787+0000][18056][safepoint   ] Safepoint "Cleanup", Time since last: 1003216651 ns, Reaching safepoint: 106847 ns, At safepoint: 50232 ns, Total: 157079 ns
[2022-09-22T17:30:38.792+0000][18056][safepoint   ] Safepoint "Cleanup", Time since last: 1004935302 ns, Reaching safepoint: 91867 ns, At safepoint: 7243 ns, Total: 99110 ns
[2022-09-22T17:30:40.800+0000][18056][safepoint   ] Safepoint "Cleanup", Time since last: 2007610324 ns, Reaching safepoint: 89462 ns, At safepoint: 13267 ns, Total: 102729 ns
[2022-09-22T17:30:41.804+0000][18056][safepoint   ] Safepoint "Cleanup", Time since last: 1004685383 ns, Reaching safepoint: 68133 ns, At safepoint: 9735 ns, Total: 77868 ns
[2022-09-22T17:30:43.810+0000][18056][safepoint   ] Safepoint "Cleanup", Time since last: 2005769245 ns, Reaching safepoint: 81689 ns, At safepoint: 43068 ns, Total: 124757 ns
[2022-09-22T17:30:45.818+0000][18056][safepoint   ] Safepoint "Cleanup", Time since last: 2007418912 ns, Reaching safepoint: 53075 ns, At safepoint: 4909 ns, Total: 57984 ns
[2022-09-22T17:30:46.822+0000][18056][safepoint   ] Safepoint "Cleanup", Time since last: 1003874474 ns, Reaching safepoint: 82060 ns, At safepoint: 10829 ns, Total: 92889 ns
[2022-09-22T17:30:47.860+0000][18056][safepoint   ] Safepoint "Cleanup", Time since last: 1038196180 ns, Reaching safepoint: 143116 ns, At safepoint: 17661 ns, Total: 160777 ns
[2022-09-22T17:30:48.863+0000][18056][safepoint   ] Safepoint "Cleanup", Time since last: 1003265089 ns, Reaching safepoint: 62621 ns, At safepoint: 4468 ns, Total: 67089 ns
[2022-09-22T17:30:49.868+0000][18056][safepoint   ] Safepoint "Cleanup", Time since last: 1004513991 ns, Reaching safepoint: 48636 ns, At safepoint: 5009 ns, Total: 53645 ns
[2022-09-22T17:30:50.872+0000][18056][safepoint   ] Safepoint "Cleanup", Time since last: 1003608083 ns, Reaching safepoint: 659333 ns, At safepoint: 15266 ns, Total: 674599 ns
[2022-09-22T17:30:51.876+0000][18056][safepoint   ] Safepoint "Cleanup", Time since last: 1004331284 ns, Reaching safepoint: 79342 ns, At safepoint: 9830 ns, Total: 89172 ns
[2022-09-22T17:30:52.880+0000][18056][safepoint   ] Safepoint "Cleanup", Time since last: 1003688664 ns, Reaching safepoint: 106585 ns, At safepoint: 13869 ns, Total: 120454 ns
[2022-09-22T17:30:53.884+0000][18056][safepoint   ] Safepoint "Cleanup", Time since last: 1003459117 ns, Reaching safepoint: 84409 ns, At safepoint: 11488 ns, Total: 95897 ns
[2022-09-22T17:30:54.888+0000][18056][safepoint   ] Safepoint "Cleanup", Time since last: 1004216002 ns, Reaching safepoint: 72278 ns, At safepoint: 7488 ns, Total: 79766 ns
[2022-09-22T17:30:55.892+0000][18056][safepoint   ] Safepoint "Cleanup", Time since last: 1003713909 ns, Reaching safepoint: 49064 ns, At safepoint: 9563 ns, Total: 58627 ns
[2022-09-22T17:30:56.894+0000][18056][safepoint   ] Safepoint "Cleanup", Time since last: 1002419594 ns, Reaching safepoint: 70205 ns, At safepoint: 4513 ns, Total: 74718 ns
[2022-09-22T17:30:58.900+0000][18056][safepoint   ] Safepoint "Cleanup", Time since last: 2005689344 ns, Reaching safepoint: 61960 ns, At safepoint: 16482 ns, Total: 78442 ns
[2022-09-22T17:30:59.905+0000][18056][safepoint   ] Safepoint "Cleanup", Time since last: 1004935240 ns, Reaching safepoint: 76688 ns, At safepoint: 12111 ns, Total: 88799 ns
[2022-09-22T17:31:00.909+0000][18056][safepoint   ] Safepoint "Cleanup", Time since last: 1003962970 ns, Reaching safepoint: 74059 ns, At safepoint: 5143 ns, Total: 79202 ns
[2022-09-22T17:31:01.914+0000][18056][safepoint   ] Safepoint "Cleanup", Time since last: 1005118505 ns, Reaching safepoint: 64442 ns, At safepoint: 5301 ns, Total: 69743 ns
[2022-09-22T17:31:03.922+0000][18056][safepoint   ] Safepoint "Cleanup", Time since last: 2008315947 ns, Reaching safepoint: 48685 ns, At safepoint: 10446 ns, Total: 59131 ns
[2022-09-22T17:31:04.925+0000][18056][safepoint   ] Safepoint "Cleanup", Time since last: 1002215471 ns, Reaching safepoint: 54758 ns, At safepoint: 9849 ns, Total: 64607 ns
[2022-09-22T17:31:05.927+0000][18056][safepoint   ] Safepoint "Cleanup", Time since last: 1002396514 ns, Reaching safepoint: 89809 ns, At safepoint: 12489 ns, Total: 102298 ns
[2022-09-22T17:31:06.931+0000][18056][safepoint   ] Safepoint "Cleanup", Time since last: 1004158479 ns, Reaching safepoint: 66826 ns, At safepoint: 9817 ns, Total: 76643 ns
[2022-09-22T17:31:07.935+0000][18056][safepoint   ] Safepoint "Cleanup", Time since last: 1003994520 ns, Reaching safepoint: 60368 ns, At safepoint: 9220 ns, Total: 69588 ns
[2022-09-22T17:31:08.936+0000][18056][safepoint   ] Safepoint "Cleanup", Time since last: 1000097544 ns, Reaching safepoint: 85518 ns, At safepoint: 10451 ns, Total: 95969 ns
[2022-09-22T17:31:10.941+0000][18056][safepoint   ] Safepoint "Cleanup", Time since last: 2005572769 ns, Reaching safepoint: 54398 ns, At safepoint: 9679 ns, Total: 64077 ns
[2022-09-22T17:31:13.967+0000][18056][safepoint   ] Safepoint "Cleanup", Time since last: 3025526026 ns, Reaching safepoint: 102402 ns, At safepoint: 8690 ns, Total: 111092 ns
[2022-09-22T17:31:15.972+0000][18056][safepoint   ] Safepoint "Cleanup", Time since last: 2005268354 ns, Reaching safepoint: 50406 ns, At safepoint: 7563 ns, Total: 57969 ns
[2022-09-22T17:31:16.975+0000][18056][safepoint   ] Safepoint "Cleanup", Time since last: 1002495817 ns, Reaching safepoint: 70438 ns, At safepoint: 10116 ns, Total: 80554 ns
[2022-09-22T17:31:17.979+0000][18056][safepoint   ] Safepoint "Cleanup", Time since last: 1004773375 ns, Reaching safepoint: 67790 ns, At safepoint: 11346 ns, Total: 79136 ns
[2022-09-22T17:31:18.983+0000][18056][safepoint   ] Safepoint "Cleanup", Time since last: 1003805391 ns, Reaching safepoint: 59068 ns, At safepoint: 3532 ns, Total: 62600 ns
[2022-09-22T17:31:19.986+0000][18056][safepoint   ] Safepoint "Cleanup", Time since last: 1002779483 ns, Reaching safepoint: 110353 ns, At safepoint: 18278 ns, Total: 128631 ns
[2022-09-22T17:31:20.991+0000][18056][safepoint   ] Safepoint "Cleanup", Time since last: 1004728217 ns, Reaching safepoint: 54802 ns, At safepoint: 2821 ns, Total: 57623 ns
[2022-09-22T17:31:23.003+0000][18056][safepoint   ] Safepoint "Cleanup", Time since last: 2007323993 ns, Reaching safepoint: 4507091 ns, At safepoint: 48878 ns, Total: 4555969 ns
[2022-09-22T17:31:24.007+0000][18056][safepoint   ] Safepoint "Cleanup", Time since last: 1004512248 ns, Reaching safepoint: 58652 ns, At safepoint: 9542 ns, Total: 68194 ns
[2022-09-22T17:31:25.012+0000][18056][safepoint   ] Safepoint "Cleanup", Time since last: 1004636981 ns, Reaching safepoint: 80558 ns, At safepoint: 13179 ns, Total: 93737 ns
[2022-09-22T17:31:26.017+0000][18056][safepoint   ] Safepoint "Cleanup", Time since last: 1004304356 ns, Reaching safepoint: 108595 ns, At safepoint: 9949 ns, Total: 118544 ns
[2022-09-22T17:31:27.021+0000][18056][safepoint   ] Safepoint "Cleanup", Time since last: 1004412697 ns, Reaching safepoint: 114405 ns, At safepoint: 37427 ns, Total: 151832 ns
[2022-09-22T17:31:29.025+0000][18056][safepoint   ] Safepoint "Cleanup", Time since last: 2004010242 ns, Reaching safepoint: 57035 ns, At safepoint: 10280 ns, Total: 67315 ns
[2022-09-22T17:31:30.041+0000][18056][safepoint   ] Safepoint "Cleanup", Time since last: 1015682517 ns, Reaching safepoint: 66885 ns, At safepoint: 9637 ns, Total: 76522 ns
[2022-09-22T17:31:31.044+0000][18056][safepoint   ] Safepoint "Cleanup", Time since last: 1003364512 ns, Reaching safepoint: 111764 ns, At safepoint: 13091 ns, Total: 124855 ns
[2022-09-22T17:31:32.047+0000][18056][safepoint   ] Safepoint "Cleanup", Time since last: 1002774078 ns, Reaching safepoint: 59298 ns, At safepoint: 9930 ns, Total: 69228 ns
[2022-09-22T17:31:34.055+0000][18056][safepoint   ] Safepoint "Cleanup", Time since last: 2008053332 ns, Reaching safepoint: 55236 ns, At safepoint: 3911 ns, Total: 59147 ns
[2022-09-22T17:31:35.059+0000][18056][safepoint   ] Safepoint "Cleanup", Time since last: 1003888690 ns, Reaching safepoint: 54613 ns, At safepoint: 4224 ns, Total: 58837 ns
[2022-09-22T17:31:36.064+0000][18056][safepoint   ] Safepoint "Cleanup", Time since last: 1005014351 ns, Reaching safepoint: 47998 ns, At safepoint: 4308 ns, Total: 52306 ns
[2022-09-22T17:31:38.071+0000][18056][safepoint   ] Safepoint "Cleanup", Time since last: 2007289260 ns, Reaching safepoint: 65464 ns, At safepoint: 12231 ns, Total: 77695 ns
[2022-09-22T17:31:39.074+0000][18056][safepoint   ] Safepoint "Cleanup", Time since last: 1002453212 ns, Reaching safepoint: 60593 ns, At safepoint: 5358 ns, Total: 65951 ns
[2022-09-22T17:31:41.079+0000][18056][safepoint   ] Safepoint "Cleanup", Time since last: 2005484984 ns, Reaching safepoint: 66133 ns, At safepoint: 4405 ns, Total: 70538 ns
[2022-09-22T17:31:42.083+0000][18056][safepoint   ] Safepoint "Cleanup", Time since last: 1003639230 ns, Reaching safepoint: 89567 ns, At safepoint: 4805 ns, Total: 94372 ns
[2022-09-22T17:31:44.092+0000][18056][safepoint   ] Safepoint "Cleanup", Time since last: 2008606116 ns, Reaching safepoint: 73886 ns, At safepoint: 12529 ns, Total: 86415 ns
[2022-09-22T17:31:46.100+0000][18056][safepoint   ] Safepoint "Cleanup", Time since last: 2007866998 ns, Reaching safepoint: 65988 ns, At safepoint: 12249 ns, Total: 78237 ns
[2022-09-22T17:31:47.105+0000][18056][safepoint   ] Safepoint "Cleanup", Time since last: 1004791013 ns, Reaching safepoint: 60761 ns, At safepoint: 4491 ns, Total: 65252 ns
[2022-09-22T17:31:49.111+0000][18056][safepoint   ] Safepoint "Cleanup", Time since last: 2006577273 ns, Reaching safepoint: 59729 ns, At safepoint: 8656 ns, Total: 68385 ns
[2022-09-22T17:31:50.113+0000][18056][safepoint   ] Safepoint "Cleanup", Time since last: 1001282092 ns, Reaching safepoint: 77071 ns, At safepoint: 15539 ns, Total: 92610 ns
[2022-09-22T17:31:51.116+0000][18056][safepoint   ] Safepoint "Cleanup", Time since last: 1003878187 ns, Reaching safepoint: 77348 ns, At safepoint: 13865 ns, Total: 91213 ns
[2022-09-22T17:31:53.124+0000][18056][safepoint   ] Safepoint "Cleanup", Time since last: 2007023121 ns, Reaching safepoint: 90599 ns, At safepoint: 11185 ns, Total: 101784 ns
[2022-09-22T17:31:54.126+0000][18056][safepoint   ] Safepoint "Cleanup", Time since last: 1002775432 ns, Reaching safepoint: 145247 ns, At safepoint: 18829 ns, Total: 164076 ns
[2022-09-22T17:31:55.127+0000][18056][safepoint   ] Safepoint "Cleanup", Time since last: 1000346082 ns, Reaching safepoint: 79031 ns, At safepoint: 10840 ns, Total: 89871 ns
[2022-09-22T17:31:56.132+0000][18056][safepoint   ] Safepoint "Cleanup", Time since last: 1004802038 ns, Reaching safepoint: 71384 ns, At safepoint: 29399 ns, Total: 100783 ns
[2022-09-22T17:31:59.145+0000][18056][safepoint   ] Safepoint "Cleanup", Time since last: 3013098033 ns, Reaching safepoint: 50519 ns, At safepoint: 3719 ns, Total: 54238 ns
[2022-09-22T17:32:00.150+0000][18056][safepoint   ] Safepoint "Cleanup", Time since last: 1004708199 ns, Reaching safepoint: 51929 ns, At safepoint: 3736 ns, Total: 55665 ns
[2022-09-22T17:32:01.154+0000][18056][safepoint   ] Safepoint "Cleanup", Time since last: 1004101564 ns, Reaching safepoint: 83921 ns, At safepoint: 3360 ns, Total: 87281 ns
[2022-09-22T17:32:02.155+0000][18056][safepoint   ] Safepoint "Cleanup", Time since last: 1001127063 ns, Reaching safepoint: 55227 ns, At safepoint: 3790 ns, Total: 59017 ns
[2022-09-22T17:32:04.164+0000][18056][safepoint   ] Safepoint "Cleanup", Time since last: 2008610541 ns, Reaching safepoint: 64594 ns, At safepoint: 7555 ns, Total: 72149 ns
[2022-09-22T17:32:05.167+0000][18056][safepoint   ] Safepoint "Cleanup", Time since last: 1002947669 ns, Reaching safepoint: 80614 ns, At safepoint: 14405 ns, Total: 95019 ns
[2022-09-22T17:32:06.171+0000][18056][safepoint   ] Safepoint "Cleanup", Time since last: 1004446298 ns, Reaching safepoint: 95581 ns, At safepoint: 13017 ns, Total: 108598 ns
[2022-09-22T17:32:08.181+0000][18056][safepoint   ] Safepoint "Cleanup", Time since last: 2009617095 ns, Reaching safepoint: 60274 ns, At safepoint: 10505 ns, Total: 70779 ns
[2022-09-22T17:32:09.184+0000][18056][safepoint   ] Safepoint "Cleanup", Time since last: 1003232678 ns, Reaching safepoint: 69921 ns, At safepoint: 3793 ns, Total: 73714 ns
[2022-09-22T17:32:11.190+0000][18056][safepoint   ] Safepoint "Cleanup", Time since last: 2005991297 ns, Reaching safepoint: 71586 ns, At safepoint: 4929 ns, Total: 76515 ns
[2022-09-22T17:32:14.192+0000][18056][safepoint   ] Safepoint "Cleanup", Time since last: 3002312940 ns, Reaching safepoint: 66255 ns, At safepoint: 11563 ns, Total: 77818 ns
[2022-09-22T17:32:16.200+0000][18056][safepoint   ] Safepoint "Cleanup", Time since last: 2007096768 ns, Reaching safepoint: 71000 ns, At safepoint: 10608 ns, Total: 81608 ns
[2022-09-22T17:32:17.205+0000][18056][safepoint   ] Safepoint "Cleanup", Time since last: 1004981863 ns, Reaching safepoint: 68365 ns, At safepoint: 7517 ns, Total: 75882 ns
[2022-09-22T17:32:19.213+0000][18056][safepoint   ] Safepoint "Cleanup", Time since last: 2008820402 ns, Reaching safepoint: 95428 ns, At safepoint: 16048 ns, Total: 111476 ns
[2022-09-22T17:32:20.217+0000][18056][safepoint   ] Safepoint "Cleanup", Time since last: 1003770653 ns, Reaching safepoint: 91862 ns, At safepoint: 16342 ns, Total: 108204 ns
[2022-09-22T17:32:21.222+0000][18056][safepoint   ] Safepoint "Cleanup", Time since last: 1004790401 ns, Reaching safepoint: 51200 ns, At safepoint: 3921 ns, Total: 55121 ns
[2022-09-22T17:32:23.228+0000][18056][safepoint   ] Safepoint "Cleanup", Time since last: 2005626295 ns, Reaching safepoint: 89998 ns, At safepoint: 7933 ns, Total: 97931 ns
[2022-09-22T17:32:24.233+0000][18056][safepoint   ] Safepoint "Cleanup", Time since last: 1004921894 ns, Reaching safepoint: 81987 ns, At safepoint: 12725 ns, Total: 94712 ns
[2022-09-22T17:32:26.241+0000][18056][safepoint   ] Safepoint "Cleanup", Time since last: 2008496324 ns, Reaching safepoint: 101567 ns, At safepoint: 11131 ns, Total: 112698 ns
[2022-09-22T17:32:28.247+0000][18056][safepoint   ] Safepoint "Cleanup", Time since last: 2005894225 ns, Reaching safepoint: 89351 ns, At safepoint: 3789 ns, Total: 93140 ns
[2022-09-22T17:32:29.252+0000][18056][safepoint   ] Safepoint "Cleanup", Time since last: 1004654502 ns, Reaching safepoint: 72956 ns, At safepoint: 4259 ns, Total: 77215 ns
[2022-09-22T17:32:30.255+0000][18056][safepoint   ] Safepoint "Cleanup", Time since last: 1003230771 ns, Reaching safepoint: 77614 ns, At safepoint: 14251 ns, Total: 91865 ns
[2022-09-22T17:32:31.259+0000][18056][safepoint   ] Safepoint "Cleanup", Time since last: 1003838002 ns, Reaching safepoint: 64707 ns, At safepoint: 4631 ns, Total: 69338 ns
[2022-09-22T17:32:32.261+0000][18056][safepoint   ] Safepoint "Cleanup", Time since last: 1001542289 ns, Reaching safepoint: 88656 ns, At safepoint: 9746 ns, Total: 98402 ns
[2022-09-22T17:32:33.261+0000][18056][safepoint   ] Safepoint "Cleanup", Time since last: 1000351703 ns, Reaching safepoint: 67838 ns, At safepoint: 10616 ns, Total: 78454 ns
[2022-09-22T17:32:35.268+0000][18056][safepoint   ] Safepoint "Cleanup", Time since last: 2007120495 ns, Reaching safepoint: 62490 ns, At safepoint: 11739 ns, Total: 74229 ns
[2022-09-22T17:32:36.272+0000][18056][safepoint   ] Safepoint "Cleanup", Time since last: 1003034443 ns, Reaching safepoint: 91868 ns, At safepoint: 15511 ns, Total: 107379 ns
[2022-09-22T17:32:37.275+0000][18056][safepoint   ] Safepoint "Cleanup", Time since last: 1003486534 ns, Reaching safepoint: 363355 ns, At safepoint: 30399 ns, Total: 393754 ns
[2022-09-22T17:32:38.285+0000][18056][safepoint   ] Safepoint "Cleanup", Time since last: 1009448116 ns, Reaching safepoint: 68366 ns, At safepoint: 24091 ns, Total: 92457 ns
[2022-09-22T17:32:41.296+0000][18056][safepoint   ] Safepoint "Cleanup", Time since last: 3011529071 ns, Reaching safepoint: 75930 ns, At safepoint: 9606 ns, Total: 85536 ns
[2022-09-22T17:32:43.301+0000][18056][safepoint   ] Safepoint "Cleanup", Time since last: 2004813723 ns, Reaching safepoint: 66922 ns, At safepoint: 11258 ns, Total: 78180 ns
[2022-09-22T17:32:44.305+0000][18056][safepoint   ] Safepoint "Cleanup", Time since last: 1003991938 ns, Reaching safepoint: 98652 ns, At safepoint: 3771 ns, Total: 102423 ns
[2022-09-22T17:32:46.308+0000][18056][safepoint   ] Safepoint "Cleanup", Time since last: 2002074358 ns, Reaching safepoint: 74075 ns, At safepoint: 10396 ns, Total: 84471 ns
[2022-09-22T17:32:47.312+0000][18056][safepoint   ] Safepoint "Cleanup", Time since last: 1004772953 ns, Reaching safepoint: 132542 ns, At safepoint: 19353 ns, Total: 151895 ns
[2022-09-22T17:32:48.317+0000][18056][safepoint   ] Safepoint "Cleanup", Time since last: 1004252066 ns, Reaching safepoint: 195829 ns, At safepoint: 23903 ns, Total: 219732 ns
[2022-09-22T17:32:50.324+0000][18056][safepoint   ] Safepoint "Cleanup", Time since last: 2006995974 ns, Reaching safepoint: 120794 ns, At safepoint: 10891 ns, Total: 131685 ns
[2022-09-22T17:32:51.329+0000][18056][safepoint   ] Safepoint "Cleanup", Time since last: 1003053378 ns, Reaching safepoint: 2164620 ns, At safepoint: 53555 ns, Total: 2218175 ns
[2022-09-22T17:32:53.336+0000][18056][safepoint   ] Safepoint "Cleanup", Time since last: 2006588112 ns, Reaching safepoint: 107455 ns, At safepoint: 8523 ns, Total: 115978 ns
[2022-09-22T17:32:54.340+0000][18056][safepoint   ] Safepoint "Cleanup", Time since last: 1004174580 ns, Reaching safepoint: 91203 ns, At safepoint: 11300 ns, Total: 102503 ns
[2022-09-22T17:32:56.345+0000][18056][safepoint   ] Safepoint "Cleanup", Time since last: 2004321382 ns, Reaching safepoint: 84004 ns, At safepoint: 14479 ns, Total: 98483 ns
[2022-09-22T17:32:59.356+0000][18056][safepoint   ] Safepoint "Cleanup", Time since last: 3011224003 ns, Reaching safepoint: 71015 ns, At safepoint: 10609 ns, Total: 81624 ns
[2022-09-22T17:33:01.362+0000][18056][safepoint   ] Safepoint "Cleanup", Time since last: 2005745935 ns, Reaching safepoint: 54133 ns, At safepoint: 10314 ns, Total: 64447 ns
[2022-09-22T17:33:02.366+0000][18056][safepoint   ] Safepoint "Cleanup", Time since last: 1004747226 ns, Reaching safepoint: 72634 ns, At safepoint: 12834 ns, Total: 85468 ns
[2022-09-22T17:33:03.370+0000][18056][safepoint   ] Safepoint "Cleanup", Time since last: 1003667969 ns, Reaching safepoint: 64528 ns, At safepoint: 8756 ns, Total: 73284 ns
[2022-09-22T17:33:05.377+0000][18056][safepoint   ] Safepoint "Cleanup", Time since last: 2007288350 ns, Reaching safepoint: 87517 ns, At safepoint: 11461 ns, Total: 98978 ns
[2022-09-22T17:33:06.382+0000][18056][safepoint   ] Safepoint "Cleanup", Time since last: 1004199339 ns, Reaching safepoint: 52326 ns, At safepoint: 8315 ns, Total: 60641 ns
[2022-09-22T17:33:07.387+0000][18056][safepoint   ] Safepoint "Cleanup", Time since last: 1004858631 ns, Reaching safepoint: 161542 ns, At safepoint: 186119 ns, Total: 347661 ns
[2022-09-22T17:33:08.389+0000][18056][safepoint   ] Safepoint "Cleanup", Time since last: 1002319366 ns, Reaching safepoint: 74721 ns, At safepoint: 12664 ns, Total: 87385 ns
[2022-09-22T17:33:11.401+0000][18056][safepoint   ] Safepoint "Cleanup", Time since last: 3011949507 ns, Reaching safepoint: 70044 ns, At safepoint: 24481 ns, Total: 94525 ns
[2022-09-22T17:33:13.408+0000][18056][safepoint   ] Safepoint "Cleanup", Time since last: 2006787696 ns, Reaching safepoint: 55181 ns, At safepoint: 10346 ns, Total: 65527 ns
[2022-09-22T17:33:14.411+0000][18056][safepoint   ] Safepoint "Cleanup", Time since last: 1002558494 ns, Reaching safepoint: 60129 ns, At safepoint: 3220 ns, Total: 63349 ns
[2022-09-22T17:33:16.418+0000][18056][safepoint   ] Safepoint "Cleanup", Time since last: 2007858128 ns, Reaching safepoint: 66105 ns, At safepoint: 10999 ns, Total: 77104 ns
[2022-09-22T17:33:16.749+0000][18056][gc,start    ] GC(16) Pause Young (Normal) (G1 Evacuation Pause)
[2022-09-22T17:33:16.749+0000][18056][gc,task     ] GC(16) Using 10 workers of 10 for evacuation
[2022-09-22T17:33:16.755+0000][18056][gc,age      ] GC(16) Desired survivor size 121634816 bytes, new threshold 15 (max threshold 15)
[2022-09-22T17:33:16.960+0000][18056][gc,age      ] GC(16) Age table with threshold 15 (max threshold 15)
[2022-09-22T17:33:16.960+0000][18056][gc,age      ] GC(16) - age   1:    7190600 bytes,    7190600 total
[2022-09-22T17:33:16.960+0000][18056][gc,age      ] GC(16) - age   2:    1249256 bytes,    8439856 total
[2022-09-22T17:33:16.960+0000][18056][gc,age      ] GC(16) - age   3:   19286536 bytes,   27726392 total
[2022-09-22T17:33:16.960+0000][18056][gc,mmu      ] GC(16) MMU target violated: 201.0ms (200.0ms/201.0ms)
[2022-09-22T17:33:16.960+0000][18056][gc,phases   ] GC(16)   Pre Evacuate Collection Set: 8.0ms
[2022-09-22T17:33:16.960+0000][18056][gc,phases   ] GC(16)   Merge Heap Roots: 1.7ms
[2022-09-22T17:33:16.960+0000][18056][gc,phases   ] GC(16)   Evacuate Collection Set: 164.3ms
[2022-09-22T17:33:16.960+0000][18056][gc,phases   ] GC(16)   Post Evacuate Collection Set: 37.4ms
[2022-09-22T17:33:16.960+0000][18056][gc,phases   ] GC(16)   Other: 1.0ms
[2022-09-22T17:33:16.961+0000][18056][gc,heap     ] GC(16) Eden regions: 455->0(330)
[2022-09-22T17:33:16.961+0000][18056][gc,heap     ] GC(16) Survivor regions: 7->8(58)
[2022-09-22T17:33:16.961+0000][18056][gc,heap     ] GC(16) Old regions: 23->23
[2022-09-22T17:33:16.961+0000][18056][gc,heap     ] GC(16) Archive regions: 2->2
[2022-09-22T17:33:16.961+0000][18056][gc,heap     ] GC(16) Humongous regions: 2->2
[2022-09-22T17:33:16.961+0000][18056][gc,metaspace] GC(16) Metaspace: 117327K(118976K)->117327K(118976K) NonClass: 101906K(102848K)->101906K(102848K) Class: 15420K(16128K)->15420K(16128K)
[2022-09-22T17:33:16.961+0000][18056][gc          ] GC(16) Pause Young (Normal) (G1 Evacuation Pause) 1949M->130M(8192M) 211.843ms
[2022-09-22T17:33:16.961+0000][18056][gc,cpu      ] GC(16) User=0.10s Sys=0.51s Real=0.22s
[2022-09-22T17:33:16.961+0000][18056][safepoint   ] Safepoint "G1CollectForAllocation", Time since last: 329572480 ns, Reaching safepoint: 56923 ns, At safepoint: 212539520 ns, Total: 212596443 ns
[2022-09-22T17:33:17.965+0000][18056][safepoint   ] Safepoint "Cleanup", Time since last: 1004506592 ns, Reaching safepoint: 65404 ns, At safepoint: 55937 ns, Total: 121341 ns
[2022-09-22T17:33:18.970+0000][18056][safepoint   ] Safepoint "Cleanup", Time since last: 1005015738 ns, Reaching safepoint: 60514 ns, At safepoint: 9475 ns, Total: 69989 ns
[2022-09-22T17:33:19.973+0000][18056][safepoint   ] Safepoint "Cleanup", Time since last: 1002610496 ns, Reaching safepoint: 106465 ns, At safepoint: 15910 ns, Total: 122375 ns
[2022-09-22T17:33:20.978+0000][18056][safepoint   ] Safepoint "Cleanup", Time since last: 1004684807 ns, Reaching safepoint: 173546 ns, At safepoint: 74526 ns, Total: 248072 ns
[2022-09-22T17:33:22.987+0000][18056][safepoint   ] Safepoint "Cleanup", Time since last: 2008514346 ns, Reaching safepoint: 109236 ns, At safepoint: 45650 ns, Total: 154886 ns
[2022-09-22T17:33:24.008+0000][18056][safepoint   ] Safepoint "Cleanup", Time since last: 1020935273 ns, Reaching safepoint: 77521 ns, At safepoint: 6254 ns, Total: 83775 ns
[2022-09-22T17:33:25.008+0000][18056][safepoint   ] Safepoint "Cleanup", Time since last: 1000803421 ns, Reaching safepoint: 61779 ns, At safepoint: 3418 ns, Total: 65197 ns
[2022-09-22T17:33:26.011+0000][18056][safepoint   ] Safepoint "Cleanup", Time since last: 1002932497 ns, Reaching safepoint: 50874 ns, At safepoint: 11731 ns, Total: 62605 ns
[2022-09-22T17:33:29.022+0000][18056][safepoint   ] Safepoint "Cleanup", Time since last: 3010629906 ns, Reaching safepoint: 62766 ns, At safepoint: 4021 ns, Total: 66787 ns
[2022-09-22T17:33:31.027+0000][18056][safepoint   ] Safepoint "Cleanup", Time since last: 2005259598 ns, Reaching safepoint: 97385 ns, At safepoint: 12491 ns, Total: 109876 ns
[2022-09-22T17:33:32.033+0000][18056][safepoint   ] Safepoint "Cleanup", Time since last: 1005108315 ns, Reaching safepoint: 105240 ns, At safepoint: 15145 ns, Total: 120385 ns
[2022-09-22T17:33:34.038+0000][18056][safepoint   ] Safepoint "Cleanup", Time since last: 2005619950 ns, Reaching safepoint: 66888 ns, At safepoint: 49842 ns, Total: 116730 ns
[2022-09-22T17:33:35.040+0000][18056][safepoint   ] Safepoint "Cleanup", Time since last: 1001319002 ns, Reaching safepoint: 48730 ns, At safepoint: 9844 ns, Total: 58574 ns
[2022-09-22T17:33:36.044+0000][18056][safepoint   ] Safepoint "Cleanup", Time since last: 1004346636 ns, Reaching safepoint: 84743 ns, At safepoint: 6705 ns, Total: 91448 ns
[2022-09-22T17:33:37.044+0000][18056][safepoint   ] Safepoint "Cleanup", Time since last: 1000204679 ns, Reaching safepoint: 151318 ns, At safepoint: 58749 ns, Total: 210067 ns
[2022-09-22T17:33:38.049+0000][18056][safepoint   ] Safepoint "Cleanup", Time since last: 1004647252 ns, Reaching safepoint: 91630 ns, At safepoint: 5333 ns, Total: 96963 ns
[2022-09-22T17:33:39.054+0000][18056][safepoint   ] Safepoint "Cleanup", Time since last: 1004697579 ns, Reaching safepoint: 82141 ns, At safepoint: 10977 ns, Total: 93118 ns
[2022-09-22T17:33:41.061+0000][18056][safepoint   ] Safepoint "Cleanup", Time since last: 2007467991 ns, Reaching safepoint: 103650 ns, At safepoint: 11870 ns, Total: 115520 ns
[2022-09-22T17:33:42.073+0000][18056][safepoint   ] Safepoint "Cleanup", Time since last: 1007642880 ns, Reaching safepoint: 4268106 ns, At safepoint: 23617 ns, Total: 4291723 ns
[2022-09-22T17:33:44.080+0000][18056][safepoint   ] Safepoint "Cleanup", Time since last: 2006882071 ns, Reaching safepoint: 96585 ns, At safepoint: 9728 ns, Total: 106313 ns
[2022-09-22T17:33:46.090+0000][18056][safepoint   ] Safepoint "Cleanup", Time since last: 2009935865 ns, Reaching safepoint: 56912 ns, At safepoint: 3211 ns, Total: 60123 ns
[2022-09-22T17:33:47.095+0000][18056][safepoint   ] Safepoint "Cleanup", Time since last: 1004267875 ns, Reaching safepoint: 48668 ns, At safepoint: 3854 ns, Total: 52522 ns
[2022-09-22T17:33:48.100+0000][18056][safepoint   ] Safepoint "Cleanup", Time since last: 1004446390 ns, Reaching safepoint: 656139 ns, At safepoint: 17916 ns, Total: 674055 ns
[2022-09-22T17:33:49.103+0000][18056][safepoint   ] Safepoint "Cleanup", Time since last: 1003554118 ns, Reaching safepoint: 51546 ns, At safepoint: 4076 ns, Total: 55622 ns
[2022-09-22T17:33:50.103+0000][18056][safepoint   ] Safepoint "Cleanup", Time since last: 1000091511 ns, Reaching safepoint: 74437 ns, At safepoint: 8433 ns, Total: 82870 ns
[2022-09-22T17:33:51.107+0000][18056][safepoint   ] Safepoint "Cleanup", Time since last: 1003181199 ns, Reaching safepoint: 83159 ns, At safepoint: 11472 ns, Total: 94631 ns
[2022-09-22T17:33:52.108+0000][18056][safepoint   ] Safepoint "Cleanup", Time since last: 1001583621 ns, Reaching safepoint: 61154 ns, At safepoint: 3718 ns, Total: 64872 ns
[2022-09-22T17:33:53.112+0000][18056][safepoint   ] Safepoint "Cleanup", Time since last: 1003545076 ns, Reaching safepoint: 124163 ns, At safepoint: 21170 ns, Total: 145333 ns
[2022-09-22T17:33:54.117+0000][18056][safepoint   ] Safepoint "Cleanup", Time since last: 1005148422 ns, Reaching safepoint: 171477 ns, At safepoint: 52453 ns, Total: 223930 ns
[2022-09-22T17:33:55.120+0000][18056][safepoint   ] Safepoint "Cleanup", Time since last: 1002692543 ns, Reaching safepoint: 57636 ns, At safepoint: 8649 ns, Total: 66285 ns
[2022-09-22T17:33:56.123+0000][18056][safepoint   ] Safepoint "Cleanup", Time since last: 1003350759 ns, Reaching safepoint: 43144 ns, At safepoint: 2549 ns, Total: 45693 ns
[2022-09-22T17:33:59.135+0000][18056][safepoint   ] Safepoint "Cleanup", Time since last: 3011402173 ns, Reaching safepoint: 142750 ns, At safepoint: 16277 ns, Total: 159027 ns
[2022-09-22T17:34:01.144+0000][18056][safepoint   ] Safepoint "Cleanup", Time since last: 2009352436 ns, Reaching safepoint: 58422 ns, At safepoint: 10011 ns, Total: 68433 ns
[2022-09-22T17:34:02.148+0000][18056][safepoint   ] Safepoint "Cleanup", Time since last: 1004036570 ns, Reaching safepoint: 70610 ns, At safepoint: 13713 ns, Total: 84323 ns
[2022-09-22T17:34:04.157+0000][18056][safepoint   ] Safepoint "Cleanup", Time since last: 2008578824 ns, Reaching safepoint: 68335 ns, At safepoint: 10834 ns, Total: 79169 ns
[2022-09-22T17:34:05.159+0000][18056][safepoint   ] Safepoint "Cleanup", Time since last: 1002035202 ns, Reaching safepoint: 53936 ns, At safepoint: 3756 ns, Total: 57692 ns
[2022-09-22T17:34:06.162+0000][18056][safepoint   ] Safepoint "Cleanup", Time since last: 1003298427 ns, Reaching safepoint: 77020 ns, At safepoint: 8368 ns, Total: 85388 ns
[2022-09-22T17:34:07.167+0000][18056][safepoint   ] Safepoint "Cleanup", Time since last: 1003999513 ns, Reaching safepoint: 63534 ns, At safepoint: 11174 ns, Total: 74708 ns
[2022-09-22T17:34:08.170+0000][18056][safepoint   ] Safepoint "Cleanup", Time since last: 1003842244 ns, Reaching safepoint: 82254 ns, At safepoint: 17799 ns, Total: 100053 ns
[2022-09-22T17:34:09.172+0000][18056][safepoint   ] Safepoint "Cleanup", Time since last: 1001350889 ns, Reaching safepoint: 76385 ns, At safepoint: 4614 ns, Total: 80999 ns
[2022-09-22T17:34:11.177+0000][18056][safepoint   ] Safepoint "Cleanup", Time since last: 2004810478 ns, Reaching safepoint: 82699 ns, At safepoint: 6798 ns, Total: 89497 ns
[2022-09-22T17:34:12.178+0000][18056][safepoint   ] Safepoint "Cleanup", Time since last: 1001439293 ns, Reaching safepoint: 56295 ns, At safepoint: 3963 ns, Total: 60258 ns
[2022-09-22T17:34:13.182+0000][18056][safepoint   ] Safepoint "Cleanup", Time since last: 1004164207 ns, Reaching safepoint: 49226 ns, At safepoint: 9467 ns, Total: 58693 ns
[2022-09-22T17:34:14.926+0000][18056][safepoint   ] Safepoint "Cleanup", Time since last: 1744046780 ns, Reaching safepoint: 65330 ns, At safepoint: 3702 ns, Total: 69032 ns
[2022-09-22T17:34:15.929+0000][18056][safepoint   ] Safepoint "Cleanup", Time since last: 1002585120 ns, Reaching safepoint: 51704 ns, At safepoint: 8829 ns, Total: 60533 ns
[2022-09-22T17:34:16.933+0000][18056][safepoint   ] Safepoint "Cleanup", Time since last: 1003622541 ns, Reaching safepoint: 65168 ns, At safepoint: 11668 ns, Total: 76836 ns
[2022-09-22T17:34:18.956+0000][18056][safepoint   ] Safepoint "Cleanup", Time since last: 2022848586 ns, Reaching safepoint: 49582 ns, At safepoint: 3984 ns, Total: 53566 ns
[2022-09-22T17:34:19.961+0000][18056][safepoint   ] Safepoint "Cleanup", Time since last: 1004923223 ns, Reaching safepoint: 160882 ns, At safepoint: 17702 ns, Total: 178584 ns
[2022-09-22T17:34:20.966+0000][18056][safepoint   ] Safepoint "Cleanup", Time since last: 1004814773 ns, Reaching safepoint: 50350 ns, At safepoint: 7565 ns, Total: 57915 ns
[2022-09-22T17:34:22.974+0000][18056][safepoint   ] Safepoint "Cleanup", Time since last: 2008751532 ns, Reaching safepoint: 63486 ns, At safepoint: 10291 ns, Total: 73777 ns
[2022-09-22T17:34:23.979+0000][18056][safepoint   ] Safepoint "Cleanup", Time since last: 1004108059 ns, Reaching safepoint: 141064 ns, At safepoint: 22905 ns, Total: 163969 ns
[2022-09-22T17:34:24.982+0000][18056][safepoint   ] Safepoint "Cleanup", Time since last: 1003683649 ns, Reaching safepoint: 87178 ns, At safepoint: 11576 ns, Total: 98754 ns
[2022-09-22T17:34:25.987+0000][18056][safepoint   ] Safepoint "Cleanup", Time since last: 1004712793 ns, Reaching safepoint: 72822 ns, At safepoint: 13313 ns, Total: 86135 ns
[2022-09-22T17:34:28.992+0000][18056][safepoint   ] Safepoint "Cleanup", Time since last: 3005142177 ns, Reaching safepoint: 72500 ns, At safepoint: 9967 ns, Total: 82467 ns
[2022-09-22T17:34:30.999+0000][18056][safepoint   ] Safepoint "Cleanup", Time since last: 2007182728 ns, Reaching safepoint: 54402 ns, At safepoint: 12726 ns, Total: 67128 ns
[2022-09-22T17:34:32.000+0000][18056][safepoint   ] Safepoint "Cleanup", Time since last: 1000248534 ns, Reaching safepoint: 176276 ns, At safepoint: 42420 ns, Total: 218696 ns
[2022-09-22T17:34:34.005+0000][18056][safepoint   ] Safepoint "Cleanup", Time since last: 2004864510 ns, Reaching safepoint: 101746 ns, At safepoint: 9227 ns, Total: 110973 ns
[2022-09-22T17:34:35.007+0000][18056][safepoint   ] Safepoint "Cleanup", Time since last: 1002059969 ns, Reaching safepoint: 76060 ns, At safepoint: 4888 ns, Total: 80948 ns
[2022-09-22T17:34:36.016+0000][18056][safepoint   ] Safepoint "Cleanup", Time since last: 1009031110 ns, Reaching safepoint: 123653 ns, At safepoint: 10194 ns, Total: 133847 ns
[2022-09-22T17:34:38.023+0000][18056][safepoint   ] Safepoint "Cleanup", Time since last: 2006884968 ns, Reaching safepoint: 78493 ns, At safepoint: 11641 ns, Total: 90134 ns
[2022-09-22T17:34:39.026+0000][18056][safepoint   ] Safepoint "Cleanup", Time since last: 1002619765 ns, Reaching safepoint: 66702 ns, At safepoint: 5136 ns, Total: 71838 ns
[2022-09-22T17:34:41.033+0000][18056][safepoint   ] Safepoint "Cleanup", Time since last: 2006804998 ns, Reaching safepoint: 92498 ns, At safepoint: 7282 ns, Total: 99780 ns
[2022-09-22T17:34:44.040+0000][18056][safepoint   ] Safepoint "Cleanup", Time since last: 3007130447 ns, Reaching safepoint: 51334 ns, At safepoint: 9858 ns, Total: 61192 ns
[2022-09-22T17:34:46.048+0000][18056][safepoint   ] Safepoint "Cleanup", Time since last: 2008013911 ns, Reaching safepoint: 102787 ns, At safepoint: 22048 ns, Total: 124835 ns
[2022-09-22T17:34:47.050+0000][18056][safepoint   ] Safepoint "Cleanup", Time since last: 1002020318 ns, Reaching safepoint: 94928 ns, At safepoint: 12816 ns, Total: 107744 ns
[2022-09-22T17:34:48.052+0000][18056][safepoint   ] Safepoint "Cleanup", Time since last: 1002289710 ns, Reaching safepoint: 77051 ns, At safepoint: 10198 ns, Total: 87249 ns
[2022-09-22T17:34:49.054+0000][18056][safepoint   ] Safepoint "Cleanup", Time since last: 1001186860 ns, Reaching safepoint: 885817 ns, At safepoint: 55598 ns, Total: 941415 ns
[2022-09-22T17:34:50.056+0000][18056][safepoint   ] Safepoint "Cleanup", Time since last: 1001201095 ns, Reaching safepoint: 93478 ns, At safepoint: 10625 ns, Total: 104103 ns
[2022-09-22T17:34:51.061+0000][18056][safepoint   ] Safepoint "Cleanup", Time since last: 1005468892 ns, Reaching safepoint: 51827 ns, At safepoint: 7360 ns, Total: 59187 ns
[2022-09-22T17:34:53.070+0000][18056][safepoint   ] Safepoint "Cleanup", Time since last: 2008464618 ns, Reaching safepoint: 58349 ns, At safepoint: 10244 ns, Total: 68593 ns
[2022-09-22T17:34:54.074+0000][18056][safepoint   ] Safepoint "Cleanup", Time since last: 1004716790 ns, Reaching safepoint: 50656 ns, At safepoint: 4020 ns, Total: 54676 ns
[2022-09-22T17:34:55.079+0000][18056][safepoint   ] Safepoint "Cleanup", Time since last: 1004124833 ns, Reaching safepoint: 49684 ns, At safepoint: 3991 ns, Total: 53675 ns
[2022-09-22T17:34:56.080+0000][18056][safepoint   ] Safepoint "Cleanup", Time since last: 1001583411 ns, Reaching safepoint: 59024 ns, At safepoint: 9119 ns, Total: 68143 ns
[2022-09-22T17:34:59.091+0000][18056][safepoint   ] Safepoint "Cleanup", Time since last: 3010834754 ns, Reaching safepoint: 81189 ns, At safepoint: 12118 ns, Total: 93307 ns
[2022-09-22T17:35:00.092+0000][18056][safepoint   ] Safepoint "Cleanup", Time since last: 1001253670 ns, Reaching safepoint: 79370 ns, At safepoint: 8738 ns, Total: 88108 ns
[2022-09-22T17:35:01.097+0000][18056][safepoint   ] Safepoint "Cleanup", Time since last: 1004537933 ns, Reaching safepoint: 55162 ns, At safepoint: 8307 ns, Total: 63469 ns
[2022-09-22T17:35:02.100+0000][18056][safepoint   ] Safepoint "Cleanup", Time since last: 1002988639 ns, Reaching safepoint: 55713 ns, At safepoint: 9869 ns, Total: 65582 ns
[2022-09-22T17:35:04.108+0000][18056][safepoint   ] Safepoint "Cleanup", Time since last: 2008398467 ns, Reaching safepoint: 67076 ns, At safepoint: 3520 ns, Total: 70596 ns
[2022-09-22T17:35:05.583+0000][18056][safepoint   ] Safepoint "Cleanup", Time since last: 1473536501 ns, Reaching safepoint: 572622 ns, At safepoint: 14710 ns, Total: 587332 ns
[2022-09-22T17:35:06.588+0000][18056][safepoint   ] Safepoint "Cleanup", Time since last: 1005019980 ns, Reaching safepoint: 449416 ns, At safepoint: 34027 ns, Total: 483443 ns
[2022-09-22T17:35:07.592+0000][18056][safepoint   ] Safepoint "Cleanup", Time since last: 1003825540 ns, Reaching safepoint: 214378 ns, At safepoint: 7953 ns, Total: 222331 ns
[2022-09-22T17:35:08.596+0000][18056][safepoint   ] Safepoint "Cleanup", Time since last: 1004126977 ns, Reaching safepoint: 105159 ns, At safepoint: 48986 ns, Total: 154145 ns
[2022-09-22T17:35:10.602+0000][18056][safepoint   ] Safepoint "Cleanup", Time since last: 2006117531 ns, Reaching safepoint: 61104 ns, At safepoint: 5136 ns, Total: 66240 ns
[2022-09-22T17:35:11.612+0000][18056][safepoint   ] Safepoint "Cleanup", Time since last: 1009181297 ns, Reaching safepoint: 61961 ns, At safepoint: 10208 ns, Total: 72169 ns
[2022-09-22T17:35:13.617+0000][18056][safepoint   ] Safepoint "Cleanup", Time since last: 2005288872 ns, Reaching safepoint: 111160 ns, At safepoint: 20426 ns, Total: 131586 ns
[2022-09-22T17:35:15.623+0000][18056][safepoint   ] Safepoint "Cleanup", Time since last: 2006052057 ns, Reaching safepoint: 51132 ns, At safepoint: 3415 ns, Total: 54547 ns
[2022-09-22T17:35:17.244+0000][18056][safepoint   ] Safepoint "Cleanup", Time since last: 1620374214 ns, Reaching safepoint: 114687 ns, At safepoint: 13639 ns, Total: 128326 ns
[2022-09-22T17:35:18.249+0000][18056][safepoint   ] Safepoint "Cleanup", Time since last: 1004895452 ns, Reaching safepoint: 71341 ns, At safepoint: 13130 ns, Total: 84471 ns
[2022-09-22T17:35:20.252+0000][18056][safepoint   ] Safepoint "Cleanup", Time since last: 2003886025 ns, Reaching safepoint: 84272 ns, At safepoint: 10444 ns, Total: 94716 ns
[2022-09-22T17:35:21.256+0000][18056][safepoint   ] Safepoint "Cleanup", Time since last: 1003913552 ns, Reaching safepoint: 57163 ns, At safepoint: 10782 ns, Total: 67945 ns
[2022-09-22T17:35:23.260+0000][18056][safepoint   ] Safepoint "Cleanup", Time since last: 2003644458 ns, Reaching safepoint: 55875 ns, At safepoint: 3940 ns, Total: 59815 ns
[2022-09-22T17:35:24.265+0000][18056][safepoint   ] Safepoint "Cleanup", Time since last: 1004894528 ns, Reaching safepoint: 48790 ns, At safepoint: 4201 ns, Total: 52991 ns
[2022-09-22T17:35:26.274+0000][18056][safepoint   ] Safepoint "Cleanup", Time since last: 2008475718 ns, Reaching safepoint: 316284 ns, At safepoint: 32712 ns, Total: 348996 ns
[2022-09-22T17:35:29.283+0000][18056][safepoint   ] Safepoint "Cleanup", Time since last: 3009398127 ns, Reaching safepoint: 88620 ns, At safepoint: 10088 ns, Total: 98708 ns
[2022-09-22T17:35:31.292+0000][18056][safepoint   ] Safepoint "Cleanup", Time since last: 2008995841 ns, Reaching safepoint: 66705 ns, At safepoint: 7688 ns, Total: 74393 ns
[2022-09-22T17:35:32.297+0000][18056][safepoint   ] Safepoint "Cleanup", Time since last: 1004477339 ns, Reaching safepoint: 63781 ns, At safepoint: 5113 ns, Total: 68894 ns
[2022-09-22T17:35:33.300+0000][18056][safepoint   ] Safepoint "Cleanup", Time since last: 1002770046 ns, Reaching safepoint: 65562 ns, At safepoint: 5127 ns, Total: 70689 ns
[2022-09-22T17:35:35.305+0000][18056][safepoint   ] Safepoint "Cleanup", Time since last: 2005455686 ns, Reaching safepoint: 55690 ns, At safepoint: 4579 ns, Total: 60269 ns
[2022-09-22T17:35:36.309+0000][18056][safepoint   ] Safepoint "Cleanup", Time since last: 1003818403 ns, Reaching safepoint: 72738 ns, At safepoint: 5887 ns, Total: 78625 ns
[2022-09-22T17:35:37.630+0000][18056][safepoint   ] Safepoint "Cleanup", Time since last: 1320773235 ns, Reaching safepoint: 136255 ns, At safepoint: 12121 ns, Total: 148376 ns
[2022-09-22T17:35:38.632+0000][18056][safepoint   ] Safepoint "Cleanup", Time since last: 1002043352 ns, Reaching safepoint: 109740 ns, At safepoint: 11065 ns, Total: 120805 ns
[2022-09-22T17:35:40.640+0000][18056][safepoint   ] Safepoint "Cleanup", Time since last: 2007481508 ns, Reaching safepoint: 66164 ns, At safepoint: 51762 ns, Total: 117926 ns
[2022-09-22T17:35:43.666+0000][18056][safepoint   ] Safepoint "Cleanup", Time since last: 3026750628 ns, Reaching safepoint: 90875 ns, At safepoint: 9201 ns, Total: 100076 ns
[2022-09-22T17:35:45.670+0000][18056][safepoint   ] Safepoint "Cleanup", Time since last: 2003514432 ns, Reaching safepoint: 60719 ns, At safepoint: 4213 ns, Total: 64932 ns
[2022-09-22T17:35:46.674+0000][18056][safepoint   ] Safepoint "Cleanup", Time since last: 1003664455 ns, Reaching safepoint: 85174 ns, At safepoint: 20996 ns, Total: 106170 ns
[2022-09-22T17:35:47.675+0000][18056][safepoint   ] Safepoint "Cleanup", Time since last: 1001142610 ns, Reaching safepoint: 84728 ns, At safepoint: 13161 ns, Total: 97889 ns
[2022-09-22T17:35:48.679+0000][18056][safepoint   ] Safepoint "Cleanup", Time since last: 1004417215 ns, Reaching safepoint: 87550 ns, At safepoint: 13634 ns, Total: 101184 ns
[2022-09-22T17:35:49.682+0000][18056][safepoint   ] Safepoint "Cleanup", Time since last: 1002645563 ns, Reaching safepoint: 144088 ns, At safepoint: 21153 ns, Total: 165241 ns
[2022-09-22T17:35:50.687+0000][18056][safepoint   ] Safepoint "Cleanup", Time since last: 1004372014 ns, Reaching safepoint: 72642 ns, At safepoint: 10884 ns, Total: 83526 ns
[2022-09-22T17:35:52.695+0000][18056][safepoint   ] Safepoint "Cleanup", Time since last: 2007958488 ns, Reaching safepoint: 53535 ns, At safepoint: 30093 ns, Total: 83628 ns
[2022-09-22T17:35:53.725+0000][18056][safepoint   ] Safepoint "Cleanup", Time since last: 1004691598 ns, Reaching safepoint: 25993009 ns, At safepoint: 33526 ns, Total: 26026535 ns
[2022-09-22T17:35:54.730+0000][18056][safepoint   ] Safepoint "Cleanup", Time since last: 1005145669 ns, Reaching safepoint: 66127 ns, At safepoint: 9653 ns, Total: 75780 ns
[2022-09-22T17:35:55.735+0000][18056][safepoint   ] Safepoint "Cleanup", Time since last: 1004808756 ns, Reaching safepoint: 60068 ns, At safepoint: 10574 ns, Total: 70642 ns
[2022-09-22T17:35:56.739+0000][18056][safepoint   ] Safepoint "Cleanup", Time since last: 1003170313 ns, Reaching safepoint: 92994 ns, At safepoint: 14711 ns, Total: 107705 ns
[2022-09-22T17:35:58.740+0000][18056][safepoint   ] Safepoint "Cleanup", Time since last: 2001058722 ns, Reaching safepoint: 59754 ns, At safepoint: 9783 ns, Total: 69537 ns
[2022-09-22T17:35:59.752+0000][18056][safepoint   ] Safepoint "Cleanup", Time since last: 1012047846 ns, Reaching safepoint: 65827 ns, At safepoint: 4143 ns, Total: 69970 ns
[2022-09-22T17:36:00.753+0000][18056][safepoint   ] Safepoint "Cleanup", Time since last: 1001172610 ns, Reaching safepoint: 60727 ns, At safepoint: 11441 ns, Total: 72168 ns
[2022-09-22T17:36:01.757+0000][18056][safepoint   ] Safepoint "Cleanup", Time since last: 1004268096 ns, Reaching safepoint: 49713 ns, At safepoint: 3619 ns, Total: 53332 ns
[2022-09-22T17:36:03.767+0000][18056][safepoint   ] Safepoint "Cleanup", Time since last: 2009500531 ns, Reaching safepoint: 67151 ns, At safepoint: 7568 ns, Total: 74719 ns
[2022-09-22T17:36:04.771+0000][18056][safepoint   ] Safepoint "Cleanup", Time since last: 1003986863 ns, Reaching safepoint: 105218 ns, At safepoint: 4245 ns, Total: 109463 ns
[2022-09-22T17:36:05.787+0000][18056][safepoint   ] Safepoint "Cleanup", Time since last: 1014995305 ns, Reaching safepoint: 688029 ns, At safepoint: 16209 ns, Total: 704238 ns
[2022-09-22T17:36:06.790+0000][18056][safepoint   ] Safepoint "Cleanup", Time since last: 1003599285 ns, Reaching safepoint: 125871 ns, At safepoint: 19540 ns, Total: 145411 ns
[2022-09-22T17:36:07.794+0000][18056][safepoint   ] Safepoint "Cleanup", Time since last: 1003788498 ns, Reaching safepoint: 104464 ns, At safepoint: 11361 ns, Total: 115825 ns
[2022-09-22T17:36:08.798+0000][18056][safepoint   ] Safepoint "Cleanup", Time since last: 1004146613 ns, Reaching safepoint: 59382 ns, At safepoint: 13284 ns, Total: 72666 ns
[2022-09-22T17:36:10.803+0000][18056][safepoint   ] Safepoint "Cleanup", Time since last: 2004540141 ns, Reaching safepoint: 69668 ns, At safepoint: 13481 ns, Total: 83149 ns
[2022-09-22T17:36:13.815+0000][18056][safepoint   ] Safepoint "Cleanup", Time since last: 3012002350 ns, Reaching safepoint: 62644 ns, At safepoint: 10261 ns, Total: 72905 ns
[2022-09-22T17:36:15.824+0000][18056][safepoint   ] Safepoint "Cleanup", Time since last: 2008556044 ns, Reaching safepoint: 57508 ns, At safepoint: 4897 ns, Total: 62405 ns
[2022-09-22T17:36:16.827+0000][18056][safepoint   ] Safepoint "Cleanup", Time since last: 1002990795 ns, Reaching safepoint: 530717 ns, At safepoint: 27838 ns, Total: 558555 ns
[2022-09-22T17:36:17.829+0000][18056][safepoint   ] Safepoint "Cleanup", Time since last: 1001747296 ns, Reaching safepoint: 69090 ns, At safepoint: 6271 ns, Total: 75361 ns
[2022-09-22T17:36:18.833+0000][18056][safepoint   ] Safepoint "Cleanup", Time since last: 1004087362 ns, Reaching safepoint: 99204 ns, At safepoint: 11375 ns, Total: 110579 ns
[2022-09-22T17:36:19.838+0000][18056][safepoint   ] Safepoint "Cleanup", Time since last: 1005072354 ns, Reaching safepoint: 75758 ns, At safepoint: 9980 ns, Total: 85738 ns
[2022-09-22T17:36:20.857+0000][18056][safepoint   ] Safepoint "Cleanup", Time since last: 1018552120 ns, Reaching safepoint: 48210 ns, At safepoint: 9427 ns, Total: 57637 ns
[2022-09-22T17:36:22.865+0000][18056][safepoint   ] Safepoint "Cleanup", Time since last: 2008148753 ns, Reaching safepoint: 54566 ns, At safepoint: 3892 ns, Total: 58458 ns
[2022-09-22T17:36:23.875+0000][18056][safepoint   ] Safepoint "Cleanup", Time since last: 1010087167 ns, Reaching safepoint: 78247 ns, At safepoint: 4593 ns, Total: 82840 ns
[2022-09-22T17:36:24.879+0000][18056][safepoint   ] Safepoint "Cleanup", Time since last: 1004230889 ns, Reaching safepoint: 88857 ns, At safepoint: 12791 ns, Total: 101648 ns
[2022-09-22T17:36:25.885+0000][18056][safepoint   ] Safepoint "Cleanup", Time since last: 1005124199 ns, Reaching safepoint: 90886 ns, At safepoint: 9109 ns, Total: 99995 ns
[2022-09-22T17:36:28.895+0000][18056][safepoint   ] Safepoint "Cleanup", Time since last: 3010023642 ns, Reaching safepoint: 52685 ns, At safepoint: 4917 ns, Total: 57602 ns
[2022-09-22T17:36:30.903+0000][18056][safepoint   ] Safepoint "Cleanup", Time since last: 2008154491 ns, Reaching safepoint: 44101 ns, At safepoint: 9541 ns, Total: 53642 ns
[2022-09-22T17:36:31.905+0000][18056][safepoint   ] Safepoint "Cleanup", Time since last: 1002124967 ns, Reaching safepoint: 66521 ns, At safepoint: 9510 ns, Total: 76031 ns
[2022-09-22T17:36:33.912+0000][18056][safepoint   ] Safepoint "Cleanup", Time since last: 2007308810 ns, Reaching safepoint: 67003 ns, At safepoint: 14518 ns, Total: 81521 ns
[2022-09-22T17:36:34.917+0000][18056][safepoint   ] Safepoint "Cleanup", Time since last: 1004313102 ns, Reaching safepoint: 218697 ns, At safepoint: 23471 ns, Total: 242168 ns
[2022-09-22T17:36:35.921+0000][18056][safepoint   ] Safepoint "Cleanup", Time since last: 1004179973 ns, Reaching safepoint: 55946 ns, At safepoint: 4863 ns, Total: 60809 ns
[2022-09-22T17:36:37.924+0000][18056][safepoint   ] Safepoint "Cleanup", Time since last: 2002819206 ns, Reaching safepoint: 51829 ns, At safepoint: 4598 ns, Total: 56427 ns
[2022-09-22T17:36:38.927+0000][18056][safepoint   ] Safepoint "Cleanup", Time since last: 1003410672 ns, Reaching safepoint: 51249 ns, At safepoint: 9558 ns, Total: 60807 ns
[2022-09-22T17:36:40.934+0000][18056][safepoint   ] Safepoint "Cleanup", Time since last: 2006971120 ns, Reaching safepoint: 72802 ns, At safepoint: 11837 ns, Total: 84639 ns
[2022-09-22T17:36:43.943+0000][18056][safepoint   ] Safepoint "Cleanup", Time since last: 3009024958 ns, Reaching safepoint: 68968 ns, At safepoint: 11140 ns, Total: 80108 ns
[2022-09-22T17:36:45.951+0000][18056][safepoint   ] Safepoint "Cleanup", Time since last: 2007189767 ns, Reaching safepoint: 74297 ns, At safepoint: 25450 ns, Total: 99747 ns
[2022-09-22T17:36:48.955+0000][18056][safepoint   ] Safepoint "Cleanup", Time since last: 3004578072 ns, Reaching safepoint: 160414 ns, At safepoint: 25979 ns, Total: 186393 ns
[2022-09-22T17:36:49.960+0000][18056][safepoint   ] Safepoint "Cleanup", Time since last: 1004198947 ns, Reaching safepoint: 60385 ns, At safepoint: 8101 ns, Total: 68486 ns
[2022-09-22T17:36:50.963+0000][18056][safepoint   ] Safepoint "Cleanup", Time since last: 1003464677 ns, Reaching safepoint: 122002 ns, At safepoint: 15094 ns, Total: 137096 ns
[2022-09-22T17:36:52.969+0000][18056][safepoint   ] Safepoint "Cleanup", Time since last: 2005895182 ns, Reaching safepoint: 116682 ns, At safepoint: 10963 ns, Total: 127645 ns
[2022-09-22T17:36:53.972+0000][18056][safepoint   ] Safepoint "Cleanup", Time since last: 1003257603 ns, Reaching safepoint: 63906 ns, At safepoint: 6081 ns, Total: 69987 ns
[2022-09-22T17:36:54.975+0000][18056][safepoint   ] Safepoint "Cleanup", Time since last: 1002564132 ns, Reaching safepoint: 47177 ns, At safepoint: 10340 ns, Total: 57517 ns
[2022-09-22T17:36:55.979+0000][18056][safepoint   ] Safepoint "Cleanup", Time since last: 1003941201 ns, Reaching safepoint: 56247 ns, At safepoint: 9786 ns, Total: 66033 ns
[2022-09-22T17:36:58.991+0000][18056][safepoint   ] Safepoint "Cleanup", Time since last: 3012271114 ns, Reaching safepoint: 74701 ns, At safepoint: 5193 ns, Total: 79894 ns
[2022-09-22T17:36:59.996+0000][18056][safepoint   ] Safepoint "Cleanup", Time since last: 1004949341 ns, Reaching safepoint: 93734 ns, At safepoint: 31758 ns, Total: 125492 ns
[2022-09-22T17:37:01.001+0000][18056][safepoint   ] Safepoint "Cleanup", Time since last: 1004467794 ns, Reaching safepoint: 66634 ns, At safepoint: 11151 ns, Total: 77785 ns
[2022-09-22T17:37:02.006+0000][18056][safepoint   ] Safepoint "Cleanup", Time since last: 1004635230 ns, Reaching safepoint: 61595 ns, At safepoint: 8444 ns, Total: 70039 ns
[2022-09-22T17:37:04.015+0000][18056][safepoint   ] Safepoint "Cleanup", Time since last: 2009084690 ns, Reaching safepoint: 67351 ns, At safepoint: 4244 ns, Total: 71595 ns
[2022-09-22T17:37:05.017+0000][18056][safepoint   ] Safepoint "Cleanup", Time since last: 1001808789 ns, Reaching safepoint: 140882 ns, At safepoint: 15939 ns, Total: 156821 ns
[2022-09-22T17:37:06.020+0000][18056][safepoint   ] Safepoint "Cleanup", Time since last: 1003602243 ns, Reaching safepoint: 72845 ns, At safepoint: 7986 ns, Total: 80831 ns
[2022-09-22T17:37:07.025+0000][18056][safepoint   ] Safepoint "Cleanup", Time since last: 1004407972 ns, Reaching safepoint: 149256 ns, At safepoint: 16971 ns, Total: 166227 ns
[2022-09-22T17:37:08.029+0000][18056][safepoint   ] Safepoint "Cleanup", Time since last: 1004050854 ns, Reaching safepoint: 90142 ns, At safepoint: 9136 ns, Total: 99278 ns
[2022-09-22T17:37:09.034+0000][18056][safepoint   ] Safepoint "Cleanup", Time since last: 1004595199 ns, Reaching safepoint: 84251 ns, At safepoint: 21842 ns, Total: 106093 ns
[2022-09-22T17:37:11.039+0000][18056][safepoint   ] Safepoint "Cleanup", Time since last: 2005466775 ns, Reaching safepoint: 69309 ns, At safepoint: 10941 ns, Total: 80250 ns
[2022-09-22T17:37:14.046+0000][18056][safepoint   ] Safepoint "Cleanup", Time since last: 3006837356 ns, Reaching safepoint: 56975 ns, At safepoint: 9473 ns, Total: 66448 ns
[2022-09-22T17:37:16.050+0000][18056][safepoint   ] Safepoint "Cleanup", Time since last: 2003634556 ns, Reaching safepoint: 47190 ns, At safepoint: 9252 ns, Total: 56442 ns
[2022-09-22T17:37:17.053+0000][18056][safepoint   ] Safepoint "Cleanup", Time since last: 1002924279 ns, Reaching safepoint: 55119 ns, At safepoint: 9905 ns, Total: 65024 ns
[2022-09-22T17:37:19.054+0000][18056][safepoint   ] Safepoint "Cleanup", Time since last: 2001555452 ns, Reaching safepoint: 76908 ns, At safepoint: 12042 ns, Total: 88950 ns
[2022-09-22T17:37:20.058+0000][18056][safepoint   ] Safepoint "Cleanup", Time since last: 1003270758 ns, Reaching safepoint: 52352 ns, At safepoint: 9964 ns, Total: 62316 ns
[2022-09-22T17:37:21.062+0000][18056][safepoint   ] Safepoint "Cleanup", Time since last: 1004810765 ns, Reaching safepoint: 117225 ns, At safepoint: 10695 ns, Total: 127920 ns
[2022-09-22T17:37:22.065+0000][18056][safepoint   ] Safepoint "Cleanup", Time since last: 1002621660 ns, Reaching safepoint: 61428 ns, At safepoint: 4232 ns, Total: 65660 ns
[2022-09-22T17:37:23.068+0000][18056][safepoint   ] Safepoint "Cleanup", Time since last: 1002767650 ns, Reaching safepoint: 90220 ns, At safepoint: 7450 ns, Total: 97670 ns
[2022-09-22T17:37:25.075+0000][18056][safepoint   ] Safepoint "Cleanup", Time since last: 2006420925 ns, Reaching safepoint: 125728 ns, At safepoint: 16966 ns, Total: 142694 ns
[2022-09-22T17:37:26.078+0000][18056][safepoint   ] Safepoint "Cleanup", Time since last: 1003261805 ns, Reaching safepoint: 51433 ns, At safepoint: 9371 ns, Total: 60804 ns
[2022-09-22T17:37:29.085+0000][18056][safepoint   ] Safepoint "Cleanup", Time since last: 3007539192 ns, Reaching safepoint: 102254 ns, At safepoint: 22922 ns, Total: 125176 ns
[2022-09-22T17:37:30.091+0000][18056][safepoint   ] Safepoint "Cleanup", Time since last: 1005229086 ns, Reaching safepoint: 69068 ns, At safepoint: 9737 ns, Total: 78805 ns
[2022-09-22T17:37:31.096+0000][18056][safepoint   ] Safepoint "Cleanup", Time since last: 1004932197 ns, Reaching safepoint: 62781 ns, At safepoint: 4612 ns, Total: 67393 ns
[2022-09-22T17:37:32.100+0000][18056][safepoint   ] Safepoint "Cleanup", Time since last: 1004575164 ns, Reaching safepoint: 45464 ns, At safepoint: 8593 ns, Total: 54057 ns
[2022-09-22T17:37:33.104+0000][18056][safepoint   ] Safepoint "Cleanup", Time since last: 1003695553 ns, Reaching safepoint: 80040 ns, At safepoint: 9372 ns, Total: 89412 ns
[2022-09-22T17:37:35.112+0000][18056][safepoint   ] Safepoint "Cleanup", Time since last: 2008043881 ns, Reaching safepoint: 149462 ns, At safepoint: 24987 ns, Total: 174449 ns
[2022-09-22T17:37:36.115+0000][18056][safepoint   ] Safepoint "Cleanup", Time since last: 1002399635 ns, Reaching safepoint: 139363 ns, At safepoint: 16903 ns, Total: 156266 ns
[2022-09-22T17:37:38.122+0000][18056][safepoint   ] Safepoint "Cleanup", Time since last: 2007409990 ns, Reaching safepoint: 62019 ns, At safepoint: 10602 ns, Total: 72621 ns
[2022-09-22T17:37:41.134+0000][18056][safepoint   ] Safepoint "Cleanup", Time since last: 3011569564 ns, Reaching safepoint: 116836 ns, At safepoint: 12390 ns, Total: 129226 ns
[2022-09-22T17:37:43.142+0000][18056][safepoint   ] Safepoint "Cleanup", Time since last: 2007785907 ns, Reaching safepoint: 60549 ns, At safepoint: 4075 ns, Total: 64624 ns
[2022-09-22T17:37:44.146+0000][18056][safepoint   ] Safepoint "Cleanup", Time since last: 1004324572 ns, Reaching safepoint: 76363 ns, At safepoint: 9374 ns, Total: 85737 ns
[2022-09-22T17:37:45.149+0000][18056][safepoint   ] Safepoint "Cleanup", Time since last: 1002652476 ns, Reaching safepoint: 91713 ns, At safepoint: 14928 ns, Total: 106641 ns
[2022-09-22T17:37:46.161+0000][18056][safepoint   ] Safepoint "Cleanup", Time since last: 1013068055 ns, Reaching safepoint: 91123 ns, At safepoint: 14086 ns, Total: 105209 ns
[2022-09-22T17:37:47.165+0000][18056][safepoint   ] Safepoint "Cleanup", Time since last: 1004564970 ns, Reaching safepoint: 53463 ns, At safepoint: 3895 ns, Total: 57358 ns
[2022-09-22T17:37:48.168+0000][18056][safepoint   ] Safepoint "Cleanup", Time since last: 1003398867 ns, Reaching safepoint: 218076 ns, At safepoint: 17403 ns, Total: 235479 ns
[2022-09-22T17:37:49.725+0000][18056][gc,start    ] GC(17) Pause Young (Normal) (G1 Evacuation Pause)
[2022-09-22T17:37:49.725+0000][18056][gc,task     ] GC(17) Using 10 workers of 10 for evacuation
[2022-09-22T17:37:49.728+0000][18056][gc,age      ] GC(17) Desired survivor size 90177536 bytes, new threshold 15 (max threshold 15)
[2022-09-22T17:37:49.800+0000][18056][gc,age      ] GC(17) Age table with threshold 15 (max threshold 15)
[2022-09-22T17:37:49.800+0000][18056][gc,age      ] GC(17) - age   1:    3359808 bytes,    3359808 total
[2022-09-22T17:37:49.800+0000][18056][gc,age      ] GC(17) - age   2:    3824720 bytes,    7184528 total
[2022-09-22T17:37:49.800+0000][18056][gc,age      ] GC(17) - age   3:    1242000 bytes,    8426528 total
[2022-09-22T17:37:49.800+0000][18056][gc,age      ] GC(17) - age   4:   19284464 bytes,   27710992 total
[2022-09-22T17:37:49.800+0000][18056][gc,phases   ] GC(17)   Pre Evacuate Collection Set: 6.8ms
[2022-09-22T17:37:49.800+0000][18056][gc,phases   ] GC(17)   Merge Heap Roots: 1.5ms
[2022-09-22T17:37:49.800+0000][18056][gc,phases   ] GC(17)   Evacuate Collection Set: 59.7ms
[2022-09-22T17:37:49.800+0000][18056][gc,phases   ] GC(17)   Post Evacuate Collection Set: 5.6ms
[2022-09-22T17:37:49.800+0000][18056][gc,phases   ] GC(17)   Other: 1.9ms
[2022-09-22T17:37:49.800+0000][18056][gc,heap     ] GC(17) Eden regions: 330->0(630)
[2022-09-22T17:37:49.800+0000][18056][gc,heap     ] GC(17) Survivor regions: 8->8(43)
[2022-09-22T17:37:49.800+0000][18056][gc,heap     ] GC(17) Old regions: 23->23
[2022-09-22T17:37:49.800+0000][18056][gc,heap     ] GC(17) Archive regions: 2->2
[2022-09-22T17:37:49.800+0000][18056][gc,heap     ] GC(17) Humongous regions: 2->2
[2022-09-22T17:37:49.800+0000][18056][gc,metaspace] GC(17) Metaspace: 117844K(119488K)->117844K(119488K) NonClass: 102400K(103360K)->102400K(103360K) Class: 15444K(16128K)->15444K(16128K)
[2022-09-22T17:37:49.801+0000][18056][gc          ] GC(17) Pause Young (Normal) (G1 Evacuation Pause) 1450M->131M(8192M) 75.493ms
[2022-09-22T17:37:49.801+0000][18056][gc,cpu      ] GC(17) User=0.06s Sys=0.27s Real=0.08s
[2022-09-22T17:37:49.801+0000][18056][safepoint   ] Safepoint "G1CollectForAllocation", Time since last: 1557627943 ns, Reaching safepoint: 42676 ns, At safepoint: 76178220 ns, Total: 76220896 ns
[2022-09-22T17:37:50.805+0000][18056][safepoint   ] Safepoint "Cleanup", Time since last: 1004414366 ns, Reaching safepoint: 91193 ns, At safepoint: 11356 ns, Total: 102549 ns
[2022-09-22T17:37:52.811+0000][18056][safepoint   ] Safepoint "Cleanup", Time since last: 2007676079 ns, Reaching safepoint: 59953 ns, At safepoint: 9119 ns, Total: 69072 ns
[2022-09-22T17:37:53.821+0000][18056][safepoint   ] Safepoint "Cleanup", Time since last: 1010673413 ns, Reaching safepoint: 96595 ns, At safepoint: 12118 ns, Total: 108713 ns
[2022-09-22T17:37:54.825+0000][18056][safepoint   ] Safepoint "Cleanup", Time since last: 1004135202 ns, Reaching safepoint: 51272 ns, At safepoint: 3573 ns, Total: 54845 ns
[2022-09-22T17:37:55.827+0000][18056][safepoint   ] Safepoint "Cleanup", Time since last: 1001899845 ns, Reaching safepoint: 82664 ns, At safepoint: 11494 ns, Total: 94158 ns
[2022-09-22T17:37:58.844+0000][18056][safepoint   ] Safepoint "Cleanup", Time since last: 3018334631 ns, Reaching safepoint: 75253 ns, At safepoint: 10476 ns, Total: 85729 ns
[2022-09-22T17:38:00.849+0000][18056][safepoint   ] Safepoint "Cleanup", Time since last: 2006247628 ns, Reaching safepoint: 85305 ns, At safepoint: 12164 ns, Total: 97469 ns
[2022-09-22T17:38:01.853+0000][18056][safepoint   ] Safepoint "Cleanup", Time since last: 1003843579 ns, Reaching safepoint: 119063 ns, At safepoint: 9779 ns, Total: 128842 ns
[2022-09-22T17:38:03.872+0000][18056][safepoint   ] Safepoint "Cleanup", Time since last: 2019342722 ns, Reaching safepoint: 52116 ns, At safepoint: 3583 ns, Total: 55699 ns
[2022-09-22T17:38:04.874+0000][18056][safepoint   ] Safepoint "Cleanup", Time since last: 1002275182 ns, Reaching safepoint: 78909 ns, At safepoint: 12039 ns, Total: 90948 ns
[2022-09-22T17:38:05.875+0000][18056][safepoint   ] Safepoint "Cleanup", Time since last: 1001038419 ns, Reaching safepoint: 107342 ns, At safepoint: 16416 ns, Total: 123758 ns
[2022-09-22T17:38:07.882+0000][18056][safepoint   ] Safepoint "Cleanup", Time since last: 2007293406 ns, Reaching safepoint: 155312 ns, At safepoint: 18929 ns, Total: 174241 ns
[2022-09-22T17:38:08.885+0000][18056][safepoint   ] Safepoint "Cleanup", Time since last: 1002901250 ns, Reaching safepoint: 55918 ns, At safepoint: 9300 ns, Total: 65218 ns
[2022-09-22T17:38:10.889+0000][18056][safepoint   ] Safepoint "Cleanup", Time since last: 2004767500 ns, Reaching safepoint: 62372 ns, At safepoint: 4226 ns, Total: 66598 ns
[2022-09-22T17:38:13.895+0000][18056][safepoint   ] Safepoint "Cleanup", Time since last: 3006738284 ns, Reaching safepoint: 55065 ns, At safepoint: 9076 ns, Total: 64141 ns
[2022-09-22T17:38:15.908+0000][18056][safepoint   ] Safepoint "Cleanup", Time since last: 2013347614 ns, Reaching safepoint: 50114 ns, At safepoint: 9130 ns, Total: 59244 ns
[2022-09-22T17:38:18.913+0000][18056][safepoint   ] Safepoint "Cleanup", Time since last: 3005263884 ns, Reaching safepoint: 89061 ns, At safepoint: 12638 ns, Total: 101699 ns
[2022-09-22T17:38:19.916+0000][18056][safepoint   ] Safepoint "Cleanup", Time since last: 1001548306 ns, Reaching safepoint: 1199057 ns, At safepoint: 19875 ns, Total: 1218932 ns
[2022-09-22T17:38:20.920+0000][18056][safepoint   ] Safepoint "Cleanup", Time since last: 1004281098 ns, Reaching safepoint: 77662 ns, At safepoint: 14717 ns, Total: 92379 ns
[2022-09-22T17:38:22.928+0000][18056][safepoint   ] Safepoint "Cleanup", Time since last: 2007662371 ns, Reaching safepoint: 66287 ns, At safepoint: 3649 ns, Total: 69936 ns
[2022-09-22T17:38:23.933+0000][18056][safepoint   ] Safepoint "Cleanup", Time since last: 1004664241 ns, Reaching safepoint: 48890 ns, At safepoint: 9179 ns, Total: 58069 ns
[2022-09-22T17:38:24.936+0000][18056][safepoint   ] Safepoint "Cleanup", Time since last: 1003367335 ns, Reaching safepoint: 112821 ns, At safepoint: 14098 ns, Total: 126919 ns
[2022-09-22T17:38:25.940+0000][18056][safepoint   ] Safepoint "Cleanup", Time since last: 1003886904 ns, Reaching safepoint: 92072 ns, At safepoint: 7126 ns, Total: 99198 ns
[2022-09-22T17:38:28.953+0000][18056][safepoint   ] Safepoint "Cleanup", Time since last: 3013528145 ns, Reaching safepoint: 77038 ns, At safepoint: 8532 ns, Total: 85570 ns
[2022-09-22T17:38:30.959+0000][18056][safepoint   ] Safepoint "Cleanup", Time since last: 2005614673 ns, Reaching safepoint: 73003 ns, At safepoint: 12637 ns, Total: 85640 ns
[2022-09-22T17:38:31.968+0000][18056][safepoint   ] Safepoint "Cleanup", Time since last: 1009625428 ns, Reaching safepoint: 48133 ns, At safepoint: 3324 ns, Total: 51457 ns
[2022-09-22T17:38:33.978+0000][18056][safepoint   ] Safepoint "Cleanup", Time since last: 2009909607 ns, Reaching safepoint: 106962 ns, At safepoint: 11735 ns, Total: 118697 ns
[2022-09-22T17:38:34.982+0000][18056][safepoint   ] Safepoint "Cleanup", Time since last: 1003696295 ns, Reaching safepoint: 54500 ns, At safepoint: 10061 ns, Total: 64561 ns
[2022-09-22T17:38:35.985+0000][18056][safepoint   ] Safepoint "Cleanup", Time since last: 1002890103 ns, Reaching safepoint: 59315 ns, At safepoint: 9960 ns, Total: 69275 ns
[2022-09-22T17:38:36.989+0000][18056][safepoint   ] Safepoint "Cleanup", Time since last: 1003587902 ns, Reaching safepoint: 68838 ns, At safepoint: 7293 ns, Total: 76131 ns
[2022-09-22T17:38:37.991+0000][18056][safepoint   ] Safepoint "Cleanup", Time since last: 1002003010 ns, Reaching safepoint: 315832 ns, At safepoint: 28739 ns, Total: 344571 ns
[2022-09-22T17:38:38.992+0000][18056][safepoint   ] Safepoint "Cleanup", Time since last: 1001403274 ns, Reaching safepoint: 55656 ns, At safepoint: 9995 ns, Total: 65651 ns
[2022-09-22T17:38:40.998+0000][18056][safepoint   ] Safepoint "Cleanup", Time since last: 2005743985 ns, Reaching safepoint: 63093 ns, At safepoint: 3914 ns, Total: 67007 ns
[2022-09-22T17:38:43.010+0000][18056][safepoint   ] Safepoint "Cleanup", Time since last: 2011567880 ns, Reaching safepoint: 56514 ns, At safepoint: 3848 ns, Total: 60362 ns
[2022-09-22T17:38:44.014+0000][18056][safepoint   ] Safepoint "Cleanup", Time since last: 1004182668 ns, Reaching safepoint: 58690 ns, At safepoint: 4429 ns, Total: 63119 ns
[2022-09-22T17:38:46.023+0000][18056][safepoint   ] Safepoint "Cleanup", Time since last: 2009585497 ns, Reaching safepoint: 127207 ns, At safepoint: 15550 ns, Total: 142757 ns
[2022-09-22T17:38:48.031+0000][18056][safepoint   ] Safepoint "Cleanup", Time since last: 2008102356 ns, Reaching safepoint: 55883 ns, At safepoint: 4302 ns, Total: 60185 ns
[2022-09-22T17:38:50.038+0000][18056][safepoint   ] Safepoint "Cleanup", Time since last: 2006691717 ns, Reaching safepoint: 58839 ns, At safepoint: 10529 ns, Total: 69368 ns
[2022-09-22T17:38:51.041+0000][18056][safepoint   ] Safepoint "Cleanup", Time since last: 1002623789 ns, Reaching safepoint: 155730 ns, At safepoint: 34119 ns, Total: 189849 ns
[2022-09-22T17:38:53.049+0000][18056][safepoint   ] Safepoint "Cleanup", Time since last: 2008104925 ns, Reaching safepoint: 53990 ns, At safepoint: 8705 ns, Total: 62695 ns
[2022-09-22T17:38:54.053+0000][18056][safepoint   ] Safepoint "Cleanup", Time since last: 1003748639 ns, Reaching safepoint: 610489 ns, At safepoint: 14631 ns, Total: 625120 ns
[2022-09-22T17:38:56.059+0000][18056][safepoint   ] Safepoint "Cleanup", Time since last: 2005317417 ns, Reaching safepoint: 104046 ns, At safepoint: 13799 ns, Total: 117845 ns
[2022-09-22T17:38:57.061+0000][18056][safepoint   ] Safepoint "Cleanup", Time since last: 1001842800 ns, Reaching safepoint: 157839 ns, At safepoint: 12574 ns, Total: 170413 ns
[2022-09-22T17:38:58.064+0000][18056][safepoint   ] Safepoint "Cleanup", Time since last: 1002878478 ns, Reaching safepoint: 79549 ns, At safepoint: 12037 ns, Total: 91586 ns
[2022-09-22T17:38:59.068+0000][18056][safepoint   ] Safepoint "Cleanup", Time since last: 1004707588 ns, Reaching safepoint: 60672 ns, At safepoint: 11379 ns, Total: 72051 ns
[2022-09-22T17:39:01.076+0000][18056][safepoint   ] Safepoint "Cleanup", Time since last: 2007969820 ns, Reaching safepoint: 57380 ns, At safepoint: 9418 ns, Total: 66798 ns
[2022-09-22T17:39:02.081+0000][18056][safepoint   ] Safepoint "Cleanup", Time since last: 1004372086 ns, Reaching safepoint: 56434 ns, At safepoint: 7894 ns, Total: 64328 ns
[2022-09-22T17:39:03.085+0000][18056][safepoint   ] Safepoint "Cleanup", Time since last: 1004043338 ns, Reaching safepoint: 84902 ns, At safepoint: 12623 ns, Total: 97525 ns
[2022-09-22T17:39:05.093+0000][18056][safepoint   ] Safepoint "Cleanup", Time since last: 2008297885 ns, Reaching safepoint: 49854 ns, At safepoint: 3456 ns, Total: 53310 ns
[2022-09-22T17:39:06.098+0000][18056][safepoint   ] Safepoint "Cleanup", Time since last: 1004331154 ns, Reaching safepoint: 68483 ns, At safepoint: 9832 ns, Total: 78315 ns
[2022-09-22T17:39:07.102+0000][18056][safepoint   ] Safepoint "Cleanup", Time since last: 1004575295 ns, Reaching safepoint: 134889 ns, At safepoint: 23391 ns, Total: 158280 ns
[2022-09-22T17:39:08.106+0000][18056][safepoint   ] Safepoint "Cleanup", Time since last: 1003215219 ns, Reaching safepoint: 98887 ns, At safepoint: 11778 ns, Total: 110665 ns
[2022-09-22T17:39:11.115+0000][18056][safepoint   ] Safepoint "Cleanup", Time since last: 3009478372 ns, Reaching safepoint: 56638 ns, At safepoint: 6032 ns, Total: 62670 ns
[2022-09-22T17:39:14.125+0000][18056][safepoint   ] Safepoint "Cleanup", Time since last: 3009625366 ns, Reaching safepoint: 85593 ns, At safepoint: 10588 ns, Total: 96181 ns
[2022-09-22T17:39:16.130+0000][18056][safepoint   ] Safepoint "Cleanup", Time since last: 2005649464 ns, Reaching safepoint: 50592 ns, At safepoint: 9385 ns, Total: 59977 ns
[2022-09-22T17:39:17.134+0000][18056][safepoint   ] Safepoint "Cleanup", Time since last: 1003800495 ns, Reaching safepoint: 162165 ns, At safepoint: 16286 ns, Total: 178451 ns
[2022-09-22T17:39:18.137+0000][18056][safepoint   ] Safepoint "Cleanup", Time since last: 1002223476 ns, Reaching safepoint: 65561 ns, At safepoint: 4750 ns, Total: 70311 ns
[2022-09-22T17:39:20.139+0000][18056][safepoint   ] Safepoint "Cleanup", Time since last: 2002538553 ns, Reaching safepoint: 63092 ns, At safepoint: 6753 ns, Total: 69845 ns
[2022-09-22T17:39:21.144+0000][18056][safepoint   ] Safepoint "Cleanup", Time since last: 1004702130 ns, Reaching safepoint: 59882 ns, At safepoint: 9477 ns, Total: 69359 ns
[2022-09-22T17:39:23.153+0000][18056][safepoint   ] Safepoint "Cleanup", Time since last: 2008580382 ns, Reaching safepoint: 95488 ns, At safepoint: 15448 ns, Total: 110936 ns
[2022-09-22T17:39:24.158+0000][18056][safepoint   ] Safepoint "Cleanup", Time since last: 1005169902 ns, Reaching safepoint: 49050 ns, At safepoint: 3464 ns, Total: 52514 ns
[2022-09-22T17:39:26.164+0000][18056][safepoint   ] Safepoint "Cleanup", Time since last: 2005991683 ns, Reaching safepoint: 70745 ns, At safepoint: 16378 ns, Total: 87123 ns
[2022-09-22T17:39:28.173+0000][18056][safepoint   ] Safepoint "Cleanup", Time since last: 2008882577 ns, Reaching safepoint: 100511 ns, At safepoint: 30076 ns, Total: 130587 ns
[2022-09-22T17:39:29.176+0000][18056][safepoint   ] Safepoint "Cleanup", Time since last: 1003546230 ns, Reaching safepoint: 118822 ns, At safepoint: 14563 ns, Total: 133385 ns
[2022-09-22T17:39:31.184+0000][18056][safepoint   ] Safepoint "Cleanup", Time since last: 2007748175 ns, Reaching safepoint: 148153 ns, At safepoint: 17643 ns, Total: 165796 ns
[2022-09-22T17:39:32.186+0000][18056][safepoint   ] Safepoint "Cleanup", Time since last: 1001887567 ns, Reaching safepoint: 116901 ns, At safepoint: 15295 ns, Total: 132196 ns
[2022-09-22T17:39:33.191+0000][18056][safepoint   ] Safepoint "Cleanup", Time since last: 1004968896 ns, Reaching safepoint: 61924 ns, At safepoint: 9244 ns, Total: 71168 ns
[2022-09-22T17:39:35.199+0000][18056][safepoint   ] Safepoint "Cleanup", Time since last: 2007862133 ns, Reaching safepoint: 75234 ns, At safepoint: 11167 ns, Total: 86401 ns
[2022-09-22T17:39:36.203+0000][18056][safepoint   ] Safepoint "Cleanup", Time since last: 1003707048 ns, Reaching safepoint: 78661 ns, At safepoint: 11227 ns, Total: 89888 ns
[2022-09-22T17:39:38.206+0000][18056][safepoint   ] Safepoint "Cleanup", Time since last: 2003159626 ns, Reaching safepoint: 51443 ns, At safepoint: 10072 ns, Total: 61515 ns
[2022-09-22T17:39:41.218+0000][18056][safepoint   ] Safepoint "Cleanup", Time since last: 3011520580 ns, Reaching safepoint: 66414 ns, At safepoint: 4170 ns, Total: 70584 ns
[2022-09-22T17:39:43.225+0000][18056][safepoint   ] Safepoint "Cleanup", Time since last: 2007528878 ns, Reaching safepoint: 68853 ns, At safepoint: 12358 ns, Total: 81211 ns
[2022-09-22T17:39:44.230+0000][18056][safepoint   ] Safepoint "Cleanup", Time since last: 1004452378 ns, Reaching safepoint: 67226 ns, At safepoint: 11456 ns, Total: 78682 ns
[2022-09-22T17:39:46.238+0000][18056][safepoint   ] Safepoint "Cleanup", Time since last: 2008209976 ns, Reaching safepoint: 54012 ns, At safepoint: 3951 ns, Total: 57963 ns
[2022-09-22T17:39:47.242+0000][18056][safepoint   ] Safepoint "Cleanup", Time since last: 1004154495 ns, Reaching safepoint: 89810 ns, At safepoint: 3933 ns, Total: 93743 ns
[2022-09-22T17:39:48.247+0000][18056][safepoint   ] Safepoint "Cleanup", Time since last: 1004637774 ns, Reaching safepoint: 80001 ns, At safepoint: 10008 ns, Total: 90009 ns
[2022-09-22T17:39:50.251+0000][18056][safepoint   ] Safepoint "Cleanup", Time since last: 2003941833 ns, Reaching safepoint: 75592 ns, At safepoint: 6202 ns, Total: 81794 ns
[2022-09-22T17:39:51.253+0000][18056][safepoint   ] Safepoint "Cleanup", Time since last: 1001672594 ns, Reaching safepoint: 79754 ns, At safepoint: 10255 ns, Total: 90009 ns
[2022-09-22T17:39:53.259+0000][18056][safepoint   ] Safepoint "Cleanup", Time since last: 2006161441 ns, Reaching safepoint: 96748 ns, At safepoint: 12126 ns, Total: 108874 ns
[2022-09-22T17:39:54.261+0000][18056][safepoint   ] Safepoint "Cleanup", Time since last: 1002288712 ns, Reaching safepoint: 53623 ns, At safepoint: 3854 ns, Total: 57477 ns
[2022-09-22T17:39:56.273+0000][18056][safepoint   ] Safepoint "Cleanup", Time since last: 2010351400 ns, Reaching safepoint: 1312723 ns, At safepoint: 27063 ns, Total: 1339786 ns
[2022-09-22T17:39:57.278+0000][18056][safepoint   ] Safepoint "Cleanup", Time since last: 1004870782 ns, Reaching safepoint: 53819 ns, At safepoint: 4029 ns, Total: 57848 ns
[2022-09-22T17:39:58.281+0000][18056][safepoint   ] Safepoint "Cleanup", Time since last: 1003208814 ns, Reaching safepoint: 66450 ns, At safepoint: 8319 ns, Total: 74769 ns
[2022-09-22T17:39:59.284+0000][18056][safepoint   ] Safepoint "Cleanup", Time since last: 1002890976 ns, Reaching safepoint: 66103 ns, At safepoint: 4094 ns, Total: 70197 ns
[2022-09-22T17:40:01.292+0000][18056][safepoint   ] Safepoint "Cleanup", Time since last: 2007695059 ns, Reaching safepoint: 62904 ns, At safepoint: 10543 ns, Total: 73447 ns
[2022-09-22T17:40:02.296+0000][18056][safepoint   ] Safepoint "Cleanup", Time since last: 1004188827 ns, Reaching safepoint: 69819 ns, At safepoint: 17447 ns, Total: 87266 ns
[2022-09-22T17:40:03.300+0000][18056][safepoint   ] Safepoint "Cleanup", Time since last: 1003797301 ns, Reaching safepoint: 69652 ns, At safepoint: 11954 ns, Total: 81606 ns
[2022-09-22T17:40:05.306+0000][18056][safepoint   ] Safepoint "Cleanup", Time since last: 2005999312 ns, Reaching safepoint: 104002 ns, At safepoint: 11919 ns, Total: 115921 ns
[2022-09-22T17:40:06.309+0000][18056][safepoint   ] Safepoint "Cleanup", Time since last: 1002748473 ns, Reaching safepoint: 198573 ns, At safepoint: 16345 ns, Total: 214918 ns
[2022-09-22T17:40:08.312+0000][18056][safepoint   ] Safepoint "Cleanup", Time since last: 2003146275 ns, Reaching safepoint: 81425 ns, At safepoint: 12716 ns, Total: 94141 ns
[2022-09-22T17:40:11.318+0000][18056][safepoint   ] Safepoint "Cleanup", Time since last: 3006023016 ns, Reaching safepoint: 89309 ns, At safepoint: 13560 ns, Total: 102869 ns
[2022-09-22T17:40:14.327+0000][18056][safepoint   ] Safepoint "Cleanup", Time since last: 3009066426 ns, Reaching safepoint: 85661 ns, At safepoint: 7211 ns, Total: 92872 ns
[2022-09-22T17:40:16.334+0000][18056][safepoint   ] Safepoint "Cleanup", Time since last: 2006766957 ns, Reaching safepoint: 80299 ns, At safepoint: 8713 ns, Total: 89012 ns
[2022-09-22T17:40:17.338+0000][18056][safepoint   ] Safepoint "Cleanup", Time since last: 1003454641 ns, Reaching safepoint: 61522 ns, At safepoint: 9676 ns, Total: 71198 ns
[2022-09-22T17:40:18.346+0000][18056][safepoint   ] Safepoint "Cleanup", Time since last: 1008027976 ns, Reaching safepoint: 134395 ns, At safepoint: 15104 ns, Total: 149499 ns
[2022-09-22T17:40:20.353+0000][18056][safepoint   ] Safepoint "Cleanup", Time since last: 2007326947 ns, Reaching safepoint: 62270 ns, At safepoint: 10880 ns, Total: 73150 ns
[2022-09-22T17:40:21.357+0000][18056][safepoint   ] Safepoint "Cleanup", Time since last: 1003968825 ns, Reaching safepoint: 92735 ns, At safepoint: 12497 ns, Total: 105232 ns
[2022-09-22T17:40:23.364+0000][18056][safepoint   ] Safepoint "Cleanup", Time since last: 2006550642 ns, Reaching safepoint: 51450 ns, At safepoint: 7520 ns, Total: 58970 ns
[2022-09-22T17:40:24.367+0000][18056][safepoint   ] Safepoint "Cleanup", Time since last: 1003641440 ns, Reaching safepoint: 101008 ns, At safepoint: 22969 ns, Total: 123977 ns
[2022-09-22T17:40:26.376+0000][18056][safepoint   ] Safepoint "Cleanup", Time since last: 2008462181 ns, Reaching safepoint: 60441 ns, At safepoint: 12500 ns, Total: 72941 ns
[2022-09-22T17:40:28.384+0000][18056][safepoint   ] Safepoint "Cleanup", Time since last: 2007990820 ns, Reaching safepoint: 74659 ns, At safepoint: 11297 ns, Total: 85956 ns
[2022-09-22T17:40:29.388+0000][18056][safepoint   ] Safepoint "Cleanup", Time since last: 1004279060 ns, Reaching safepoint: 48155 ns, At safepoint: 3314 ns, Total: 51469 ns
[2022-09-22T17:40:31.396+0000][18056][safepoint   ] Safepoint "Cleanup", Time since last: 2007905439 ns, Reaching safepoint: 68552 ns, At safepoint: 11830 ns, Total: 80382 ns
[2022-09-22T17:40:32.401+0000][18056][safepoint   ] Safepoint "Cleanup", Time since last: 1004388059 ns, Reaching safepoint: 91795 ns, At safepoint: 11188 ns, Total: 102983 ns
[2022-09-22T17:40:33.405+0000][18056][safepoint   ] Safepoint "Cleanup", Time since last: 1004387082 ns, Reaching safepoint: 71710 ns, At safepoint: 6990 ns, Total: 78700 ns
[2022-09-22T17:40:34.407+0000][18056][safepoint   ] Safepoint "Cleanup", Time since last: 1001871793 ns, Reaching safepoint: 90628 ns, At safepoint: 13065 ns, Total: 103693 ns
[2022-09-22T17:40:36.415+0000][18056][safepoint   ] Safepoint "Cleanup", Time since last: 2007760216 ns, Reaching safepoint: 55192 ns, At safepoint: 7356 ns, Total: 62548 ns
[2022-09-22T17:40:37.419+0000][18056][safepoint   ] Safepoint "Cleanup", Time since last: 1004572608 ns, Reaching safepoint: 70368 ns, At safepoint: 10917 ns, Total: 81285 ns
[2022-09-22T17:40:38.427+0000][18056][safepoint   ] Safepoint "Cleanup", Time since last: 1007289459 ns, Reaching safepoint: 62630 ns, At safepoint: 9605 ns, Total: 72235 ns
[2022-09-22T17:40:40.435+0000][18056][safepoint   ] Safepoint "Cleanup", Time since last: 2008338647 ns, Reaching safepoint: 59934 ns, At safepoint: 4164 ns, Total: 64098 ns
[2022-09-22T17:40:41.440+0000][18056][safepoint   ] Safepoint "Cleanup", Time since last: 1004874914 ns, Reaching safepoint: 94331 ns, At safepoint: 11320 ns, Total: 105651 ns
[2022-09-22T17:40:42.445+0000][18056][safepoint   ] Safepoint "Cleanup", Time since last: 1004942276 ns, Reaching safepoint: 91958 ns, At safepoint: 11370 ns, Total: 103328 ns
[2022-09-22T17:40:43.448+0000][18056][safepoint   ] Safepoint "Cleanup", Time since last: 1002984128 ns, Reaching safepoint: 73273 ns, At safepoint: 11503 ns, Total: 84776 ns
[2022-09-22T17:40:45.469+0000][18056][safepoint   ] Safepoint "Cleanup", Time since last: 2020798368 ns, Reaching safepoint: 105477 ns, At safepoint: 16429 ns, Total: 121906 ns
[2022-09-22T17:40:46.473+0000][18056][safepoint   ] Safepoint "Cleanup", Time since last: 1003401376 ns, Reaching safepoint: 98944 ns, At safepoint: 33190 ns, Total: 132134 ns
[2022-09-22T17:40:48.479+0000][18056][safepoint   ] Safepoint "Cleanup", Time since last: 2006132000 ns, Reaching safepoint: 56432 ns, At safepoint: 3334 ns, Total: 59766 ns
[2022-09-22T17:40:49.484+0000][18056][safepoint   ] Safepoint "Cleanup", Time since last: 1004951285 ns, Reaching safepoint: 49032 ns, At safepoint: 3950 ns, Total: 52982 ns
[2022-09-22T17:40:50.488+0000][18056][safepoint   ] Safepoint "Cleanup", Time since last: 1003922612 ns, Reaching safepoint: 80014 ns, At safepoint: 11248 ns, Total: 91262 ns
[2022-09-22T17:40:52.493+0000][18056][safepoint   ] Safepoint "Cleanup", Time since last: 2004806672 ns, Reaching safepoint: 84506 ns, At safepoint: 4638 ns, Total: 89144 ns
[2022-09-22T17:40:53.497+0000][18056][safepoint   ] Safepoint "Cleanup", Time since last: 1004377761 ns, Reaching safepoint: 160474 ns, At safepoint: 18409 ns, Total: 178883 ns
[2022-09-22T17:40:54.501+0000][18056][safepoint   ] Safepoint "Cleanup", Time since last: 1003329526 ns, Reaching safepoint: 130385 ns, At safepoint: 21142 ns, Total: 151527 ns
[2022-09-22T17:40:55.501+0000][18056][safepoint   ] Safepoint "Cleanup", Time since last: 1000414662 ns, Reaching safepoint: 56620 ns, At safepoint: 11679 ns, Total: 68299 ns
[2022-09-22T17:40:56.505+0000][18056][safepoint   ] Safepoint "Cleanup", Time since last: 1003441088 ns, Reaching safepoint: 72316 ns, At safepoint: 12180 ns, Total: 84496 ns
[2022-09-22T17:40:57.509+0000][18056][safepoint   ] Safepoint "Cleanup", Time since last: 1004087362 ns, Reaching safepoint: 128902 ns, At safepoint: 13467 ns, Total: 142369 ns
[2022-09-22T17:40:59.487+0000][18056][safepoint   ] Safepoint "Cleanup", Time since last: 1977920298 ns, Reaching safepoint: 114433 ns, At safepoint: 8937 ns, Total: 123370 ns
[2022-09-22T17:41:00.509+0000][18056][safepoint   ] Safepoint "Cleanup", Time since last: 1021930877 ns, Reaching safepoint: 96599 ns, At safepoint: 5218 ns, Total: 101817 ns
[2022-09-22T17:41:01.517+0000][18056][safepoint   ] Safepoint "Cleanup", Time since last: 1008527989 ns, Reaching safepoint: 138283 ns, At safepoint: 17669 ns, Total: 155952 ns
[2022-09-22T17:41:02.520+0000][18056][safepoint   ] Safepoint "Cleanup", Time since last: 1002105487 ns, Reaching safepoint: 162106 ns, At safepoint: 19500 ns, Total: 181606 ns
[2022-09-22T17:41:03.525+0000][18056][safepoint   ] Safepoint "Cleanup", Time since last: 1005096961 ns, Reaching safepoint: 68277 ns, At safepoint: 3642 ns, Total: 71919 ns
[2022-09-22T17:41:04.530+0000][18056][safepoint   ] Safepoint "Cleanup", Time since last: 1004841150 ns, Reaching safepoint: 61531 ns, At safepoint: 10459 ns, Total: 71990 ns
[2022-09-22T17:41:05.555+0000][18056][safepoint   ] Safepoint "Cleanup", Time since last: 1025758537 ns, Reaching safepoint: 50135 ns, At safepoint: 10240 ns, Total: 60375 ns
[2022-09-22T17:41:06.558+0000][18056][safepoint   ] Safepoint "Cleanup", Time since last: 1002595815 ns, Reaching safepoint: 56106 ns, At safepoint: 13949 ns, Total: 70055 ns
[2022-09-22T17:41:07.560+0000][18056][safepoint   ] Safepoint "Cleanup", Time since last: 1001476476 ns, Reaching safepoint: 63544 ns, At safepoint: 12244 ns, Total: 75788 ns
[2022-09-22T17:41:08.582+0000][18056][safepoint   ] Safepoint "Cleanup", Time since last: 1021912931 ns, Reaching safepoint: 128573 ns, At safepoint: 12024 ns, Total: 140597 ns
[2022-09-22T17:41:10.590+0000][18056][safepoint   ] Safepoint "Cleanup", Time since last: 2008001113 ns, Reaching safepoint: 78113 ns, At safepoint: 10479 ns, Total: 88592 ns
[2022-09-22T17:41:11.594+0000][18056][safepoint   ] Safepoint "Cleanup", Time since last: 1004685097 ns, Reaching safepoint: 64235 ns, At safepoint: 8789 ns, Total: 73024 ns
[2022-09-22T17:41:13.600+0000][18056][safepoint   ] Safepoint "Cleanup", Time since last: 2005741287 ns, Reaching safepoint: 58603 ns, At safepoint: 4082 ns, Total: 62685 ns
[2022-09-22T17:41:15.619+0000][18056][safepoint   ] Safepoint "Cleanup", Time since last: 2019145717 ns, Reaching safepoint: 77763 ns, At safepoint: 12183 ns, Total: 89946 ns
[2022-09-22T17:41:16.622+0000][18056][safepoint   ] Safepoint "Cleanup", Time since last: 1002192589 ns, Reaching safepoint: 70175 ns, At safepoint: 10921 ns, Total: 81096 ns
[2022-09-22T17:41:17.637+0000][18056][safepoint   ] Safepoint "Cleanup", Time since last: 1014769261 ns, Reaching safepoint: 82549 ns, At safepoint: 5171 ns, Total: 87720 ns
[2022-09-22T17:41:18.638+0000][18056][safepoint   ] Safepoint "Cleanup", Time since last: 1001245318 ns, Reaching safepoint: 52419 ns, At safepoint: 3463 ns, Total: 55882 ns
[2022-09-22T17:41:19.640+0000][18056][safepoint   ] Safepoint "Cleanup", Time since last: 1001960556 ns, Reaching safepoint: 63408 ns, At safepoint: 9812 ns, Total: 73220 ns
[2022-09-22T17:41:20.651+0000][18056][safepoint   ] Safepoint "Cleanup", Time since last: 1011509295 ns, Reaching safepoint: 91811 ns, At safepoint: 14367 ns, Total: 106178 ns
[2022-09-22T17:41:22.658+0000][18056][safepoint   ] Safepoint "Cleanup", Time since last: 2006809105 ns, Reaching safepoint: 52035 ns, At safepoint: 9773 ns, Total: 61808 ns
[2022-09-22T17:41:23.663+0000][18056][safepoint   ] Safepoint "Cleanup", Time since last: 1004183721 ns, Reaching safepoint: 88546 ns, At safepoint: 12523 ns, Total: 101069 ns
[2022-09-22T17:41:24.667+0000][18056][safepoint   ] Safepoint "Cleanup", Time since last: 1004656637 ns, Reaching safepoint: 95042 ns, At safepoint: 19740 ns, Total: 114782 ns
[2022-09-22T17:41:25.671+0000][18056][safepoint   ] Safepoint "Cleanup", Time since last: 1003476315 ns, Reaching safepoint: 79136 ns, At safepoint: 15253 ns, Total: 94389 ns
[2022-09-22T17:41:26.686+0000][18056][safepoint   ] Safepoint "Cleanup", Time since last: 1014787912 ns, Reaching safepoint: 130759 ns, At safepoint: 9345 ns, Total: 140104 ns
[2022-09-22T17:41:28.694+0000][18056][safepoint   ] Safepoint "Cleanup", Time since last: 2008333220 ns, Reaching safepoint: 52347 ns, At safepoint: 10046 ns, Total: 62393 ns
[2022-09-22T17:41:30.712+0000][18056][safepoint   ] Safepoint "Cleanup", Time since last: 2017672384 ns, Reaching safepoint: 63860 ns, At safepoint: 8660 ns, Total: 72520 ns
[2022-09-22T17:41:31.716+0000][18056][safepoint   ] Safepoint "Cleanup", Time since last: 1004470474 ns, Reaching safepoint: 94681 ns, At safepoint: 14922 ns, Total: 109603 ns
[2022-09-22T17:41:33.725+0000][18056][safepoint   ] Safepoint "Cleanup", Time since last: 2008660410 ns, Reaching safepoint: 80769 ns, At safepoint: 7384 ns, Total: 88153 ns
[2022-09-22T17:41:34.728+0000][18056][safepoint   ] Safepoint "Cleanup", Time since last: 1003212876 ns, Reaching safepoint: 104252 ns, At safepoint: 10039 ns, Total: 114291 ns
[2022-09-22T17:41:35.731+0000][18056][safepoint   ] Safepoint "Cleanup", Time since last: 1002708552 ns, Reaching safepoint: 202589 ns, At safepoint: 18299 ns, Total: 220888 ns
[2022-09-22T17:41:36.735+0000][18056][safepoint   ] Safepoint "Cleanup", Time since last: 1004107018 ns, Reaching safepoint: 115199 ns, At safepoint: 23955 ns, Total: 139154 ns
[2022-09-22T17:41:37.739+0000][18056][safepoint   ] Safepoint "Cleanup", Time since last: 1003519673 ns, Reaching safepoint: 80841 ns, At safepoint: 13402 ns, Total: 94243 ns
[2022-09-22T17:41:38.744+0000][18056][safepoint   ] Safepoint "Cleanup", Time since last: 1004744346 ns, Reaching safepoint: 75855 ns, At safepoint: 18605 ns, Total: 94460 ns
[2022-09-22T17:41:40.753+0000][18056][safepoint   ] Safepoint "Cleanup", Time since last: 2008674268 ns, Reaching safepoint: 124009 ns, At safepoint: 21574 ns, Total: 145583 ns
[2022-09-22T17:41:42.765+0000][18056][safepoint   ] Safepoint "Cleanup", Time since last: 2012242515 ns, Reaching safepoint: 612202 ns, At safepoint: 21936 ns, Total: 634138 ns
[2022-09-22T17:41:43.785+0000][18056][safepoint   ] Safepoint "Cleanup", Time since last: 1018944124 ns, Reaching safepoint: 74482 ns, At safepoint: 10172 ns, Total: 84654 ns
[2022-09-22T17:41:44.802+0000][18056][safepoint   ] Safepoint "Cleanup", Time since last: 1017330143 ns, Reaching safepoint: 202049 ns, At safepoint: 14855 ns, Total: 216904 ns
[2022-09-22T17:41:45.804+0000][18056][safepoint   ] Safepoint "Cleanup", Time since last: 1002305919 ns, Reaching safepoint: 70316 ns, At safepoint: 12998 ns, Total: 83314 ns
[2022-09-22T17:41:48.817+0000][18056][safepoint   ] Safepoint "Cleanup", Time since last: 3012412624 ns, Reaching safepoint: 63533 ns, At safepoint: 12988 ns, Total: 76521 ns
[2022-09-22T17:41:49.821+0000][18056][safepoint   ] Safepoint "Cleanup", Time since last: 1004186512 ns, Reaching safepoint: 154575 ns, At safepoint: 31116 ns, Total: 185691 ns
[2022-09-22T17:41:50.844+0000][18056][safepoint   ] Safepoint "Cleanup", Time since last: 1022423995 ns, Reaching safepoint: 77803 ns, At safepoint: 12421 ns, Total: 90224 ns
[2022-09-22T17:41:52.850+0000][18056][safepoint   ] Safepoint "Cleanup", Time since last: 2006354850 ns, Reaching safepoint: 83216 ns, At safepoint: 11186 ns, Total: 94402 ns
[2022-09-22T17:41:53.853+0000][18056][safepoint   ] Safepoint "Cleanup", Time since last: 1002493884 ns, Reaching safepoint: 55412 ns, At safepoint: 4023 ns, Total: 59435 ns
[2022-09-22T17:41:54.857+0000][18056][safepoint   ] Safepoint "Cleanup", Time since last: 1004267401 ns, Reaching safepoint: 51320 ns, At safepoint: 3642 ns, Total: 54962 ns
[2022-09-22T17:41:55.871+0000][18056][safepoint   ] Safepoint "Cleanup", Time since last: 1013621429 ns, Reaching safepoint: 87455 ns, At safepoint: 14599 ns, Total: 102054 ns
[2022-09-22T17:41:58.307+0000][18056][safepoint   ] Safepoint "Cleanup", Time since last: 2436318606 ns, Reaching safepoint: 42490 ns, At safepoint: 34233 ns, Total: 76723 ns
[2022-09-22T17:41:59.312+0000][18056][safepoint   ] Safepoint "Cleanup", Time since last: 1004794534 ns, Reaching safepoint: 72518 ns, At safepoint: 5300 ns, Total: 77818 ns
[2022-09-22T17:42:01.320+0000][18056][safepoint   ] Safepoint "Cleanup", Time since last: 2008434392 ns, Reaching safepoint: 86594 ns, At safepoint: 11178 ns, Total: 97772 ns
[2022-09-22T17:42:03.331+0000][18056][safepoint   ] Safepoint "Cleanup", Time since last: 2010328118 ns, Reaching safepoint: 118554 ns, At safepoint: 34821 ns, Total: 153375 ns
[2022-09-22T17:42:04.333+0000][18056][safepoint   ] Safepoint "Cleanup", Time since last: 1002581457 ns, Reaching safepoint: 60247 ns, At safepoint: 9837 ns, Total: 70084 ns
[2022-09-22T17:42:05.364+0000][18056][safepoint   ] Safepoint "Cleanup", Time since last: 1019370053 ns, Reaching safepoint: 918097 ns, At safepoint: 10260914 ns, Total: 11179011 ns
[2022-09-22T17:42:06.367+0000][18056][safepoint   ] Safepoint "Cleanup", Time since last: 1002758039 ns, Reaching safepoint: 97532 ns, At safepoint: 15299 ns, Total: 112831 ns
[2022-09-22T17:42:07.367+0000][18056][safepoint   ] Safepoint "Cleanup", Time since last: 1000574605 ns, Reaching safepoint: 80390 ns, At safepoint: 10566 ns, Total: 90956 ns
[2022-09-22T17:42:08.381+0000][18056][safepoint   ] Safepoint "Cleanup", Time since last: 1013656975 ns, Reaching safepoint: 93921 ns, At safepoint: 14654 ns, Total: 108575 ns
[2022-09-22T17:42:10.388+0000][18056][safepoint   ] Safepoint "Cleanup", Time since last: 2006702720 ns, Reaching safepoint: 66734 ns, At safepoint: 15467 ns, Total: 82201 ns
[2022-09-22T17:42:12.393+0000][18056][safepoint   ] Safepoint "Cleanup", Time since last: 2005384964 ns, Reaching safepoint: 56962 ns, At safepoint: 3986 ns, Total: 60948 ns
[2022-09-22T17:42:13.397+0000][18056][safepoint   ] Safepoint "Cleanup", Time since last: 1003005047 ns, Reaching safepoint: 387901 ns, At safepoint: 14946 ns, Total: 402847 ns
[2022-09-22T17:42:14.421+0000][18056][safepoint   ] Safepoint "Cleanup", Time since last: 1023805838 ns, Reaching safepoint: 57001 ns, At safepoint: 10480 ns, Total: 67481 ns
[2022-09-22T17:42:15.421+0000][18056][safepoint   ] Safepoint "Cleanup", Time since last: 1000105697 ns, Reaching safepoint: 53004 ns, At safepoint: 3615 ns, Total: 56619 ns
[2022-09-22T17:42:17.315+0000][18056][safepoint   ] Safepoint "Cleanup", Time since last: 1894423079 ns, Reaching safepoint: 129142 ns, At safepoint: 17212 ns, Total: 146354 ns
[2022-09-22T17:42:18.320+0000][18056][safepoint   ] Safepoint "Cleanup", Time since last: 1004908900 ns, Reaching safepoint: 67620 ns, At safepoint: 7541 ns, Total: 75161 ns
[2022-09-22T17:42:19.325+0000][18056][safepoint   ] Safepoint "Cleanup", Time since last: 1004214208 ns, Reaching safepoint: 704365 ns, At safepoint: 19852 ns, Total: 724217 ns
[2022-09-22T17:42:20.329+0000][18056][safepoint   ] Safepoint "Cleanup", Time since last: 1004181735 ns, Reaching safepoint: 116264 ns, At safepoint: 14252 ns, Total: 130516 ns
[2022-09-22T17:42:21.333+0000][18056][safepoint   ] Safepoint "Cleanup", Time since last: 1003851976 ns, Reaching safepoint: 52437 ns, At safepoint: 3758 ns, Total: 56195 ns
[2022-09-22T17:42:22.338+0000][18056][safepoint   ] Safepoint "Cleanup", Time since last: 1005001619 ns, Reaching safepoint: 65574 ns, At safepoint: 3470 ns, Total: 69044 ns
[2022-09-22T17:42:23.343+0000][18056][safepoint   ] Safepoint "Cleanup", Time since last: 1004586533 ns, Reaching safepoint: 73949 ns, At safepoint: 12947 ns, Total: 86896 ns
[2022-09-22T17:42:24.347+0000][18056][safepoint   ] Safepoint "Cleanup", Time since last: 1003690092 ns, Reaching safepoint: 52797 ns, At safepoint: 4095 ns, Total: 56892 ns
[2022-09-22T17:42:25.509+0000][18056][safepoint   ] Safepoint "Cleanup", Time since last: 1162751238 ns, Reaching safepoint: 40657 ns, At safepoint: 42402 ns, Total: 83059 ns
[2022-09-22T17:42:26.533+0000][18056][safepoint   ] Safepoint "Cleanup", Time since last: 1023029636 ns, Reaching safepoint: 85531 ns, At safepoint: 11334 ns, Total: 96865 ns
[2022-09-22T17:42:27.552+0000][18056][safepoint   ] Safepoint "Cleanup", Time since last: 1018902865 ns, Reaching safepoint: 58504 ns, At safepoint: 10181 ns, Total: 68685 ns
[2022-09-22T17:42:28.556+0000][18056][safepoint   ] Safepoint "Cleanup", Time since last: 1004690597 ns, Reaching safepoint: 87166 ns, At safepoint: 14771 ns, Total: 101937 ns
[2022-09-22T17:42:30.569+0000][18056][safepoint   ] Safepoint "Cleanup", Time since last: 2012255823 ns, Reaching safepoint: 96362 ns, At safepoint: 15468 ns, Total: 111830 ns
[2022-09-22T17:42:31.573+0000][18056][safepoint   ] Safepoint "Cleanup", Time since last: 1004298831 ns, Reaching safepoint: 70108 ns, At safepoint: 12940 ns, Total: 83048 ns
[2022-09-22T17:42:32.583+0000][18056][safepoint   ] Safepoint "Cleanup", Time since last: 1010118021 ns, Reaching safepoint: 79153 ns, At safepoint: 11137 ns, Total: 90290 ns
[2022-09-22T17:42:33.586+0000][18056][safepoint   ] Safepoint "Cleanup", Time since last: 1002271844 ns, Reaching safepoint: 99256 ns, At safepoint: 27573 ns, Total: 126829 ns
[2022-09-22T17:42:34.589+0000][18056][safepoint   ] Safepoint "Cleanup", Time since last: 1003629581 ns, Reaching safepoint: 97915 ns, At safepoint: 12573 ns, Total: 110488 ns
[2022-09-22T17:42:35.605+0000][18056][safepoint   ] Safepoint "Cleanup", Time since last: 1015495693 ns, Reaching safepoint: 54723 ns, At safepoint: 3426 ns, Total: 58149 ns
[2022-09-22T17:42:36.609+0000][18056][safepoint   ] Safepoint "Cleanup", Time since last: 1004302145 ns, Reaching safepoint: 77382 ns, At safepoint: 8333 ns, Total: 85715 ns
[2022-09-22T17:42:37.614+0000][18056][safepoint   ] Safepoint "Cleanup", Time since last: 1004493671 ns, Reaching safepoint: 87855 ns, At safepoint: 13802 ns, Total: 101657 ns
[2022-09-22T17:42:38.636+0000][18056][safepoint   ] Safepoint "Cleanup", Time since last: 1022609281 ns, Reaching safepoint: 73074 ns, At safepoint: 10581 ns, Total: 83655 ns
[2022-09-22T17:42:39.639+0000][18056][safepoint   ] Safepoint "Cleanup", Time since last: 1002913136 ns, Reaching safepoint: 77761 ns, At safepoint: 12997 ns, Total: 90758 ns
[2022-09-22T17:42:40.643+0000][18056][safepoint   ] Safepoint "Cleanup", Time since last: 1003104158 ns, Reaching safepoint: 56554 ns, At safepoint: 3648 ns, Total: 60202 ns
[2022-09-22T17:42:43.653+0000][18056][safepoint   ] Safepoint "Cleanup", Time since last: 3010404774 ns, Reaching safepoint: 114401 ns, At safepoint: 14269 ns, Total: 128670 ns
[2022-09-22T17:42:44.658+0000][18056][safepoint   ] Safepoint "Cleanup", Time since last: 1004507405 ns, Reaching safepoint: 98110 ns, At safepoint: 20295 ns, Total: 118405 ns
[2022-09-22T17:42:45.668+0000][18056][safepoint   ] Safepoint "Cleanup", Time since last: 1010478296 ns, Reaching safepoint: 61787 ns, At safepoint: 4206 ns, Total: 65993 ns
[2022-09-22T17:42:48.678+0000][18056][safepoint   ] Safepoint "Cleanup", Time since last: 3010010209 ns, Reaching safepoint: 116037 ns, At safepoint: 12972 ns, Total: 129009 ns
[2022-09-22T17:42:49.683+0000][18056][safepoint   ] Safepoint "Cleanup", Time since last: 1004786830 ns, Reaching safepoint: 61242 ns, At safepoint: 10425 ns, Total: 71667 ns
[2022-09-22T17:42:50.702+0000][18056][safepoint   ] Safepoint "Cleanup", Time since last: 1017874303 ns, Reaching safepoint: 641676 ns, At safepoint: 17984 ns, Total: 659660 ns
[2022-09-22T17:42:52.709+0000][18056][safepoint   ] Safepoint "Cleanup", Time since last: 2007195225 ns, Reaching safepoint: 82088 ns, At safepoint: 11193 ns, Total: 93281 ns
[2022-09-22T17:42:53.713+0000][18056][safepoint   ] Safepoint "Cleanup", Time since last: 1004419257 ns, Reaching safepoint: 58241 ns, At safepoint: 8640 ns, Total: 66881 ns
[2022-09-22T17:42:54.719+0000][18056][safepoint   ] Safepoint "Cleanup", Time since last: 1005579559 ns, Reaching safepoint: 70450 ns, At safepoint: 9519 ns, Total: 79969 ns
[2022-09-22T17:42:55.723+0000][18056][safepoint   ] Safepoint "Cleanup", Time since last: 1004039232 ns, Reaching safepoint: 109887 ns, At safepoint: 12421 ns, Total: 122308 ns
[2022-09-22T17:42:56.726+0000][18056][safepoint   ] Safepoint "Cleanup", Time since last: 1002641866 ns, Reaching safepoint: 93090 ns, At safepoint: 9486 ns, Total: 102576 ns
[2022-09-22T17:42:58.729+0000][18056][safepoint   ] Safepoint "Cleanup", Time since last: 2003592764 ns, Reaching safepoint: 55898 ns, At safepoint: 5081 ns, Total: 60979 ns
[2022-09-22T17:43:00.737+0000][18056][safepoint   ] Safepoint "Cleanup", Time since last: 2007893958 ns, Reaching safepoint: 74198 ns, At safepoint: 10715 ns, Total: 84913 ns
[2022-09-22T17:43:01.742+0000][18056][safepoint   ] Safepoint "Cleanup", Time since last: 1004730481 ns, Reaching safepoint: 52749 ns, At safepoint: 3485 ns, Total: 56234 ns
[2022-09-22T17:43:02.746+0000][18056][safepoint   ] Safepoint "Cleanup", Time since last: 1004002102 ns, Reaching safepoint: 67382 ns, At safepoint: 10624 ns, Total: 78006 ns
[2022-09-22T17:43:03.750+0000][18056][safepoint   ] Safepoint "Cleanup", Time since last: 1003778051 ns, Reaching safepoint: 63245 ns, At safepoint: 4345 ns, Total: 67590 ns
[2022-09-22T17:43:04.753+0000][18056][safepoint   ] Safepoint "Cleanup", Time since last: 1003263223 ns, Reaching safepoint: 52408 ns, At safepoint: 3583 ns, Total: 55991 ns
[2022-09-22T17:43:05.757+0000][18056][safepoint   ] Safepoint "Cleanup", Time since last: 1004116768 ns, Reaching safepoint: 60431 ns, At safepoint: 10983 ns, Total: 71414 ns
[2022-09-22T17:43:06.759+0000][18056][safepoint   ] Safepoint "Cleanup", Time since last: 1001556199 ns, Reaching safepoint: 105560 ns, At safepoint: 25441 ns, Total: 131001 ns
[2022-09-22T17:43:07.764+0000][18056][safepoint   ] Safepoint "Cleanup", Time since last: 1004599388 ns, Reaching safepoint: 97392 ns, At safepoint: 5487 ns, Total: 102879 ns
[2022-09-22T17:43:08.780+0000][18056][safepoint   ] Safepoint "Cleanup", Time since last: 1015744625 ns, Reaching safepoint: 51289 ns, At safepoint: 9043 ns, Total: 60332 ns
[2022-09-22T17:43:10.784+0000][18056][safepoint   ] Safepoint "Cleanup", Time since last: 2004481842 ns, Reaching safepoint: 182378 ns, At safepoint: 13920 ns, Total: 196298 ns
[2022-09-22T17:43:13.792+0000][18056][safepoint   ] Safepoint "Cleanup", Time since last: 3007636460 ns, Reaching safepoint: 66148 ns, At safepoint: 7637 ns, Total: 73785 ns
[2022-09-22T17:43:15.799+0000][18056][safepoint   ] Safepoint "Cleanup", Time since last: 2007365864 ns, Reaching safepoint: 53773 ns, At safepoint: 9697 ns, Total: 63470 ns
[2022-09-22T17:43:16.804+0000][18056][safepoint   ] Safepoint "Cleanup", Time since last: 1004953159 ns, Reaching safepoint: 81585 ns, At safepoint: 12775 ns, Total: 94360 ns
[2022-09-22T17:43:18.814+0000][18056][safepoint   ] Safepoint "Cleanup", Time since last: 2009729416 ns, Reaching safepoint: 78410 ns, At safepoint: 10232 ns, Total: 88642 ns
[2022-09-22T17:43:19.814+0000][18056][safepoint   ] Safepoint "Cleanup", Time since last: 1000280350 ns, Reaching safepoint: 49337 ns, At safepoint: 3742 ns, Total: 53079 ns
[2022-09-22T17:43:20.818+0000][18056][safepoint   ] Safepoint "Cleanup", Time since last: 1003110739 ns, Reaching safepoint: 104216 ns, At safepoint: 5840 ns, Total: 110056 ns
[2022-09-22T17:43:22.825+0000][18056][safepoint   ] Safepoint "Cleanup", Time since last: 2007621615 ns, Reaching safepoint: 62712 ns, At safepoint: 11246 ns, Total: 73958 ns
[2022-09-22T17:43:23.826+0000][18056][safepoint   ] Safepoint "Cleanup", Time since last: 1000249447 ns, Reaching safepoint: 1045225 ns, At safepoint: 9385 ns, Total: 1054610 ns
[2022-09-22T17:43:24.830+0000][18056][safepoint   ] Safepoint "Cleanup", Time since last: 1003096464 ns, Reaching safepoint: 70538 ns, At safepoint: 3787 ns, Total: 74325 ns
[2022-09-22T17:43:25.833+0000][18056][safepoint   ] Safepoint "Cleanup", Time since last: 1003220952 ns, Reaching safepoint: 116821 ns, At safepoint: 18110 ns, Total: 134931 ns
[2022-09-22T17:43:28.845+0000][18056][safepoint   ] Safepoint "Cleanup", Time since last: 3011757277 ns, Reaching safepoint: 53618 ns, At safepoint: 12380 ns, Total: 65998 ns
[2022-09-22T17:43:30.854+0000][18056][safepoint   ] Safepoint "Cleanup", Time since last: 2009281071 ns, Reaching safepoint: 52521 ns, At safepoint: 4019 ns, Total: 56540 ns
[2022-09-22T17:43:31.855+0000][18056][safepoint   ] Safepoint "Cleanup", Time since last: 1000274234 ns, Reaching safepoint: 363199 ns, At safepoint: 17810 ns, Total: 381009 ns
[2022-09-22T17:43:33.861+0000][18056][safepoint   ] Safepoint "Cleanup", Time since last: 2006200888 ns, Reaching safepoint: 85030 ns, At safepoint: 11550 ns, Total: 96580 ns
[2022-09-22T17:43:34.863+0000][18056][safepoint   ] Safepoint "Cleanup", Time since last: 1002400276 ns, Reaching safepoint: 93533 ns, At safepoint: 13571 ns, Total: 107104 ns
[2022-09-22T17:43:35.866+0000][18056][safepoint   ] Safepoint "Cleanup", Time since last: 1002685151 ns, Reaching safepoint: 125676 ns, At safepoint: 10733 ns, Total: 136409 ns
[2022-09-22T17:43:36.868+0000][18056][safepoint   ] Safepoint "Cleanup", Time since last: 1001590343 ns, Reaching safepoint: 97263 ns, At safepoint: 11782 ns, Total: 109045 ns
[2022-09-22T17:43:37.872+0000][18056][safepoint   ] Safepoint "Cleanup", Time since last: 1004351568 ns, Reaching safepoint: 97129 ns, At safepoint: 14172 ns, Total: 111301 ns
[2022-09-22T17:43:38.876+0000][18056][safepoint   ] Safepoint "Cleanup", Time since last: 1003965561 ns, Reaching safepoint: 57296 ns, At safepoint: 10566 ns, Total: 67862 ns
[2022-09-22T17:43:40.338+0000][18056][gc,start    ] GC(18) Pause Young (Normal) (G1 Evacuation Pause)
[2022-09-22T17:43:40.338+0000][18056][gc,task     ] GC(18) Using 10 workers of 10 for evacuation
[2022-09-22T17:43:40.343+0000][18056][gc,age      ] GC(18) Desired survivor size 167772160 bytes, new threshold 15 (max threshold 15)
[2022-09-22T17:43:40.546+0000][18056][gc,age      ] GC(18) Age table with threshold 15 (max threshold 15)
[2022-09-22T17:43:40.546+0000][18056][gc,age      ] GC(18) - age   1:    4326880 bytes,    4326880 total
[2022-09-22T17:43:40.546+0000][18056][gc,age      ] GC(18) - age   2:     162752 bytes,    4489632 total
[2022-09-22T17:43:40.546+0000][18056][gc,age      ] GC(18) - age   3:    3626824 bytes,    8116456 total
[2022-09-22T17:43:40.546+0000][18056][gc,age      ] GC(18) - age   4:    1193312 bytes,    9309768 total
[2022-09-22T17:43:40.546+0000][18056][gc,age      ] GC(18) - age   5:   19006360 bytes,   28316128 total
[2022-09-22T17:43:40.546+0000][18056][gc,mmu      ] GC(18) MMU target violated: 201.0ms (200.0ms/201.0ms)
[2022-09-22T17:43:40.547+0000][18056][gc,phases   ] GC(18)   Pre Evacuate Collection Set: 7.2ms
[2022-09-22T17:43:40.547+0000][18056][gc,phases   ] GC(18)   Merge Heap Roots: 2.7ms
[2022-09-22T17:43:40.547+0000][18056][gc,phases   ] GC(18)   Evacuate Collection Set: 159.4ms
[2022-09-22T17:43:40.547+0000][18056][gc,phases   ] GC(18)   Post Evacuate Collection Set: 37.6ms
[2022-09-22T17:43:40.547+0000][18056][gc,phases   ] GC(18)   Other: 3.5ms
[2022-09-22T17:43:40.547+0000][18056][gc,heap     ] GC(18) Eden regions: 630->0(381)
[2022-09-22T17:43:40.547+0000][18056][gc,heap     ] GC(18) Survivor regions: 8->8(80)
[2022-09-22T17:43:40.547+0000][18056][gc,heap     ] GC(18) Old regions: 23->23
[2022-09-22T17:43:40.547+0000][18056][gc,heap     ] GC(18) Archive regions: 2->2
[2022-09-22T17:43:40.547+0000][18056][gc,heap     ] GC(18) Humongous regions: 2->2
[2022-09-22T17:43:40.547+0000][18056][gc,metaspace] GC(18) Metaspace: 118241K(119808K)->118241K(119808K) NonClass: 102788K(103680K)->102788K(103680K) Class: 15452K(16128K)->15452K(16128K)
[2022-09-22T17:43:40.547+0000][18056][gc          ] GC(18) Pause Young (Normal) (G1 Evacuation Pause) 2651M->131M(8192M) 208.442ms
[2022-09-22T17:43:40.547+0000][18056][gc,cpu      ] GC(18) User=0.10s Sys=0.43s Real=0.21s
[2022-09-22T17:43:40.547+0000][18056][safepoint   ] Safepoint "G1CollectForAllocation", Time since last: 1459718986 ns, Reaching safepoint: 49038 ns, At safepoint: 210713210 ns, Total: 210762248 ns
[2022-09-22T17:43:41.551+0000][18056][safepoint   ] Safepoint "Cleanup", Time since last: 1004366873 ns, Reaching safepoint: 57912 ns, At safepoint: 3811 ns, Total: 61723 ns
[2022-09-22T17:43:43.558+0000][18056][safepoint   ] Safepoint "Cleanup", Time since last: 2006564854 ns, Reaching safepoint: 48021 ns, At safepoint: 3684 ns, Total: 51705 ns
[2022-09-22T17:43:45.569+0000][18056][safepoint   ] Safepoint "Cleanup", Time since last: 2011421863 ns, Reaching safepoint: 64559 ns, At safepoint: 12701 ns, Total: 77260 ns
[2022-09-22T17:43:48.580+0000][18056][safepoint   ] Safepoint "Cleanup", Time since last: 3010368817 ns, Reaching safepoint: 142428 ns, At safepoint: 12855 ns, Total: 155283 ns
[2022-09-22T17:43:49.585+0000][18056][safepoint   ] Safepoint "Cleanup", Time since last: 1004836958 ns, Reaching safepoint: 56086 ns, At safepoint: 9890 ns, Total: 65976 ns
[2022-09-22T17:43:50.599+0000][18056][safepoint   ] Safepoint "Cleanup", Time since last: 1014733921 ns, Reaching safepoint: 78613 ns, At safepoint: 10623 ns, Total: 89236 ns
[2022-09-22T17:43:52.608+0000][18056][safepoint   ] Safepoint "Cleanup", Time since last: 2008270060 ns, Reaching safepoint: 67600 ns, At safepoint: 10078 ns, Total: 77678 ns
[2022-09-22T17:43:53.612+0000][18056][safepoint   ] Safepoint "Cleanup", Time since last: 1004304925 ns, Reaching safepoint: 74632 ns, At safepoint: 11317 ns, Total: 85949 ns
[2022-09-22T17:43:54.617+0000][18056][safepoint   ] Safepoint "Cleanup", Time since last: 1004738752 ns, Reaching safepoint: 92086 ns, At safepoint: 11868 ns, Total: 103954 ns
[2022-09-22T17:43:55.622+0000][18056][safepoint   ] Safepoint "Cleanup", Time since last: 1004791835 ns, Reaching safepoint: 58036 ns, At safepoint: 4654 ns, Total: 62690 ns
[2022-09-22T17:43:58.633+0000][18056][safepoint   ] Safepoint "Cleanup", Time since last: 3010917140 ns, Reaching safepoint: 89842 ns, At safepoint: 9435 ns, Total: 99277 ns
[2022-09-22T17:44:00.638+0000][18056][safepoint   ] Safepoint "Cleanup", Time since last: 2005730411 ns, Reaching safepoint: 68110 ns, At safepoint: 10622 ns, Total: 78732 ns
[2022-09-22T17:44:01.643+0000][18056][safepoint   ] Safepoint "Cleanup", Time since last: 1004218051 ns, Reaching safepoint: 82115 ns, At safepoint: 12054 ns, Total: 94169 ns
[2022-09-22T17:44:02.659+0000][18056][safepoint   ] Safepoint "Cleanup", Time since last: 1016514038 ns, Reaching safepoint: 49613 ns, At safepoint: 9812 ns, Total: 59425 ns
[2022-09-22T17:44:03.663+0000][18056][safepoint   ] Safepoint "Cleanup", Time since last: 1003423988 ns, Reaching safepoint: 63775 ns, At safepoint: 5102 ns, Total: 68877 ns
[2022-09-22T17:44:04.665+0000][18056][safepoint   ] Safepoint "Cleanup", Time since last: 1002038522 ns, Reaching safepoint: 66671 ns, At safepoint: 7652 ns, Total: 74323 ns
[2022-09-22T17:44:05.670+0000][18056][safepoint   ] Safepoint "Cleanup", Time since last: 1005189521 ns, Reaching safepoint: 83895 ns, At safepoint: 12828 ns, Total: 96723 ns
[2022-09-22T17:44:07.675+0000][18056][safepoint   ] Safepoint "Cleanup", Time since last: 2004895552 ns, Reaching safepoint: 59361 ns, At safepoint: 10903 ns, Total: 70264 ns
[2022-09-22T17:44:08.680+0000][18056][safepoint   ] Safepoint "Cleanup", Time since last: 1005012977 ns, Reaching safepoint: 137128 ns, At safepoint: 20881 ns, Total: 158009 ns
[2022-09-22T17:44:10.686+0000][18056][safepoint   ] Safepoint "Cleanup", Time since last: 2005333941 ns, Reaching safepoint: 57663 ns, At safepoint: 4567 ns, Total: 62230 ns
[2022-09-22T17:44:13.697+0000][18056][safepoint   ] Safepoint "Cleanup", Time since last: 3011154544 ns, Reaching safepoint: 52137 ns, At safepoint: 7587 ns, Total: 59724 ns
[2022-09-22T17:44:15.705+0000][18056][safepoint   ] Safepoint "Cleanup", Time since last: 2008264334 ns, Reaching safepoint: 71391 ns, At safepoint: 5970 ns, Total: 77361 ns
[2022-09-22T17:44:16.707+0000][18056][safepoint   ] Safepoint "Cleanup", Time since last: 1002070460 ns, Reaching safepoint: 88946 ns, At safepoint: 15624 ns, Total: 104570 ns
[2022-09-22T17:44:18.716+0000][18056][safepoint   ] Safepoint "Cleanup", Time since last: 2008761635 ns, Reaching safepoint: 71723 ns, At safepoint: 9849 ns, Total: 81572 ns
[2022-09-22T17:44:19.720+0000][18056][safepoint   ] Safepoint "Cleanup", Time since last: 1003704970 ns, Reaching safepoint: 82219 ns, At safepoint: 6916 ns, Total: 89135 ns
[2022-09-22T17:44:20.724+0000][18056][safepoint   ] Safepoint "Cleanup", Time since last: 1004194812 ns, Reaching safepoint: 53565 ns, At safepoint: 3392 ns, Total: 56957 ns
[2022-09-22T17:44:22.728+0000][18056][safepoint   ] Safepoint "Cleanup", Time since last: 2003645729 ns, Reaching safepoint: 62344 ns, At safepoint: 9889 ns, Total: 72233 ns
[2022-09-22T17:44:23.732+0000][18056][safepoint   ] Safepoint "Cleanup", Time since last: 1004832333 ns, Reaching safepoint: 58841 ns, At safepoint: 7667 ns, Total: 66508 ns
[2022-09-22T17:44:24.736+0000][18056][safepoint   ] Safepoint "Cleanup", Time since last: 1003819469 ns, Reaching safepoint: 60251 ns, At safepoint: 10346 ns, Total: 70597 ns
[2022-09-22T17:44:25.742+0000][18056][safepoint   ] Safepoint "Cleanup", Time since last: 1005169702 ns, Reaching safepoint: 84078 ns, At safepoint: 14301 ns, Total: 98379 ns
[2022-09-22T17:44:28.766+0000][18056][safepoint   ] Safepoint "Cleanup", Time since last: 3024210865 ns, Reaching safepoint: 69648 ns, At safepoint: 54347 ns, Total: 123995 ns
[2022-09-22T17:44:30.776+0000][18056][safepoint   ] Safepoint "Cleanup", Time since last: 2009864000 ns, Reaching safepoint: 62295 ns, At safepoint: 11330 ns, Total: 73625 ns
[2022-09-22T17:44:31.779+0000][18056][safepoint   ] Safepoint "Cleanup", Time since last: 1002914085 ns, Reaching safepoint: 139071 ns, At safepoint: 20865 ns, Total: 159936 ns
[2022-09-22T17:44:33.787+0000][18056][safepoint   ] Safepoint "Cleanup", Time since last: 2007613014 ns, Reaching safepoint: 229701 ns, At safepoint: 21988 ns, Total: 251689 ns
[2022-09-22T17:44:34.791+0000][18056][safepoint   ] Safepoint "Cleanup", Time since last: 1004129330 ns, Reaching safepoint: 135155 ns, At safepoint: 11745 ns, Total: 146900 ns
[2022-09-22T17:44:35.796+0000][18056][safepoint   ] Safepoint "Cleanup", Time since last: 1004930618 ns, Reaching safepoint: 54746 ns, At safepoint: 7915 ns, Total: 62661 ns
[2022-09-22T17:44:37.800+0000][18056][safepoint   ] Safepoint "Cleanup", Time since last: 2003735613 ns, Reaching safepoint: 58588 ns, At safepoint: 11120 ns, Total: 69708 ns
[2022-09-22T17:44:38.804+0000][18056][safepoint   ] Safepoint "Cleanup", Time since last: 1004245004 ns, Reaching safepoint: 92671 ns, At safepoint: 41032 ns, Total: 133703 ns
[2022-09-22T17:44:40.812+0000][18056][safepoint   ] Safepoint "Cleanup", Time since last: 2008390176 ns, Reaching safepoint: 71816 ns, At safepoint: 11794 ns, Total: 83610 ns
[2022-09-22T17:44:41.817+0000][18056][safepoint   ] Safepoint "Cleanup", Time since last: 1004602371 ns, Reaching safepoint: 102647 ns, At safepoint: 13166 ns, Total: 115813 ns
[2022-09-22T17:44:43.823+0000][18056][safepoint   ] Safepoint "Cleanup", Time since last: 2006313741 ns, Reaching safepoint: 87815 ns, At safepoint: 29092 ns, Total: 116907 ns
[2022-09-22T17:44:45.829+0000][18056][safepoint   ] Safepoint "Cleanup", Time since last: 2005958575 ns, Reaching safepoint: 59057 ns, At safepoint: 28133 ns, Total: 87190 ns
[2022-09-22T17:44:48.840+0000][18056][safepoint   ] Safepoint "Cleanup", Time since last: 3010339006 ns, Reaching safepoint: 51268 ns, At safepoint: 14269 ns, Total: 65537 ns
[2022-09-22T17:44:49.842+0000][18056][safepoint   ] Safepoint "Cleanup", Time since last: 1001956260 ns, Reaching safepoint: 67027 ns, At safepoint: 10963 ns, Total: 77990 ns
[2022-09-22T17:44:50.842+0000][18056][safepoint   ] Safepoint "Cleanup", Time since last: 1000165898 ns, Reaching safepoint: 69169 ns, At safepoint: 12288 ns, Total: 81457 ns
[2022-09-22T17:44:52.850+0000][18056][safepoint   ] Safepoint "Cleanup", Time since last: 2007792464 ns, Reaching safepoint: 90592 ns, At safepoint: 9911 ns, Total: 100503 ns
[2022-09-22T17:44:53.854+0000][18056][safepoint   ] Safepoint "Cleanup", Time since last: 1003742958 ns, Reaching safepoint: 75758 ns, At safepoint: 11414 ns, Total: 87172 ns
[2022-09-22T17:44:55.861+0000][18056][safepoint   ] Safepoint "Cleanup", Time since last: 2006939360 ns, Reaching safepoint: 119343 ns, At safepoint: 23038 ns, Total: 142381 ns
[2022-09-22T17:44:58.873+0000][18056][safepoint   ] Safepoint "Cleanup", Time since last: 3012352245 ns, Reaching safepoint: 58370 ns, At safepoint: 2925 ns, Total: 61295 ns
[2022-09-22T17:45:00.882+0000][18056][safepoint   ] Safepoint "Cleanup", Time since last: 2009129146 ns, Reaching safepoint: 98031 ns, At safepoint: 11176 ns, Total: 109207 ns
[2022-09-22T17:45:01.886+0000][18056][safepoint   ] Safepoint "Cleanup", Time since last: 1003824332 ns, Reaching safepoint: 53429 ns, At safepoint: 10950 ns, Total: 64379 ns
[2022-09-22T17:45:03.895+0000][18056][safepoint   ] Safepoint "Cleanup", Time since last: 2009105645 ns, Reaching safepoint: 150549 ns, At safepoint: 17771 ns, Total: 168320 ns
[2022-09-22T17:45:04.899+0000][18056][safepoint   ] Safepoint "Cleanup", Time since last: 1003494403 ns, Reaching safepoint: 70750 ns, At safepoint: 9467 ns, Total: 80217 ns
[2022-09-22T17:45:05.903+0000][18056][safepoint   ] Safepoint "Cleanup", Time since last: 1003878553 ns, Reaching safepoint: 91660 ns, At safepoint: 15310 ns, Total: 106970 ns
[2022-09-22T17:45:06.916+0000][18056][safepoint   ] Safepoint "Cleanup", Time since last: 1012596003 ns, Reaching safepoint: 78708 ns, At safepoint: 15407 ns, Total: 94115 ns
[2022-09-22T17:45:07.921+0000][18056][safepoint   ] Safepoint "Cleanup", Time since last: 1005191945 ns, Reaching safepoint: 69134 ns, At safepoint: 4230 ns, Total: 73364 ns
[2022-09-22T17:45:08.923+0000][18056][safepoint   ] Safepoint "Cleanup", Time since last: 1002060109 ns, Reaching safepoint: 53918 ns, At safepoint: 3218 ns, Total: 57136 ns
[2022-09-22T17:45:10.930+0000][18056][safepoint   ] Safepoint "Cleanup", Time since last: 2007110964 ns, Reaching safepoint: 76705 ns, At safepoint: 10531 ns, Total: 87236 ns
[2022-09-22T17:45:13.954+0000][18056][safepoint   ] Safepoint "Cleanup", Time since last: 3024254720 ns, Reaching safepoint: 95042 ns, At safepoint: 12206 ns, Total: 107248 ns
[2022-09-22T17:45:15.962+0000][18056][safepoint   ] Safepoint "Cleanup", Time since last: 2007247182 ns, Reaching safepoint: 56164 ns, At safepoint: 4522 ns, Total: 60686 ns
[2022-09-22T17:45:17.970+0000][18056][safepoint   ] Safepoint "Cleanup", Time since last: 2008003460 ns, Reaching safepoint: 95221 ns, At safepoint: 18745 ns, Total: 113966 ns
[2022-09-22T17:45:19.977+0000][18056][safepoint   ] Safepoint "Cleanup", Time since last: 2007731265 ns, Reaching safepoint: 52140 ns, At safepoint: 9743 ns, Total: 61883 ns
[2022-09-22T17:45:20.982+0000][18056][safepoint   ] Safepoint "Cleanup", Time since last: 1004624010 ns, Reaching safepoint: 58674 ns, At safepoint: 3622 ns, Total: 62296 ns
[2022-09-22T17:45:22.991+0000][18056][safepoint   ] Safepoint "Cleanup", Time since last: 2008640623 ns, Reaching safepoint: 61152 ns, At safepoint: 11484 ns, Total: 72636 ns
[2022-09-22T17:45:23.994+0000][18056][safepoint   ] Safepoint "Cleanup", Time since last: 1003157167 ns, Reaching safepoint: 50934 ns, At safepoint: 3166 ns, Total: 54100 ns
[2022-09-22T17:45:26.000+0000][18056][safepoint   ] Safepoint "Cleanup", Time since last: 2006261290 ns, Reaching safepoint: 93537 ns, At safepoint: 11760 ns, Total: 105297 ns
[2022-09-22T17:45:28.006+0000][18056][safepoint   ] Safepoint "Cleanup", Time since last: 2006084847 ns, Reaching safepoint: 65531 ns, At safepoint: 12348 ns, Total: 77879 ns
[2022-09-22T17:45:29.011+0000][18056][safepoint   ] Safepoint "Cleanup", Time since last: 1004605894 ns, Reaching safepoint: 64417 ns, At safepoint: 9772 ns, Total: 74189 ns
[2022-09-22T17:45:31.019+0000][18056][safepoint   ] Safepoint "Cleanup", Time since last: 2008175936 ns, Reaching safepoint: 67030 ns, At safepoint: 11037 ns, Total: 78067 ns
[2022-09-22T17:45:32.023+0000][18056][safepoint   ] Safepoint "Cleanup", Time since last: 1003714471 ns, Reaching safepoint: 137835 ns, At safepoint: 14829 ns, Total: 152664 ns
[2022-09-22T17:45:33.027+0000][18056][safepoint   ] Safepoint "Cleanup", Time since last: 1004117003 ns, Reaching safepoint: 73094 ns, At safepoint: 4346 ns, Total: 77440 ns
[2022-09-22T17:45:35.035+0000][18056][safepoint   ] Safepoint "Cleanup", Time since last: 2007524146 ns, Reaching safepoint: 97037 ns, At safepoint: 14921 ns, Total: 111958 ns
[2022-09-22T17:45:36.039+0000][18056][safepoint   ] Safepoint "Cleanup", Time since last: 1003961963 ns, Reaching safepoint: 91273 ns, At safepoint: 15270 ns, Total: 106543 ns
[2022-09-22T17:45:38.046+0000][18056][safepoint   ] Safepoint "Cleanup", Time since last: 2007477344 ns, Reaching safepoint: 47774 ns, At safepoint: 9552 ns, Total: 57326 ns
[2022-09-22T17:45:39.052+0000][18056][safepoint   ] Safepoint "Cleanup", Time since last: 1005364368 ns, Reaching safepoint: 48669 ns, At safepoint: 3748 ns, Total: 52417 ns
[2022-09-22T17:45:41.057+0000][18056][safepoint   ] Safepoint "Cleanup", Time since last: 2005289360 ns, Reaching safepoint: 90224 ns, At safepoint: 6251 ns, Total: 96475 ns
[2022-09-22T17:45:43.066+0000][18056][safepoint   ] Safepoint "Cleanup", Time since last: 2008233500 ns, Reaching safepoint: 148452 ns, At safepoint: 14821 ns, Total: 163273 ns
[2022-09-22T17:45:44.071+0000][18056][safepoint   ] Safepoint "Cleanup", Time since last: 1004873656 ns, Reaching safepoint: 78773 ns, At safepoint: 14539 ns, Total: 93312 ns
[2022-09-22T17:45:46.077+0000][18056][safepoint   ] Safepoint "Cleanup", Time since last: 2005959313 ns, Reaching safepoint: 68550 ns, At safepoint: 5103 ns, Total: 73653 ns
[2022-09-22T17:45:47.080+0000][18056][safepoint   ] Safepoint "Cleanup", Time since last: 1003849565 ns, Reaching safepoint: 92570 ns, At safepoint: 5368 ns, Total: 97938 ns
[2022-09-22T17:45:48.085+0000][18056][safepoint   ] Safepoint "Cleanup", Time since last: 1004850800 ns, Reaching safepoint: 62622 ns, At safepoint: 3939 ns, Total: 66561 ns
[2022-09-22T17:45:50.095+0000][18056][safepoint   ] Safepoint "Cleanup", Time since last: 2009329839 ns, Reaching safepoint: 79898 ns, At safepoint: 10308 ns, Total: 90206 ns
[2022-09-22T17:45:51.110+0000][18056][safepoint   ] Safepoint "Cleanup", Time since last: 1014814439 ns, Reaching safepoint: 80262 ns, At safepoint: 24906 ns, Total: 105168 ns
[2022-09-22T17:45:53.117+0000][18056][safepoint   ] Safepoint "Cleanup", Time since last: 2006946873 ns, Reaching safepoint: 83163 ns, At safepoint: 10475 ns, Total: 93638 ns
[2022-09-22T17:45:54.120+0000][18056][safepoint   ] Safepoint "Cleanup", Time since last: 1003169491 ns, Reaching safepoint: 73273 ns, At safepoint: 13065 ns, Total: 86338 ns
[2022-09-22T17:45:56.126+0000][18056][safepoint   ] Safepoint "Cleanup", Time since last: 2005631129 ns, Reaching safepoint: 76371 ns, At safepoint: 11819 ns, Total: 88190 ns
[2022-09-22T17:45:58.134+0000][18056][safepoint   ] Safepoint "Cleanup", Time since last: 2008613965 ns, Reaching safepoint: 101934 ns, At safepoint: 11113 ns, Total: 113047 ns
[2022-09-22T17:45:59.139+0000][18056][safepoint   ] Safepoint "Cleanup", Time since last: 1005001432 ns, Reaching safepoint: 62612 ns, At safepoint: 7805 ns, Total: 70417 ns
[2022-09-22T17:46:01.146+0000][18056][safepoint   ] Safepoint "Cleanup", Time since last: 2006519906 ns, Reaching safepoint: 179251 ns, At safepoint: 16569 ns, Total: 195820 ns
[2022-09-22T17:46:02.151+0000][18056][safepoint   ] Safepoint "Cleanup", Time since last: 1004916964 ns, Reaching safepoint: 92245 ns, At safepoint: 11858 ns, Total: 104103 ns
[2022-09-22T17:46:03.156+0000][18056][safepoint   ] Safepoint "Cleanup", Time since last: 1004493019 ns, Reaching safepoint: 143049 ns, At safepoint: 15164 ns, Total: 158213 ns
[2022-09-22T17:46:05.165+0000][18056][safepoint   ] Safepoint "Cleanup", Time since last: 2009667012 ns, Reaching safepoint: 83510 ns, At safepoint: 11937 ns, Total: 95447 ns
[2022-09-22T17:46:06.170+0000][18056][safepoint   ] Safepoint "Cleanup", Time since last: 1004249681 ns, Reaching safepoint: 74113 ns, At safepoint: 10237 ns, Total: 84350 ns
[2022-09-22T17:46:08.175+0000][18056][safepoint   ] Safepoint "Cleanup", Time since last: 2005871504 ns, Reaching safepoint: 62522 ns, At safepoint: 10017 ns, Total: 72539 ns
[2022-09-22T17:46:11.185+0000][18056][safepoint   ] Safepoint "Cleanup", Time since last: 3009184905 ns, Reaching safepoint: 74110 ns, At safepoint: 12086 ns, Total: 86196 ns
[2022-09-22T17:46:14.197+0000][18056][safepoint   ] Safepoint "Cleanup", Time since last: 3012093148 ns, Reaching safepoint: 49049 ns, At safepoint: 9280 ns, Total: 58329 ns
[2022-09-22T17:46:16.205+0000][18056][safepoint   ] Safepoint "Cleanup", Time since last: 2007947842 ns, Reaching safepoint: 65304 ns, At safepoint: 10365 ns, Total: 75669 ns
[2022-09-22T17:46:18.213+0000][18056][safepoint   ] Safepoint "Cleanup", Time since last: 2008292702 ns, Reaching safepoint: 70360 ns, At safepoint: 9022 ns, Total: 79382 ns
[2022-09-22T17:46:20.221+0000][18056][safepoint   ] Safepoint "Cleanup", Time since last: 2008076052 ns, Reaching safepoint: 72600 ns, At safepoint: 8237 ns, Total: 80837 ns
[2022-09-22T17:46:21.226+0000][18056][safepoint   ] Safepoint "Cleanup", Time since last: 1004557711 ns, Reaching safepoint: 90497 ns, At safepoint: 13314 ns, Total: 103811 ns
[2022-09-22T17:46:23.233+0000][18056][safepoint   ] Safepoint "Cleanup", Time since last: 2007123059 ns, Reaching safepoint: 57076 ns, At safepoint: 4846 ns, Total: 61922 ns
[2022-09-22T17:46:24.238+0000][18056][safepoint   ] Safepoint "Cleanup", Time since last: 1004787294 ns, Reaching safepoint: 71714 ns, At safepoint: 14218 ns, Total: 85932 ns
[2022-09-22T17:46:25.712+0000][18056][safepoint   ] Safepoint "Cleanup", Time since last: 1474089065 ns, Reaching safepoint: 46823 ns, At safepoint: 17083 ns, Total: 63906 ns
[2022-09-22T17:46:26.716+0000][18056][safepoint   ] Safepoint "Cleanup", Time since last: 1004062108 ns, Reaching safepoint: 89351 ns, At safepoint: 10390 ns, Total: 99741 ns
[2022-09-22T17:46:28.723+0000][18056][safepoint   ] Safepoint "Cleanup", Time since last: 2006857723 ns, Reaching safepoint: 61135 ns, At safepoint: 4982 ns, Total: 66117 ns
[2022-09-22T17:46:30.727+0000][18056][safepoint   ] Safepoint "Cleanup", Time since last: 2004050215 ns, Reaching safepoint: 105952 ns, At safepoint: 46132 ns, Total: 152084 ns
[2022-09-22T17:46:31.732+0000][18056][safepoint   ] Safepoint "Cleanup", Time since last: 1005005514 ns, Reaching safepoint: 53258 ns, At safepoint: 4368 ns, Total: 57626 ns
[2022-09-22T17:46:33.741+0000][18056][safepoint   ] Safepoint "Cleanup", Time since last: 2008389115 ns, Reaching safepoint: 82232 ns, At safepoint: 3738 ns, Total: 85970 ns
[2022-09-22T17:46:34.744+0000][18056][safepoint   ] Safepoint "Cleanup", Time since last: 1003628183 ns, Reaching safepoint: 53152 ns, At safepoint: 9717 ns, Total: 62869 ns
[2022-09-22T17:46:35.745+0000][18056][safepoint   ] Safepoint "Cleanup", Time since last: 1000701384 ns, Reaching safepoint: 76082 ns, At safepoint: 11804 ns, Total: 87886 ns
[2022-09-22T17:46:36.748+0000][18056][safepoint   ] Safepoint "Cleanup", Time since last: 1002732998 ns, Reaching safepoint: 75866 ns, At safepoint: 36955 ns, Total: 112821 ns
[2022-09-22T17:46:37.751+0000][18056][safepoint   ] Safepoint "Cleanup", Time since last: 1003427795 ns, Reaching safepoint: 56582 ns, At safepoint: 3870 ns, Total: 60452 ns
[2022-09-22T17:46:38.754+0000][18056][safepoint   ] Safepoint "Cleanup", Time since last: 1002679772 ns, Reaching safepoint: 156608 ns, At safepoint: 17053 ns, Total: 173661 ns
[2022-09-22T17:46:40.761+0000][18056][safepoint   ] Safepoint "Cleanup", Time since last: 2006765994 ns, Reaching safepoint: 89820 ns, At safepoint: 4083 ns, Total: 93903 ns
[2022-09-22T17:46:43.773+0000][18056][safepoint   ] Safepoint "Cleanup", Time since last: 3012266081 ns, Reaching safepoint: 60825 ns, At safepoint: 10351 ns, Total: 71176 ns
[2022-09-22T17:46:45.782+0000][18056][safepoint   ] Safepoint "Cleanup", Time since last: 2008379064 ns, Reaching safepoint: 54732 ns, At safepoint: 3914 ns, Total: 58646 ns
[2022-09-22T17:46:48.791+0000][18056][safepoint   ] Safepoint "Cleanup", Time since last: 3009380918 ns, Reaching safepoint: 56707 ns, At safepoint: 9789 ns, Total: 66496 ns
[2022-09-22T17:46:49.795+0000][18056][safepoint   ] Safepoint "Cleanup", Time since last: 1004071116 ns, Reaching safepoint: 70948 ns, At safepoint: 4527 ns, Total: 75475 ns
[2022-09-22T17:46:50.798+0000][18056][safepoint   ] Safepoint "Cleanup", Time since last: 1003120625 ns, Reaching safepoint: 62705 ns, At safepoint: 8335 ns, Total: 71040 ns
[2022-09-22T17:46:52.805+0000][18056][safepoint   ] Safepoint "Cleanup", Time since last: 2006101623 ns, Reaching safepoint: 303916 ns, At safepoint: 12110 ns, Total: 316026 ns
[2022-09-22T17:46:53.808+0000][18056][safepoint   ] Safepoint "Cleanup", Time since last: 1003429283 ns, Reaching safepoint: 111252 ns, At safepoint: 11488 ns, Total: 122740 ns
[2022-09-22T17:46:55.815+0000][18056][safepoint   ] Safepoint "Cleanup", Time since last: 2006682762 ns, Reaching safepoint: 74142 ns, At safepoint: 12282 ns, Total: 86424 ns
[2022-09-22T17:46:58.826+0000][18056][safepoint   ] Safepoint "Cleanup", Time since last: 3011213719 ns, Reaching safepoint: 54119 ns, At safepoint: 10419 ns, Total: 64538 ns
[2022-09-22T17:47:00.833+0000][18056][safepoint   ] Safepoint "Cleanup", Time since last: 2006607240 ns, Reaching safepoint: 70192 ns, At safepoint: 4951 ns, Total: 75143 ns
[2022-09-22T17:47:01.837+0000][18056][safepoint   ] Safepoint "Cleanup", Time since last: 1004193642 ns, Reaching safepoint: 68467 ns, At safepoint: 11247 ns, Total: 79714 ns
[2022-09-22T17:47:03.843+0000][18056][safepoint   ] Safepoint "Cleanup", Time since last: 2005923250 ns, Reaching safepoint: 44968 ns, At safepoint: 10191 ns, Total: 55159 ns
[2022-09-22T17:47:04.845+0000][18056][safepoint   ] Safepoint "Cleanup", Time since last: 1002017326 ns, Reaching safepoint: 105465 ns, At safepoint: 12665 ns, Total: 118130 ns
[2022-09-22T17:47:05.850+0000][18056][safepoint   ] Safepoint "Cleanup", Time since last: 1004620706 ns, Reaching safepoint: 98095 ns, At safepoint: 14213 ns, Total: 112308 ns
[2022-09-22T17:47:07.854+0000][18056][safepoint   ] Safepoint "Cleanup", Time since last: 2004509993 ns, Reaching safepoint: 73851 ns, At safepoint: 4149 ns, Total: 78000 ns
[2022-09-22T17:47:10.863+0000][18056][safepoint   ] Safepoint "Cleanup", Time since last: 3008409128 ns, Reaching safepoint: 54379 ns, At safepoint: 5127 ns, Total: 59506 ns
[2022-09-22T17:47:13.870+0000][18056][safepoint   ] Safepoint "Cleanup", Time since last: 3007481519 ns, Reaching safepoint: 55125 ns, At safepoint: 9428 ns, Total: 64553 ns
[2022-09-22T17:47:15.875+0000][18056][safepoint   ] Safepoint "Cleanup", Time since last: 2004550063 ns, Reaching safepoint: 76862 ns, At safepoint: 11377 ns, Total: 88239 ns
[2022-09-22T17:47:16.878+0000][18056][safepoint   ] Safepoint "Cleanup", Time since last: 1002790540 ns, Reaching safepoint: 54711 ns, At safepoint: 8790 ns, Total: 63501 ns
[2022-09-22T17:47:17.882+0000][18056][safepoint   ] Safepoint "Cleanup", Time since last: 1003834223 ns, Reaching safepoint: 87520 ns, At safepoint: 11990 ns, Total: 99510 ns
[2022-09-22T17:47:19.891+0000][18056][safepoint   ] Safepoint "Cleanup", Time since last: 2009606175 ns, Reaching safepoint: 52370 ns, At safepoint: 4213 ns, Total: 56583 ns
[2022-09-22T17:47:20.895+0000][18056][safepoint   ] Safepoint "Cleanup", Time since last: 1003894299 ns, Reaching safepoint: 52579 ns, At safepoint: 3675 ns, Total: 56254 ns
[2022-09-22T17:47:22.904+0000][18056][safepoint   ] Safepoint "Cleanup", Time since last: 2008889386 ns, Reaching safepoint: 62795 ns, At safepoint: 10348 ns, Total: 73143 ns
[2022-09-22T17:47:23.909+0000][18056][safepoint   ] Safepoint "Cleanup", Time since last: 1005067940 ns, Reaching safepoint: 83077 ns, At safepoint: 3855 ns, Total: 86932 ns
[2022-09-22T17:47:25.915+0000][18056][safepoint   ] Safepoint "Cleanup", Time since last: 2005546593 ns, Reaching safepoint: 71632 ns, At safepoint: 4449 ns, Total: 76081 ns
[2022-09-22T17:47:27.923+0000][18056][safepoint   ] Safepoint "Cleanup", Time since last: 2007832012 ns, Reaching safepoint: 72060 ns, At safepoint: 4169 ns, Total: 76229 ns
[2022-09-22T17:47:28.927+0000][18056][safepoint   ] Safepoint "Cleanup", Time since last: 1004097396 ns, Reaching safepoint: 113278 ns, At safepoint: 9569 ns, Total: 122847 ns
[2022-09-22T17:47:30.936+0000][18056][safepoint   ] Safepoint "Cleanup", Time since last: 2009526056 ns, Reaching safepoint: 86529 ns, At safepoint: 13453 ns, Total: 99982 ns
[2022-09-22T17:47:31.940+0000][18056][safepoint   ] Safepoint "Cleanup", Time since last: 1003035232 ns, Reaching safepoint: 65650 ns, At safepoint: 7993 ns, Total: 73643 ns
[2022-09-22T17:47:32.947+0000][18056][safepoint   ] Safepoint "Cleanup", Time since last: 1007070879 ns, Reaching safepoint: 68981 ns, At safepoint: 13853 ns, Total: 82834 ns
[2022-09-22T17:47:34.955+0000][18056][safepoint   ] Safepoint "Cleanup", Time since last: 2007804443 ns, Reaching safepoint: 50946 ns, At safepoint: 10808 ns, Total: 61754 ns
[2022-09-22T17:47:35.957+0000][18056][safepoint   ] Safepoint "Cleanup", Time since last: 1002769967 ns, Reaching safepoint: 80352 ns, At safepoint: 4714 ns, Total: 85066 ns
[2022-09-22T17:47:37.965+0000][18056][safepoint   ] Safepoint "Cleanup", Time since last: 2007400263 ns, Reaching safepoint: 71843 ns, At safepoint: 8782 ns, Total: 80625 ns
[2022-09-22T17:47:40.976+0000][18056][safepoint   ] Safepoint "Cleanup", Time since last: 3010935379 ns, Reaching safepoint: 74776 ns, At safepoint: 5821 ns, Total: 80597 ns
[2022-09-22T17:47:42.984+0000][18056][safepoint   ] Safepoint "Cleanup", Time since last: 2007969416 ns, Reaching safepoint: 92017 ns, At safepoint: 30712 ns, Total: 122729 ns
[2022-09-22T17:47:43.379+0000][18056][gc,start    ] GC(19) Pause Young (Normal) (G1 Evacuation Pause)
[2022-09-22T17:47:43.379+0000][18056][gc,task     ] GC(19) Using 10 workers of 10 for evacuation
[2022-09-22T17:47:43.382+0000][18056][gc,age      ] GC(19) Desired survivor size 102760448 bytes, new threshold 15 (max threshold 15)
[2022-09-22T17:47:43.445+0000][18056][gc,age      ] GC(19) Age table with threshold 15 (max threshold 15)
[2022-09-22T17:47:43.445+0000][18056][gc,age      ] GC(19) - age   1:    2553640 bytes,    2553640 total
[2022-09-22T17:47:43.445+0000][18056][gc,age      ] GC(19) - age   2:    2971152 bytes,    5524792 total
[2022-09-22T17:47:43.445+0000][18056][gc,age      ] GC(19) - age   3:     136664 bytes,    5661456 total
[2022-09-22T17:47:43.445+0000][18056][gc,age      ] GC(19) - age   4:    3624632 bytes,    9286088 total
[2022-09-22T17:47:43.445+0000][18056][gc,age      ] GC(19) - age   5:    1193232 bytes,   10479320 total
[2022-09-22T17:47:43.445+0000][18056][gc,age      ] GC(19) - age   6:   18998184 bytes,   29477504 total
[2022-09-22T17:47:43.445+0000][18056][gc,phases   ] GC(19)   Pre Evacuate Collection Set: 6.9ms
[2022-09-22T17:47:43.445+0000][18056][gc,phases   ] GC(19)   Merge Heap Roots: 0.4ms
[2022-09-22T17:47:43.445+0000][18056][gc,phases   ] GC(19)   Evacuate Collection Set: 54.8ms
[2022-09-22T17:47:43.445+0000][18056][gc,phases   ] GC(19)   Post Evacuate Collection Set: 4.3ms
[2022-09-22T17:47:43.445+0000][18056][gc,phases   ] GC(19)   Other: 0.6ms
[2022-09-22T17:47:43.445+0000][18056][gc,heap     ] GC(19) Eden regions: 381->0(571)
[2022-09-22T17:47:43.445+0000][18056][gc,heap     ] GC(19) Survivor regions: 8->8(49)
[2022-09-22T17:47:43.445+0000][18056][gc,heap     ] GC(19) Old regions: 23->23
[2022-09-22T17:47:43.445+0000][18056][gc,heap     ] GC(19) Archive regions: 2->2
[2022-09-22T17:47:43.445+0000][18056][gc,heap     ] GC(19) Humongous regions: 2->2
[2022-09-22T17:47:43.445+0000][18056][gc,metaspace] GC(19) Metaspace: 118363K(120000K)->118363K(120000K) NonClass: 102910K(103872K)->102910K(103872K) Class: 15452K(16128K)->15452K(16128K)
[2022-09-22T17:47:43.446+0000][18056][gc          ] GC(19) Pause Young (Normal) (G1 Evacuation Pause) 1655M->131M(8192M) 66.994ms
[2022-09-22T17:47:43.446+0000][18056][gc,cpu      ] GC(19) User=0.09s Sys=0.31s Real=0.07s
[2022-09-22T17:47:43.446+0000][18056][safepoint   ] Safepoint "G1CollectForAllocation", Time since last: 394519989 ns, Reaching safepoint: 71856 ns, At safepoint: 67263079 ns, Total: 67334935 ns
[2022-09-22T17:47:45.453+0000][18056][safepoint   ] Safepoint "Cleanup", Time since last: 2007571517 ns, Reaching safepoint: 52396 ns, At safepoint: 9626 ns, Total: 62022 ns
[2022-09-22T17:47:48.461+0000][18056][safepoint   ] Safepoint "Cleanup", Time since last: 3007456233 ns, Reaching safepoint: 88242 ns, At safepoint: 13358 ns, Total: 101600 ns
[2022-09-22T17:47:49.465+0000][18056][safepoint   ] Safepoint "Cleanup", Time since last: 1004454162 ns, Reaching safepoint: 79941 ns, At safepoint: 12310 ns, Total: 92251 ns
[2022-09-22T17:47:50.470+0000][18056][safepoint   ] Safepoint "Cleanup", Time since last: 1004276562 ns, Reaching safepoint: 92486 ns, At safepoint: 35971 ns, Total: 128457 ns
[2022-09-22T17:47:52.479+0000][18056][safepoint   ] Safepoint "Cleanup", Time since last: 2009548134 ns, Reaching safepoint: 75428 ns, At safepoint: 3921 ns, Total: 79349 ns
[2022-09-22T17:47:53.487+0000][18056][safepoint   ] Safepoint "Cleanup", Time since last: 1007230452 ns, Reaching safepoint: 100204 ns, At safepoint: 12248 ns, Total: 112452 ns
[2022-09-22T17:47:55.494+0000][18056][safepoint   ] Safepoint "Cleanup", Time since last: 2007220380 ns, Reaching safepoint: 53494 ns, At safepoint: 7362 ns, Total: 60856 ns
[2022-09-22T17:47:58.519+0000][18056][safepoint   ] Safepoint "Cleanup", Time since last: 3025556077 ns, Reaching safepoint: 46800 ns, At safepoint: 7142 ns, Total: 53942 ns
[2022-09-22T17:48:00.522+0000][18056][safepoint   ] Safepoint "Cleanup", Time since last: 2002406901 ns, Reaching safepoint: 71207 ns, At safepoint: 24616 ns, Total: 95823 ns
[2022-09-22T17:48:01.522+0000][18056][safepoint   ] Safepoint "Cleanup", Time since last: 1000360139 ns, Reaching safepoint: 63187 ns, At safepoint: 17470 ns, Total: 80657 ns
[2022-09-22T17:48:03.540+0000][18056][safepoint   ] Safepoint "Cleanup", Time since last: 2017470010 ns, Reaching safepoint: 79415 ns, At safepoint: 12293 ns, Total: 91708 ns
[2022-09-22T17:48:04.543+0000][18056][safepoint   ] Safepoint "Cleanup", Time since last: 1003373764 ns, Reaching safepoint: 109855 ns, At safepoint: 11052 ns, Total: 120907 ns
[2022-09-22T17:48:05.551+0000][18056][safepoint   ] Safepoint "Cleanup", Time since last: 1006522586 ns, Reaching safepoint: 1557613 ns, At safepoint: 38558 ns, Total: 1596171 ns
[2022-09-22T17:48:25.611+0000][18056][safepoint   ] Safepoint "Cleanup", Time since last: 20059484710 ns, Reaching safepoint: 144137 ns, At safepoint: 19933 ns, Total: 164070 ns
[2022-09-22T17:48:26.615+0000][18056][safepoint   ] Safepoint "Cleanup", Time since last: 1004086431 ns, Reaching safepoint: 132863 ns, At safepoint: 20085 ns, Total: 152948 ns
[2022-09-22T17:48:31.637+0000][18056][safepoint   ] Safepoint "Cleanup", Time since last: 5021967294 ns, Reaching safepoint: 88290 ns, At safepoint: 15808 ns, Total: 104098 ns
[2022-09-22T17:48:32.639+0000][18056][safepoint   ] Safepoint "Cleanup", Time since last: 1002709686 ns, Reaching safepoint: 89076 ns, At safepoint: 4205 ns, Total: 93281 ns
[2022-09-22T17:48:37.656+0000][18056][safepoint   ] Safepoint "Cleanup", Time since last: 5016582832 ns, Reaching safepoint: 114132 ns, At safepoint: 17956 ns, Total: 132088 ns
[2022-09-22T17:48:38.661+0000][18056][safepoint   ] Safepoint "Cleanup", Time since last: 1005094620 ns, Reaching safepoint: 71983 ns, At safepoint: 12475 ns, Total: 84458 ns
[2022-09-22T17:48:49.686+0000][18056][safepoint   ] Safepoint "Cleanup", Time since last: 11024937049 ns, Reaching safepoint: 78025 ns, At safepoint: 14996 ns, Total: 93021 ns
[2022-09-22T17:48:52.703+0000][18056][safepoint   ] Safepoint "Cleanup", Time since last: 3017117872 ns, Reaching safepoint: 93937 ns, At safepoint: 10960 ns, Total: 104897 ns
[2022-09-22T17:48:53.706+0000][18056][safepoint   ] Safepoint "Cleanup", Time since last: 1002428192 ns, Reaching safepoint: 114140 ns, At safepoint: 31865 ns, Total: 146005 ns
[2022-09-22T17:48:57.712+0000][18056][safepoint   ] Safepoint "Cleanup", Time since last: 4006648067 ns, Reaching safepoint: 60349 ns, At safepoint: 9962 ns, Total: 70311 ns
[2022-09-22T17:49:04.735+0000][18056][safepoint   ] Safepoint "Cleanup", Time since last: 7022164422 ns, Reaching safepoint: 124735 ns, At safepoint: 14291 ns, Total: 139026 ns
[2022-09-22T17:49:06.744+0000][18056][safepoint   ] Safepoint "Cleanup", Time since last: 2009409500 ns, Reaching safepoint: 159859 ns, At safepoint: 23912 ns, Total: 183771 ns
[2022-09-22T17:49:07.748+0000][18056][safepoint   ] Safepoint "Cleanup", Time since last: 1003503991 ns, Reaching safepoint: 49057 ns, At safepoint: 4490 ns, Total: 53547 ns
[2022-09-22T17:49:08.751+0000][18056][safepoint   ] Safepoint "Cleanup", Time since last: 1003033831 ns, Reaching safepoint: 97179 ns, At safepoint: 12540 ns, Total: 109719 ns
[2022-09-22T17:49:13.768+0000][18056][safepoint   ] Safepoint "Cleanup", Time since last: 5017083044 ns, Reaching safepoint: 117059 ns, At safepoint: 7381 ns, Total: 124440 ns
[2022-09-22T17:49:25.800+0000][18056][safepoint   ] Safepoint "Cleanup", Time since last: 12032405302 ns, Reaching safepoint: 105784 ns, At safepoint: 13862 ns, Total: 119646 ns
[2022-09-22T17:49:28.810+0000][18056][safepoint   ] Safepoint "Cleanup", Time since last: 3009732674 ns, Reaching safepoint: 55545 ns, At safepoint: 6865 ns, Total: 62410 ns
[2022-09-22T17:49:36.837+0000][18056][safepoint   ] Safepoint "Cleanup", Time since last: 8026721327 ns, Reaching safepoint: 95925 ns, At safepoint: 17638 ns, Total: 113563 ns
[2022-09-22T17:49:37.842+0000][18056][safepoint   ] Safepoint "Cleanup", Time since last: 1004950605 ns, Reaching safepoint: 54120 ns, At safepoint: 9984 ns, Total: 64104 ns
[2022-09-22T17:49:40.849+0000][18056][safepoint   ] Safepoint "Cleanup", Time since last: 3007226762 ns, Reaching safepoint: 121787 ns, At safepoint: 14197 ns, Total: 135984 ns
[2022-09-22T17:49:43.855+0000][18056][safepoint   ] Safepoint "Cleanup", Time since last: 3005889895 ns, Reaching safepoint: 128054 ns, At safepoint: 19902 ns, Total: 147956 ns
[2022-09-22T17:49:45.864+0000][18056][safepoint   ] Safepoint "Cleanup", Time since last: 2009464103 ns, Reaching safepoint: 140066 ns, At safepoint: 16247 ns, Total: 156313 ns
[2022-09-22T17:49:49.875+0000][18056][safepoint   ] Safepoint "Cleanup", Time since last: 4010472118 ns, Reaching safepoint: 63845 ns, At safepoint: 7533 ns, Total: 71378 ns
[2022-09-22T17:49:52.887+0000][18056][safepoint   ] Safepoint "Cleanup", Time since last: 3012620836 ns, Reaching safepoint: 49249 ns, At safepoint: 3149 ns, Total: 52398 ns
[2022-09-22T17:49:55.891+0000][18056][safepoint   ] Safepoint "Cleanup", Time since last: 3003905010 ns, Reaching safepoint: 178370 ns, At safepoint: 20320 ns, Total: 198690 ns
[2022-09-22T17:49:58.899+0000][18056][safepoint   ] Safepoint "Cleanup", Time since last: 3007565677 ns, Reaching safepoint: 96264 ns, At safepoint: 49381 ns, Total: 145645 ns
[2022-09-22T17:50:01.911+0000][18056][safepoint   ] Safepoint "Cleanup", Time since last: 3011667454 ns, Reaching safepoint: 49615 ns, At safepoint: 2551 ns, Total: 52166 ns
[2022-09-22T17:50:02.915+0000][18056][safepoint   ] Safepoint "Cleanup", Time since last: 1004100959 ns, Reaching safepoint: 108286 ns, At safepoint: 11301 ns, Total: 119587 ns
[2022-09-22T17:50:04.924+0000][18056][safepoint   ] Safepoint "Cleanup", Time since last: 2008666710 ns, Reaching safepoint: 84727 ns, At safepoint: 12020 ns, Total: 96747 ns
[2022-09-22T17:50:05.928+0000][18056][safepoint   ] Safepoint "Cleanup", Time since last: 1004222589 ns, Reaching safepoint: 71382 ns, At safepoint: 9382 ns, Total: 80764 ns
[2022-09-22T17:50:07.933+0000][18056][safepoint   ] Safepoint "Cleanup", Time since last: 2005135491 ns, Reaching safepoint: 92935 ns, At safepoint: 11557 ns, Total: 104492 ns
[2022-09-22T17:50:15.957+0000][18056][safepoint   ] Safepoint "Cleanup", Time since last: 8023745890 ns, Reaching safepoint: 68172 ns, At safepoint: 4509 ns, Total: 72681 ns
[2022-09-22T17:50:19.966+0000][18056][safepoint   ] Safepoint "Cleanup", Time since last: 4009618524 ns, Reaching safepoint: 78855 ns, At safepoint: 10062 ns, Total: 88917 ns
[2022-09-22T17:50:25.983+0000][18056][safepoint   ] Safepoint "Cleanup", Time since last: 6016491928 ns, Reaching safepoint: 123684 ns, At safepoint: 17983 ns, Total: 141667 ns
[2022-09-22T17:50:28.990+0000][18056][safepoint   ] Safepoint "Cleanup", Time since last: 3006925940 ns, Reaching safepoint: 147267 ns, At safepoint: 22209 ns, Total: 169476 ns
[2022-09-22T17:50:36.018+0000][18056][safepoint   ] Safepoint "Cleanup", Time since last: 7028386445 ns, Reaching safepoint: 60806 ns, At safepoint: 5552 ns, Total: 66358 ns
[2022-09-22T17:50:38.022+0000][18056][safepoint   ] Safepoint "Cleanup", Time since last: 2003519632 ns, Reaching safepoint: 99477 ns, At safepoint: 8898 ns, Total: 108375 ns
[2022-09-22T17:50:50.053+0000][18056][safepoint   ] Safepoint "Cleanup", Time since last: 12031683437 ns, Reaching safepoint: 100177 ns, At safepoint: 4973 ns, Total: 105150 ns
[2022-09-22T17:50:53.064+0000][18056][safepoint   ] Safepoint "Cleanup", Time since last: 3010095881 ns, Reaching safepoint: 88439 ns, At safepoint: 4643 ns, Total: 93082 ns
[2022-09-22T17:50:54.067+0000][18056][safepoint   ] Safepoint "Cleanup", Time since last: 1003299036 ns, Reaching safepoint: 81889 ns, At safepoint: 45545 ns, Total: 127434 ns
[2022-09-22T17:50:56.073+0000][18056][safepoint   ] Safepoint "Cleanup", Time since last: 2006061208 ns, Reaching safepoint: 61604 ns, At safepoint: 3978 ns, Total: 65582 ns
[2022-09-22T17:51:02.093+0000][18056][safepoint   ] Safepoint "Cleanup", Time since last: 6020332156 ns, Reaching safepoint: 93876 ns, At safepoint: 11829 ns, Total: 105705 ns
[2022-09-22T17:51:06.107+0000][18056][safepoint   ] Safepoint "Cleanup", Time since last: 4014034372 ns, Reaching safepoint: 75768 ns, At safepoint: 10536 ns, Total: 86304 ns
[2022-09-22T17:51:08.115+0000][18056][safepoint   ] Safepoint "Cleanup", Time since last: 2007970540 ns, Reaching safepoint: 81104 ns, At safepoint: 12007 ns, Total: 93111 ns
[2022-09-22T17:51:14.134+0000][18056][safepoint   ] Safepoint "Cleanup", Time since last: 6018232906 ns, Reaching safepoint: 68299 ns, At safepoint: 7607 ns, Total: 75906 ns
[2022-09-22T17:51:26.165+0000][18056][safepoint   ] Safepoint "Cleanup", Time since last: 12031551846 ns, Reaching safepoint: 48554 ns, At safepoint: 9749 ns, Total: 58303 ns
[2022-09-22T17:51:31.184+0000][18056][safepoint   ] Safepoint "Cleanup", Time since last: 5018225612 ns, Reaching safepoint: 775553 ns, At safepoint: 20695 ns, Total: 796248 ns
[2022-09-22T17:51:37.203+0000][18056][safepoint   ] Safepoint "Cleanup", Time since last: 6019577900 ns, Reaching safepoint: 73939 ns, At safepoint: 7665 ns, Total: 81604 ns
[2022-09-22T17:51:40.226+0000][18056][safepoint   ] Safepoint "Cleanup", Time since last: 3022827059 ns, Reaching safepoint: 64298 ns, At safepoint: 4838 ns, Total: 69136 ns
[2022-09-22T17:51:43.247+0000][18056][safepoint   ] Safepoint "Cleanup", Time since last: 3020947809 ns, Reaching safepoint: 59343 ns, At safepoint: 16758 ns, Total: 76101 ns
[2022-09-22T17:51:46.257+0000][18056][safepoint   ] Safepoint "Cleanup", Time since last: 3010212568 ns, Reaching safepoint: 54787 ns, At safepoint: 5362 ns, Total: 60149 ns
[2022-09-22T17:51:49.265+0000][18056][safepoint   ] Safepoint "Cleanup", Time since last: 3007120529 ns, Reaching safepoint: 80711 ns, At safepoint: 6813 ns, Total: 87524 ns
[2022-09-22T17:51:52.274+0000][18056][safepoint   ] Safepoint "Cleanup", Time since last: 3009326509 ns, Reaching safepoint: 213813 ns, At safepoint: 8528 ns, Total: 222341 ns
[2022-09-22T17:51:53.289+0000][18056][safepoint   ] Safepoint "Cleanup", Time since last: 1014546346 ns, Reaching safepoint: 69355 ns, At safepoint: 9694 ns, Total: 79049 ns
[2022-09-22T17:51:56.299+0000][18056][safepoint   ] Safepoint "Cleanup", Time since last: 3010001439 ns, Reaching safepoint: 89125 ns, At safepoint: 13388 ns, Total: 102513 ns
[2022-09-22T17:52:01.320+0000][18056][safepoint   ] Safepoint "Cleanup", Time since last: 5021194002 ns, Reaching safepoint: 59939 ns, At safepoint: 9417 ns, Total: 69356 ns
[2022-09-22T17:52:04.338+0000][18056][safepoint   ] Safepoint "Cleanup", Time since last: 3018396335 ns, Reaching safepoint: 117088 ns, At safepoint: 17218 ns, Total: 134306 ns
[2022-09-22T17:52:05.356+0000][18056][safepoint   ] Safepoint "Cleanup", Time since last: 1017608712 ns, Reaching safepoint: 68517 ns, At safepoint: 11886 ns, Total: 80403 ns
[2022-09-22T17:52:13.382+0000][18056][safepoint   ] Safepoint "Cleanup", Time since last: 8025794137 ns, Reaching safepoint: 51008 ns, At safepoint: 8396 ns, Total: 59404 ns
[2022-09-22T17:52:15.390+0000][18056][safepoint   ] Safepoint "Cleanup", Time since last: 2008206114 ns, Reaching safepoint: 85634 ns, At safepoint: 3801 ns, Total: 89435 ns
[2022-09-22T17:52:22.406+0000][18056][safepoint   ] Safepoint "Cleanup", Time since last: 7015995096 ns, Reaching safepoint: 165175 ns, At safepoint: 22606 ns, Total: 187781 ns
[2022-09-22T17:52:25.416+0000][18056][safepoint   ] Safepoint "Cleanup", Time since last: 3009707877 ns, Reaching safepoint: 55410 ns, At safepoint: 9769 ns, Total: 65179 ns
[2022-09-22T17:52:31.449+0000][18056][safepoint   ] Safepoint "Cleanup", Time since last: 6032994194 ns, Reaching safepoint: 114570 ns, At safepoint: 15553 ns, Total: 130123 ns
[2022-09-22T17:52:36.464+0000][18056][safepoint   ] Safepoint "Cleanup", Time since last: 5014990589 ns, Reaching safepoint: 116942 ns, At safepoint: 11831 ns, Total: 128773 ns
[2022-09-22T17:52:37.466+0000][18056][safepoint   ] Safepoint "Cleanup", Time since last: 1002219847 ns, Reaching safepoint: 85990 ns, At safepoint: 19249 ns, Total: 105239 ns
[2022-09-22T17:52:40.476+0000][18056][safepoint   ] Safepoint "Cleanup", Time since last: 3010465003 ns, Reaching safepoint: 46408 ns, At safepoint: 3905 ns, Total: 50313 ns
[2022-09-22T17:52:41.369+0000][18056][safepoint   ] Safepoint "Cleanup", Time since last: 3007678648 ns, Reaching safepoint: 395241 ns, At safepoint: 5074 ns, Total: 400315 ns
[2022-09-22T17:52:42.383+0000][18056][safepoint   ] Safepoint "Cleanup", Time since last: 1013273945 ns, Reaching safepoint: 65746 ns, At safepoint: 11375 ns, Total: 77121 ns
[2022-09-22T17:52:45.391+0000][18056][safepoint   ] Safepoint "Cleanup", Time since last: 3008101857 ns, Reaching safepoint: 61537 ns, At safepoint: 3913 ns, Total: 65450 ns
[2022-09-22T17:52:46.400+0000][18056][safepoint   ] Safepoint "Cleanup", Time since last: 1008933541 ns, Reaching safepoint: 85864 ns, At safepoint: 10654 ns, Total: 96518 ns
[2022-09-22T17:52:50.432+0000][18056][safepoint   ] Safepoint "Cleanup", Time since last: 4032003459 ns, Reaching safepoint: 73250 ns, At safepoint: 10516 ns, Total: 83766 ns
[2022-09-22T17:52:53.455+0000][18056][safepoint   ] Safepoint "Cleanup", Time since last: 3023348613 ns, Reaching safepoint: 68761 ns, At safepoint: 8581 ns, Total: 77342 ns
[2022-09-22T17:52:56.474+0000][18056][safepoint   ] Safepoint "Cleanup", Time since last: 3018624941 ns, Reaching safepoint: 130260 ns, At safepoint: 12034 ns, Total: 142294 ns
[2022-09-22T17:52:59.498+0000][18056][safepoint   ] Safepoint "Cleanup", Time since last: 3024515205 ns, Reaching safepoint: 72828 ns, At safepoint: 9200 ns, Total: 82028 ns
[2022-09-22T17:53:05.538+0000][18056][safepoint   ] Safepoint "Cleanup", Time since last: 6039208919 ns, Reaching safepoint: 47521 ns, At safepoint: 3791 ns, Total: 51312 ns
[2022-09-22T17:53:08.562+0000][18056][safepoint   ] Safepoint "Cleanup", Time since last: 3024111635 ns, Reaching safepoint: 75716 ns, At safepoint: 9771 ns, Total: 85487 ns
[2022-09-22T17:53:11.583+0000][18056][safepoint   ] Safepoint "Cleanup", Time since last: 3021572634 ns, Reaching safepoint: 66660 ns, At safepoint: 4594 ns, Total: 71254 ns
[2022-09-22T17:53:12.591+0000][18056][safepoint   ] Safepoint "Cleanup", Time since last: 1008118325 ns, Reaching safepoint: 45306 ns, At safepoint: 2651 ns, Total: 47957 ns
[2022-09-22T17:53:13.601+0000][18056][safepoint   ] Safepoint "Cleanup", Time since last: 1009338180 ns, Reaching safepoint: 48323 ns, At safepoint: 13513 ns, Total: 61836 ns
[2022-09-22T17:53:29.719+0000][18056][safepoint   ] Safepoint "Cleanup", Time since last: 16118049498 ns, Reaching safepoint: 397385 ns, At safepoint: 12391 ns, Total: 409776 ns
[2022-09-22T17:53:44.342+0000][18056][gc,start    ] GC(20) Pause Young (Normal) (G1 Evacuation Pause)
[2022-09-22T17:53:44.342+0000][18056][gc,task     ] GC(20) Using 10 workers of 10 for evacuation
[2022-09-22T17:53:44.344+0000][18056][gc,age      ] GC(20) Desired survivor size 153092096 bytes, new threshold 15 (max threshold 15)
[2022-09-22T17:53:44.438+0000][18056][gc,age      ] GC(20) Age table with threshold 15 (max threshold 15)
[2022-09-22T17:53:44.438+0000][18056][gc,age      ] GC(20) - age   1:    5951016 bytes,    5951016 total
[2022-09-22T17:53:44.438+0000][18056][gc,age      ] GC(20) - age   2:     342768 bytes,    6293784 total
[2022-09-22T17:53:44.438+0000][18056][gc,age      ] GC(20) - age   3:    2938296 bytes,    9232080 total
[2022-09-22T17:53:44.438+0000][18056][gc,age      ] GC(20) - age   4:     135312 bytes,    9367392 total
[2022-09-22T17:53:44.438+0000][18056][gc,age      ] GC(20) - age   5:    3623728 bytes,   12991120 total
[2022-09-22T17:53:44.438+0000][18056][gc,age      ] GC(20) - age   6:    1192432 bytes,   14183552 total
[2022-09-22T17:53:44.438+0000][18056][gc,age      ] GC(20) - age   7:   18997616 bytes,   33181168 total
[2022-09-22T17:53:44.438+0000][18056][gc,phases   ] GC(20)   Pre Evacuate Collection Set: 3.0ms
[2022-09-22T17:53:44.438+0000][18056][gc,phases   ] GC(20)   Merge Heap Roots: 2.0ms
[2022-09-22T17:53:44.438+0000][18056][gc,phases   ] GC(20)   Evacuate Collection Set: 72.0ms
[2022-09-22T17:53:44.438+0000][18056][gc,phases   ] GC(20)   Post Evacuate Collection Set: 18.0ms
[2022-09-22T17:53:44.438+0000][18056][gc,phases   ] GC(20)   Other: 2.1ms
[2022-09-22T17:53:44.438+0000][18056][gc,heap     ] GC(20) Eden regions: 571->0(739)
[2022-09-22T17:53:44.438+0000][18056][gc,heap     ] GC(20) Survivor regions: 8->9(73)
[2022-09-22T17:53:44.438+0000][18056][gc,heap     ] GC(20) Old regions: 23->23
[2022-09-22T17:53:44.438+0000][18056][gc,heap     ] GC(20) Archive regions: 2->2
[2022-09-22T17:53:44.438+0000][18056][gc,heap     ] GC(20) Humongous regions: 2->2
[2022-09-22T17:53:44.438+0000][18056][gc,metaspace] GC(20) Metaspace: 118537K(120128K)->118537K(120128K) NonClass: 103082K(104000K)->103082K(104000K) Class: 15454K(16128K)->15454K(16128K)
[2022-09-22T17:53:44.439+0000][18056][gc          ] GC(20) Pause Young (Normal) (G1 Evacuation Pause) 2415M->136M(8192M) 96.458ms
[2022-09-22T17:53:44.439+0000][18056][gc,cpu      ] GC(20) User=0.10s Sys=0.37s Real=0.09s
[2022-09-22T17:53:44.439+0000][18056][safepoint   ] Safepoint "G1CollectForAllocation", Time since last: 14622643205 ns, Reaching safepoint: 47052 ns, At safepoint: 97246009 ns, Total: 97293061 ns
[2022-09-22T17:53:47.465+0000][18056][safepoint   ] Safepoint "Cleanup", Time since last: 3026631540 ns, Reaching safepoint: 63364 ns, At safepoint: 10526 ns, Total: 73890 ns
[2022-09-22T17:53:50.486+0000][18056][safepoint   ] Safepoint "Cleanup", Time since last: 3020702517 ns, Reaching safepoint: 125093 ns, At safepoint: 10815 ns, Total: 135908 ns
[2022-09-22T17:53:51.494+0000][18056][safepoint   ] Safepoint "Cleanup", Time since last: 1008053940 ns, Reaching safepoint: 113188 ns, At safepoint: 11511 ns, Total: 124699 ns
[2022-09-22T17:53:53.513+0000][18056][safepoint   ] Safepoint "Cleanup", Time since last: 2019165966 ns, Reaching safepoint: 94553 ns, At safepoint: 7321 ns, Total: 101874 ns
[2022-09-22T17:53:54.523+0000][18056][safepoint   ] Safepoint "Cleanup", Time since last: 1009247614 ns, Reaching safepoint: 96176 ns, At safepoint: 10947 ns, Total: 107123 ns
[2022-09-22T17:53:57.546+0000][18056][safepoint   ] Safepoint "Cleanup", Time since last: 3022970115 ns, Reaching safepoint: 64623 ns, At safepoint: 4443 ns, Total: 69066 ns
[2022-09-22T17:53:58.563+0000][18056][safepoint   ] Safepoint "Cleanup", Time since last: 1016845240 ns, Reaching safepoint: 48507 ns, At safepoint: 3533 ns, Total: 52040 ns
[2022-09-22T17:54:05.615+0000][18056][safepoint   ] Safepoint "Cleanup", Time since last: 7052360737 ns, Reaching safepoint: 99218 ns, At safepoint: 12537 ns, Total: 111755 ns
[2022-09-22T17:54:08.636+0000][18056][safepoint   ] Safepoint "Cleanup", Time since last: 3019093586 ns, Reaching safepoint: 2230869 ns, At safepoint: 28885 ns, Total: 2259754 ns
[2022-09-22T17:54:21.736+0000][18056][safepoint   ] Safepoint "Cleanup", Time since last: 13099860818 ns, Reaching safepoint: 70306 ns, At safepoint: 5438 ns, Total: 75744 ns
[2022-09-22T17:54:38.848+0000][18056][safepoint   ] Safepoint "Cleanup", Time since last: 17112580770 ns, Reaching safepoint: 128490 ns, At safepoint: 24201 ns, Total: 152691 ns
[2022-09-22T17:54:41.872+0000][18056][safepoint   ] Safepoint "Cleanup", Time since last: 3024134568 ns, Reaching safepoint: 80723 ns, At safepoint: 10530 ns, Total: 91253 ns
[2022-09-22T17:54:46.899+0000][18056][safepoint   ] Safepoint "Cleanup", Time since last: 5026891394 ns, Reaching safepoint: 136461 ns, At safepoint: 11609 ns, Total: 148070 ns
[2022-09-22T17:54:47.923+0000][18056][safepoint   ] Safepoint "Cleanup", Time since last: 1023275213 ns, Reaching safepoint: 96306 ns, At safepoint: 13844 ns, Total: 110150 ns
[2022-09-22T17:54:49.939+0000][18056][safepoint   ] Safepoint "Cleanup", Time since last: 2015967383 ns, Reaching safepoint: 78741 ns, At safepoint: 14445 ns, Total: 93186 ns
[2022-09-22T17:54:51.959+0000][18056][safepoint   ] Safepoint "Cleanup", Time since last: 2019801068 ns, Reaching safepoint: 121460 ns, At safepoint: 12500 ns, Total: 133960 ns
[2022-09-22T17:54:52.963+0000][18056][safepoint   ] Safepoint "Cleanup", Time since last: 1004532556 ns, Reaching safepoint: 93291 ns, At safepoint: 10948 ns, Total: 104239 ns
[2022-09-22T17:54:53.971+0000][18056][safepoint   ] Safepoint "Cleanup", Time since last: 1007704622 ns, Reaching safepoint: 72330 ns, At safepoint: 2949 ns, Total: 75279 ns
[2022-09-22T17:54:55.988+0000][18056][safepoint   ] Safepoint "Cleanup", Time since last: 2016832390 ns, Reaching safepoint: 92314 ns, At safepoint: 13901 ns, Total: 106215 ns
[2022-09-22T17:54:56.998+0000][18056][safepoint   ] Safepoint "Cleanup", Time since last: 1009945914 ns, Reaching safepoint: 183561 ns, At safepoint: 6835 ns, Total: 190396 ns
[2022-09-22T17:54:58.002+0000][18056][safepoint   ] Safepoint "Cleanup", Time since last: 1004383553 ns, Reaching safepoint: 75890 ns, At safepoint: 10062 ns, Total: 85952 ns
[2022-09-22T17:55:03.042+0000][18056][safepoint   ] Safepoint "Cleanup", Time since last: 5039673487 ns, Reaching safepoint: 76724 ns, At safepoint: 10702 ns, Total: 87426 ns
[2022-09-22T17:55:05.059+0000][18056][safepoint   ] Safepoint "Cleanup", Time since last: 2016714306 ns, Reaching safepoint: 75549 ns, At safepoint: 8500 ns, Total: 84049 ns
[2022-09-22T17:55:12.100+0000][18056][safepoint   ] Safepoint "Cleanup", Time since last: 7041581086 ns, Reaching safepoint: 48996 ns, At safepoint: 10068 ns, Total: 59064 ns
[2022-09-22T17:55:18.133+0000][18056][safepoint   ] Safepoint "Cleanup", Time since last: 6032257088 ns, Reaching safepoint: 45008 ns, At safepoint: 7509 ns, Total: 52517 ns
[2022-09-22T17:55:29.874+0000][18056][safepoint   ] Safepoint "Cleanup", Time since last: 11741407020 ns, Reaching safepoint: 87906 ns, At safepoint: 6786 ns, Total: 94692 ns
[2022-09-22T17:55:32.895+0000][18056][safepoint   ] Safepoint "Cleanup", Time since last: 3021318937 ns, Reaching safepoint: 96953 ns, At safepoint: 34769 ns, Total: 131722 ns
[2022-09-22T17:55:33.902+0000][18056][safepoint   ] Safepoint "Cleanup", Time since last: 1007229644 ns, Reaching safepoint: 50064 ns, At safepoint: 7605 ns, Total: 57669 ns
[2022-09-22T17:55:34.911+0000][18056][safepoint   ] Safepoint "Cleanup", Time since last: 1008778007 ns, Reaching safepoint: 104621 ns, At safepoint: 16073 ns, Total: 120694 ns
[2022-09-22T17:55:48.019+0000][18056][safepoint   ] Safepoint "Cleanup", Time since last: 13106272497 ns, Reaching safepoint: 1735786 ns, At safepoint: 14158 ns, Total: 1749944 ns
[2022-09-22T17:55:58.314+0000][18056][safepoint   ] Safepoint "Cleanup", Time since last: 10295316243 ns, Reaching safepoint: 81816 ns, At safepoint: 5904 ns, Total: 87720 ns
[2022-09-22T17:55:59.322+0000][18056][safepoint   ] Safepoint "Cleanup", Time since last: 1007758328 ns, Reaching safepoint: 42205 ns, At safepoint: 5525 ns, Total: 47730 ns
[2022-09-22T17:56:02.339+0000][18056][safepoint   ] Safepoint "Cleanup", Time since last: 3017462174 ns, Reaching safepoint: 57537 ns, At safepoint: 10951 ns, Total: 68488 ns
[2022-09-22T17:56:08.382+0000][18056][safepoint   ] Safepoint "Cleanup", Time since last: 6042058488 ns, Reaching safepoint: 110832 ns, At safepoint: 3073 ns, Total: 113905 ns
[2022-09-22T17:56:20.462+0000][18056][safepoint   ] Safepoint "Cleanup", Time since last: 12080735196 ns, Reaching safepoint: 116413 ns, At safepoint: 8952 ns, Total: 125365 ns
[2022-09-22T17:56:35.568+0000][18056][safepoint   ] Safepoint "Cleanup", Time since last: 15106497075 ns, Reaching safepoint: 68540 ns, At safepoint: 11257 ns, Total: 79797 ns
[2022-09-22T17:56:38.587+0000][18056][safepoint   ] Safepoint "Cleanup", Time since last: 3018567788 ns, Reaching safepoint: 59835 ns, At safepoint: 5651 ns, Total: 65486 ns
[2022-09-22T17:56:41.606+0000][18056][safepoint   ] Safepoint "Cleanup", Time since last: 3018599319 ns, Reaching safepoint: 62638 ns, At safepoint: 8824 ns, Total: 71462 ns
[2022-09-22T17:56:42.615+0000][18056][safepoint   ] Safepoint "Cleanup", Time since last: 1009095301 ns, Reaching safepoint: 72874 ns, At safepoint: 9018 ns, Total: 81892 ns
[2022-09-22T17:56:47.652+0000][18056][safepoint   ] Safepoint "Cleanup", Time since last: 5036982008 ns, Reaching safepoint: 207335 ns, At safepoint: 21923 ns, Total: 229258 ns
[2022-09-22T17:56:50.675+0000][18056][safepoint   ] Safepoint "Cleanup", Time since last: 3023176996 ns, Reaching safepoint: 151378 ns, At safepoint: 21073 ns, Total: 172451 ns
[2022-09-22T17:57:04.789+0000][18056][safepoint   ] Safepoint "Cleanup", Time since last: 14113673782 ns, Reaching safepoint: 103669 ns, At safepoint: 14177 ns, Total: 117846 ns
[2022-09-22T17:57:09.059+0000][18056][safepoint   ] Safepoint "Cleanup", Time since last: 4270607911 ns, Reaching safepoint: 61112 ns, At safepoint: 13364 ns, Total: 74476 ns
[2022-09-22T17:57:26.181+0000][18056][safepoint   ] Safepoint "Cleanup", Time since last: 17122030857 ns, Reaching safepoint: 120016 ns, At safepoint: 49257 ns, Total: 169273 ns
[2022-09-22T17:57:35.254+0000][18056][safepoint   ] Safepoint "Cleanup", Time since last: 9073170876 ns, Reaching safepoint: 46726 ns, At safepoint: 3818 ns, Total: 50544 ns
[2022-09-22T17:57:36.264+0000][18056][safepoint   ] Safepoint "Cleanup", Time since last: 1009763943 ns, Reaching safepoint: 156174 ns, At safepoint: 42647 ns, Total: 198821 ns
[2022-09-22T17:57:45.338+0000][18056][safepoint   ] Safepoint "Cleanup", Time since last: 9073652891 ns, Reaching safepoint: 108945 ns, At safepoint: 71305 ns, Total: 180250 ns
[2022-09-22T17:57:47.357+0000][18056][safepoint   ] Safepoint "Cleanup", Time since last: 2018947205 ns, Reaching safepoint: 89509 ns, At safepoint: 16086 ns, Total: 105595 ns
[2022-09-22T17:57:48.365+0000][18056][safepoint   ] Safepoint "Cleanup", Time since last: 1007719724 ns, Reaching safepoint: 160776 ns, At safepoint: 26158 ns, Total: 186934 ns
[2022-09-22T17:57:50.383+0000][18056][safepoint   ] Safepoint "Cleanup", Time since last: 2018201661 ns, Reaching safepoint: 107259 ns, At safepoint: 8598 ns, Total: 115857 ns
[2022-09-22T17:57:53.404+0000][18056][safepoint   ] Safepoint "Cleanup", Time since last: 3020828587 ns, Reaching safepoint: 80115 ns, At safepoint: 14071 ns, Total: 94186 ns
[2022-09-22T17:57:54.412+0000][18056][safepoint   ] Safepoint "Cleanup", Time since last: 1007646357 ns, Reaching safepoint: 248318 ns, At safepoint: 26580 ns, Total: 274898 ns
[2022-09-22T17:57:56.431+0000][18056][safepoint   ] Safepoint "Cleanup", Time since last: 2019126674 ns, Reaching safepoint: 124114 ns, At safepoint: 78855 ns, Total: 202969 ns
[2022-09-22T17:58:03.485+0000][18056][safepoint   ] Safepoint "Cleanup", Time since last: 7053383964 ns, Reaching safepoint: 899212 ns, At safepoint: 17837 ns, Total: 917049 ns
[2022-09-22T17:58:20.611+0000][18056][safepoint   ] Safepoint "Cleanup", Time since last: 17126010860 ns, Reaching safepoint: 158540 ns, At safepoint: 17821 ns, Total: 176361 ns
[2022-09-22T17:58:23.637+0000][18056][safepoint   ] Safepoint "Cleanup", Time since last: 3026256793 ns, Reaching safepoint: 65634 ns, At safepoint: 13330 ns, Total: 78964 ns
[2022-09-22T17:58:26.659+0000][18056][safepoint   ] Safepoint "Cleanup", Time since last: 3022310756 ns, Reaching safepoint: 89501 ns, At safepoint: 8495 ns, Total: 97996 ns
[2022-09-22T17:58:32.699+0000][18056][safepoint   ] Safepoint "Cleanup", Time since last: 6039782751 ns, Reaching safepoint: 107983 ns, At safepoint: 11445 ns, Total: 119428 ns
[2022-09-22T17:58:44.793+0000][18056][safepoint   ] Safepoint "Cleanup", Time since last: 12093883694 ns, Reaching safepoint: 49902 ns, At safepoint: 3662 ns, Total: 53564 ns
[2022-09-22T17:58:49.835+0000][18056][safepoint   ] Safepoint "Cleanup", Time since last: 5041688066 ns, Reaching safepoint: 145313 ns, At safepoint: 20800 ns, Total: 166113 ns
[2022-09-22T17:58:55.875+0000][18056][safepoint   ] Safepoint "Cleanup", Time since last: 6039992837 ns, Reaching safepoint: 84065 ns, At safepoint: 14657 ns, Total: 98722 ns
[2022-09-22T17:59:01.923+0000][18056][safepoint   ] Safepoint "Cleanup", Time since last: 6048083806 ns, Reaching safepoint: 85515 ns, At safepoint: 9042 ns, Total: 94557 ns
[2022-09-22T17:59:03.939+0000][18056][safepoint   ] Safepoint "Cleanup", Time since last: 2015913063 ns, Reaching safepoint: 132361 ns, At safepoint: 15479 ns, Total: 147840 ns
[2022-09-22T17:59:07.975+0000][18056][safepoint   ] Safepoint "Cleanup", Time since last: 4036161306 ns, Reaching safepoint: 90569 ns, At safepoint: 12118 ns, Total: 102687 ns
[2022-09-22T17:59:08.985+0000][18056][safepoint   ] Safepoint "Cleanup", Time since last: 1010587588 ns, Reaching safepoint: 50956 ns, At safepoint: 6033 ns, Total: 56989 ns
[2022-09-22T17:59:14.017+0000][18056][safepoint   ] Safepoint "Cleanup", Time since last: 5031766193 ns, Reaching safepoint: 95545 ns, At safepoint: 9560 ns, Total: 105105 ns
[2022-09-22T17:59:15.028+0000][18056][safepoint   ] Safepoint "Cleanup", Time since last: 1010360174 ns, Reaching safepoint: 73420 ns, At safepoint: 6906 ns, Total: 80326 ns
[2022-09-22T17:59:20.066+0000][18056][safepoint   ] Safepoint "Cleanup", Time since last: 5038559044 ns, Reaching safepoint: 62248 ns, At safepoint: 9730 ns, Total: 71978 ns
[2022-09-22T17:59:21.075+0000][18056][safepoint   ] Safepoint "Cleanup", Time since last: 1008342363 ns, Reaching safepoint: 80409 ns, At safepoint: 13408 ns, Total: 93817 ns
[2022-09-22T17:59:22.084+0000][18056][safepoint   ] Safepoint "Cleanup", Time since last: 1009120988 ns, Reaching safepoint: 62846 ns, At safepoint: 8625 ns, Total: 71471 ns
[2022-09-22T17:59:23.090+0000][18056][safepoint   ] Safepoint "Cleanup", Time since last: 1006089885 ns, Reaching safepoint: 67158 ns, At safepoint: 7410 ns, Total: 74568 ns
[2022-09-22T17:59:38.216+0000][18056][safepoint   ] Safepoint "Cleanup", Time since last: 15126012791 ns, Reaching safepoint: 52379 ns, At safepoint: 8260 ns, Total: 60639 ns
[2022-09-22T17:59:41.219+0000][18056][safepoint   ] Safepoint "Cleanup", Time since last: 3002618404 ns, Reaching safepoint: 704525 ns, At safepoint: 13870 ns, Total: 718395 ns
[2022-09-22T17:59:44.230+0000][18056][safepoint   ] Safepoint "Cleanup", Time since last: 3010895058 ns, Reaching safepoint: 533363 ns, At safepoint: 14069 ns, Total: 547432 ns
[2022-09-22T17:59:50.265+0000][18056][safepoint   ] Safepoint "Cleanup", Time since last: 6034506298 ns, Reaching safepoint: 126428 ns, At safepoint: 12278 ns, Total: 138706 ns
[2022-09-22T17:59:51.267+0000][18056][safepoint   ] Safepoint "Cleanup", Time since last: 1002045451 ns, Reaching safepoint: 91012 ns, At safepoint: 7884 ns, Total: 98896 ns
[2022-09-22T17:59:53.273+0000][18056][safepoint   ] Safepoint "Cleanup", Time since last: 2005861054 ns, Reaching safepoint: 56227 ns, At safepoint: 10413 ns, Total: 66640 ns
[2022-09-22T17:59:57.287+0000][18056][safepoint   ] Safepoint "Cleanup", Time since last: 4013777789 ns, Reaching safepoint: 151159 ns, At safepoint: 21491 ns, Total: 172650 ns
[2022-09-22T18:00:13.340+0000][18056][safepoint   ] Safepoint "Cleanup", Time since last: 16053124938 ns, Reaching safepoint: 101412 ns, At safepoint: 9401 ns, Total: 110813 ns
[2022-09-22T18:00:14.343+0000][18056][safepoint   ] Safepoint "Cleanup", Time since last: 1003671731 ns, Reaching safepoint: 67942 ns, At safepoint: 9614 ns, Total: 77556 ns
[2022-09-22T18:00:29.394+0000][18056][safepoint   ] Safepoint "Cleanup", Time since last: 15050868002 ns, Reaching safepoint: 75135 ns, At safepoint: 8535 ns, Total: 83670 ns
[2022-09-22T18:00:32.406+0000][18056][safepoint   ] Safepoint "Cleanup", Time since last: 3012053699 ns, Reaching safepoint: 128695 ns, At safepoint: 15236 ns, Total: 143931 ns
[2022-09-22T18:00:33.410+0000][18056][safepoint   ] Safepoint "Cleanup", Time since last: 1003701640 ns, Reaching safepoint: 86240 ns, At safepoint: 4124 ns, Total: 90364 ns
[2022-09-22T18:00:35.418+0000][18056][safepoint   ] Safepoint "Cleanup", Time since last: 2007904261 ns, Reaching safepoint: 127998 ns, At safepoint: 9055 ns, Total: 137053 ns
[2022-09-22T18:00:38.429+0000][18056][safepoint   ] Safepoint "Cleanup", Time since last: 3010920389 ns, Reaching safepoint: 64009 ns, At safepoint: 7431 ns, Total: 71440 ns
[2022-09-22T18:00:41.442+0000][18056][safepoint   ] Safepoint "Cleanup", Time since last: 3013433682 ns, Reaching safepoint: 98790 ns, At safepoint: 7183 ns, Total: 105973 ns
[2022-09-22T18:00:44.449+0000][18056][safepoint   ] Safepoint "Cleanup", Time since last: 3006474472 ns, Reaching safepoint: 119850 ns, At safepoint: 14103 ns, Total: 133953 ns
[2022-09-22T18:00:50.469+0000][18056][safepoint   ] Safepoint "Cleanup", Time since last: 6019894116 ns, Reaching safepoint: 97254 ns, At safepoint: 12119 ns, Total: 109373 ns
[2022-09-22T18:00:51.473+0000][18056][safepoint   ] Safepoint "Cleanup", Time since last: 1003833608 ns, Reaching safepoint: 69771 ns, At safepoint: 9161 ns, Total: 78932 ns
[2022-09-22T18:00:59.499+0000][18056][safepoint   ] Safepoint "Cleanup", Time since last: 8026329413 ns, Reaching safepoint: 112909 ns, At safepoint: 14877 ns, Total: 127786 ns
[2022-09-22T18:01:00.504+0000][18056][safepoint   ] Safepoint "Cleanup", Time since last: 1005426921 ns, Reaching safepoint: 125845 ns, At safepoint: 8338 ns, Total: 134183 ns
[2022-09-22T18:01:05.518+0000][18056][safepoint   ] Safepoint "Cleanup", Time since last: 5013276036 ns, Reaching safepoint: 89961 ns, At safepoint: 14756 ns, Total: 104717 ns
[2022-09-22T18:01:17.549+0000][18056][safepoint   ] Safepoint "Cleanup", Time since last: 12031150853 ns, Reaching safepoint: 64990 ns, At safepoint: 6957 ns, Total: 71947 ns
[2022-09-22T18:01:20.557+0000][18056][safepoint   ] Safepoint "Cleanup", Time since last: 3008290894 ns, Reaching safepoint: 64930 ns, At safepoint: 10091 ns, Total: 75021 ns
[2022-09-22T18:01:23.569+0000][18056][safepoint   ] Safepoint "Cleanup", Time since last: 3011643545 ns, Reaching safepoint: 120891 ns, At safepoint: 10181 ns, Total: 131072 ns
[2022-09-22T18:01:26.582+0000][18056][safepoint   ] Safepoint "Cleanup", Time since last: 3013738492 ns, Reaching safepoint: 54275 ns, At safepoint: 3620 ns, Total: 57895 ns
[2022-09-22T18:01:32.616+0000][18056][safepoint   ] Safepoint "Cleanup", Time since last: 6033298685 ns, Reaching safepoint: 110585 ns, At safepoint: 10190 ns, Total: 120775 ns
[2022-09-22T18:01:35.628+0000][18056][safepoint   ] Safepoint "Cleanup", Time since last: 3012646419 ns, Reaching safepoint: 79960 ns, At safepoint: 11120 ns, Total: 91080 ns
[2022-09-22T18:01:42.656+0000][18056][safepoint   ] Safepoint "Cleanup", Time since last: 7027566158 ns, Reaching safepoint: 116603 ns, At safepoint: 17664 ns, Total: 134267 ns
[2022-09-22T18:01:43.658+0000][18056][safepoint   ] Safepoint "Cleanup", Time since last: 1002057571 ns, Reaching safepoint: 109164 ns, At safepoint: 17369 ns, Total: 126533 ns
[2022-09-22T18:01:49.677+0000][18056][safepoint   ] Safepoint "Cleanup", Time since last: 6019305278 ns, Reaching safepoint: 57231 ns, At safepoint: 7116 ns, Total: 64347 ns
[2022-09-22T18:01:52.979+0000][18056][gc,start    ] GC(21) Pause Young (Normal) (G1 Evacuation Pause)
[2022-09-22T18:01:52.979+0000][18056][gc,task     ] GC(21) Using 10 workers of 10 for evacuation
[2022-09-22T18:01:52.980+0000][18056][gc,age      ] GC(21) Desired survivor size 197132288 bytes, new threshold 15 (max threshold 15)
[2022-09-22T18:01:53.279+0000][18056][gc,age      ] GC(21) Age table with threshold 15 (max threshold 15)
[2022-09-22T18:01:53.279+0000][18056][gc,age      ] GC(21) - age   1:    2681312 bytes,    2681312 total
[2022-09-22T18:01:53.279+0000][18056][gc,age      ] GC(21) - age   2:     172312 bytes,    2853624 total
[2022-09-22T18:01:53.279+0000][18056][gc,age      ] GC(21) - age   3:      88624 bytes,    2942248 total
[2022-09-22T18:01:53.279+0000][18056][gc,age      ] GC(21) - age   4:    2521072 bytes,    5463320 total
[2022-09-22T18:01:53.279+0000][18056][gc,age      ] GC(21) - age   5:     131256 bytes,    5594576 total
[2022-09-22T18:01:53.279+0000][18056][gc,age      ] GC(21) - age   6:    3622592 bytes,    9217168 total
[2022-09-22T18:01:53.279+0000][18056][gc,age      ] GC(21) - age   7:    1192432 bytes,   10409600 total
[2022-09-22T18:01:53.279+0000][18056][gc,age      ] GC(21) - age   8:   18991168 bytes,   29400768 total
[2022-09-22T18:01:53.279+0000][18056][gc,mmu      ] GC(21) MMU target violated: 201.0ms (200.0ms/201.0ms)
[2022-09-22T18:01:53.279+0000][18056][gc,phases   ] GC(21)   Pre Evacuate Collection Set: 1.5ms
[2022-09-22T18:01:53.279+0000][18056][gc,phases   ] GC(21)   Merge Heap Roots: 2.0ms
[2022-09-22T18:01:53.279+0000][18056][gc,phases   ] GC(21)   Evacuate Collection Set: 226.8ms
[2022-09-22T18:01:53.279+0000][18056][gc,phases   ] GC(21)   Post Evacuate Collection Set: 67.3ms
[2022-09-22T18:01:53.280+0000][18056][gc,phases   ] GC(21)   Other: 2.6ms
[2022-09-22T18:01:53.280+0000][18056][gc,heap     ] GC(21) Eden regions: 739->0(329)
[2022-09-22T18:01:53.280+0000][18056][gc,heap     ] GC(21) Survivor regions: 9->8(94)
[2022-09-22T18:01:53.280+0000][18056][gc,heap     ] GC(21) Old regions: 23->23
[2022-09-22T18:01:53.280+0000][18056][gc,heap     ] GC(21) Archive regions: 2->2
[2022-09-22T18:01:53.280+0000][18056][gc,heap     ] GC(21) Humongous regions: 2->2
[2022-09-22T18:01:53.280+0000][18056][gc,metaspace] GC(21) Metaspace: 118646K(120192K)->118646K(120192K) NonClass: 103191K(104064K)->103191K(104064K) Class: 15455K(16128K)->15455K(16128K)
[2022-09-22T18:01:53.280+0000][18056][gc          ] GC(21) Pause Young (Normal) (G1 Evacuation Pause) 3092M->132M(8192M) 300.899ms
[2022-09-22T18:01:53.280+0000][18056][gc,cpu      ] GC(21) User=0.13s Sys=0.54s Real=0.31s
[2022-09-22T18:01:53.280+0000][18056][safepoint   ] Safepoint "G1CollectForAllocation", Time since last: 3301475800 ns, Reaching safepoint: 218824 ns, At safepoint: 301459747 ns, Total: 301678571 ns
[2022-09-22T18:01:54.285+0000][18056][safepoint   ] Safepoint "Cleanup", Time since last: 1004052694 ns, Reaching safepoint: 386481 ns, At safepoint: 11030 ns, Total: 397511 ns
[2022-09-22T18:01:55.287+0000][18056][safepoint   ] Safepoint "Cleanup", Time since last: 1002264598 ns, Reaching safepoint: 51871 ns, At safepoint: 10595 ns, Total: 62466 ns
[2022-09-22T18:01:59.315+0000][18056][safepoint   ] Safepoint "Cleanup", Time since last: 4027853846 ns, Reaching safepoint: 86334 ns, At safepoint: 7162 ns, Total: 93496 ns
[2022-09-22T18:02:03.327+0000][18056][safepoint   ] Safepoint "Cleanup", Time since last: 4012213018 ns, Reaching safepoint: 49435 ns, At safepoint: 3275 ns, Total: 52710 ns
[2022-09-22T18:02:05.334+0000][18056][safepoint   ] Safepoint "Cleanup", Time since last: 2007228275 ns, Reaching safepoint: 52563 ns, At safepoint: 3303 ns, Total: 55866 ns
[2022-09-22T18:02:08.341+0000][18056][safepoint   ] Safepoint "Cleanup", Time since last: 3006397290 ns, Reaching safepoint: 55775 ns, At safepoint: 4221 ns, Total: 59996 ns
[2022-09-22T18:02:17.372+0000][18056][safepoint   ] Safepoint "Cleanup", Time since last: 9030982939 ns, Reaching safepoint: 57670 ns, At safepoint: 3283 ns, Total: 60953 ns
[2022-09-22T18:02:34.425+0000][18056][safepoint   ] Safepoint "Cleanup", Time since last: 17053721081 ns, Reaching safepoint: 59750 ns, At safepoint: 3791 ns, Total: 63541 ns
[2022-09-22T18:02:35.440+0000][18056][safepoint   ] Safepoint "Cleanup", Time since last: 1014924087 ns, Reaching safepoint: 71793 ns, At safepoint: 9353 ns, Total: 81146 ns
[2022-09-22T18:04:15.785+0000][18056][safepoint   ] Safepoint "Cleanup", Time since last: 100346128863 ns, Reaching safepoint: 1000332 ns, At safepoint: 8470 ns, Total: 1008802 ns
[2022-09-22T18:04:35.869+0000][18056][safepoint   ] Safepoint "Cleanup", Time since last: 20083914243 ns, Reaching safepoint: 205914 ns, At safepoint: 17489 ns, Total: 223403 ns
[2022-09-22T18:07:11.464+0000][18056][safepoint   ] Safepoint "Cleanup", Time since last: 155597039336 ns, Reaching safepoint: 1113619 ns, At safepoint: 16054 ns, Total: 1129673 ns
[2022-09-22T18:07:28.525+0000][18056][safepoint   ] Safepoint "Cleanup", Time since last: 17061883953 ns, Reaching safepoint: 157756 ns, At safepoint: 15674 ns, Total: 173430 ns
[2022-09-22T18:07:31.539+0000][18056][safepoint   ] Safepoint "Cleanup", Time since last: 3013765730 ns, Reaching safepoint: 83672 ns, At safepoint: 11849 ns, Total: 95521 ns
[2022-09-22T18:07:34.552+0000][18056][safepoint   ] Safepoint "Cleanup", Time since last: 3012666648 ns, Reaching safepoint: 101020 ns, At safepoint: 11051 ns, Total: 112071 ns
[2022-09-22T18:08:06.683+0000][18056][safepoint   ] Safepoint "Cleanup", Time since last: 32132007247 ns, Reaching safepoint: 145322 ns, At safepoint: 24314 ns, Total: 169636 ns
[2022-09-22T18:09:24.026+0000][18056][safepoint   ] Safepoint "Cleanup", Time since last: 77290672530 ns, Reaching safepoint: 69402 ns, At safepoint: 6704 ns, Total: 76106 ns
[2022-09-22T18:13:23.869+0000][18056][safepoint   ] Safepoint "Cleanup", Time since last: 239834034412 ns, Reaching safepoint: 1679370 ns, At safepoint: 15973 ns, Total: 1695343 ns
